Microchip MPLAB XC8 Compiler V2.30

Linker command line:

-W-3 --edf=E:\Microchip\xc8\v2.30\pic\dat\en_msgs.txt -cn \
  -h+dist/default/debug\SCE_Project_part2.debug.sym \
  --cmf=dist/default/debug\SCE_Project_part2.debug.cmf -z -Q16F18875 \
  -oC:\Users\Andre\AppData\Local\Temp\s9psx2 --defsym=__MPLAB_BUILD=1 \
  -Mdist/default/debug/SCE_Project_part2.debug.map -E1 -ver=XC8 Compiler \
  --acfsm=1493 -ASTACK=02180h-023EFh -pstack=STACK -ACODE=00h-07FFhx4 \
  -ASTRCODE=00h-01FFFh -ASTRING=00h-0FFhx32 -ACONST=00h-0FFhx32 \
  -AENTRY=00h-0FFhx32 -ACOMMON=070h-07Fh -ABANK0=020h-06Fh \
  -ABANK1=0A0h-0EFh -ABANK2=0120h-016Fh -ABANK3=01A0h-01EFh \
  -ABANK4=0220h-026Fh -ABANK5=02A0h-02EFh -ABANK6=0320h-036Fh \
  -ABANK7=03A0h-03EFh -ABANK8=0420h-046Fh -ABANK9=04A0h-04EFh \
  -ABANK10=0520h-056Fh -ABANK11=05A0h-05EFh -ABANK12=0620h-064Fh \
  -ABIGRAM=02000h-023EFh \
  -ARAM=020h-06Fh,0A0h-0EFh,0120h-016Fh,01A0h-01EFh,0220h-026Fh,02A0h-02EFh,0320h-036Fh,03A0h-03EFh,0420h-046Fh,04A0h-04EFh,0520h-056Fh,05A0h-05EFh,0620h-064Fh \
  -AABS1=020h-07Fh,0A0h-0EFh,0120h-016Fh,01A0h-01EFh,0220h-026Fh,02A0h-02EFh,0320h-036Fh,03A0h-03EFh,0420h-046Fh,04A0h-04EFh,0520h-056Fh,05A0h-05EFh,0620h-064Fh \
  -ASFR0=00h-01Fh -ASFR1=080h-09Fh -ASFR2=0100h-011Fh -ASFR3=0180h-019Fh \
  -ASFR4=0200h-021Fh -ASFR5=0280h-029Fh -ASFR6=0300h-031Fh \
  -ASFR7=0380h-039Fh -ASFR8=0400h-041Fh -ASFR9=0480h-049Fh \
  -ASFR10=0500h-051Fh -ASFR11=0580h-059Fh -ASFR12=0600h-061Fh \
  -ASFR13=0680h-06EFh -ASFR14=0700h-076Fh -ASFR15=0780h-07EFh \
  -ASFR16=0800h-086Fh -ASFR17=0880h-08EFh -ASFR18=0900h-096Fh \
  -ASFR19=0980h-09EFh -ASFR20=0A00h-0A6Fh -ASFR21=0A80h-0AEFh \
  -ASFR22=0B00h-0B6Fh -ASFR23=0B80h-0BEFh -ASFR24=0C00h-0C6Fh \
  -ASFR25=0C80h-0CEFh -ASFR26=0D00h-0D6Fh -ASFR27=0D80h-0DEFh \
  -ASFR28=0E00h-0E6Fh -ASFR29=0E80h-0EEFh -ASFR30=0F00h-0F6Fh \
  -ASFR31=0F80h-0FEFh -ACONFIG=08007h-0800Bh -DCONFIG=2 \
  -AIDLOC=08000h-08003h -DIDLOC=2 -AEEDATA=00h-0FFh/0F000h \
  -peeprom_data=EEDATA -DEEDATA=2 -DCODE=2 -DSTRCODE=2 -DSTRING=2 -DCONST=2 \
  -DENTRY=2 -preset_vec=00h,intentry=04h,init,end_init -ppowerup=CODE \
  -pcinit=CODE -pfunctab=ENTRY -k \
  C:\Users\Andre\AppData\Local\Temp\s9psxm.o \
  dist/default/debug\SCE_Project_part2.debug.o 

Object code version is 3.11

Machine type is 16F18875



                Name                               Link     Load   Length Selector   Space Scale
C:\Users\Andre\AppData\Local\Temp\s9psxm.o
                end_init                             52       52        2        8       0
                reset_vec                             0        0        2        0       0
                config                             8007     8007        5        0       4
dist/default/debug\SCE_Project_part2.debug.o
                cinit                                54       54       45        8       0
                intentry                              4        4       4E        8       0
                config                             8007     8007        5        0       4
                text82                             1437     1437       21     286E       0
                text81                             1503     1503       25     2A06       0
                text80                             1249     1249        9     2492       0
                text79                             11E5     11E5        1     23CA       0
                text78                             1273     1273        D     24E6       0
                text77                             1201     1201        6     2402       0
                text76                              800      800        1        8       0
                text75                              A01      A01       6E     1402       0
                text74                             12A8     12A8       11     2550       0
                text73                             12F3     12F3       17     25E6       0
                text71                             11E6     11E6        3     23CC       0
                text70                              891      891       4B     1122       0
                text69                              80B      80B       43     1016       0
                text68                              722      722       B3        8       0
                text67                              A6F      A6F       72     14DE       0
                text66                             130A     130A       17     2614       0
                text65                             1207     1207        6     240E       0
                text64                             120D     120D        6     241A       0
                text63                              7D5      7D5       2B        8       0
                text62                             1213     1213        6     2426       0
                text61                             1280     1280        D     2500       0
                text60                             1252     1252        9     24A4       0
                text59                              84E      84E       43     109C       0
                text58                             1231     1231        8     2462       0
                text57                             128D     128D        D     251A       0
                text56                             1219     1219        6     2432       0
                text55                             13BE     13BE       1E     277C       0
                text54                             129A     129A        E     2534       0
                text53                             13A2     13A2       1C     2744       0
                text52                             1576     1576       2C     2AEC       0
                text51                             121F     121F        6     243E       0
                text50                             149A     149A       23     2934       0
                text49                             13DC     13DC       1E     27B8       0
                text48                             136C     136C       1B     26D8       0
                text47                             125B     125B        C     24B6       0
                text46                             1418     1418       1F     2830       0
                text45                              B8F      B8F       E6     171E       0
                text44                             1528     1528       25     2A50       0
                text43                             1782     1782       3F     2F04       0
                text42                             1458     1458       21     28B0       0
                text41                             1479     1479       21     28F2       0
                text40                             1321     1321       17     2642       0
                text39                             1338     1338       1A     2670       0
                text38                             170A     170A       3C     2E14       0
                text37                             17C1     17C1       3F     2F82       0
                text36                             1668     1668       35     2CD0       0
                text35                             16D2     16D2       38     2DA4       0
                text34                             154D     154D       29     2A9A       0
                text33                              C75      C75       F9     18EA       0
                text32                             11E9     11E9        3     23D2       0
                text31                              8DC      8DC       5D     11B8       0
                text30                             11EC     11EC        3     23D8       0
                text29                             11F5     11F5        4     23EA       0
                text28                             12B9     12B9       12     2572       0
                text27                             14BD     14BD       23     297A       0
                text26                             1352     1352       1A     26A4       0
                text25                              D6E      D6E      10D     1ADC       0
                text24                              E7B      E7B      185     1CF6       0
                text23                             1239     1239        8     2472       0
                text22                              802      802        9     1004       0
                text21                             1387     1387       1B     270E       0
                text20                             12DD     12DD       16     25BA       0
                text19                             11EF     11EF        3     23DE       0
                text18                             11F2     11F2        3     23E4       0
                text17                             11F9     11F9        4     23F2       0
                text16                             1634     1634       34     2C68       0
                text15                             1746     1746       3C     2E8C       0
                text14                             169D     169D       35     2D3A       0
                text13                             12CB     12CB       12     2596       0
                text12                              584      584      19E        8       0
                text11                              37A      37A      20A        8       0
                text10                              AE1      AE1       AE     15C2       0
                text9                               939      939       64     1272       0
                text8                               99D      99D       64     133A       0
                text7                              15D0     15D0       32     2BA0       0
                text6                              1602     1602       32     2C04       0
                text5                              14E0     14E0       23     29C0       0
                text4                              11FD     11FD        4     23FA       0
                text3                              1267     1267        C     24CE       0
                text2                              13FA     13FA       1E     27F4       0
                text1                              15A2     15A2       2E     2B44       0
                maintext                             99       99      2E1        8       0
                cstackBANK0                          20       20       35       20       1
                cstackCOMMON                         70       70        A       70       1
                cstackBANK1                          A0       A0       23       A0       1
                clrtext                            1225     1225        6     244A       0
                inittext                           122B     122B        6     2456       0
                bssBANK4                            220      220       40      220       1
                bssBANK3                            1A0      1A0       40      1A0       1
                bssBANK2                            120      120       14      120       1
                dataBANK1                            E3       E3        8       A0       1
                bssBANK1                             C3       C3       15       A0       1
                dataBANK0                            6D       6D        2       20       1
                bssBANK0                             55       55       18       20       1
                dataCOMMON                           7B       7B        1       70       1
                bssCOMMON                            7A       7A        1       70       1
                stringtext6                        184C     184C        4     3000       0
                stringtext5                        1847     1847        5     3000       0
                stringtext4                        1840     1840        7     3000       0
                stringtext3                        1827     1827        F     3000       0
                nvBANK1                              D8       D8        B       A0       1
                stringtext2                        1836     1836        A     3000       0
                stringtext1                        1800     1800       27     3000       0
                idataBANK1                         1241     1241        8     2482       0
                idataBANK0                            2        2        2        0       0
                idataCOMMON                         801      801        1     1002       0

TOTAL           Name                               Link     Load   Length     Space
        CLASS   STACK          

        CLASS   CODE           
                end_init                             52       52        2         0
                cinit                                54       54       45         0
                intentry                              4        4       4E         0
                reset_vec                             0        0        2         0
                text82                             1437     1437       21         0
                text81                             1503     1503       25         0
                text80                             1249     1249        9         0
                text79                             11E5     11E5        1         0
                text78                             1273     1273        D         0
                text77                             1201     1201        6         0
                text76                              800      800        1         0
                text75                              A01      A01       6E         0
                text74                             12A8     12A8       11         0
                text73                             12F3     12F3       17         0
                text71                             11E6     11E6        3         0
                text70                              891      891       4B         0
                text69                              80B      80B       43         0
                text68                              722      722       B3         0
                text67                              A6F      A6F       72         0
                text66                             130A     130A       17         0
                text65                             1207     1207        6         0
                text64                             120D     120D        6         0
                text63                              7D5      7D5       2B         0
                text62                             1213     1213        6         0
                text61                             1280     1280        D         0
                text60                             1252     1252        9         0
                text59                              84E      84E       43         0
                text58                             1231     1231        8         0
                text57                             128D     128D        D         0
                text56                             1219     1219        6         0
                text55                             13BE     13BE       1E         0
                text54                             129A     129A        E         0
                text53                             13A2     13A2       1C         0
                text52                             1576     1576       2C         0
                text51                             121F     121F        6         0
                text50                             149A     149A       23         0
                text49                             13DC     13DC       1E         0
                text48                             136C     136C       1B         0
                text47                             125B     125B        C         0
                text46                             1418     1418       1F         0
                text45                              B8F      B8F       E6         0
                text44                             1528     1528       25         0
                text43                             1782     1782       3F         0
                text42                             1458     1458       21         0
                text41                             1479     1479       21         0
                text40                             1321     1321       17         0
                text39                             1338     1338       1A         0
                text38                             170A     170A       3C         0
                text37                             17C1     17C1       3F         0
                text36                             1668     1668       35         0
                text35                             16D2     16D2       38         0
                text34                             154D     154D       29         0
                text33                              C75      C75       F9         0
                text32                             11E9     11E9        3         0
                text31                              8DC      8DC       5D         0
                text30                             11EC     11EC        3         0
                text29                             11F5     11F5        4         0
                text28                             12B9     12B9       12         0
                text27                             14BD     14BD       23         0
                text26                             1352     1352       1A         0
                text25                              D6E      D6E      10D         0
                text24                              E7B      E7B      185         0
                text23                             1239     1239        8         0
                text22                              802      802        9         0
                text21                             1387     1387       1B         0
                text20                             12DD     12DD       16         0
                text19                             11EF     11EF        3         0
                text18                             11F2     11F2        3         0
                text17                             11F9     11F9        4         0
                text16                             1634     1634       34         0
                text15                             1746     1746       3C         0
                text14                             169D     169D       35         0
                text13                             12CB     12CB       12         0
                text12                              584      584      19E         0
                text11                              37A      37A      20A         0
                text10                              AE1      AE1       AE         0
                text9                               939      939       64         0
                text8                               99D      99D       64         0
                text7                              15D0     15D0       32         0
                text6                              1602     1602       32         0
                text5                              14E0     14E0       23         0
                text4                              11FD     11FD        4         0
                text3                              1267     1267        C         0
                text2                              13FA     13FA       1E         0
                text1                              15A2     15A2       2E         0
                maintext                             99       99      2E1         0
                clrtext                            1225     1225        6         0
                inittext                           122B     122B        6         0
                idataBANK1                         1241     1241        8         0
                idataBANK0                            2        2        2         0
                idataCOMMON                         801      801        1         0

        CLASS   STRCODE        
                stringtext6                        184C     184C        4         0
                stringtext5                        1847     1847        5         0
                stringtext4                        1840     1840        7         0
                stringtext3                        1827     1827        F         0
                stringtext2                        1836     1836        A         0
                stringtext1                        1800     1800       27         0

        CLASS   STRING         

        CLASS   CONST          

        CLASS   ENTRY          

        CLASS   COMMON         
                cstackCOMMON                         70       70        A         1
                dataCOMMON                           7B       7B        1         1
                bssCOMMON                            7A       7A        1         1

        CLASS   BANK0          
                cstackBANK0                          20       20       35         1
                dataBANK0                            6D       6D        2         1
                bssBANK0                             55       55       18         1

        CLASS   BANK1          
                cstackBANK1                          A0       A0       23         1
                dataBANK1                            E3       E3        8         1
                bssBANK1                             C3       C3       15         1
                nvBANK1                              D8       D8        B         1

        CLASS   BANK2          
                bssBANK2                            120      120       14         1

        CLASS   BANK3          
                bssBANK3                            1A0      1A0       40         1

        CLASS   BANK4          
                bssBANK4                            220      220       40         1

        CLASS   BANK5          

        CLASS   BANK6          

        CLASS   BANK7          

        CLASS   BANK8          

        CLASS   BANK9          

        CLASS   BANK10         

        CLASS   BANK11         

        CLASS   BANK12         

        CLASS   BIGRAM         

        CLASS   RAM            

        CLASS   ABS1           
                abs_s1                               7E       7E        2         1

        CLASS   SFR0           

        CLASS   SFR1           

        CLASS   SFR2           

        CLASS   SFR3           

        CLASS   SFR4           

        CLASS   SFR5           

        CLASS   SFR6           

        CLASS   SFR7           

        CLASS   SFR8           

        CLASS   SFR9           

        CLASS   SFR10          

        CLASS   SFR11          

        CLASS   SFR12          

        CLASS   SFR13          

        CLASS   SFR14          

        CLASS   SFR15          

        CLASS   SFR16          

        CLASS   SFR17          

        CLASS   SFR18          

        CLASS   SFR19          

        CLASS   SFR20          

        CLASS   SFR21          

        CLASS   SFR22          

        CLASS   SFR23          

        CLASS   SFR24          

        CLASS   SFR25          

        CLASS   SFR26          

        CLASS   SFR27          

        CLASS   SFR28          

        CLASS   SFR29          

        CLASS   SFR30          

        CLASS   SFR31          

        CLASS   CONFIG         
                config                             8007     8007        5         4

        CLASS   IDLOC          

        CLASS   EEDATA         

        CLASS   BANK31         

        CLASS   BANK30         

        CLASS   BANK29         

        CLASS   BANK28         

        CLASS   BANK27         

        CLASS   BANK26         

        CLASS   BANK25         

        CLASS   BANK24         

        CLASS   BANK23         

        CLASS   BANK22         

        CLASS   BANK21         

        CLASS   BANK20         

        CLASS   BANK19         

        CLASS   BANK18         

        CLASS   BANK17         

        CLASS   BANK16         

        CLASS   BANK15         

        CLASS   BANK14         

        CLASS   BANK13         



SEGMENTS        Name                           Load    Length   Top    Selector   Space  Class     Delta

                reset_vec                      000000  000004  000004         0       0  CODE        2
                intentry                       000004  0007FD  000801         8       0  CODE        2
                cstackBANK0                    000020  00004F  00006F        20       1  BANK0       1
                cstackCOMMON                   000070  00000C  00007C        70       1  COMMON      1
                cstackBANK1                    0000A0  00004B  0000EB        A0       1  BANK1       1
                bssBANK2                       000120  000014  000134       120       1  BANK2       1
                bssBANK3                       0001A0  000040  0001E0       1A0       1  BANK3       1
                bssBANK4                       000220  000040  000260       220       1  BANK4       1
                idataCOMMON                    000801  000001  000802      1002       0  CODE        2
                text22                         000802  000009  00080B      1004       0  CODE        2
                text69                         00080B  000043  00084E      1016       0  CODE        2
                text59                         00084E  000043  000891      109C       0  CODE        2
                text70                         000891  00004B  0008DC      1122       0  CODE        2
                text31                         0008DC  00005D  000939      11B8       0  CODE        2
                text9                          000939  000064  00099D      1272       0  CODE        2
                text8                          00099D  000064  000A01      133A       0  CODE        2
                text75                         000A01  00006E  000A6F      1402       0  CODE        2
                text67                         000A6F  000072  000AE1      14DE       0  CODE        2
                text10                         000AE1  0000AE  000B8F      15C2       0  CODE        2
                text45                         000B8F  0000E6  000C75      171E       0  CODE        2
                text33                         000C75  0000F9  000D6E      18EA       0  CODE        2
                text25                         000D6E  00010D  000E7B      1ADC       0  CODE        2
                text24                         000E7B  000185  001000      1CF6       0  CODE        2
                text79                         0011E5  000001  0011E6      23CA       0  CODE        2
                text71                         0011E6  000003  0011E9      23CC       0  CODE        2
                text32                         0011E9  000003  0011EC      23D2       0  CODE        2
                text30                         0011EC  000003  0011EF      23D8       0  CODE        2
                text19                         0011EF  000003  0011F2      23DE       0  CODE        2
                text18                         0011F2  000003  0011F5      23E4       0  CODE        2
                text29                         0011F5  000004  0011F9      23EA       0  CODE        2
                text17                         0011F9  000004  0011FD      23F2       0  CODE        2
                text4                          0011FD  000004  001201      23FA       0  CODE        2
                text77                         001201  000006  001207      2402       0  CODE        2
                text65                         001207  000006  00120D      240E       0  CODE        2
                text64                         00120D  000006  001213      241A       0  CODE        2
                text62                         001213  000006  001219      2426       0  CODE        2
                text56                         001219  000006  00121F      2432       0  CODE        2
                text51                         00121F  000006  001225      243E       0  CODE        2
                clrtext                        001225  000006  00122B      244A       0  CODE        2
                inittext                       00122B  000006  001231      2456       0  CODE        2
                text58                         001231  000008  001239      2462       0  CODE        2
                text23                         001239  000008  001241      2472       0  CODE        2
                idataBANK1                     001241  000008  001249      2482       0  CODE        2
                text80                         001249  000009  001252      2492       0  CODE        2
                text60                         001252  000009  00125B      24A4       0  CODE        2
                text47                         00125B  00000C  001267      24B6       0  CODE        2
                text3                          001267  00000C  001273      24CE       0  CODE        2
                text78                         001273  00000D  001280      24E6       0  CODE        2
                text61                         001280  00000D  00128D      2500       0  CODE        2
                text57                         00128D  00000D  00129A      251A       0  CODE        2
                text54                         00129A  00000E  0012A8      2534       0  CODE        2
                text74                         0012A8  000011  0012B9      2550       0  CODE        2
                text28                         0012B9  000012  0012CB      2572       0  CODE        2
                text13                         0012CB  000012  0012DD      2596       0  CODE        2
                text20                         0012DD  000016  0012F3      25BA       0  CODE        2
                text73                         0012F3  000017  00130A      25E6       0  CODE        2
                text66                         00130A  000017  001321      2614       0  CODE        2
                text40                         001321  000017  001338      2642       0  CODE        2
                text39                         001338  00001A  001352      2670       0  CODE        2
                text26                         001352  00001A  00136C      26A4       0  CODE        2
                text48                         00136C  00001B  001387      26D8       0  CODE        2
                text21                         001387  00001B  0013A2      270E       0  CODE        2
                text53                         0013A2  00001C  0013BE      2744       0  CODE        2
                text55                         0013BE  00001E  0013DC      277C       0  CODE        2
                text49                         0013DC  00001E  0013FA      27B8       0  CODE        2
                text2                          0013FA  00001E  001418      27F4       0  CODE        2
                text46                         001418  00001F  001437      2830       0  CODE        2
                text82                         001437  000021  001458      286E       0  CODE        2
                text42                         001458  000021  001479      28B0       0  CODE        2
                text41                         001479  000021  00149A      28F2       0  CODE        2
                text50                         00149A  000023  0014BD      2934       0  CODE        2
                text27                         0014BD  000023  0014E0      297A       0  CODE        2
                text5                          0014E0  000023  001503      29C0       0  CODE        2
                text81                         001503  000025  001528      2A06       0  CODE        2
                text44                         001528  000025  00154D      2A50       0  CODE        2
                text34                         00154D  000029  001576      2A9A       0  CODE        2
                text52                         001576  00002C  0015A2      2AEC       0  CODE        2
                text1                          0015A2  00002E  0015D0      2B44       0  CODE        2
                text7                          0015D0  000032  001602      2BA0       0  CODE        2
                text6                          001602  000032  001634      2C04       0  CODE        2
                text16                         001634  000034  001668      2C68       0  CODE        2
                text36                         001668  000035  00169D      2CD0       0  CODE        2
                text14                         00169D  000035  0016D2      2D3A       0  CODE        2
                text35                         0016D2  000038  00170A      2DA4       0  CODE        2
                text38                         00170A  00003C  001746      2E14       0  CODE        2
                text15                         001746  00003C  001782      2E8C       0  CODE        2
                text43                         001782  00003F  0017C1      2F04       0  CODE        2
                text37                         0017C1  00003F  001800      2F82       0  CODE        2
                stringtext1                    001800  000050  001850      3000       0  STRCODE     2


UNUSED ADDRESS RANGES

        Name                Unused          Largest block    Delta
        BANK0            0006F-0006F               1           1
        BANK1            000EB-000EF               5           1
        BANK10           00520-0056F              50           1
        BANK11           005A0-005EF              50           1
        BANK12           00620-0064F              30           1
        BANK2            00134-0016F              3C           1
        BANK3            001E0-001EF              10           1
        BANK4            00260-0026F              10           1
        BANK5            002A0-002EF              50           1
        BANK6            00320-0036F              50           1
        BANK7            003A0-003EF              50           1
        BANK8            00420-0046F              50           1
        BANK9            004A0-004EF              50           1
        BIGRAM           02000-023EF             3F0           1
        CODE             01000-011E4             1E5           2
                         01850-01FFF             7B0
        COMMON           0007C-0007D               2           1
        CONST            01000-011E4             100           2
                         01850-01FFF             100
        EEDATA           0F000-0F0FF             100           2
        ENTRY            01000-011E4             100           2
                         01850-01FFF             100
        IDLOC            08000-08003               4           2
        RAM              0006F-0006F               1           1
                         000EB-000EF               5
                         00134-0016F              3C
                         001E0-001EF              10
                         00260-0026F              10
                         002A0-002EF              50
                         00320-0036F              50
                         003A0-003EF              50
                         00420-0046F              50
                         004A0-004EF              50
                         00520-0056F              50
                         005A0-005EF              50
                         00620-0064F              30
        SFR0             00000-0001F              20           1
        SFR1             00080-0009F              20           1
        SFR10            00500-0051F              20           1
        SFR11            00580-0059F              20           1
        SFR12            00600-0061F              20           1
        SFR13            00680-006EF              70           1
        SFR14            00700-0076F              70           1
        SFR15            00780-007EF              70           1
        SFR16            00800-0086F              70           1
        SFR17            00880-008EF              70           1
        SFR18            00900-0096F              70           1
        SFR19            00980-009EF              70           1
        SFR2             00100-0011F              20           1
        SFR20            00A00-00A6F              70           1
        SFR21            00A80-00AEF              70           1
        SFR22            00B00-00B6F              70           1
        SFR23            00B80-00BEF              70           1
        SFR24            00C00-00C6F              70           1
        SFR25            00C80-00CEF              70           1
        SFR26            00D00-00D6F              70           1
        SFR27            00D80-00DEF              70           1
        SFR28            00E00-00E6F              70           1
        SFR29            00E80-00EEF              70           1
        SFR3             00180-0019F              20           1
        SFR30            00F00-00F6F              70           1
        SFR31            00F80-00FEF              70           1
        SFR4             00200-0021F              20           1
        SFR5             00280-0029F              20           1
        SFR6             00300-0031F              20           1
        SFR7             00380-0039F              20           1
        SFR8             00400-0041F              20           1
        SFR9             00480-0049F              20           1
        STACK            02180-023EF             270           1
        STRCODE          01000-011E4             1E5           2
                         01850-01FFF             7B0
        STRING           01000-011E4             100           2
                         01850-01FFF             100

                                  Symbol Table

?_ADCC_GetSingleConversion                    cstackCOMMON 00072
?___lwdiv                                     cstackCOMMON 00072
?___lwmod                                     cstackBANK0  00020
?___wmul                                      cstackCOMMON 00072
?_sprintf                                     cstackBANK0  00026
ADCC_GetSingleConversion@channel              cstackCOMMON 00075
DATAEE_ReadByte@bAdd                          cstackCOMMON 00078
DATAEE_WriteByte@GIEBitValue                  cstackCOMMON 00078
DATAEE_WriteByte@bAdd                         cstackBANK0  00020
DATAEE_WriteByte@bData                        cstackBANK0  00022
EUSART_Read@readValue                         cstackCOMMON 00073
EUSART_SetRxInterruptHandler@interruptHandler cstackCOMMON 00072
EUSART_SetTxInterruptHandler@interruptHandler cstackCOMMON 00072
EUSART_Write@txData                           cstackCOMMON 00073
INT_SetInterruptHandler@InterruptHandler      cstackCOMMON 00072
LCDchar@c                                     cstackBANK0  00020
LCDcmd@c                                      cstackBANK0  00020
LCDsend2x4@c                                  cstackCOMMON 00077
LCDsend2x4@hc                                 cstackCOMMON 00078
LCDsend2x4@lc                                 cstackCOMMON 00079
LCDsend2x4@mode                               cstackCOMMON 00074
LCDsend@c                                     cstackCOMMON 00075
LCDstr@c                                      cstackBANK0  00026
LCDstr@p                                      cstackBANK0  00021
PWM6_LoadDutyValue@dutyValue                  cstackCOMMON 00072
TMR1_SetInterruptHandler@InterruptHandler     cstackCOMMON 00072
TMR1_WriteTimer@timerVal                      cstackCOMMON 00070
WriteI2C@data_out                             cstackCOMMON 00073
_ADACCH                                       (abs)        00091
_ADACCL                                       (abs)        00090
_ADACQ                                        (abs)        0009D
_ADACT                                        (abs)        00099
_ADCAP                                        (abs)        0009B
_ADCC_GetSingleConversion                     text28       012B9
_ADCC_Initialize                              text66       0130A
_ADCLK                                        (abs)        00098
_ADCNT                                        (abs)        0010C
_ADCON0                                       (abs)        00093
_ADCON0bits                                   (abs)        00093
_ADCON1                                       (abs)        00094
_ADCON1bits                                   (abs)        00094
_ADCON2                                       (abs)        00095
_ADCON2bits                                   (abs)        00095
_ADCON3                                       (abs)        00096
_ADCON3bits                                   (abs)        00096
_ADERRH                                       (abs)        00117
_ADERRL                                       (abs)        00116
_ADFLTRH                                      (abs)        00115
_ADFLTRL                                      (abs)        00114
_ADLTHH                                       (abs)        0010F
_ADLTHL                                       (abs)        0010E
_ADPCH                                        (abs)        0009E
_ADPRE                                        (abs)        0009C
_ADPREVH                                      (abs)        0008F
_ADPREVL                                      (abs)        0008E
_ADREF                                        (abs)        0009A
_ADRESH                                       (abs)        0008D
_ADRESL                                       (abs)        0008C
_ADRPT                                        (abs)        0010D
_ADSTAT                                       (abs)        00097
_ADSTATbits                                   (abs)        00097
_ADSTPTH                                      (abs)        00113
_ADSTPTL                                      (abs)        00112
_ADUTHH                                       (abs)        00111
_ADUTHL                                       (abs)        00110
_ALAF                                         bssBANK0     00067
_ANSELA                                       (abs)        00F38
_ANSELB                                       (abs)        00F43
_ANSELC                                       (abs)        00F4E
_ANSELD                                       (abs)        00F59
_ANSELE                                       (abs)        00F64
_BAUD1CON                                     (abs)        0011F
_CCPTMRS1bits                                 (abs)        0021F
_Clock_ISR                                    text75       00A01
_DATAEE_ReadByte                              text47       0125B
_DATAEE_WriteByte                             text27       014BD
_EUSART_Initialize                            text63       007D5
_EUSART_Read                                  text5        014E0
_EUSART_Receive_ISR                           text82       01437
_EUSART_RxDefaultInterruptHandler             nvBANK1      000DE
_EUSART_SetRxInterruptHandler                 text65       01207
_EUSART_SetTxInterruptHandler                 text64       0120D
_EUSART_Transmit_ISR                          text81       01503
_EUSART_TxDefaultInterruptHandler             nvBANK1      000E0
_EUSART_Write                                 text52       01576
_EUSART_is_rx_ready                           text71       011E6
_EXT_INT_Initialize                           text61       01280
_INTCONbits                                   (abs)        0000B
_INTERRUPT_InterruptManager                   intentry     00004
_INTPPS                                       (abs)        00E90
_INT_CallBack                                 text78       01273
_INT_DefaultInterruptHandler                  text79       011E5
_INT_ISR                                      text77       01201
_INT_InterruptHandler                         nvBANK1      000D8
_INT_SetInterruptHandler                      text62       01213
_LATA                                         (abs)        00016
_LATAbits                                     (abs)        00016
_LATB                                         (abs)        00017
_LATC                                         (abs)        00018
_LATD                                         (abs)        00019
_LATE                                         (abs)        0001A
_LCDchar                                      text22       00802
_LCDcmd                                       text23       01239
_LCDinit                                      text67       00A6F
_LCDsend                                      text69       0080B
_LCDsend2x4                                   text68       00722
_LCDstr                                       text21       01387
_NREG                                         dataCOMMON   0007B
_NVMADRH                                      (abs)        0081B
_NVMADRL                                      (abs)        0081A
_NVMCON1bits                                  (abs)        0081E
_NVMCON2                                      (abs)        0081F
_NVMDATH                                      (abs)        0081D
_NVMDATL                                      (abs)        0081C
_ODCONA                                       (abs)        00F3A
_ODCONB                                       (abs)        00F45
_ODCONC                                       (abs)        00F50
_ODCOND                                       (abs)        00F5B
_ODCONE                                       (abs)        00F66
_OSCCON1                                      (abs)        0088D
_OSCCON3                                      (abs)        0088F
_OSCEN                                        (abs)        00891
_OSCFRQ                                       (abs)        00893
_OSCILLATOR_Initialize                        text60       01252
_OSCTUNE                                      (abs)        00892
_PIE0bits                                     (abs)        00716
_PIE3bits                                     (abs)        00719
_PIE4bits                                     (abs)        0071A
_PIN_MANAGER_Initialize                       text59       0084E
_PIR0bits                                     (abs)        0070C
_PIR3bits                                     (abs)        0070F
_PIR4bits                                     (abs)        00710
_PMD0                                         (abs)        00796
_PMD1                                         (abs)        00797
_PMD2                                         (abs)        00798
_PMD3                                         (abs)        00799
_PMD4                                         (abs)        0079A
_PMD5                                         (abs)        0079B
_PMD_Initialize                               text58       01231
_PMON                                         dataBANK0    0006E
_PORTCbits                                    (abs)        0000E
_PR2                                          (abs)        0028D
_PWM6CON                                      (abs)        0038E
_PWM6DCH                                      (abs)        0038D
_PWM6DCL                                      (abs)        0038C
_PWM6EN                                       (abs)        01C77
_PWM6_Initialize                              text57       0128D
_PWM6_LoadDutyValue                           text20       012DD
_PWM_Output_D4_Disable                        text19       011EF
_PWM_Output_D4_Enable                         text32       011E9
_PWM_on                                       bssBANK0     00062
_RA6PPS                                       (abs)        00F16
_RC1REG                                       (abs)        00119
_RC1STA                                       (abs)        0011D
_RC1STAbits                                   (abs)        0011D
_RC3PPS                                       (abs)        00F23
_RC4PPS                                       (abs)        00F24
_RC6PPS                                       (abs)        00F26
_RXPPS                                        (abs)        00ECB
_ReadI2C                                      text26       01352
_S1_ISR                                       text80       01249
_S1button                                     text31       008DC
_SLRCONA                                      (abs)        00F3B
_SLRCONB                                      (abs)        00F46
_SLRCONC                                      (abs)        00F51
_SLRCOND                                      (abs)        00F5C
_SLRCONE                                      (abs)        00F67
_SP1BRGH                                      (abs)        0011C
_SP1BRGL                                      (abs)        0011B
_SSP1ADD                                      (abs)        0018D
_SSP1BUF                                      (abs)        0018C
_SSP1CLKPPS                                   (abs)        00EC5
_SSP1CON1                                     (abs)        00190
_SSP1CON1bits                                 (abs)        00190
_SSP1CON2                                     (abs)        00191
_SSP1CON2bits                                 (abs)        00191
_SSP1DATPPS                                   (abs)        00EC6
_SSP1MSK                                      (abs)        0018E
_SSP1STAT                                     (abs)        0018F
_SSP1STATbits                                 (abs)        0018F
_SYSTEM_Initialize                            text53       013A2
_T1CLK                                        (abs)        00211
_T1CON                                        (abs)        0020E
_T1CONbits                                    (abs)        0020E
_T1GATE                                       (abs)        00210
_T1GCON                                       (abs)        0020F
_T1GCONbits                                   (abs)        0020F
_T2CLKCON                                     (abs)        00290
_T2CON                                        (abs)        0028E
_T2CONbits                                    (abs)        0028E
_T2HLT                                        (abs)        0028F
_T2HLTbits                                    (abs)        0028F
_T2PR                                         (abs)        0028D
_T2RST                                        (abs)        00291
_T2RSTbits                                    (abs)        00291
_T2TMR                                        (abs)        0028C
_TALA                                         dataBANK0    0006D
_TMR1H                                        (abs)        0020D
_TMR1L                                        (abs)        0020C
_TMR1_DefaultInterruptHandler                 text76       00800
_TMR1_ISR                                     text73       012F3
_TMR1_Initialize                              text55       013BE
_TMR1_InterruptHandler                        nvBANK1      000DA
_TMR1_SetInterruptHandler                     text56       01219
_TMR1_WriteTimer                              text74       012A8
_TMR2                                         (abs)        0028C
_TMR2_Initialize                              text54       0129A
_TMR2_Start                                   text30       011EC
_TMR2_StartTimer                              text29       011F5
_TMR2_Stop                                    text18       011F2
_TMR2_StopTimer                               text17       011F9
_TRISA                                        (abs)        00011
_TRISB                                        (abs)        00012
_TRISC                                        (abs)        00013
_TRISCbits                                    (abs)        00013
_TRISD                                        (abs)        00014
_TRISE                                        (abs)        00015
_TX1REG                                       (abs)        0011A
_TX1STA                                       (abs)        0011E
_TX1STAbits                                   (abs)        0011E
_WPUA                                         (abs)        00F39
_WPUB                                         (abs)        00F44
_WPUC                                         (abs)        00F4F
_WPUC3                                        (abs)        07A7B
_WPUC4                                        (abs)        07A7C
_WPUD                                         (abs)        00F5A
_WPUE                                         (abs)        00F65
_WriteI2C                                     text70       00891
__Habs1                                       abs1         00000
__Hbank0                                      bank0        00000
__Hbank1                                      bank1        00000
__Hbank10                                     bank10       00000
__Hbank11                                     bank11       00000
__Hbank12                                     bank12       00000
__Hbank13                                     bank13       00000
__Hbank14                                     bank14       00000
__Hbank15                                     bank15       00000
__Hbank16                                     bank16       00000
__Hbank17                                     bank17       00000
__Hbank18                                     bank18       00000
__Hbank19                                     bank19       00000
__Hbank2                                      bank2        00000
__Hbank20                                     bank20       00000
__Hbank21                                     bank21       00000
__Hbank22                                     bank22       00000
__Hbank23                                     bank23       00000
__Hbank24                                     bank24       00000
__Hbank25                                     bank25       00000
__Hbank26                                     bank26       00000
__Hbank27                                     bank27       00000
__Hbank28                                     bank28       00000
__Hbank29                                     bank29       00000
__Hbank3                                      bank3        00000
__Hbank30                                     bank30       00000
__Hbank31                                     bank31       00000
__Hbank4                                      bank4        00000
__Hbank5                                      bank5        00000
__Hbank6                                      bank6        00000
__Hbank7                                      bank7        00000
__Hbank8                                      bank8        00000
__Hbank9                                      bank9        00000
__Hbigram                                     bigram       00000
__HbssBANK0                                   bssBANK0     00000
__HbssBANK1                                   bssBANK1     00000
__HbssBANK2                                   bssBANK2     00000
__HbssBANK3                                   bssBANK3     00000
__HbssBANK4                                   bssBANK4     00000
__HbssCOMMON                                  bssCOMMON    00000
__Hcinit                                      cinit        00099
__Hclrtext                                    clrtext      00000
__Hcode                                       code         00000
__Hcommon                                     common       00000
__Hconfig                                     config       0800C
__HcstackBANK0                                cstackBANK0  00000
__HcstackBANK1                                cstackBANK1  00000
__HcstackCOMMON                               cstackCOMMON 00000
__HdataBANK0                                  dataBANK0    00000
__HdataBANK1                                  dataBANK1    00000
__HdataCOMMON                                 dataCOMMON   00000
__Heeprom_data                                eeprom_data  00000
__Hend_init                                   end_init     00054
__Hfunctab                                    functab      00000
__HidataBANK0                                 idataBANK0   00000
__HidataBANK1                                 idataBANK1   00000
__HidataCOMMON                                idataCOMMON  00000
__Hinit                                       init         00052
__Hinittext                                   inittext     00000
__Hintentry                                   intentry     00052
__Hmaintext                                   maintext     00000
__HnvBANK1                                    nvBANK1      00000
__Hpowerup                                    powerup      00000
__Hram                                        ram          00000
__Hreset_vec                                  reset_vec    00002
__Hsfr0                                       sfr0         00000
__Hsfr1                                       sfr1         00000
__Hsfr10                                      sfr10        00000
__Hsfr11                                      sfr11        00000
__Hsfr12                                      sfr12        00000
__Hsfr13                                      sfr13        00000
__Hsfr14                                      sfr14        00000
__Hsfr15                                      sfr15        00000
__Hsfr16                                      sfr16        00000
__Hsfr17                                      sfr17        00000
__Hsfr18                                      sfr18        00000
__Hsfr19                                      sfr19        00000
__Hsfr2                                       sfr2         00000
__Hsfr20                                      sfr20        00000
__Hsfr21                                      sfr21        00000
__Hsfr22                                      sfr22        00000
__Hsfr23                                      sfr23        00000
__Hsfr24                                      sfr24        00000
__Hsfr25                                      sfr25        00000
__Hsfr26                                      sfr26        00000
__Hsfr27                                      sfr27        00000
__Hsfr28                                      sfr28        00000
__Hsfr29                                      sfr29        00000
__Hsfr3                                       sfr3         00000
__Hsfr30                                      sfr30        00000
__Hsfr31                                      sfr31        00000
__Hsfr4                                       sfr4         00000
__Hsfr5                                       sfr5         00000
__Hsfr6                                       sfr6         00000
__Hsfr7                                       sfr7         00000
__Hsfr8                                       sfr8         00000
__Hsfr9                                       sfr9         00000
__Hspace_0                                    (abs)        01850
__Hspace_1                                    (abs)        00260
__Hspace_2                                    (abs)        00000
__Hspace_3                                    (abs)        00000
__Hspace_4                                    (abs)        10013
__Hstack                                      stack        00000
__Hstrings                                    strings      00000
__Hstringtext1                                stringtext1  00000
__Hstringtext2                                stringtext2  00000
__Hstringtext3                                stringtext3  00000
__Hstringtext4                                stringtext4  00000
__Hstringtext5                                stringtext5  00000
__Hstringtext6                                stringtext6  00000
__Hstringtext7                                stringtext7  00000
__Htext                                       text         00000
__Labs1                                       abs1         00000
__Lbank0                                      bank0        00000
__Lbank1                                      bank1        00000
__Lbank10                                     bank10       00000
__Lbank11                                     bank11       00000
__Lbank12                                     bank12       00000
__Lbank13                                     bank13       00000
__Lbank14                                     bank14       00000
__Lbank15                                     bank15       00000
__Lbank16                                     bank16       00000
__Lbank17                                     bank17       00000
__Lbank18                                     bank18       00000
__Lbank19                                     bank19       00000
__Lbank2                                      bank2        00000
__Lbank20                                     bank20       00000
__Lbank21                                     bank21       00000
__Lbank22                                     bank22       00000
__Lbank23                                     bank23       00000
__Lbank24                                     bank24       00000
__Lbank25                                     bank25       00000
__Lbank26                                     bank26       00000
__Lbank27                                     bank27       00000
__Lbank28                                     bank28       00000
__Lbank29                                     bank29       00000
__Lbank3                                      bank3        00000
__Lbank30                                     bank30       00000
__Lbank31                                     bank31       00000
__Lbank4                                      bank4        00000
__Lbank5                                      bank5        00000
__Lbank6                                      bank6        00000
__Lbank7                                      bank7        00000
__Lbank8                                      bank8        00000
__Lbank9                                      bank9        00000
__Lbigram                                     bigram       00000
__LbssBANK0                                   bssBANK0     00000
__LbssBANK1                                   bssBANK1     00000
__LbssBANK2                                   bssBANK2     00000
__LbssBANK3                                   bssBANK3     00000
__LbssBANK4                                   bssBANK4     00000
__LbssCOMMON                                  bssCOMMON    00000
__Lcinit                                      cinit        00054
__Lclrtext                                    clrtext      00000
__Lcode                                       code         00000
__Lcommon                                     common       00000
__Lconfig                                     config       00000
__LcstackBANK0                                cstackBANK0  00000
__LcstackBANK1                                cstackBANK1  00000
__LcstackCOMMON                               cstackCOMMON 00000
__LdataBANK0                                  dataBANK0    00000
__LdataBANK1                                  dataBANK1    00000
__LdataCOMMON                                 dataCOMMON   00000
__Leeprom_data                                eeprom_data  00000
__Lend_init                                   end_init     00052
__Lfunctab                                    functab      00000
__LidataBANK0                                 idataBANK0   00000
__LidataBANK1                                 idataBANK1   00000
__LidataCOMMON                                idataCOMMON  00000
__Linit                                       init         00052
__Linittext                                   inittext     00000
__Lintentry                                   intentry     00004
__Lmaintext                                   maintext     00000
__LnvBANK1                                    nvBANK1      00000
__Lpowerup                                    powerup      00000
__Lram                                        ram          00000
__Lreset_vec                                  reset_vec    00000
__Lsfr0                                       sfr0         00000
__Lsfr1                                       sfr1         00000
__Lsfr10                                      sfr10        00000
__Lsfr11                                      sfr11        00000
__Lsfr12                                      sfr12        00000
__Lsfr13                                      sfr13        00000
__Lsfr14                                      sfr14        00000
__Lsfr15                                      sfr15        00000
__Lsfr16                                      sfr16        00000
__Lsfr17                                      sfr17        00000
__Lsfr18                                      sfr18        00000
__Lsfr19                                      sfr19        00000
__Lsfr2                                       sfr2         00000
__Lsfr20                                      sfr20        00000
__Lsfr21                                      sfr21        00000
__Lsfr22                                      sfr22        00000
__Lsfr23                                      sfr23        00000
__Lsfr24                                      sfr24        00000
__Lsfr25                                      sfr25        00000
__Lsfr26                                      sfr26        00000
__Lsfr27                                      sfr27        00000
__Lsfr28                                      sfr28        00000
__Lsfr29                                      sfr29        00000
__Lsfr3                                       sfr3         00000
__Lsfr30                                      sfr30        00000
__Lsfr31                                      sfr31        00000
__Lsfr4                                       sfr4         00000
__Lsfr5                                       sfr5         00000
__Lsfr6                                       sfr6         00000
__Lsfr7                                       sfr7         00000
__Lsfr8                                       sfr8         00000
__Lsfr9                                       sfr9         00000
__Lspace_0                                    (abs)        00000
__Lspace_1                                    (abs)        00000
__Lspace_2                                    (abs)        00000
__Lspace_3                                    (abs)        00000
__Lspace_4                                    (abs)        00000
__Lstack                                      stack        00000
__Lstrings                                    strings      00000
__Lstringtext1                                stringtext1  00000
__Lstringtext2                                stringtext2  00000
__Lstringtext3                                stringtext3  00000
__Lstringtext4                                stringtext4  00000
__Lstringtext5                                stringtext5  00000
__Lstringtext6                                stringtext6  00000
__Lstringtext7                                stringtext7  00000
__Ltext                                       text         00000
__S0                                          (abs)        01850
__S1                                          (abs)        00260
__S2                                          (abs)        00000
__S3                                          (abs)        00000
___int_sp                                     stack        00000
___latbits                                    (abs)        00002
___lwdiv                                      text15       01746
___lwdiv@counter                              cstackCOMMON 00079
___lwdiv@dividend                             cstackCOMMON 00074
___lwdiv@divisor                              cstackCOMMON 00072
___lwdiv@quotient                             cstackCOMMON 00077
___lwmod                                      text14       0169D
___lwmod@counter                              cstackBANK0  00025
___lwmod@dividend                             cstackBANK0  00022
___lwmod@divisor                              cstackBANK0  00020
___sp                                         stack        00000
___stackhi                                    (abs)        023EF
___stacklo                                    (abs)        02180
___wmul                                       text46       01418
___wmul@multiplicand                          cstackCOMMON 00074
___wmul@multiplier                            cstackCOMMON 00072
___wmul@product                               cstackCOMMON 00076
__end_of_ADCC_GetSingleConversion             text28       012CB
__end_of_ADCC_Initialize                      text66       01321
__end_of_Clock_ISR                            text75       00A6F
__end_of_DATAEE_ReadByte                      text47       01267
__end_of_DATAEE_WriteByte                     text27       014E0
__end_of_EUSART_Initialize                    text63       00800
__end_of_EUSART_Read                          text5        01503
__end_of_EUSART_Receive_ISR                   text82       01458
__end_of_EUSART_SetRxInterruptHandler         text65       0120D
__end_of_EUSART_SetTxInterruptHandler         text64       01213
__end_of_EUSART_Transmit_ISR                  text81       01528
__end_of_EUSART_Write                         text52       015A2
__end_of_EUSART_is_rx_ready                   text71       011E9
__end_of_EXT_INT_Initialize                   text61       0128D
__end_of_INTERRUPT_InterruptManager           intentry     00052
__end_of_INT_CallBack                         text78       01280
__end_of_INT_DefaultInterruptHandler          text79       011E6
__end_of_INT_ISR                              text77       01207
__end_of_INT_SetInterruptHandler              text62       01219
__end_of_LCDchar                              text22       0080B
__end_of_LCDcmd                               text23       01241
__end_of_LCDinit                              text67       00AE1
__end_of_LCDsend                              text69       0084E
__end_of_LCDsend2x4                           text68       007D5
__end_of_LCDstr                               text21       013A2
__end_of_OSCILLATOR_Initialize                text60       0125B
__end_of_PIN_MANAGER_Initialize               text59       00891
__end_of_PMD_Initialize                       text58       01239
__end_of_PWM6_Initialize                      text57       0129A
__end_of_PWM6_LoadDutyValue                   text20       012F3
__end_of_PWM_Output_D4_Disable                text19       011F2
__end_of_PWM_Output_D4_Enable                 text32       011EC
__end_of_ReadI2C                              text26       0136C
__end_of_S1_ISR                               text80       01252
__end_of_S1button                             text31       00939
__end_of_SYSTEM_Initialize                    text53       013BE
__end_of_TMR1_DefaultInterruptHandler         text76       00801
__end_of_TMR1_ISR                             text73       0130A
__end_of_TMR1_Initialize                      text55       013DC
__end_of_TMR1_SetInterruptHandler             text56       0121F
__end_of_TMR1_WriteTimer                      text74       012B9
__end_of_TMR2_Initialize                      text54       012A8
__end_of_TMR2_Start                           text30       011EF
__end_of_TMR2_StartTimer                      text29       011F9
__end_of_TMR2_Stop                            text18       011F5
__end_of_TMR2_StopTimer                       text17       011FD
__end_of_WriteI2C                             text70       008DC
__end_of___lwdiv                              text15       01782
__end_of___lwmod                              text14       016D2
__end_of___wmul                               text46       01437
__end_of__initialization                      cinit        00095
__end_of_checkFlags                           text9        0099D
__end_of_cmd_aa                               text35       0170A
__end_of_cmd_dac                              text37       01800
__end_of_cmd_dtl                              text36       0169D
__end_of_cmd_ir                               text34       01576
__end_of_cmd_mmp                              text40       01338
__end_of_cmd_mta                              text39       01352
__end_of_cmd_ra                               text38       01746
__end_of_cmd_rc                               text44       0154D
__end_of_cmd_rp                               text41       0149A
__end_of_cmd_rtl                              text42       01479
__end_of_cmd_sc                               text43       017C1
__end_of_cmd_trc                              text33       00D6E
__end_of_cmd_tri                              text45       00C75
__end_of_commands                             stringtext1  01827
__end_of_differenceBetweenTimePeriod          text16       01668
__end_of_dpowers                              stringtext2  01840
__end_of_editClock                            text8        00A01
__end_of_editLum                              text7        01602
__end_of_editTemp                             text6        01634
__end_of_getch                                text4        01201
__end_of_i2c1_driver_open                     text3        01273
__end_of_isdigit                              text13       012DD
__end_of_main                                 maintext     0037A
__end_of_memset                               text2        01418
__end_of_monitoring_TEMP_LUM                  text24       01000
__end_of_putch                                text51       01225
__end_of_sendERRORMessage                     text49       013FA
__end_of_sendMessage                          text50       014BD
__end_of_sendOKMessage                        text48       01387
__end_of_sprintf                              text12       00722
__end_of_toggleAlarms                         text1        015D0
__end_of_tsttc                                text25       00E7B
__end_of_update_menuLCD                       text11       00584
__end_of_wirteEEPROMinit                      text10       00B8F
__initialization                              cinit        00054
__pbssBANK0                                   bssBANK0     00055
__pbssBANK1                                   bssBANK1     000C3
__pbssBANK2                                   bssBANK2     00120
__pbssBANK3                                   bssBANK3     001A0
__pbssBANK4                                   bssBANK4     00220
__pbssCOMMON                                  bssCOMMON    0007A
__pcstackBANK0                                cstackBANK0  00020
__pcstackBANK1                                cstackBANK1  000A0
__pcstackCOMMON                               cstackCOMMON 00070
__pdataBANK0                                  dataBANK0    0006D
__pdataBANK1                                  dataBANK1    000E3
__pdataCOMMON                                 dataCOMMON   0007B
__pidataBANK0                                 idataBANK0   00002
__pidataBANK1                                 idataBANK1   01241
__pidataCOMMON                                idataCOMMON  00801
__pintentry                                   intentry     00004
__pmaintext                                   maintext     00099
__pnvBANK1                                    nvBANK1      000D8
__pstringtext1                                stringtext1  01800
__pstringtext2                                stringtext2  01836
__pstringtext3                                stringtext3  01827
__pstringtext4                                stringtext4  01840
__pstringtext5                                stringtext5  01847
__pstringtext6                                stringtext6  0184C
__pstringtext7                                stringtext7  00000
__ptext1                                      text1        015A2
__ptext10                                     text10       00AE1
__ptext11                                     text11       0037A
__ptext12                                     text12       00584
__ptext13                                     text13       012CB
__ptext14                                     text14       0169D
__ptext15                                     text15       01746
__ptext16                                     text16       01634
__ptext17                                     text17       011F9
__ptext18                                     text18       011F2
__ptext19                                     text19       011EF
__ptext2                                      text2        013FA
__ptext20                                     text20       012DD
__ptext21                                     text21       01387
__ptext22                                     text22       00802
__ptext23                                     text23       01239
__ptext24                                     text24       00E7B
__ptext25                                     text25       00D6E
__ptext26                                     text26       01352
__ptext27                                     text27       014BD
__ptext28                                     text28       012B9
__ptext29                                     text29       011F5
__ptext3                                      text3        01267
__ptext30                                     text30       011EC
__ptext31                                     text31       008DC
__ptext32                                     text32       011E9
__ptext33                                     text33       00C75
__ptext34                                     text34       0154D
__ptext35                                     text35       016D2
__ptext36                                     text36       01668
__ptext37                                     text37       017C1
__ptext38                                     text38       0170A
__ptext39                                     text39       01338
__ptext4                                      text4        011FD
__ptext40                                     text40       01321
__ptext41                                     text41       01479
__ptext42                                     text42       01458
__ptext43                                     text43       01782
__ptext44                                     text44       01528
__ptext45                                     text45       00B8F
__ptext46                                     text46       01418
__ptext47                                     text47       0125B
__ptext48                                     text48       0136C
__ptext49                                     text49       013DC
__ptext5                                      text5        014E0
__ptext50                                     text50       0149A
__ptext51                                     text51       0121F
__ptext52                                     text52       01576
__ptext53                                     text53       013A2
[...]
                  1    wreg      void 
 Registers used:
		wreg, fsr1l, fsr1h, status,2, status,0, pclath, cstack
 Tracked objects:
		On entry : 
		On exit  : 
		Unchanged: 
 Data sizes:     COMMON   BANK0   BANK1   BANK2   BANK3   BANK4   BANK5   BANK6   BANK7   BANK8   BANK9  BANK10  BANK11  BANK12
      Params:         0       0       0       0       0       0       0       0       0       0       0       0       0       0
      Locals:         0       0       0       0       0       0       0       0       0       0       0       0       0       0
      Temps:          0       0       0       0       0       0       0       0       0       0       0       0       0       0
      Totals:         0       0       0       0       0       0       0       0       0       0       0       0       0       0
Total ram usage:        0 bytes
 Hardware stack levels used:    1
 Hardware stack levels required when called:    3
 This function calls:
		Absolute function
		_EUSART_Receive_ISR
		_EUSART_Transmit_ISR
		_INT_ISR
		_TMR1_ISR
 This function is called by:
		Interrupt level 1
 This function uses a non-reentrant model


 *************** function _TMR1_ISR *****************
 Defined at:
		line 164 in file "mcc_generated_files/tmr1.c"
 Parameters:    Size  Location     Type
		None
 Auto vars:     Size  Location     Type
		None
 Return value:  Size  Location     Type
                  1    wreg      void 
 Registers used:
		wreg, status,2, status,0, pclath, cstack
 Tracked objects:
		On entry : 
		On exit  : 
		Unchanged: 
 Data sizes:     COMMON   BANK0   BANK1   BANK2   BANK3   BANK4   BANK5   BANK6   BANK7   BANK8   BANK9  BANK10  BANK11  BANK12
      Params:         0       0       0       0       0       0       0       0       0       0       0       0       0       0
      Locals:         0       0       0       0       0       0       0       0       0       0       0       0       0       0
      Temps:          0       0       0       0       0       0       0       0       0       0       0       0       0       0
      Totals:         0       0       0       0       0       0       0       0       0       0       0       0       0       0
Total ram usage:        0 bytes
 Hardware stack levels used:    1
 Hardware stack levels required when called:    1
 This function calls:
		Absolute function
		_Clock_ISR
		_TMR1_DefaultInterruptHandler
		_TMR1_WriteTimer
 This function is called by:
		_INTERRUPT_InterruptManager
 This function uses a non-reentrant model


 *************** function _TMR1_WriteTimer *****************
 Defined at:
		line 127 in file "mcc_generated_files/tmr1.c"
 Parameters:    Size  Location     Type
  timerVal        2    0[COMMON] unsigned int 
 Auto vars:     Size  Location     Type
		None
 Return value:  Size  Location     Type
                  1    wreg      void 
 Registers used:
		wreg, status,2
 Tracked objects:
		On entry : 
		On exit  : 
		Unchanged: 
 Data sizes:     COMMON   BANK0   BANK1   BANK2   BANK3   BANK4   BANK5   BANK6   BANK7   BANK8   BANK9  BANK10  BANK11  BANK12
      Params:         2       0       0       0       0       0       0       0       0       0       0       0       0       0
      Locals:         0       0       0       0       0       0       0       0       0       0       0       0       0       0
      Temps:          0       0       0       0       0       0       0       0       0       0       0       0       0       0
      Totals:         2       0       0       0       0       0       0       0       0       0       0       0       0       0
Total ram usage:        2 bytes
 Hardware stack levels used:    1
 This function calls:
		Nothing
 This function is called by:
		_TMR1_ISR
		_TMR1_Reload
 This function uses a non-reentrant model


 *************** function _Clock_ISR *****************
 Defined at:
		line 361 in file "main.c"
 Parameters:    Size  Location     Type
		None
 Auto vars:     Size  Location     Type
		None
 Return value:  Size  Location     Type
                  1    wreg      void 
 Registers used:
		wreg, status,2, status,0
 Tracked objects:
		On entry : 
		On exit  : 
		Unchanged: 
 Data sizes:     COMMON   BANK0   BANK1   BANK2   BANK3   BANK4   BANK5   BANK6   BANK7   BANK8   BANK9  BANK10  BANK11  BANK12
      Params:         0       0       0       0       0       0       0       0       0       0       0       0       0       0
      Locals:         0       0       0       0       0       0       0       0       0       0       0       0       0       0
      Temps:          1       0       0       0       0       0       0       0       0       0       0       0       0       0
      Totals:         1       0       0       0       0       0       0       0       0       0       0       0       0       0
Total ram usage:        1 bytes
 Hardware stack levels used:    1
 This function calls:
		Nothing
 This function is called by:
		_main
		_TMR1_ISR
 This function uses a non-reentrant model


 *************** function _TMR1_DefaultInterruptHandler *****************
 Defined at:
		line 182 in file "mcc_generated_files/tmr1.c"
 Parameters:    Size  Location     Type
		None
 Auto vars:     Size  Location     Type
		None
 Return value:  Size  Location     Type
                  1    wreg      void 
 Registers used:
		None
 Tracked objects:
		On entry : 
		On exit  : 
		Unchanged: 
 Data sizes:     COMMON   BANK0   BANK1   BANK2   BANK3   BANK4   BANK5   BANK6   BANK7   BANK8   BANK9  BANK10  BANK11  BANK12
      Params:         0       0       0       0       0       0       0       0       0       0       0       0       0       0
      Locals:         0       0       0       0       0       0       0       0       0       0       0       0       0       0
      Temps:          0       0       0       0       0       0       0       0       0       0       0       0       0       0
      Totals:         0       0       0       0       0       0       0       0       0       0       0       0       0       0
Total ram usage:        0 bytes
 Hardware stack levels used:    1
 This function calls:
		Nothing
 This function is called by:
		_TMR1_Initialize
		_TMR1_ISR
 This function uses a non-reentrant model


 *************** function _INT_ISR *****************
 Defined at:
		line 32 in file "mcc_generated_files/ext_int.c"
 Parameters:    Size  Location     Type
		None
 Auto vars:     Size  Location     Type
		None
 Return value:  Size  Location     Type
                  1    wreg      void 
 Registers used:
		wreg, status,2, status,0, pclath, cstack
 Tracked objects:
		On entry : 
		On exit  : 
		Unchanged: 
 Data sizes:     COMMON   BANK0   BANK1   BANK2   BANK3   BANK4   BANK5   BANK6   BANK7   BANK8   BANK9  BANK10  BANK11  BANK12
      Params:         0       0       0       0       0       0       0       0       0       0       0       0       0       0
      Locals:         0       0       0       0       0       0       0       0       0       0       0       0       0       0
      Temps:          0       0       0       0       0       0       0       0       0       0       0       0       0       0
      Totals:         0       0       0       0       0       0       0       0       0       0       0       0       0       0
Total ram usage:        0 bytes
 Hardware stack levels used:    1
 Hardware stack levels required when called:    2
 This function calls:
		_INT_CallBack
 This function is called by:
		_INTERRUPT_InterruptManager
 This function uses a non-reentrant model


 *************** function _INT_CallBack *****************
 Defined at:
		line 41 in file "mcc_generated_files/ext_int.c"
 Parameters:    Size  Location     Type
		None
 Auto vars:     Size  Location     Type
		None
 Return value:  Size  Location     Type
                  1    wreg      void 
 Registers used:
		wreg, status,2, status,0, pclath, cstack
 Tracked objects:
		On entry : 
		On exit  : 
		Unchanged: 
 Data sizes:     COMMON   BANK0   BANK1   BANK2   BANK3   BANK4   BANK5   BANK6   BANK7   BANK8   BANK9  BANK10  BANK11  BANK12
      Params:         0       0       0       0       0       0       0       0       0       0       0       0       0       0
      Locals:         0       0       0       0       0       0       0       0       0       0       0       0       0       0
      Temps:          0       0       0       0       0       0       0       0       0       0       0       0       0       0
      Totals:         0       0       0       0       0       0       0       0       0       0       0       0       0       0
Total ram usage:        0 bytes
 Hardware stack levels used:    1
 Hardware stack levels required when called:    1
 This function calls:
		Absolute function
		_INT_DefaultInterruptHandler
		_S1_ISR
 This function is called by:
		_INT_ISR
 This function uses a non-reentrant model


 *************** function _INT_DefaultInterruptHandler *****************
 Defined at:
		line 54 in file "mcc_generated_files/ext_int.c"
 Parameters:    Size  Location     Type
		None
 Auto vars:     Size  Location     Type
		None
 Return value:  Size  Location     Type
                  1    wreg      void 
 Registers used:
		None
 Tracked objects:
		On entry : 
		On exit  : 
		Unchanged: 
 Data sizes:     COMMON   BANK0   BANK1   BANK2   BANK3   BANK4   BANK5   BANK6   BANK7   BANK8   BANK9  BANK10  BANK11  BANK12
      Params:         0       0       0       0       0       0       0       0       0       0       0       0       0       0
      Locals:         0       0       0       0       0       0       0       0       0       0       0       0       0       0
      Temps:          0       0       0       0       0       0       0       0       0       0       0       0       0       0
      Totals:         0       0       0       0       0       0       0       0       0       0       0       0       0       0
Total ram usage:        0 bytes
 Hardware stack levels used:    1
 This function calls:
		Nothing
 This function is called by:
		_EXT_INT_Initialize
		_INT_CallBack
 This function uses a non-reentrant model


 *************** function _S1_ISR *****************
 Defined at:
		line 786 in file "main.c"
 Parameters:    Size  Location     Type
		None
 Auto vars:     Size  Location     Type
		None
 Return value:  Size  Location     Type
                  1    wreg      void 
 Registers used:
		None
 Tracked objects:
		On entry : 
		On exit  : 
		Unchanged: 
 Data sizes:     COMMON   BANK0   BANK1   BANK2   BANK3   BANK4   BANK5   BANK6   BANK7   BANK8   BANK9  BANK10  BANK11  BANK12
      Params:         0       0       0       0       0       0       0       0       0       0       0       0       0       0
      Locals:         0       0       0       0       0       0       0       0       0       0       0       0       0       0
      Temps:          0       0       0       0       0       0       0       0       0       0       0       0       0       0
      Totals:         0       0       0       0       0       0       0       0       0       0       0       0       0       0
Total ram usage:        0 bytes
 Hardware stack levels used:    1
 This function calls:
		Nothing
 This function is called by:
		_main
		_INT_CallBack
 This function uses a non-reentrant model


 *************** function _EUSART_Transmit_ISR *****************
 Defined at:
		line 181 in file "mcc_generated_files/eusart.c"
 Parameters:    Size  Location     Type
		None
 Auto vars:     Size  Location     Type
		None
 Return value:  Size  Location     Type
                  1    wreg      void 
 Registers used:
		wreg, fsr1l, fsr1h, status,2, status,0
 Tracked objects:
		On entry : 
		On exit  : 
		Unchanged: 
 Data sizes:     COMMON   BANK0   BANK1   BANK2   BANK3   BANK4   BANK5   BANK6   BANK7   BANK8   BANK9  BANK10  BANK11  BANK12
      Params:         0       0       0       0       0       0       0       0       0       0       0       0       0       0
      Locals:         0       0       0       0       0       0       0       0       0       0       0       0       0       0
      Temps:          1       0       0       0       0       0       0       0       0       0       0       0       0       0
      Totals:         1       0       0       0       0       0       0       0       0       0       0       0       0       0
Total ram usage:        1 bytes
 Hardware stack levels used:    1
 This function calls:
		Nothing
 This function is called by:
		_EUSART_Initialize
		_INTERRUPT_InterruptManager
 This function uses a non-reentrant model


 *************** function _EUSART_Receive_ISR *****************
 Defined at:
		line 200 in file "mcc_generated_files/eusart.c"
 Parameters:    Size  Location     Type
		None
 Auto vars:     Size  Location     Type
		None
 Return value:  Size  Location     Type
                  1    wreg      void 
 Registers used:
		wreg, fsr1l, fsr1h, status,2, status,0
 Tracked objects:
		On entry : 
		On exit  : 
		Unchanged: 
 Data sizes:     COMMON   BANK0   BANK1   BANK2   BANK3   BANK4   BANK5   BANK6   BANK7   BANK8   BANK9  BANK10  BANK11  BANK12
      Params:         0       0       0       0       0       0       0       0       0       0       0       0       0       0
      Locals:         0       0       0       0       0       0       0       0       0       0       0       0       0       0
      Temps:          1       0       0       0       0       0       0       0       0       0       0       0       0       0
      Totals:         1       0       0       0       0       0       0       0       0       0       0       0       0       0
Total ram usage:        1 bytes
 Hardware stack levels used:    1
 This function calls:
		Nothing
 This function is called by:
		_EUSART_Initialize
		_INTERRUPT_InterruptManager
 This function uses a non-reentrant model



MODULE INFORMATION

Module		Function		Class		Link	Load	Size
mcc_generated_files/pwm6.c
		_PWM6_LoadDutyValue		CODE           	12DD	0000	22
		_PWM6_Initialize		CODE           	128D	0000	13

mcc_generated_files/pwm6.c estimated size: 35

mcc_generated_files/tmr2.c
		_TMR2_Initialize		CODE           	129A	0000	14
		_TMR2_Stop     		CODE           	11F2	0000	3
		_TMR2_Start    		CODE           	11EC	0000	3
		_TMR2_StopTimer		CODE           	11F9	0000	4
		_TMR2_StartTimer		CODE           	11F5	0000	4

mcc_generated_files/tmr2.c estimated size: 28

mcc_generated_files/interrupt_manager.c
		_INTERRUPT_InterruptManager		CODE           	0004	0000	78

mcc_generated_files/interrupt_manager.c estimated size: 78

E:\Microchip\xc8\v2.30\pic\sources\c90\common\memset.c
		_memset        		CODE           	13FA	0000	30

E:\Microchip\xc8\v2.30\pic\sources\c90\common\memset.c estimated size: 30

mcc_generated_files/pin_manager.c
		_PIN_MANAGER_Initialize		CODE           	084E	0000	67

mcc_generated_files/pin_manager.c estimated size: 67

I2C/i2c.c
		_ReadI2C       		CODE           	1352	0000	26
		_WriteI2C      		CODE           	0891	0000	75

I2C/i2c.c estimated size: 101

E:\Microchip\xc8\v2.30\pic\sources\c90\common\lwmod.c
		___lwmod       		CODE           	169D	0000	53

E:\Microchip\xc8\v2.30\pic\sources\c90\common\lwmod.c estimated size: 53

E:\Microchip\xc8\v2.30\pic\sources\c90\common\doprnt.c
		_sprintf       		CODE           	0584	0000	414

E:\Microchip\xc8\v2.30\pic\sources\c90\common\doprnt.c estimated size: 414

mcc_generated_files/ext_int.c
		_INT_DefaultInterruptHandler		CODE           	11E5	0000	1
		_EXT_INT_Initialize		CODE           	1280	0000	13
		_INT_SetInterruptHandler		CODE           	1213	0000	6
		_INT_CallBack  		CODE           	1273	0000	13
		_INT_ISR       		CODE           	1201	0000	6

mcc_generated_files/ext_int.c estimated size: 39

shared
		_dpowers       		STRCODE        	1836	0000	10
		__initialization		CODE           	0054	0000	65
		_commands      		STRCODE        	1800	0000	39

shared estimated size: 114

mcc_generated_files/mcc.c
		_PMD_Initialize		CODE           	1231	0000	8
		_OSCILLATOR_Initialize		CODE           	1252	0000	9
		_SYSTEM_Initialize		CODE           	13A2	0000	28

mcc_generated_files/mcc.c estimated size: 45

mcc_generated_files/tmr1.c
		_TMR1_Initialize		CODE           	13BE	0000	30
		_TMR1_SetInterruptHandler		CODE           	1219	0000	6
		_TMR1_DefaultInterruptHandler		CODE           	0800	0000	1
		_TMR1_WriteTimer		CODE           	12A8	0000	17
		_TMR1_ISR      		CODE           	12F3	0000	23

mcc_generated_files/tmr1.c estimated size: 77

E:\Microchip\xc8\v2.30\pic\sources\c90\common\lwdiv.c
		___lwdiv       		CODE           	1746	0000	60

E:\Microchip\xc8\v2.30\pic\sources\c90\common\lwdiv.c estimated size: 60

E:\Microchip\xc8\v2.30\pic\sources\c90\common\Umul16.c
		___wmul        		CODE           	1418	0000	31

E:\Microchip\xc8\v2.30\pic\sources\c90\common\Umul16.c estimated size: 31

mcc_generated_files/memory.c
		_DATAEE_WriteByte		CODE           	14BD	0000	35
		_DATAEE_ReadByte		CODE           	125B	0000	12

mcc_generated_files/memory.c estimated size: 47

mcc_generated_files/i2c1_driver.c
		_i2c1_driver_open		CODE           	1267	0000	12

mcc_generated_files/i2c1_driver.c estimated size: 12

mcc_generated_files/eusart.c
		_EUSART_SetRxInterruptHandler		CODE           	1207	0000	6
		_EUSART_SetTxInterruptHandler		CODE           	120D	0000	6
		_putch         		CODE           	121F	0000	6
		_EUSART_Read   		CODE           	14E0	0000	35
		_EUSART_Write  		CODE           	1576	0000	44
		_EUSART_Transmit_ISR		CODE           	1503	0000	37
		_EUSART_Initialize		CODE           	07D5	0000	43
		_getch         		CODE           	11FD	0000	4
		_EUSART_Receive_ISR		CODE           	1437	0000	33
		_EUSART_is_rx_ready		CODE           	11E6	0000	3

mcc_generated_files/eusart.c estimated size: 217

mcc_generated_files/adcc.c
		_ADCC_GetSingleConversion		CODE           	12B9	0000	18
		_ADCC_Initialize		CODE           	130A	0000	23

mcc_generated_files/adcc.c estimated size: 41

E:\Microchip\xc8\v2.30\pic\sources\c90\common\isdigit.c
		_isdigit       		CODE           	12CB	0000	18

E:\Microchip\xc8\v2.30\pic\sources\c90\common\isdigit.c estimated size: 18

main.c
		_checkFlags    		CODE           	0939	0000	100
		_differenceBetweenTimePeriod		CODE           	1634	0000	52
		_cmd_rp        		CODE           	1479	0000	33
		_PWM_Output_D4_Disable		CODE           	11EF	0000	3
		_toggleAlarms  		CODE           	15A2	0000	46
		_editLum       		CODE           	15D0	0000	50
		_LCDinit       		CODE           	0A6F	0000	114
		_LCDsend       		CODE           	080B	0000	67
		_LCDsend2x4    		CODE           	0722	0000	179
		_cmd_ir        		CODE           	154D	0000	41
		_cmd_trc       		CODE           	0C75	0000	249
		_cmd_mmp       		CODE           	1321	0000	23
		_main          		CODE           	0099	0000	737
		_sendOKMessage 		CODE           	136C	0000	27
		_LCDstr        		CODE           	1387	0000	27
		_cmd_mta       		CODE           	1338	0000	26
		_cmd_dtl       		CODE           	1668	0000	53
		_cmd_tri       		CODE           	0B8F	0000	230
		_sendERRORMessage		CODE           	13DC	0000	30
		_PWM_Output_D4_Enable		CODE           	11E9	0000	3
		_LCDchar       		CODE           	0802	0000	9
		_S1button      		CODE           	08DC	0000	93
		_cmd_rc        		CODE           	1528	0000	37
		_cmd_dac       		CODE           	17C1	0000	63
		_update_menuLCD		CODE           	037A	0000	522
		_wirteEEPROMinit		CODE           	0AE1	0000	174
		_Clock_ISR     		CODE           	0A01	0000	110
		_cmd_rtl       		CODE           	1458	0000	33
		_tsttc         		CODE           	0D6E	0000	269
		_cmd_sc        		CODE           	1782	0000	63
		_monitoring_TEMP_LUM		CODE           	0E7B	0000	389
		_editClock     		CODE           	099D	0000	100
		_S1_ISR        		CODE           	1249	0000	9
		_LCDcmd        		CODE           	1239	0000	8
		_cmd_ra        		CODE           	170A	0000	60
		_sendMessage   		CODE           	149A	0000	35
		_editTemp      		CODE           	1602	0000	50
		_cmd_aa        		CODE           	16D2	0000	56

main.c estimated size: 4170

