Microchip MPLAB XC8 Compiler V2.30

Linker command line:

-W-3 --edf=E:\Microchip\xc8\v2.30\pic\dat\en_msgs.txt -cn \
  -h+dist/default/production\SCE_Project_part2.production.sym \
  --cmf=dist/default/production\SCE_Project_part2.production.cmf -z \
  -Q16F18875 -oC:\Users\Andre\AppData\Local\Temp\s8k0x3 \
  --defsym=__MPLAB_BUILD=1 \
  -Mdist/default/production/SCE_Project_part2.production.map -E1 \
  -ver=XC8 Compiler --acfsm=1493 -ASTACK=02180h-023EFh -pstack=STACK \
  -ACODE=00h-07FFhx4 -ASTRCODE=00h-01FFFh -ASTRING=00h-0FFhx32 \
  -ACONST=00h-0FFhx32 -AENTRY=00h-0FFhx32 -ACOMMON=070h-07Fh \
  -ABANK0=020h-06Fh -ABANK1=0A0h-0EFh -ABANK2=0120h-016Fh \
  -ABANK3=01A0h-01EFh -ABANK4=0220h-026Fh -ABANK5=02A0h-02EFh \
  -ABANK6=0320h-036Fh -ABANK7=03A0h-03EFh -ABANK8=0420h-046Fh \
  -ABANK9=04A0h-04EFh -ABANK10=0520h-056Fh -ABANK11=05A0h-05EFh \
  -ABANK12=0620h-064Fh -ABIGRAM=02000h-023EFh \
  -ARAM=020h-06Fh,0A0h-0EFh,0120h-016Fh,01A0h-01EFh,0220h-026Fh,02A0h-02EFh,0320h-036Fh,03A0h-03EFh,0420h-046Fh,04A0h-04EFh,0520h-056Fh,05A0h-05EFh,0620h-064Fh \
  -AABS1=020h-07Fh,0A0h-0EFh,0120h-016Fh,01A0h-01EFh,0220h-026Fh,02A0h-02EFh,0320h-036Fh,03A0h-03EFh,0420h-046Fh,04A0h-04EFh,0520h-056Fh,05A0h-05EFh,0620h-064Fh \
  -ASFR0=00h-01Fh -ASFR1=080h-09Fh -ASFR2=0100h-011Fh -ASFR3=0180h-019Fh \
  -ASFR4=0200h-021Fh -ASFR5=0280h-029Fh -ASFR6=0300h-031Fh \
  -ASFR7=0380h-039Fh -ASFR8=0400h-041Fh -ASFR9=0480h-049Fh \
  -ASFR10=0500h-051Fh -ASFR11=0580h-059Fh -ASFR12=0600h-061Fh \
  -ASFR13=0680h-06EFh -ASFR14=0700h-076Fh -ASFR15=0780h-07EFh \
  -ASFR16=0800h-086Fh -ASFR17=0880h-08EFh -ASFR18=0900h-096Fh \
  -ASFR19=0980h-09EFh -ASFR20=0A00h-0A6Fh -ASFR21=0A80h-0AEFh \
  -ASFR22=0B00h-0B6Fh -ASFR23=0B80h-0BEFh -ASFR24=0C00h-0C6Fh \
  -ASFR25=0C80h-0CEFh -ASFR26=0D00h-0D6Fh -ASFR27=0D80h-0DEFh \
  -ASFR28=0E00h-0E6Fh -ASFR29=0E80h-0EEFh -ASFR30=0F00h-0F6Fh \
  -ASFR31=0F80h-0FEFh -ACONFIG=08007h-0800Bh -DCONFIG=2 \
  -AIDLOC=08000h-08003h -DIDLOC=2 -AEEDATA=00h-0FFh/0F000h \
  -peeprom_data=EEDATA -DEEDATA=2 -DCODE=2 -DSTRCODE=2 -DSTRING=2 -DCONST=2 \
  -DENTRY=2 -preset_vec=00h,intentry=04h,init,end_init -ppowerup=CODE \
  -pcinit=CODE -pfunctab=ENTRY -k \
  C:\Users\Andre\AppData\Local\Temp\s8k0xn.o \
  dist/default/production\SCE_Project_part2.production.o 

Object code version is 3.11

Machine type is 16F18875



                Name                               Link     Load   Length Selector   Space Scale
C:\Users\Andre\AppData\Local\Temp\s8k0xn.o
                end_init                             52       52        2        8       0
                reset_vec                             0        0        2        0       0
                config                             8007     8007        5        0       4
dist/default/production\SCE_Project_part2.production.o
                cinit                                54       54       40        8       0
                intentry                              4        4       4E        8       0
                config                             8007     8007        5        0       4
                text83                             113F     113F       21     227E       0
                text82                             11C8     11C8       25     2390       0
                text81                             1F11     1F11        9     3E22       0
                text80                                3        3        1        6       0
                text79                             1F66     1F66        D     3ECC       0
                text78                             1EEE     1EEE        6     3DDC       0
                text77                             15E7     15E7       5F     2BCE       0
                text76                              7FF      7FF        1        8       0
                text75                              A13      A13       F1     1426       0
                text74                             1FAB     1FAB       11     3F56       0
                text73                             1FD2     1FD2       17     3FA4       0
                text71                             1ED3     1ED3        3     3DA6       0
                text70                             1531     1531       5A     2A62       0
                text69                             14DE     14DE       53     29BC       0
                text68                              93F      93F       D4     127E       0
                text67                             1712     1712       76     2E24       0
                text66                             1FE9     1FE9       17     3FD2       0
                text65                             1F1A     1F1A        9     3E34       0
                text64                             1F23     1F23        9     3E46       0
                text63                             1286     1286       2C     250C       0
                text62                             1F2C     1F2C        9     3E58       0
                text61                             1F80     1F80        E     3F00       0
                text60                             1F35     1F35        9     3E6A       0
                text59                             149B     149B       43     2936       0
                text58                             1F01     1F01        8     3E02       0
                text57                             1F73     1F73        D     3EE6       0
                text56                             1F3E     1F3E        9     3E7C       0
                text55                             10C1     10C1       1F     2182       0
                text54                             1F8E     1F8E        E     3F1C       0
                text53                             1069     1069       1C     20D2       0
                text52                             12B2     12B2       2E     2564       0
                text51                             1EFA     1EFA        7     3DF4       0
                text50                             1181     1181       23     2302       0
                text49                             1085     1085       1E     210A       0
                text48                             1033     1033       1B     2066       0
                text47                             1F9C     1F9C        F     3F38       0
                text46                             10FF     10FF       20     21FE       0
                text45                              C05      C05      12A     180A       0
                text44                             11ED     11ED       25     23DA       0
                text43                             1788     1788       78     2F10       0
                text42                             1160     1160       21     22C0       0
                text41                             1212     1212       25     2424       0
                text40                             1019     1019       1A     2032       0
                text39                             10A3     10A3       1E     2146       0
                text38                             1459     1459       42     28B2       0
                text37                              806      806       7D     100C       0
                text36                             1646     1646       5F     2C8C       0
                text35                             13E2     13E2       3A     27C4       0
                text34                             125D     125D       29     24BA       0
                text33                              B04      B04      101     1608       0
                text32                             1ED6     1ED6        3     3DAC       0
                text31                             158B     158B       5C     2B16       0
                text30                             1ED9     1ED9        3     3DB2       0
                text29                             1EE2     1EE2        4     3DC4       0
                text28                             1FBC     1FBC       16     3F78       0
                text27                             11A4     11A4       24     2348       0
                text26                             10E0     10E0       1F     21C0       0
                text25                              D2F      D2F      150     1A5E       0
                text24                              E7F      E7F      181     1CFE       0
                text23                             1F09     1F09        8     3E12       0
                text22                             1F47     1F47        9     3E8E       0
                text21                             104E     104E       1B     209C       0
                text20                             1000     1000       19     1CFE       0
                text19                             1EDC     1EDC        3     3DB8       0
                text18                             1EDF     1EDF        3     3DBE       0
                text17                             1EE6     1EE6        4     3DCC       0
                text16                             130E     130E       35     261C       0
                text15                             141C     141C       3D     2838       0
                text14                             1343     1343       35     2686       0
                text13                              7EB      7EB       13        8       0
                text12                              5AC      5AC      19E        8       0
                text11                              37A      37A      232        8       0
                text10                              883      883       BC     1106       0
                text9                               74A      74A       A1        8       0
                text8                              16A5     16A5       6D     2D4A       0
                text7                              1378     1378       35     26F0       0
                text6                              13AD     13AD       35     275A       0
                text5                              1237     1237       26     246E       0
                text4                              1EEA     1EEA        4     3DD4       0
                text3                              1F5A     1F5A        C     3EB4       0
                text2                              111F     111F       20     223E       0
                text1                              12E0     12E0       2E     25C0       0
                maintext                             94       94      2E6        8       0
                cstackBANK0                          20       20       3A       20       1
                cstackCOMMON                         70       70        9       70       1
                cstackBANK1                          BC       BC       12       A0       1
                cstackBANK2                         120      120       20      120       1
                clrtext                            1EF4     1EF4        6     3DE8       0
                inittext                            800      800        6     1000       0
                bssBANK4                            220      220       40      220       1
                bssBANK3                            1A0      1A0       40      1A0       1
                bssBANK2                            140      140       19      120       1
                dataBANK1                            CE       CE        A       A0       1
                bssBANK1                             A0       A0       1C       A0       1
                bssBANK0                             5A       5A        B       20       1
                dataCOMMON                           7D       7D        1       70       1
                bssCOMMON                            79       79        4       70       1
                stringtext6                        184C     184C        4     3000       0
                stringtext5                        1847     1847        5     3000       0
                stringtext4                        1840     1840        7     3000       0
                stringtext3                        1827     1827        F     3000       0
                nvBANK2                             159      159        8      120       1
                nvBANK1                              D8       D8        3       A0       1
                stringtext2                        1836     1836        A     3000       0
                stringtext1                        1800     1800       27     3000       0
                idataBANK1                         1F50     1F50        A     3EA0       0
                idataCOMMON                         7FE      7FE        1        8       0

TOTAL           Name                               Link     Load   Length     Space
        CLASS   STACK          

        CLASS   CODE           
                end_init                             52       52        2         0
                cinit                                54       54       40         0
                intentry                              4        4       4E         0
                reset_vec                             0        0        2         0
                text83                             113F     113F       21         0
                text82                             11C8     11C8       25         0
                text81                             1F11     1F11        9         0
                text80                                3        3        1         0
                text79                             1F66     1F66        D         0
                text78                             1EEE     1EEE        6         0
                text77                             15E7     15E7       5F         0
                text76                              7FF      7FF        1         0
                text75                              A13      A13       F1         0
                text74                             1FAB     1FAB       11         0
                text73                             1FD2     1FD2       17         0
                text71                             1ED3     1ED3        3         0
                text70                             1531     1531       5A         0
                text69                             14DE     14DE       53         0
                text68                              93F      93F       D4         0
                text67                             1712     1712       76         0
                text66                             1FE9     1FE9       17         0
                text65                             1F1A     1F1A        9         0
                text64                             1F23     1F23        9         0
                text63                             1286     1286       2C         0
                text62                             1F2C     1F2C        9         0
                text61                             1F80     1F80        E         0
                text60                             1F35     1F35        9         0
                text59                             149B     149B       43         0
                text58                             1F01     1F01        8         0
                text57                             1F73     1F73        D         0
                text56                             1F3E     1F3E        9         0
                text55                             10C1     10C1       1F         0
                text54                             1F8E     1F8E        E         0
                text53                             1069     1069       1C         0
                text52                             12B2     12B2       2E         0
                text51                             1EFA     1EFA        7         0
                text50                             1181     1181       23         0
                text49                             1085     1085       1E         0
                text48                             1033     1033       1B         0
                text47                             1F9C     1F9C        F         0
                text46                             10FF     10FF       20         0
                text45                              C05      C05      12A         0
                text44                             11ED     11ED       25         0
                text43                             1788     1788       78         0
                text42                             1160     1160       21         0
                text41                             1212     1212       25         0
                text40                             1019     1019       1A         0
                text39                             10A3     10A3       1E         0
                text38                             1459     1459       42         0
                text37                              806      806       7D         0
                text36                             1646     1646       5F         0
                text35                             13E2     13E2       3A         0
                text34                             125D     125D       29         0
                text33                              B04      B04      101         0
                text32                             1ED6     1ED6        3         0
                text31                             158B     158B       5C         0
                text30                             1ED9     1ED9        3         0
                text29                             1EE2     1EE2        4         0
                text28                             1FBC     1FBC       16         0
                text27                             11A4     11A4       24         0
                text26                             10E0     10E0       1F         0
                text25                              D2F      D2F      150         0
                text24                              E7F      E7F      181         0
                text23                             1F09     1F09        8         0
                text22                             1F47     1F47        9         0
                text21                             104E     104E       1B         0
                text20                             1000     1000       19         0
                text19                             1EDC     1EDC        3         0
                text18                             1EDF     1EDF        3         0
                text17                             1EE6     1EE6        4         0
                text16                             130E     130E       35         0
                text15                             141C     141C       3D         0
                text14                             1343     1343       35         0
                text13                              7EB      7EB       13         0
                text12                              5AC      5AC      19E         0
                text11                              37A      37A      232         0
                text10                              883      883       BC         0
                text9                               74A      74A       A1         0
                text8                              16A5     16A5       6D         0
                text7                              1378     1378       35         0
                text6                              13AD     13AD       35         0
                text5                              1237     1237       26         0
                text4                              1EEA     1EEA        4         0
                text3                              1F5A     1F5A        C         0
                text2                              111F     111F       20         0
                text1                              12E0     12E0       2E         0
                maintext                             94       94      2E6         0
                clrtext                            1EF4     1EF4        6         0
                inittext                            800      800        6         0
                idataBANK1                         1F50     1F50        A         0
                idataCOMMON                         7FE      7FE        1         0

        CLASS   STRCODE        
                stringtext6                        184C     184C        4         0
                stringtext5                        1847     1847        5         0
                stringtext4                        1840     1840        7         0
                stringtext3                        1827     1827        F         0
                stringtext2                        1836     1836        A         0
                stringtext1                        1800     1800       27         0

        CLASS   STRING         

        CLASS   CONST          

        CLASS   ENTRY          

        CLASS   COMMON         
                cstackCOMMON                         70       70        9         1
                dataCOMMON                           7D       7D        1         1
                bssCOMMON                            79       79        4         1

        CLASS   BANK0          
                cstackBANK0                          20       20       3A         1
                bssBANK0                             5A       5A        B         1

        CLASS   BANK1          
                cstackBANK1                          BC       BC       12         1
                dataBANK1                            CE       CE        A         1
                bssBANK1                             A0       A0       1C         1
                nvBANK1                              D8       D8        3         1

        CLASS   BANK2          
                cstackBANK2                         120      120       20         1
                bssBANK2                            140      140       19         1
                nvBANK2                             159      159        8         1

        CLASS   BANK3          
                bssBANK3                            1A0      1A0       40         1

        CLASS   BANK4          
                bssBANK4                            220      220       40         1

        CLASS   BANK5          

        CLASS   BANK6          

        CLASS   BANK7          

        CLASS   BANK8          

        CLASS   BANK9          

        CLASS   BANK10         

        CLASS   BANK11         

        CLASS   BANK12         

        CLASS   BIGRAM         

        CLASS   RAM            

        CLASS   ABS1           
                abs_s1                               7E       7E        2         1

        CLASS   SFR0           

        CLASS   SFR1           

        CLASS   SFR2           

        CLASS   SFR3           

        CLASS   SFR4           

        CLASS   SFR5           

        CLASS   SFR6           

        CLASS   SFR7           

        CLASS   SFR8           

        CLASS   SFR9           

        CLASS   SFR10          

        CLASS   SFR11          

        CLASS   SFR12          

        CLASS   SFR13          

        CLASS   SFR14          

        CLASS   SFR15          

        CLASS   SFR16          

        CLASS   SFR17          

        CLASS   SFR18          

        CLASS   SFR19          

        CLASS   SFR20          

        CLASS   SFR21          

        CLASS   SFR22          

        CLASS   SFR23          

        CLASS   SFR24          

        CLASS   SFR25          

        CLASS   SFR26          

        CLASS   SFR27          

        CLASS   SFR28          

        CLASS   SFR29          

        CLASS   SFR30          

        CLASS   SFR31          

        CLASS   CONFIG         
                config                             8007     8007        5         4

        CLASS   IDLOC          

        CLASS   EEDATA         

        CLASS   BANK31         

        CLASS   BANK30         

        CLASS   BANK29         

        CLASS   BANK28         

        CLASS   BANK27         

        CLASS   BANK26         

        CLASS   BANK25         

        CLASS   BANK24         

        CLASS   BANK23         

        CLASS   BANK22         

        CLASS   BANK21         

        CLASS   BANK20         

        CLASS   BANK19         

        CLASS   BANK18         

        CLASS   BANK17         

        CLASS   BANK16         

        CLASS   BANK15         

        CLASS   BANK14         

        CLASS   BANK13         



SEGMENTS        Name                           Load    Length   Top    Selector   Space  Class     Delta

                reset_vec                      000000  000002  000002         0       0  CODE        2
                text80                         000003  000001  000004         6       0  CODE        2
                intentry                       000004  0007FC  000800         8       0  CODE        2
                cstackBANK0                    000020  000045  000065        20       1  BANK0       1
                cstackCOMMON                   000070  00000E  00007E        70       1  COMMON      1
                bssBANK1                       0000A0  00003B  0000DB        A0       1  BANK1       1
                cstackBANK2                    000120  000041  000161       120       1  BANK2       1
                bssBANK3                       0001A0  000040  0001E0       1A0       1  BANK3       1
                bssBANK4                       000220  000040  000260       220       1  BANK4       1
                inittext                       000800  000006  000806      1000       0  CODE        2
                text37                         000806  00007D  000883      100C       0  CODE        2
                text10                         000883  0000BC  00093F      1106       0  CODE        2
                text68                         00093F  0000D4  000A13      127E       0  CODE        2
                text75                         000A13  0000F1  000B04      1426       0  CODE        2
                text33                         000B04  000101  000C05      1608       0  CODE        2
                text45                         000C05  00012A  000D2F      180A       0  CODE        2
                text25                         000D2F  000150  000E7F      1A5E       0  CODE        2
                text24                         000E7F  00019A  001019      1CFE       0  CODE        2
                text40                         001019  00001A  001033      2032       0  CODE        2
                text48                         001033  00001B  00104E      2066       0  CODE        2
                text21                         00104E  00001B  001069      209C       0  CODE        2
                text53                         001069  00001C  001085      20D2       0  CODE        2
                text49                         001085  00001E  0010A3      210A       0  CODE        2
                text39                         0010A3  00001E  0010C1      2146       0  CODE        2
                text55                         0010C1  00001F  0010E0      2182       0  CODE        2
                text26                         0010E0  00001F  0010FF      21C0       0  CODE        2
                text46                         0010FF  000020  00111F      21FE       0  CODE        2
                text2                          00111F  000020  00113F      223E       0  CODE        2
                text83                         00113F  000021  001160      227E       0  CODE        2
                text42                         001160  000021  001181      22C0       0  CODE        2
                text50                         001181  000023  0011A4      2302       0  CODE        2
                text27                         0011A4  000024  0011C8      2348       0  CODE        2
                text82                         0011C8  000025  0011ED      2390       0  CODE        2
                text44                         0011ED  000025  001212      23DA       0  CODE        2
                text41                         001212  000025  001237      2424       0  CODE        2
                text5                          001237  000026  00125D      246E       0  CODE        2
                text34                         00125D  000029  001286      24BA       0  CODE        2
                text63                         001286  00002C  0012B2      250C       0  CODE        2
                text52                         0012B2  00002E  0012E0      2564       0  CODE        2
                text1                          0012E0  00002E  00130E      25C0       0  CODE        2
                text16                         00130E  000035  001343      261C       0  CODE        2
                text14                         001343  000035  001378      2686       0  CODE        2
                text7                          001378  000035  0013AD      26F0       0  CODE        2
                text6                          0013AD  000035  0013E2      275A       0  CODE        2
                text35                         0013E2  00003A  00141C      27C4       0  CODE        2
                text15                         00141C  00003D  001459      2838       0  CODE        2
                text38                         001459  000042  00149B      28B2       0  CODE        2
                text59                         00149B  000043  0014DE      2936       0  CODE        2
                text69                         0014DE  000053  001531      29BC       0  CODE        2
                text70                         001531  00005A  00158B      2A62       0  CODE        2
                text31                         00158B  00005C  0015E7      2B16       0  CODE        2
                text77                         0015E7  00005F  001646      2BCE       0  CODE        2
                text36                         001646  00005F  0016A5      2C8C       0  CODE        2
                text8                          0016A5  00006D  001712      2D4A       0  CODE        2
                text67                         001712  000076  001788      2E24       0  CODE        2
                text43                         001788  000078  001800      2F10       0  CODE        2
                stringtext1                    001800  000050  001850      3000       0  STRCODE     2
                text71                         001ED3  000003  001ED6      3DA6       0  CODE        2
                text32                         001ED6  000003  001ED9      3DAC       0  CODE        2
                text30                         001ED9  000003  001EDC      3DB2       0  CODE        2
                text19                         001EDC  000003  001EDF      3DB8       0  CODE        2
                text18                         001EDF  000003  001EE2      3DBE       0  CODE        2
                text29                         001EE2  000004  001EE6      3DC4       0  CODE        2
                text17                         001EE6  000004  001EEA      3DCC       0  CODE        2
                text4                          001EEA  000004  001EEE      3DD4       0  CODE        2
                text78                         001EEE  000006  001EF4      3DDC       0  CODE        2
                clrtext                        001EF4  000006  001EFA      3DE8       0  CODE        2
                text51                         001EFA  000007  001F01      3DF4       0  CODE        2
                text58                         001F01  000008  001F09      3E02       0  CODE        2
                text23                         001F09  000008  001F11      3E12       0  CODE        2
                text81                         001F11  000009  001F1A      3E22       0  CODE        2
                text65                         001F1A  000009  001F23      3E34       0  CODE        2
                text64                         001F23  000009  001F2C      3E46       0  CODE        2
                text62                         001F2C  000009  001F35      3E58       0  CODE        2
                text60                         001F35  000009  001F3E      3E6A       0  CODE        2
                text56                         001F3E  000009  001F47      3E7C       0  CODE        2
                text22                         001F47  000009  001F50      3E8E       0  CODE        2
                idataBANK1                     001F50  00000A  001F5A      3EA0       0  CODE        2
                text3                          001F5A  00000C  001F66      3EB4       0  CODE        2
                text79                         001F66  00000D  001F73      3ECC       0  CODE        2
                text57                         001F73  00000D  001F80      3EE6       0  CODE        2
                text61                         001F80  00000E  001F8E      3F00       0  CODE        2
                text54                         001F8E  00000E  001F9C      3F1C       0  CODE        2
                text47                         001F9C  00000F  001FAB      3F38       0  CODE        2
                text74                         001FAB  000011  001FBC      3F56       0  CODE        2
                text28                         001FBC  000016  001FD2      3F78       0  CODE        2
                text73                         001FD2  000017  001FE9      3FA4       0  CODE        2
                text66                         001FE9  000017  002000      3FD2       0  CODE        2


UNUSED ADDRESS RANGES

        Name                Unused          Largest block    Delta
        BANK0            00065-0006F               B           1
        BANK1            000DB-000EF              15           1
        BANK10           00520-0056F              50           1
        BANK11           005A0-005EF              50           1
        BANK12           00620-0064F              30           1
        BANK2            00161-0016F               F           1
        BANK3            001E0-001EF              10           1
        BANK4            00260-0026F              10           1
        BANK5            002A0-002EF              50           1
        BANK6            00320-0036F              50           1
        BANK7            003A0-003EF              50           1
        BANK8            00420-0046F              50           1
        BANK9            004A0-004EF              50           1
        BIGRAM           02000-023EF             3F0           1
        CODE             00002-00002               1           2
                         01850-01ED2             683
        CONST            00002-00002               1           2
                         01850-01ED2             100
        EEDATA           0F000-0F0FF             100           2
        ENTRY            00002-00002               1           2
                         01850-01ED2             100
        IDLOC            08000-08003               4           2
        RAM              00065-0006F               B           1
                         000DB-000EF              15
                         00161-0016F               F
                         001E0-001EF              10
                         00260-0026F              10
                         002A0-002EF              50
                         00320-0036F              50
                         003A0-003EF              50
                         00420-0046F              50
                         004A0-004EF              50
                         00520-0056F              50
                         005A0-005EF              50
                         00620-0064F              30
        SFR0             00000-0001F              20           1
        SFR1             00080-0009F              20           1
        SFR10            00500-0051F              20           1
        SFR11            00580-0059F              20           1
        SFR12            00600-0061F              20           1
        SFR13            00680-006EF              70           1
        SFR14            00700-0076F              70           1
        SFR15            00780-007EF              70           1
        SFR16            00800-0086F              70           1
        SFR17            00880-008EF              70           1
        SFR18            00900-0096F              70           1
        SFR19            00980-009EF              70           1
        SFR2             00100-0011F              20           1
        SFR20            00A00-00A6F              70           1
        SFR21            00A80-00AEF              70           1
        SFR22            00B00-00B6F              70           1
        SFR23            00B80-00BEF              70           1
        SFR24            00C00-00C6F              70           1
        SFR25            00C80-00CEF              70           1
        SFR26            00D00-00D6F              70           1
        SFR27            00D80-00DEF              70           1
        SFR28            00E00-00E6F              70           1
        SFR29            00E80-00EEF              70           1
        SFR3             00180-0019F              20           1
        SFR30            00F00-00F6F              70           1
        SFR31            00F80-00FEF              70           1
        SFR4             00200-0021F              20           1
        SFR5             00280-0029F              20           1
        SFR6             00300-0031F              20           1
        SFR7             00380-0039F              20           1
        SFR8             00400-0041F              20           1
        SFR9             00480-0049F              20           1
        STACK            02180-023EF             270           1
        STRCODE          00002-00002               1           2
                         01850-01ED2             683
        STRING           00002-00002               1           2
                         01850-01ED2             100

                                  Symbol Table

?_ADCC_GetSingleConversion                    cstackBANK0  00027
?___awdiv                                     cstackCOMMON 00070
?___lwdiv                                     cstackBANK0  00027
?___lwmod                                     cstackBANK0  0002F
?___wmul                                      cstackBANK0  00027
?_sprintf                                     cstackBANK0  00035
ADCC_GetSingleConversion@channel              cstackBANK0  0002A
DATAEE_ReadByte@bAdd                          cstackBANK0  0002D
DATAEE_WriteByte@GIEBitValue                  cstackBANK0  00030
DATAEE_WriteByte@bAdd                         cstackBANK0  0002D
DATAEE_WriteByte@bData                        cstackBANK0  0002F
EUSART_Read@readValue                         cstackBANK0  00028
EUSART_SetRxInterruptHandler@interruptHandler cstackBANK0  00027
EUSART_SetTxInterruptHandler@interruptHandler cstackBANK0  00027
EUSART_Write@txData                           cstackBANK0  00028
INT_SetInterruptHandler@InterruptHandler      cstackBANK0  00027
LCDchar@c                                     cstackBANK0  0002F
LCDcmd@c                                      cstackBANK0  0002F
LCDsend2x4@c                                  cstackBANK0  0002C
LCDsend2x4@hc                                 cstackBANK0  0002D
LCDsend2x4@lc                                 cstackBANK0  0002E
LCDsend2x4@mode                               cstackBANK0  00029
LCDsend@c                                     cstackBANK0  0002A
LCDstr@c                                      cstackBANK0  00035
LCDstr@p                                      cstackBANK0  00030
PWM6_LoadDutyValue@dutyValue                  cstackBANK0  00027
TMR1_SetInterruptHandler@InterruptHandler     cstackBANK0  00027
TMR1_WriteTimer@timerVal                      cstackCOMMON 00070
WriteI2C@data_out                             cstackBANK0  00028
_ADACCH                                       (abs)        00091
_ADACCL                                       (abs)        00090
_ADACQ                                        (abs)        0009D
_ADACT                                        (abs)        00099
_ADCAP                                        (abs)        0009B
_ADCC_GetSingleConversion                     text28       01FBC
_ADCC_Initialize                              text66       01FE9
_ADCLK                                        (abs)        00098
_ADCNT                                        (abs)        0010C
_ADCON0                                       (abs)        00093
_ADCON0bits                                   (abs)        00093
_ADCON1                                       (abs)        00094
_ADCON1bits                                   (abs)        00094
_ADCON2                                       (abs)        00095
_ADCON2bits                                   (abs)        00095
_ADCON3                                       (abs)        00096
_ADCON3bits                                   (abs)        00096
_ADERRH                                       (abs)        00117
_ADERRL                                       (abs)        00116
_ADFLTRH                                      (abs)        00115
_ADFLTRL                                      (abs)        00114
_ADLTHH                                       (abs)        0010F
_ADLTHL                                       (abs)        0010E
_ADPCH                                        (abs)        0009E
_ADPRE                                        (abs)        0009C
_ADPREVH                                      (abs)        0008F
_ADPREVL                                      (abs)        0008E
_ADREF                                        (abs)        0009A
_ADRESH                                       (abs)        0008D
_ADRESL                                       (abs)        0008C
_ADRPT                                        (abs)        0010D
_ADSTAT                                       (abs)        00097
_ADSTATbits                                   (abs)        00097
_ADSTPTH                                      (abs)        00113
_ADSTPTL                                      (abs)        00112
_ADUTHH                                       (abs)        00111
_ADUTHL                                       (abs)        00110
_ALAF                                         bssCOMMON    0007C
_ANSELA                                       (abs)        00F38
_ANSELB                                       (abs)        00F43
_ANSELC                                       (abs)        00F4E
_ANSELD                                       (abs)        00F59
_ANSELE                                       (abs)        00F64
_BAUD1CON                                     (abs)        0011F
_CCPTMRS1bits                                 (abs)        0021F
_Clock_ISR                                    text75       00A13
_DATAEE_ReadByte                              text47       01F9C
_DATAEE_WriteByte                             text27       011A4
_EUSART_Initialize                            text63       01286
_EUSART_Read                                  text5        01237
_EUSART_Receive_ISR                           text83       0113F
_EUSART_RxDefaultInterruptHandler             nvBANK2      0015D
_EUSART_SetRxInterruptHandler                 text65       01F1A
_EUSART_SetTxInterruptHandler                 text64       01F23
_EUSART_Transmit_ISR                          text82       011C8
_EUSART_TxDefaultInterruptHandler             nvBANK2      0015F
_EUSART_Write                                 text52       012B2
_EUSART_is_rx_ready                           text71       01ED3
_EXT_INT_Initialize                           text61       01F80
_INTCONbits                                   (abs)        0000B
_INTERRUPT_InterruptManager                   intentry     00004
_INTPPS                                       (abs)        00E90
_INT_CallBack                                 text79       01F66
_INT_DefaultInterruptHandler                  text80       00003
_INT_ISR                                      text78       01EEE
_INT_InterruptHandler                         nvBANK2      00159
_INT_SetInterruptHandler                      text62       01F2C
_LATA                                         (abs)        00016
_LATAbits                                     (abs)        00016
_LATB                                         (abs)        00017
_LATC                                         (abs)        00018
_LATD                                         (abs)        00019
_LATE                                         (abs)        0001A
_LCDchar                                      text22       01F47
_LCDcmd                                       text23       01F09
_LCDinit                                      text67       01712
_LCDsend                                      text69       014DE
_LCDsend2x4                                   text68       0093F
_LCDstr                                       text21       0104E
_NREG                                         dataCOMMON   0007D
_NVMADRH                                      (abs)        0081B
_NVMADRL                                      (abs)        0081A
_NVMCON1bits                                  (abs)        0081E
_NVMCON2                                      (abs)        0081F
_NVMDATH                                      (abs)        0081D
_NVMDATL                                      (abs)        0081C
_ODCONA                                       (abs)        00F3A
_ODCONB                                       (abs)        00F45
_ODCONC                                       (abs)        00F50
_ODCOND                                       (abs)        00F5B
_ODCONE                                       (abs)        00F66
_OSCCON1                                      (abs)        0088D
_OSCCON3                                      (abs)        0088F
_OSCEN                                        (abs)        00891
_OSCFRQ                                       (abs)        00893
_OSCILLATOR_Initialize                        text60       01F35
_OSCTUNE                                      (abs)        00892
_PIE0bits                                     (abs)        00716
_PIE3bits                                     (abs)        00719
_PIE4bits                                     (abs)        0071A
_PIN_MANAGER_Initialize                       text59       0149B
_PIR0bits                                     (abs)        0070C
_PIR3bits                                     (abs)        0070F
_PIR4bits                                     (abs)        00710
_PMD0                                         (abs)        00796
_PMD1                                         (abs)        00797
_PMD2                                         (abs)        00798
_PMD3                                         (abs)        00799
_PMD4                                         (abs)        0079A
_PMD5                                         (abs)        0079B
_PMD_Initialize                               text58       01F01
_PMON                                         dataBANK1    000D7
_PORTCbits                                    (abs)        0000E
_PR2                                          (abs)        0028D
_PWM6CON                                      (abs)        0038E
_PWM6DCH                                      (abs)        0038D
_PWM6DCL                                      (abs)        0038C
_PWM6EN                                       (abs)        01C77
_PWM6_Initialize                              text57       01F73
_PWM6_LoadDutyValue                           text20       01000
_PWM_Output_D4_Disable                        text19       01EDC
_PWM_Output_D4_Enable                         text32       01ED6
_PWM_on                                       bssBANK1     000B5
_RA6PPS                                       (abs)        00F16
_RC1REG                                       (abs)        00119
_RC1STA                                       (abs)        0011D
_RC1STAbits                                   (abs)        0011D
_RC3PPS                                       (abs)        00F23
_RC4PPS                                       (abs)        00F24
_RC6PPS                                       (abs)        00F26
_RXPPS                                        (abs)        00ECB
_ReadI2C                                      text26       010E0
_S1_ISR                                       text81       01F11
_S1button                                     text31       0158B
_SLRCONA                                      (abs)        00F3B
_SLRCONB                                      (abs)        00F46
_SLRCONC                                      (abs)        00F51
_SLRCOND                                      (abs)        00F5C
_SLRCONE                                      (abs)        00F67
_SP1BRGH                                      (abs)        0011C
_SP1BRGL                                      (abs)        0011B
_SSP1ADD                                      (abs)        0018D
_SSP1BUF                                      (abs)        0018C
_SSP1CLKPPS                                   (abs)        00EC5
_SSP1CON1                                     (abs)        00190
_SSP1CON1bits                                 (abs)        00190
_SSP1CON2                                     (abs)        00191
_SSP1CON2bits                                 (abs)        00191
_SSP1DATPPS                                   (abs)        00EC6
_SSP1MSK                                      (abs)        0018E
_SSP1STAT                                     (abs)        0018F
_SSP1STATbits                                 (abs)        0018F
_SYSTEM_Initialize                            text53       01069
_T1CLK                                        (abs)        00211
_T1CON                                        (abs)        0020E
_T1CONbits                                    (abs)        0020E
_T1GATE                                       (abs)        00210
_T1GCON                                       (abs)        0020F
_T1GCONbits                                   (abs)        0020F
_T2CLKCON                                     (abs)        00290
_T2CON                                        (abs)        0028E
_T2CONbits                                    (abs)        0028E
_T2HLT                                        (abs)        0028F
_T2HLTbits                                    (abs)        0028F
_T2PR                                         (abs)        0028D
_T2RST                                        (abs)        00291
_T2RSTbits                                    (abs)        00291
_T2TMR                                        (abs)        0028C
_TALA                                         dataBANK1    000D6
_TMR1H                                        (abs)        0020D
_TMR1L                                        (abs)        0020C
_TMR1_DefaultInterruptHandler                 text76       007FF
_TMR1_ISR                                     text73       01FD2
_TMR1_Initialize                              text55       010C1
_TMR1_InterruptHandler                        nvBANK2      0015B
_TMR1_SetInterruptHandler                     text56       01F3E
_TMR1_WriteTimer                              text74       01FAB
_TMR2                                         (abs)        0028C
_TMR2_Initialize                              text54       01F8E
_TMR2_Start                                   text30       01ED9
_TMR2_StartTimer                              text29       01EE2
_TMR2_Stop                                    text18       01EDF
_TMR2_StopTimer                               text17       01EE6
_TRISA                                        (abs)        00011
_TRISB                                        (abs)        00012
_TRISC                                        (abs)        00013
_TRISCbits                                    (abs)        00013
_TRISD                                        (abs)        00014
_TRISE                                        (abs)        00015
_TX1REG                                       (abs)        0011A
_TX1STA                                       (abs)        0011E
_TX1STAbits                                   (abs)        0011E
_WPUA                                         (abs)        00F39
_WPUB                                         (abs)        00F44
_WPUC                                         (abs)        00F4F
_WPUC3                                        (abs)        07A7B
_WPUC4                                        (abs)        07A7C
_WPUD                                         (abs)        00F5A
_WPUE                                         (abs)        00F65
_WriteI2C                                     text70       01531
__Habs1                                       abs1         00000
__Hbank0                                      bank0        00000
__Hbank1                                      bank1        00000
__Hbank10                                     bank10       00000
__Hbank11                                     bank11       00000
__Hbank12                                     bank12       00000
__Hbank13                                     bank13       00000
__Hbank14                                     bank14       00000
__Hbank15                                     bank15       00000
__Hbank16                                     bank16       00000
__Hbank17                                     bank17       00000
__Hbank18                                     bank18       00000
__Hbank19                                     bank19       00000
__Hbank2                                      bank2        00000
__Hbank20                                     bank20       00000
__Hbank21                                     bank21       00000
__Hbank22                                     bank22       00000
__Hbank23                                     bank23       00000
__Hbank24                                     bank24       00000
__Hbank25                                     bank25       00000
__Hbank26                                     bank26       00000
__Hbank27                                     bank27       00000
__Hbank28                                     bank28       00000
__Hbank29                                     bank29       00000
__Hbank3                                      bank3        00000
__Hbank30                                     bank30       00000
__Hbank31                                     bank31       00000
__Hbank4                                      bank4        00000
__Hbank5                                      bank5        00000
__Hbank6                                      bank6        00000
__Hbank7                                      bank7        00000
__Hbank8                                      bank8        00000
__Hbank9                                      bank9        00000
__Hbigram                                     bigram       00000
__HbssBANK0                                   bssBANK0     00000
__HbssBANK1                                   bssBANK1     00000
__HbssBANK2                                   bssBANK2     00000
__HbssBANK3                                   bssBANK3     00000
__HbssBANK4                                   bssBANK4     00000
__HbssCOMMON                                  bssCOMMON    00000
__Hcinit                                      cinit        00094
__Hclrtext                                    clrtext      00000
__Hcode                                       code         00000
__Hcommon                                     common       00000
__Hconfig                                     config       0800C
__HcstackBANK0                                cstackBANK0  00000
__HcstackBANK1                                cstackBANK1  00000
__HcstackBANK2                                cstackBANK2  00000
__HcstackCOMMON                               cstackCOMMON 00000
__HdataBANK1                                  dataBANK1    00000
__HdataCOMMON                                 dataCOMMON   00000
__Heeprom_data                                eeprom_data  00000
__Hend_init                                   end_init     00054
__Hfunctab                                    functab      00000
__HidataBANK1                                 idataBANK1   00000
__HidataCOMMON                                idataCOMMON  00000
__Hinit                                       init         00052
__Hinittext                                   inittext     00000
__Hintentry                                   intentry     00052
__Hmaintext                                   maintext     00000
__HnvBANK1                                    nvBANK1      00000
__HnvBANK2                                    nvBANK2      00000
__Hpowerup                                    powerup      00000
__Hram                                        ram          00000
__Hreset_vec                                  reset_vec    00002
__Hsfr0                                       sfr0         00000
__Hsfr1                                       sfr1         00000
__Hsfr10                                      sfr10        00000
__Hsfr11                                      sfr11        00000
__Hsfr12                                      sfr12        00000
__Hsfr13                                      sfr13        00000
__Hsfr14                                      sfr14        00000
__Hsfr15                                      sfr15        00000
__Hsfr16                                      sfr16        00000
__Hsfr17                                      sfr17        00000
__Hsfr18                                      sfr18        00000
__Hsfr19                                      sfr19        00000
__Hsfr2                                       sfr2         00000
__Hsfr20                                      sfr20        00000
__Hsfr21                                      sfr21        00000
__Hsfr22                                      sfr22        00000
__Hsfr23                                      sfr23        00000
__Hsfr24                                      sfr24        00000
__Hsfr25                                      sfr25        00000
__Hsfr26                                      sfr26        00000
__Hsfr27                                      sfr27        00000
__Hsfr28                                      sfr28        00000
__Hsfr29                                      sfr29        00000
__Hsfr3                                       sfr3         00000
__Hsfr30                                      sfr30        00000
__Hsfr31                                      sfr31        00000
__Hsfr4                                       sfr4         00000
__Hsfr5                                       sfr5         00000
__Hsfr6                                       sfr6         00000
__Hsfr7                                       sfr7         00000
__Hsfr8                                       sfr8         00000
__Hsfr9                                       sfr9         00000
__Hspace_0                                    (abs)        02000
__Hspace_1                                    (abs)        00260
__Hspace_2                                    (abs)        00000
__Hspace_3                                    (abs)        00000
__Hspace_4                                    (abs)        10013
__Hstack                                      stack        00000
__Hstrings                                    strings      00000
__Hstringtext1                                stringtext1  00000
__Hstringtext2                                stringtext2  00000
__Hstringtext3                                stringtext3  00000
__Hstringtext4                                stringtext4  00000
__Hstringtext5                                stringtext5  00000
__Hstringtext6                                stringtext6  00000
__Hstringtext7                                stringtext7  00000
__Htext                                       text         00000
__Labs1                                       abs1         00000
__Lbank0                                      bank0        00000
__Lbank1                                      bank1        00000
__Lbank10                                     bank10       00000
__Lbank11                                     bank11       00000
__Lbank12                                     bank12       00000
__Lbank13                                     bank13       00000
__Lbank14                                     bank14       00000
__Lbank15                                     bank15       00000
__Lbank16                                     bank16       00000
__Lbank17                                     bank17       00000
__Lbank18                                     bank18       00000
__Lbank19                                     bank19       00000
__Lbank2                                      bank2        00000
__Lbank20                                     bank20       00000
__Lbank21                                     bank21       00000
__Lbank22                                     bank22       00000
__Lbank23                                     bank23       00000
__Lbank24                                     bank24       00000
__Lbank25                                     bank25       00000
__Lbank26                                     bank26       00000
__Lbank27                                     bank27       00000
__Lbank28                                     bank28       00000
__Lbank29                                     bank29       00000
__Lbank3                                      bank3        00000
__Lbank30                                     bank30       00000
__Lbank31                                     bank31       00000
__Lbank4                                      bank4        00000
__Lbank5                                      bank5        00000
__Lbank6                                      bank6        00000
__Lbank7                                      bank7        00000
__Lbank8                                      bank8        00000
__Lbank9                                      bank9        00000
__Lbigram                                     bigram       00000
__LbssBANK0                                   bssBANK0     00000
__LbssBANK1                                   bssBANK1     00000
__LbssBANK2                                   bssBANK2     00000
__LbssBANK3                                   bssBANK3     00000
__LbssBANK4                                   bssBANK4     00000
__LbssCOMMON                                  bssCOMMON    00000
__Lcinit                                      cinit        00054
__Lclrtext                                    clrtext      00000
__Lcode                                       code         00000
__Lcommon                                     common       00000
__Lconfig                                     config       00000
__LcstackBANK0                                cstackBANK0  00000
__LcstackBANK1                                cstackBANK1  00000
__LcstackBANK2                                cstackBANK2  00000
__LcstackCOMMON                               cstackCOMMON 00000
__LdataBANK1                                  dataBANK1    00000
__LdataCOMMON                                 dataCOMMON   00000
__Leeprom_data                                eeprom_data  00000
__Lend_init                                   end_init     00052
__Lfunctab                                    functab      00000
__LidataBANK1                                 idataBANK1   00000
__LidataCOMMON                                idataCOMMON  00000
__Linit                                       init         00052
__Linittext                                   inittext     00000
__Lintentry                                   intentry     00004
__Lmaintext                                   maintext     00000
__LnvBANK1                                    nvBANK1      00000
__LnvBANK2                                    nvBANK2      00000
__Lpowerup                                    powerup      00000
__Lram                                        ram          00000
__Lreset_vec                                  reset_vec    00000
__Lsfr0                                       sfr0         00000
__Lsfr1                                       sfr1         00000
__Lsfr10                                      sfr10        00000
__Lsfr11                                      sfr11        00000
__Lsfr12                                      sfr12        00000
__Lsfr13                                      sfr13        00000
__Lsfr14                                      sfr14        00000
__Lsfr15                                      sfr15        00000
__Lsfr16                                      sfr16        00000
__Lsfr17                                      sfr17        00000
__Lsfr18                                      sfr18        00000
__Lsfr19                                      sfr19        00000
__Lsfr2                                       sfr2         00000
__Lsfr20                                      sfr20        00000
__Lsfr21                                      sfr21        00000
__Lsfr22                                      sfr22        00000
__Lsfr23                                      sfr23        00000
__Lsfr24                                      sfr24        00000
__Lsfr25                                      sfr25        00000
__Lsfr26                                      sfr26        00000
__Lsfr27                                      sfr27        00000
__Lsfr28                                      sfr28        00000
__Lsfr29                                      sfr29        00000
__Lsfr3                                       sfr3         00000
__Lsfr30                                      sfr30        00000
__Lsfr31                                      sfr31        00000
__Lsfr4                                       sfr4         00000
__Lsfr5                                       sfr5         00000
__Lsfr6                                       sfr6         00000
__Lsfr7                                       sfr7         00000
__Lsfr8                                       sfr8         00000
__Lsfr9                                       sfr9         00000
__Lspace_0                                    (abs)        00000
__Lspace_1                                    (abs)        00000
__Lspace_2                                    (abs)        00000
__Lspace_3                                    (abs)        00000
__Lspace_4                                    (abs)        00000
__Lstack                                      stack        00000
__Lstrings                                    strings      00000
__Lstringtext1                                stringtext1  00000
__Lstringtext2                                stringtext2  00000
__Lstringtext3                                stringtext3  00000
__Lstringtext4                                stringtext4  00000
__Lstringtext5                                stringtext5  00000
__Lstringtext6                                stringtext6  00000
__Lstringtext7                                stringtext7  00000
__Ltext                                       text         00000
__S0                                          (abs)        02000
__S1                                          (abs)        00260
__S2                                          (abs)        00000
__S3                                          (abs)        00000
___awdiv                                      text77       015E7
___awdiv@counter                              cstackCOMMON 00075
___awdiv@dividend                             cstackCOMMON 00072
___awdiv@divisor                              cstackCOMMON 00070
___awdiv@quotient                             cstackCOMMON 00077
___awdiv@sign                                 cstackCOMMON 00076
___int_sp                                     stack        00000
___latbits                                    (abs)        00002
___lwdiv                                      text15       0141C
___lwdiv@counter                              cstackBANK0  0002C
___lwdiv@dividend                             cstackBANK0  00029
___lwdiv@divisor                              cstackBANK0  00027
___lwdiv@quotient                             cstackBANK0  0002D
___lwmod                                      text14       01343
___lwmod@counter                              cstackBANK0  00034
___lwmod@dividend                             cstackBANK0  00031
___lwmod@divisor                              cstackBANK0  0002F
___sp                                         stack        00000
___stackhi                                    (abs)        023EF
___stacklo                                    (abs)        02180
___wmul                                       text46       010FF
___wmul@multiplicand                          cstackBANK0  00029
___wmul@multiplier                            cstackBANK0  00027
___wmul@product                               cstackBANK0  0002B
__end_of_ADCC_GetSingleConversion             text28       01FD2
__end_of_ADCC_Initialize                      text66       02000
__end_of_Clock_ISR                            text75       00B04
__end_of_DATAEE_ReadByte                      text47       01FAB
__end_of_DATAEE_WriteByte                     text27       011C8
__end_of_EUSART_Initialize                    text63       012B2
__end_of_EUSART_Read                          text5        0125D
__end_of_EUSART_Receive_ISR                   text83       01160
__end_of_EUSART_SetRxInterruptHandler         text65       01F23
__end_of_EUSART_SetTxInterruptHandler         text64       01F2C
__end_of_EUSART_Transmit_ISR                  text82       011ED
__end_of_EUSART_Write                         text52       012E0
__end_of_EUSART_is_rx_ready                   text71       01ED6
__end_of_EXT_INT_Initialize                   text61       01F8E
__end_of_INTERRUPT_InterruptManager           intentry     00052
__end_of_INT_CallBack                         text79       01F73
__end_of_INT_DefaultInterruptHandler          text80       00004
__end_of_INT_ISR                              text78       01EF4
__end_of_INT_SetInterruptHandler              text62       01F35
__end_of_LCDchar                              text22       01F50
__end_of_LCDcmd                               text23       01F11
__end_of_LCDinit                              text67       01788
__end_of_LCDsend                              text69       01531
__end_of_LCDsend2x4                           text68       00A13
__end_of_LCDstr                               text21       01069
__end_of_OSCILLATOR_Initialize                text60       01F3E
__end_of_PIN_MANAGER_Initialize               text59       014DE
__end_of_PMD_Initialize                       text58       01F09
__end_of_PWM6_Initialize                      text57       01F80
__end_of_PWM6_LoadDutyValue                   text20       01019
__end_of_PWM_Output_D4_Disable                text19       01EDF
__end_of_PWM_Output_D4_Enable                 text32       01ED9
__end_of_ReadI2C                              text26       010FF
__end_of_S1_ISR                               text81       01F1A
__end_of_S1button                             text31       015E7
__end_of_SYSTEM_Initialize                    text53       01085
__end_of_TMR1_DefaultInterruptHandler         text76       00800
__end_of_TMR1_ISR                             text73       01FE9
__end_of_TMR1_Initialize                      text55       010E0
__end_of_TMR1_SetInterruptHandler             text56       01F47
__end_of_TMR1_WriteTimer                      text74       01FBC
__end_of_TMR2_Initialize                      text54       01F9C
__end_of_TMR2_Start                           text30       01EDC
__end_of_TMR2_StartTimer                      text29       01EE6
__end_of_TMR2_Stop                            text18       01EE2
__end_of_TMR2_StopTimer                       text17       01EEA
__end_of_WriteI2C                             text70       0158B
__end_of___awdiv                              text77       01646
__end_of___lwdiv                              text15       01459
__end_of___lwmod                              text14       01378
__end_of___wmul                               text46       0111F
__end_of__initialization                      cinit        00090
__end_of_checkFlags                           text9        007EB
__end_of_cmd_aa                               text35       0141C
__end_of_cmd_dac                              text37       00883
__end_of_cmd_dtl                              text36       016A5
__end_of_cmd_ir                               text34       01286
__end_of_cmd_mmp                              text40       01033
__end_of_cmd_mta                              text39       010C1
__end_of_cmd_ra                               text38       0149B
__end_of_cmd_rc                               text44       01212
__end_of_cmd_rp                               text41       01237
__end_of_cmd_rtl                              text42       01181
__end_of_cmd_sc                               text43       01800
__end_of_cmd_trc                              text33       00C05
__end_of_cmd_tri                              text45       00D2F
__end_of_commands                             stringtext1  01827
__end_of_differenceBetweenTimePeriod          text16       01343
__end_of_dpowers                              stringtext2  01840
__end_of_editClock                            text8        01712
__end_of_editLum                              text7        013AD
__end_of_editTemp                             text6        013E2
__end_of_getch                                text4        01EEE
__end_of_i2c1_driver_open                     text3        01F66
__end_of_isdigit                              text13       007FE
__end_of_main                                 maintext     0037A
__end_of_memset                               text2        0113F
__end_of_monitoring_TEMP_LUM                  text24       01000
__end_of_putch                                text51       01F01
__end_of_sendERRORMessage                     text49       010A3
__end_of_sendMessage                          text50       011A4
__end_of_sendOKMessage                        text48       0104E
__end_of_sprintf                              text12       0074A
__end_of_toggleAlarms                         text1        0130E
__end_of_tsttc                                text25       00E7F
__end_of_update_menuLCD                       text11       005AC
__end_of_wirteEEPROMinit                      text10       0093F
__initialization                              cinit        00054
__pbssBANK0                                   bssBANK0     0005A
__pbssBANK1                                   bssBANK1     000A0
__pbssBANK2                                   bssBANK2     00140
__pbssBANK3                                   bssBANK3     001A0
__pbssBANK4                                   bssBANK4     00220
__pbssCOMMON                                  bssCOMMON    00079
__pcstackBANK0                                cstackBANK0  00020
__pcstackBANK1                                cstackBANK1  000BC
__pcstackBANK2                                cstackBANK2  00120
__pcstackCOMMON                               cstackCOMMON 00070
__pdataBANK1                                  dataBANK1    000CE
__pdataCOMMON                                 dataCOMMON   0007D
__pidataBANK1                                 idataBANK1   01F50
__pidataCOMMON                                idataCOMMON  007FE
__pintentry                                   intentry     00004
__pmaintext                                   maintext     00094
__pnvBANK1                                    nvBANK1      000D8
__pnvBANK2                                    nvBANK2      00159
__pstringtext1                                stringtext1  01800
__pstringtext2                                stringtext2  01836
__pstringtext3                                stringtext3  01827
__pstringtext4                                stringtext4  01840
__pstringtext5                                stringtext5  01847
__pstringtext6                                stringtext6  0184C
__pstringtext7                                stringtext7  00000
__ptext1                                      text1        012E0
__ptext10                                     text10       00883
__ptext11                                     text11       0037A
__ptext12                                     text12       005AC
__ptext13                                     text13       007EB
__ptext14                                     text14       01343
__ptext15                                     text15       0141C
__ptext16                                     text16       0130E
__ptext17                                     text17       01EE6
__ptext18                                     text18       01EDF
__ptext19                                     text19       01EDC
__ptext2                                      text2        0111F
__ptext20                                     text20       01000
__ptext21                                     text21       0104E
__ptext22                                     text22       01F47
__ptext23                                     text23       01F09
__ptext24                                     text24       00E7F
__ptext25                                     text25       00D2F
__ptext26                                     text26       010E0
__ptext27                                     text27       011A4
__ptext28                                     text28       01FBC
__ptext29                                     text29       01EE2
__ptext3                                      text3        01F5A
__ptext30                                     text30       01ED9
__ptext31                                     text31       0158B
__ptext32                                     text32       01ED6
__ptext33                                     text33       00B04
__ptext34                                     text34       0125D
__ptext35                                     text35       013E2
__ptext36                                     text36       01646
__ptext37                                     text37       00806
__ptext38                                     text38       01459
__ptext39                                     text39       010A3
__ptext4                                      text4        01EEA
__ptext40                                     text40       01019
__ptext41                                     text41       01212
__ptext42                                     text42       01160
__ptext43                                     text43       01788
__ptext44                                     text44       011ED
__ptext45                                     text45       00C05
[...]
      Locals:         0       0       0       0       0       0       0       0       0       0       0       0       0       0
      Temps:          0       0       0       0       0       0       0       0       0       0       0       0       0       0
      Totals:         0       0       0       0       0       0       0       0       0       0       0       0       0       0
Total ram usage:        0 bytes
 Hardware stack levels used:    1
 Hardware stack levels required when called:    2
 This function calls:
		Absolute function
		_Clock_ISR
		_TMR1_DefaultInterruptHandler
		_TMR1_WriteTimer
 This function is called by:
		_INTERRUPT_InterruptManager
 This function uses a non-reentrant model


 *************** function _TMR1_WriteTimer *****************
 Defined at:
		line 127 in file "mcc_generated_files/tmr1.c"
 Parameters:    Size  Location     Type
  timerVal        2    0[COMMON] unsigned int 
 Auto vars:     Size  Location     Type
		None
 Return value:  Size  Location     Type
                  1    wreg      void 
 Registers used:
		wreg, status,2
 Tracked objects:
		On entry : 
		On exit  : 
		Unchanged: 
 Data sizes:     COMMON   BANK0   BANK1   BANK2   BANK3   BANK4   BANK5   BANK6   BANK7   BANK8   BANK9  BANK10  BANK11  BANK12
      Params:         2       0       0       0       0       0       0       0       0       0       0       0       0       0
      Locals:         0       0       0       0       0       0       0       0       0       0       0       0       0       0
      Temps:          0       0       0       0       0       0       0       0       0       0       0       0       0       0
      Totals:         2       0       0       0       0       0       0       0       0       0       0       0       0       0
Total ram usage:        2 bytes
 Hardware stack levels used:    1
 This function calls:
		Nothing
 This function is called by:
		_TMR1_ISR
		_TMR1_Reload
 This function uses a non-reentrant model


 *************** function _Clock_ISR *****************
 Defined at:
		line 363 in file "main.c"
 Parameters:    Size  Location     Type
		None
 Auto vars:     Size  Location     Type
		None
 Return value:  Size  Location     Type
                  1    wreg      void 
 Registers used:
		wreg, status,2, status,0, pclath, cstack
 Tracked objects:
		On entry : 
		On exit  : 
		Unchanged: 
 Data sizes:     COMMON   BANK0   BANK1   BANK2   BANK3   BANK4   BANK5   BANK6   BANK7   BANK8   BANK9  BANK10  BANK11  BANK12
      Params:         0       0       0       0       0       0       0       0       0       0       0       0       0       0
      Locals:         0       0       0       0       0       0       0       0       0       0       0       0       0       0
      Temps:          0       7       0       0       0       0       0       0       0       0       0       0       0       0
      Totals:         0       7       0       0       0       0       0       0       0       0       0       0       0       0
Total ram usage:        7 bytes
 Hardware stack levels used:    1
 Hardware stack levels required when called:    1
 This function calls:
		___awdiv
 This function is called by:
		_main
		_TMR1_ISR
 This function uses a non-reentrant model


 *************** function _TMR1_DefaultInterruptHandler *****************
 Defined at:
		line 182 in file "mcc_generated_files/tmr1.c"
 Parameters:    Size  Location     Type
		None
 Auto vars:     Size  Location     Type
		None
 Return value:  Size  Location     Type
                  1    wreg      void 
 Registers used:
		None
 Tracked objects:
		On entry : 
		On exit  : 
		Unchanged: 
 Data sizes:     COMMON   BANK0   BANK1   BANK2   BANK3   BANK4   BANK5   BANK6   BANK7   BANK8   BANK9  BANK10  BANK11  BANK12
      Params:         0       0       0       0       0       0       0       0       0       0       0       0       0       0
      Locals:         0       0       0       0       0       0       0       0       0       0       0       0       0       0
      Temps:          0       0       0       0       0       0       0       0       0       0       0       0       0       0
      Totals:         0       0       0       0       0       0       0       0       0       0       0       0       0       0
Total ram usage:        0 bytes
 Hardware stack levels used:    1
 This function calls:
		Nothing
 This function is called by:
		_TMR1_Initialize
		_TMR1_ISR
 This function uses a non-reentrant model


 *************** function ___awdiv *****************
 Defined at:
		line 5 in file "E:\Microchip\xc8\v2.30\pic\sources\c90\common\awdiv.c"
 Parameters:    Size  Location     Type
  divisor         2    0[COMMON] int 
  dividend        2    2[COMMON] int 
 Auto vars:     Size  Location     Type
  quotient        2    7[COMMON] int 
  sign            1    6[COMMON] unsigned char 
  counter         1    5[COMMON] unsigned char 
 Return value:  Size  Location     Type
                  2    0[COMMON] int 
 Registers used:
		wreg, status,2, status,0
 Tracked objects:
		On entry : 
		On exit  : 
		Unchanged: 
 Data sizes:     COMMON   BANK0   BANK1   BANK2   BANK3   BANK4   BANK5   BANK6   BANK7   BANK8   BANK9  BANK10  BANK11  BANK12
      Params:         4       0       0       0       0       0       0       0       0       0       0       0       0       0
      Locals:         4       0       0       0       0       0       0       0       0       0       0       0       0       0
      Temps:          1       0       0       0       0       0       0       0       0       0       0       0       0       0
      Totals:         9       0       0       0       0       0       0       0       0       0       0       0       0       0
Total ram usage:        9 bytes
 Hardware stack levels used:    1
 This function calls:
		Nothing
 This function is called by:
		_Clock_ISR
		_map
 This function uses a non-reentrant model


 *************** function _INT_ISR *****************
 Defined at:
		line 32 in file "mcc_generated_files/ext_int.c"
 Parameters:    Size  Location     Type
		None
 Auto vars:     Size  Location     Type
		None
 Return value:  Size  Location     Type
                  1    wreg      void 
 Registers used:
		wreg, status,2, status,0, pclath, cstack
 Tracked objects:
		On entry : 
		On exit  : 
		Unchanged: 
 Data sizes:     COMMON   BANK0   BANK1   BANK2   BANK3   BANK4   BANK5   BANK6   BANK7   BANK8   BANK9  BANK10  BANK11  BANK12
      Params:         0       0       0       0       0       0       0       0       0       0       0       0       0       0
      Locals:         0       0       0       0       0       0       0       0       0       0       0       0       0       0
      Temps:          0       0       0       0       0       0       0       0       0       0       0       0       0       0
      Totals:         0       0       0       0       0       0       0       0       0       0       0       0       0       0
Total ram usage:        0 bytes
 Hardware stack levels used:    1
 Hardware stack levels required when called:    2
 This function calls:
		_INT_CallBack
 This function is called by:
		_INTERRUPT_InterruptManager
 This function uses a non-reentrant model


 *************** function _INT_CallBack *****************
 Defined at:
		line 41 in file "mcc_generated_files/ext_int.c"
 Parameters:    Size  Location     Type
		None
 Auto vars:     Size  Location     Type
		None
 Return value:  Size  Location     Type
                  1    wreg      void 
 Registers used:
		wreg, status,2, status,0, pclath, cstack
 Tracked objects:
		On entry : 
		On exit  : 
		Unchanged: 
 Data sizes:     COMMON   BANK0   BANK1   BANK2   BANK3   BANK4   BANK5   BANK6   BANK7   BANK8   BANK9  BANK10  BANK11  BANK12
      Params:         0       0       0       0       0       0       0       0       0       0       0       0       0       0
      Locals:         0       0       0       0       0       0       0       0       0       0       0       0       0       0
      Temps:          0       0       0       0       0       0       0       0       0       0       0       0       0       0
      Totals:         0       0       0       0       0       0       0       0       0       0       0       0       0       0
Total ram usage:        0 bytes
 Hardware stack levels used:    1
 Hardware stack levels required when called:    1
 This function calls:
		Absolute function
		_INT_DefaultInterruptHandler
		_S1_ISR
 This function is called by:
		_INT_ISR
 This function uses a non-reentrant model


 *************** function _INT_DefaultInterruptHandler *****************
 Defined at:
		line 54 in file "mcc_generated_files/ext_int.c"
 Parameters:    Size  Location     Type
		None
 Auto vars:     Size  Location     Type
		None
 Return value:  Size  Location     Type
                  1    wreg      void 
 Registers used:
		None
 Tracked objects:
		On entry : 
		On exit  : 
		Unchanged: 
 Data sizes:     COMMON   BANK0   BANK1   BANK2   BANK3   BANK4   BANK5   BANK6   BANK7   BANK8   BANK9  BANK10  BANK11  BANK12
      Params:         0       0       0       0       0       0       0       0       0       0       0       0       0       0
      Locals:         0       0       0       0       0       0       0       0       0       0       0       0       0       0
      Temps:          0       0       0       0       0       0       0       0       0       0       0       0       0       0
      Totals:         0       0       0       0       0       0       0       0       0       0       0       0       0       0
Total ram usage:        0 bytes
 Hardware stack levels used:    1
 This function calls:
		Nothing
 This function is called by:
		_EXT_INT_Initialize
		_INT_CallBack
 This function uses a non-reentrant model


 *************** function _S1_ISR *****************
 Defined at:
		line 824 in file "main.c"
 Parameters:    Size  Location     Type
		None
 Auto vars:     Size  Location     Type
		None
 Return value:  Size  Location     Type
                  1    wreg      void 
 Registers used:
		None
 Tracked objects:
		On entry : 
		On exit  : 
		Unchanged: 
 Data sizes:     COMMON   BANK0   BANK1   BANK2   BANK3   BANK4   BANK5   BANK6   BANK7   BANK8   BANK9  BANK10  BANK11  BANK12
      Params:         0       0       0       0       0       0       0       0       0       0       0       0       0       0
      Locals:         0       0       0       0       0       0       0       0       0       0       0       0       0       0
      Temps:          0       0       0       0       0       0       0       0       0       0       0       0       0       0
      Totals:         0       0       0       0       0       0       0       0       0       0       0       0       0       0
Total ram usage:        0 bytes
 Hardware stack levels used:    1
 This function calls:
		Nothing
 This function is called by:
		_main
		_INT_CallBack
 This function uses a non-reentrant model


 *************** function _EUSART_Transmit_ISR *****************
 Defined at:
		line 181 in file "mcc_generated_files/eusart.c"
 Parameters:    Size  Location     Type
		None
 Auto vars:     Size  Location     Type
		None
 Return value:  Size  Location     Type
                  1    wreg      void 
 Registers used:
		wreg, fsr1l, fsr1h, status,2, status,0
 Tracked objects:
		On entry : 
		On exit  : 
		Unchanged: 
 Data sizes:     COMMON   BANK0   BANK1   BANK2   BANK3   BANK4   BANK5   BANK6   BANK7   BANK8   BANK9  BANK10  BANK11  BANK12
      Params:         0       0       0       0       0       0       0       0       0       0       0       0       0       0
      Locals:         0       0       0       0       0       0       0       0       0       0       0       0       0       0
      Temps:          1       0       0       0       0       0       0       0       0       0       0       0       0       0
      Totals:         1       0       0       0       0       0       0       0       0       0       0       0       0       0
Total ram usage:        1 bytes
 Hardware stack levels used:    1
 This function calls:
		Nothing
 This function is called by:
		_EUSART_Initialize
		_INTERRUPT_InterruptManager
 This function uses a non-reentrant model


 *************** function _EUSART_Receive_ISR *****************
 Defined at:
		line 200 in file "mcc_generated_files/eusart.c"
 Parameters:    Size  Location     Type
		None
 Auto vars:     Size  Location     Type
		None
 Return value:  Size  Location     Type
                  1    wreg      void 
 Registers used:
		wreg, fsr1l, fsr1h, status,2, status,0
 Tracked objects:
		On entry : 
		On exit  : 
		Unchanged: 
 Data sizes:     COMMON   BANK0   BANK1   BANK2   BANK3   BANK4   BANK5   BANK6   BANK7   BANK8   BANK9  BANK10  BANK11  BANK12
      Params:         0       0       0       0       0       0       0       0       0       0       0       0       0       0
      Locals:         0       0       0       0       0       0       0       0       0       0       0       0       0       0
      Temps:          1       0       0       0       0       0       0       0       0       0       0       0       0       0
      Totals:         1       0       0       0       0       0       0       0       0       0       0       0       0       0
Total ram usage:        1 bytes
 Hardware stack levels used:    1
 This function calls:
		Nothing
 This function is called by:
		_EUSART_Initialize
		_INTERRUPT_InterruptManager
 This function uses a non-reentrant model



MODULE INFORMATION

Module		Function		Class		Link	Load	Size
mcc_generated_files/pwm6.c
		_PWM6_LoadDutyValue		CODE           	1000	0000	25
		_PWM6_Initialize		CODE           	1F73	0000	13

mcc_generated_files/pwm6.c estimated size: 38

mcc_generated_files/tmr2.c
		_TMR2_Initialize		CODE           	1F8E	0000	14
		_TMR2_Stop     		CODE           	1EDF	0000	3
		_TMR2_Start    		CODE           	1ED9	0000	3
		_TMR2_StopTimer		CODE           	1EE6	0000	4
		_TMR2_StartTimer		CODE           	1EE2	0000	4

mcc_generated_files/tmr2.c estimated size: 28

mcc_generated_files/interrupt_manager.c
		_INTERRUPT_InterruptManager		CODE           	0004	0000	78

mcc_generated_files/interrupt_manager.c estimated size: 78

E:\Microchip\xc8\v2.30\pic\sources\c90\common\memset.c
		_memset        		CODE           	111F	0000	32

E:\Microchip\xc8\v2.30\pic\sources\c90\common\memset.c estimated size: 32

mcc_generated_files/pin_manager.c
		_PIN_MANAGER_Initialize		CODE           	149B	0000	67

mcc_generated_files/pin_manager.c estimated size: 67

I2C/i2c.c
		_ReadI2C       		CODE           	10E0	0000	31
		_WriteI2C      		CODE           	1531	0000	90

I2C/i2c.c estimated size: 121

E:\Microchip\xc8\v2.30\pic\sources\c90\common\lwmod.c
		___lwmod       		CODE           	1343	0000	53

E:\Microchip\xc8\v2.30\pic\sources\c90\common\lwmod.c estimated size: 53

E:\Microchip\xc8\v2.30\pic\sources\c90\common\doprnt.c
		_sprintf       		CODE           	05AC	0000	414

E:\Microchip\xc8\v2.30\pic\sources\c90\common\doprnt.c estimated size: 414

mcc_generated_files/ext_int.c
		_INT_DefaultInterruptHandler		CODE           	0003	0000	1
		_EXT_INT_Initialize		CODE           	1F80	0000	14
		_INT_SetInterruptHandler		CODE           	1F2C	0000	9
		_INT_CallBack  		CODE           	1F66	0000	13
		_INT_ISR       		CODE           	1EEE	0000	6

mcc_generated_files/ext_int.c estimated size: 43

shared
		_dpowers       		STRCODE        	1836	0000	10
		__initialization		CODE           	0054	0000	60
		_commands      		STRCODE        	1800	0000	39

shared estimated size: 109

mcc_generated_files/mcc.c
		_PMD_Initialize		CODE           	1F01	0000	8
		_OSCILLATOR_Initialize		CODE           	1F35	0000	9
		_SYSTEM_Initialize		CODE           	1069	0000	28

mcc_generated_files/mcc.c estimated size: 45

mcc_generated_files/tmr1.c
		_TMR1_Initialize		CODE           	10C1	0000	31
		_TMR1_SetInterruptHandler		CODE           	1F3E	0000	9
		_TMR1_DefaultInterruptHandler		CODE           	07FF	0000	1
		_TMR1_WriteTimer		CODE           	1FAB	0000	17
		_TMR1_ISR      		CODE           	1FD2	0000	23

mcc_generated_files/tmr1.c estimated size: 81

E:\Microchip\xc8\v2.30\pic\sources\c90\common\lwdiv.c
		___lwdiv       		CODE           	141C	0000	61

E:\Microchip\xc8\v2.30\pic\sources\c90\common\lwdiv.c estimated size: 61

E:\Microchip\xc8\v2.30\pic\sources\c90\common\Umul16.c
		___wmul        		CODE           	10FF	0000	32

E:\Microchip\xc8\v2.30\pic\sources\c90\common\Umul16.c estimated size: 32

E:\Microchip\xc8\v2.30\pic\sources\c90\common\awdiv.c
		___awdiv       		CODE           	15E7	0000	95

E:\Microchip\xc8\v2.30\pic\sources\c90\common\awdiv.c estimated size: 95

mcc_generated_files/memory.c
		_DATAEE_WriteByte		CODE           	11A4	0000	36
		_DATAEE_ReadByte		CODE           	1F9C	0000	15

mcc_generated_files/memory.c estimated size: 51

mcc_generated_files/i2c1_driver.c
		_i2c1_driver_open		CODE           	1F5A	0000	12

mcc_generated_files/i2c1_driver.c estimated size: 12

mcc_generated_files/eusart.c
		_EUSART_SetRxInterruptHandler		CODE           	1F1A	0000	9
		_EUSART_SetTxInterruptHandler		CODE           	1F23	0000	9
		_putch         		CODE           	1EFA	0000	7
		_EUSART_Read   		CODE           	1237	0000	38
		_EUSART_Write  		CODE           	12B2	0000	46
		_EUSART_Transmit_ISR		CODE           	11C8	0000	37
		_EUSART_Initialize		CODE           	1286	0000	44
		_getch         		CODE           	1EEA	0000	4
		_EUSART_Receive_ISR		CODE           	113F	0000	33
		_EUSART_is_rx_ready		CODE           	1ED3	0000	3

mcc_generated_files/eusart.c estimated size: 230

mcc_generated_files/adcc.c
		_ADCC_GetSingleConversion		CODE           	1FBC	0000	22
		_ADCC_Initialize		CODE           	1FE9	0000	23

mcc_generated_files/adcc.c estimated size: 45

E:\Microchip\xc8\v2.30\pic\sources\c90\common\isdigit.c
		_isdigit       		CODE           	07EB	0000	19

E:\Microchip\xc8\v2.30\pic\sources\c90\common\isdigit.c estimated size: 19

main.c
		_checkFlags    		CODE           	074A	0000	161
		_differenceBetweenTimePeriod		CODE           	130E	0000	53
		_cmd_rp        		CODE           	1212	0000	37
		_PWM_Output_D4_Disable		CODE           	1EDC	0000	3
		_toggleAlarms  		CODE           	12E0	0000	46
		_editLum       		CODE           	1378	0000	53
		_LCDinit       		CODE           	1712	0000	118
		_LCDsend       		CODE           	14DE	0000	83
		_LCDsend2x4    		CODE           	093F	0000	212
		_cmd_ir        		CODE           	125D	0000	41
		_cmd_trc       		CODE           	0B04	0000	257
		_cmd_mmp       		CODE           	1019	0000	26
		_main          		CODE           	0094	0000	742
		_sendOKMessage 		CODE           	1033	0000	27
		_LCDstr        		CODE           	104E	0000	27
		_cmd_mta       		CODE           	10A3	0000	30
		_cmd_dtl       		CODE           	1646	0000	95
		_cmd_tri       		CODE           	0C05	0000	298
		_sendERRORMessage		CODE           	1085	0000	30
		_PWM_Output_D4_Enable		CODE           	1ED6	0000	3
		_LCDchar       		CODE           	1F47	0000	9
		_S1button      		CODE           	158B	0000	92
		_cmd_rc        		CODE           	11ED	0000	37
		_cmd_dac       		CODE           	0806	0000	125
		_update_menuLCD		CODE           	037A	0000	562
		_wirteEEPROMinit		CODE           	0883	0000	188
		_Clock_ISR     		CODE           	0A13	0000	241
		_cmd_rtl       		CODE           	1160	0000	33
		_tsttc         		CODE           	0D2F	0000	336
		_cmd_sc        		CODE           	1788	0000	120
		_monitoring_TEMP_LUM		CODE           	0E7F	0000	385
		_editClock     		CODE           	16A5	0000	109
		_S1_ISR        		CODE           	1F11	0000	9
		_LCDcmd        		CODE           	1F09	0000	8
		_cmd_ra        		CODE           	1459	0000	66
		_sendMessage   		CODE           	1181	0000	35
		_editTemp      		CODE           	13AD	0000	53
		_cmd_aa        		CODE           	13E2	0000	58

main.c estimated size: 4808

