Microchip MPLAB XC8 Compiler V2.30

Linker command line:

-W-3 --edf=E:\Microchip\xc8\v2.30\pic\dat\en_msgs.txt -cn \
  -h+dist/default/production\SCE_Project_part2.production.sym \
  --cmf=dist/default/production\SCE_Project_part2.production.cmf -z \
  -Q16F18875 -oC:\Users\Andre\AppData\Local\Temp\s2gkx2 \
  --defsym=__MPLAB_BUILD=1 \
  -Mdist/default/production/SCE_Project_part2.production.map -E1 \
  -ver=XC8 Compiler --acfsm=1493 -ASTACK=02180h-023EFh -pstack=STACK \
  -ACODE=00h-07FFhx4 -ASTRCODE=00h-01FFFh -ASTRING=00h-0FFhx32 \
  -ACONST=00h-0FFhx32 -AENTRY=00h-0FFhx32 -ACOMMON=070h-07Fh \
  -ABANK0=020h-06Fh -ABANK1=0A0h-0EFh -ABANK2=0120h-016Fh \
  -ABANK3=01A0h-01EFh -ABANK4=0220h-026Fh -ABANK5=02A0h-02EFh \
  -ABANK6=0320h-036Fh -ABANK7=03A0h-03EFh -ABANK8=0420h-046Fh \
  -ABANK9=04A0h-04EFh -ABANK10=0520h-056Fh -ABANK11=05A0h-05EFh \
  -ABANK12=0620h-064Fh -ABIGRAM=02000h-023EFh \
  -ARAM=020h-06Fh,0A0h-0EFh,0120h-016Fh,01A0h-01EFh,0220h-026Fh,02A0h-02EFh,0320h-036Fh,03A0h-03EFh,0420h-046Fh,04A0h-04EFh,0520h-056Fh,05A0h-05EFh,0620h-064Fh \
  -AABS1=020h-07Fh,0A0h-0EFh,0120h-016Fh,01A0h-01EFh,0220h-026Fh,02A0h-02EFh,0320h-036Fh,03A0h-03EFh,0420h-046Fh,04A0h-04EFh,0520h-056Fh,05A0h-05EFh,0620h-064Fh \
  -ASFR0=00h-01Fh -ASFR1=080h-09Fh -ASFR2=0100h-011Fh -ASFR3=0180h-019Fh \
  -ASFR4=0200h-021Fh -ASFR5=0280h-029Fh -ASFR6=0300h-031Fh \
  -ASFR7=0380h-039Fh -ASFR8=0400h-041Fh -ASFR9=0480h-049Fh \
  -ASFR10=0500h-051Fh -ASFR11=0580h-059Fh -ASFR12=0600h-061Fh \
  -ASFR13=0680h-06EFh -ASFR14=0700h-076Fh -ASFR15=0780h-07EFh \
  -ASFR16=0800h-086Fh -ASFR17=0880h-08EFh -ASFR18=0900h-096Fh \
  -ASFR19=0980h-09EFh -ASFR20=0A00h-0A6Fh -ASFR21=0A80h-0AEFh \
  -ASFR22=0B00h-0B6Fh -ASFR23=0B80h-0BEFh -ASFR24=0C00h-0C6Fh \
  -ASFR25=0C80h-0CEFh -ASFR26=0D00h-0D6Fh -ASFR27=0D80h-0DEFh \
  -ASFR28=0E00h-0E6Fh -ASFR29=0E80h-0EEFh -ASFR30=0F00h-0F6Fh \
  -ASFR31=0F80h-0FEFh -ACONFIG=08007h-0800Bh -DCONFIG=2 \
  -AIDLOC=08000h-08003h -DIDLOC=2 -AEEDATA=00h-0FFh/0F000h \
  -peeprom_data=EEDATA -DEEDATA=2 -DCODE=2 -DSTRCODE=2 -DSTRING=2 -DCONST=2 \
  -DENTRY=2 -preset_vec=00h,intentry=04h,init,end_init -ppowerup=CODE \
  -pcinit=CODE -pfunctab=ENTRY -k \
  C:\Users\Andre\AppData\Local\Temp\s2gkxm.o \
  dist/default/production\SCE_Project_part2.production.o 

Object code version is 3.11

Machine type is 16F18875



                Name                               Link     Load   Length Selector   Space Scale
C:\Users\Andre\AppData\Local\Temp\s2gkxm.o
                end_init                             5E       5E        2        8       0
                reset_vec                             0        0        2        0       0
                config                             8007     8007        5        0       4
dist/default/production\SCE_Project_part2.production.o
                cinit                                60       60       41        8       0
                intentry                              4        4       5A        8       0
                config                             8007     8007        5        0       4
                text92                             12AD     12AD       22     255A       0
                text91                             1316     1316       25     262C       0
                text90                             1FD3     1FD3        9     3FA6       0
                text89                             1F9A     1F9A        1     3F34       0
                text88                             1040     1040        D     2080       0
                text87                             1FB9     1FB9        6     3F72       0
                text86                             1195     1195       1E     232A       0
                text85                             1F9B     1F9B        1     3F36       0
                text84                              C75      C75      10B     18EA       0
                text83                             1085     1085       11     210A       0
                text82                             10CC     10CC       17     2198       0
                text81                             1096     1096       11     212C       0
                text80                             10A7     10A7       12     214E       0
                text79                             112A     112A       1A     2254       0
                text78                              805      805       4B     100A       0
                text77                              D80      D80      10D     1B00       0
                text76                             11D1     11D1       1F     23A2       0
                text75                              E8D      E8D      173     1D1A       0
                text74                              800      800        1        8       0
                text73                             10E3     10E3       17     21C6       0
                text71                             12F2     12F2       24     25E4       0
                text70                             1F9C     1F9C        3     3F38       0
                text69                             17A6     17A6       5A     2F4C       0
                text68                             1753     1753       53     2EA6       0
                text67                              9B2      9B2       D4     1364       0
                text66                              8BC      8BC       76     1178       0
                text65                             1F9F     1F9F        3     3F3E       0
                text64                             10FA     10FA       17     21F4       0
                text63                             1FDC     1FDC        9     3FB8       0
                text62                             1FE5     1FE5        9     3FCA       0
                text61                             13D6     13D6       2E     27AC       0
                text60                             1FEE     1FEE        9     3FDC       0
                text59                             105A     105A        E     20B4       0
                text58                             1FF7     1FF7        9     3FEE       0
                text57                             163C     163C       43     2C78       0
                text56                             1FCB     1FCB        8     3F96       0
                text55                             104D     104D        D     209A       0
                text54                             1007     1007        9     200E       0
                text53                             11F0     11F0       1F     23E0       0
                text52                             1068     1068        E     20D0       0
                text51                             1010     1010        9     2020       0
                text50                             120F     120F       1F     241E       0
                text49                             122E     122E       1F     245C       0
                text48                             1FA2     1FA2        3     3F44       0
                text47                             1FB1     1FB1        4     3F62       0
                text46                             1404     1404       2E     2808       0
                text45                             1000     1000        7     1D1A       0
                text44                             12CF     12CF       23     259E       0
                text43                             11B3     11B3       1E     2366       0
                text42                             1144     1144       1B     2288       0
                text41                             1FA5     1FA5        3     3F4A       0
                text40                             1FA8     1FA8        3     3F50       0
                text39                             1432     1432       34     2864       0
                text38                             1019     1019        9     2032       0
                text37                             1076     1076        F     20EC       0
                text36                             126C     126C       20     24D8       0
                text35                              A86      A86       F2     150C       0
                text34                             133B     133B       25     2676       0
                text33                             157A     157A       3F     2AF4       0
                text32                             128C     128C       21     2518       0
                text31                             1360     1360       25     26C0       0
                text30                              850      850       6C     10A0       0
                text29                             115F     115F       1B     22BE       0
                text28                             15FA     15FA       42     2BF4       0
                text27                             167F     167F       44     2CFE       0
                text26                             1466     1466       35     28CC       0
                text25                             1505     1505       38     2A0A       0
                text24                             13AB     13AB       2B     2756       0
                text23                              B78      B78       FD     16F0       0
                text22                              79B      79B       5D        8       0
                text21                              7F8      7F8        8        8       0
                text20                             1022     1022        9     2044       0
                text19                             117A     117A       1B     22F4       0
                text18                             1111     1111       19     2222       0
                text17                             1FAB     1FAB        3     3F56       0
                text16                             1FAE     1FAE        3     3F5C       0
                text15                             1FB5     1FB5        4     3F6A       0
                text14                             149B     149B       35     2936       0
                text13                             153D     153D       3D     2A7A       0
                text12                             14D0     14D0       35     29A0       0
                text11                             10B9     10B9       13     2172       0
                text10                              5FD      5FD      19E        8       0
                text9                               3E1      3E1      21C        8       0
                text8                               932      932       80     1264       0
                text7                              16C3     16C3       48     2D86       0
                text6                              170B     170B       48     2E16       0
                text5                              1385     1385       26     270A       0
                text4                               801      801        4     1002       0
                text3                              1034     1034        C     2068       0
                text2                              124D     124D       1F     249A       0
                text1                              15B9     15B9       41     2B72       0
                maintext                             A1       A1      340        8       0
                cstackBANK0                          20       20       3F       20       1
                cstackCOMMON                         70       70        D       70       1
                cstackBANK1                          A0       A0       20       A0       1
                clrtext                            1FBF     1FBF        6     3F7E       0
                inittext                           1FC5     1FC5        6     3F8A       0
                bssBANK4                            220      220       40      220       1
                bssBANK3                            1A0      1A0       40      1A0       1
                bssBANK2                            120      120       14      120       1
                dataBANK1                            E6       E6        9       A0       1
                bssBANK1                             C0       C0       1B       A0       1
                dataBANK0                            6E       6E        2       20       1
                bssBANK0                             5F       5F        F       20       1
                bssCOMMON                            7D       7D        1       70       1
                stringtext6                        184C     184C        4     3000       0
                stringtext5                        1847     1847        5     3000       0
                stringtext4                        1840     1840        7     3000       0
                stringtext3                        1827     1827        F     3000       0
                nvBANK2                             134      134        4      120       1
                nvBANK1                              DB       DB        B       A0       1
                stringtext2                        1836     1836        A     3000       0
                stringtext1                        1800     1800       27     3000       0
                idataBANK1                         102B     102B        9     2056       0
                idataBANK0                            2        2        2        0       0

TOTAL           Name                               Link     Load   Length     Space
        CLASS   STACK          

        CLASS   CODE           
                end_init                             5E       5E        2         0
                cinit                                60       60       41         0
                intentry                              4        4       5A         0
                reset_vec                             0        0        2         0
                text92                             12AD     12AD       22         0
                text91                             1316     1316       25         0
                text90                             1FD3     1FD3        9         0
                text89                             1F9A     1F9A        1         0
                text88                             1040     1040        D         0
                text87                             1FB9     1FB9        6         0
                text86                             1195     1195       1E         0
                text85                             1F9B     1F9B        1         0
                text84                              C75      C75      10B         0
                text83                             1085     1085       11         0
                text82                             10CC     10CC       17         0
                text81                             1096     1096       11         0
                text80                             10A7     10A7       12         0
                text79                             112A     112A       1A         0
                text78                              805      805       4B         0
                text77                              D80      D80      10D         0
                text76                             11D1     11D1       1F         0
                text75                              E8D      E8D      173         0
                text74                              800      800        1         0
                text73                             10E3     10E3       17         0
                text71                             12F2     12F2       24         0
                text70                             1F9C     1F9C        3         0
                text69                             17A6     17A6       5A         0
                text68                             1753     1753       53         0
                text67                              9B2      9B2       D4         0
                text66                              8BC      8BC       76         0
                text65                             1F9F     1F9F        3         0
                text64                             10FA     10FA       17         0
                text63                             1FDC     1FDC        9         0
                text62                             1FE5     1FE5        9         0
                text61                             13D6     13D6       2E         0
                text60                             1FEE     1FEE        9         0
                text59                             105A     105A        E         0
                text58                             1FF7     1FF7        9         0
                text57                             163C     163C       43         0
                text56                             1FCB     1FCB        8         0
                text55                             104D     104D        D         0
                text54                             1007     1007        9         0
                text53                             11F0     11F0       1F         0
                text52                             1068     1068        E         0
                text51                             1010     1010        9         0
                text50                             120F     120F       1F         0
                text49                             122E     122E       1F         0
                text48                             1FA2     1FA2        3         0
                text47                             1FB1     1FB1        4         0
                text46                             1404     1404       2E         0
                text45                             1000     1000        7         0
                text44                             12CF     12CF       23         0
                text43                             11B3     11B3       1E         0
                text42                             1144     1144       1B         0
                text41                             1FA5     1FA5        3         0
                text40                             1FA8     1FA8        3         0
                text39                             1432     1432       34         0
                text38                             1019     1019        9         0
                text37                             1076     1076        F         0
                text36                             126C     126C       20         0
                text35                              A86      A86       F2         0
                text34                             133B     133B       25         0
                text33                             157A     157A       3F         0
                text32                             128C     128C       21         0
                text31                             1360     1360       25         0
                text30                              850      850       6C         0
                text29                             115F     115F       1B         0
                text28                             15FA     15FA       42         0
                text27                             167F     167F       44         0
                text26                             1466     1466       35         0
                text25                             1505     1505       38         0
                text24                             13AB     13AB       2B         0
                text23                              B78      B78       FD         0
                text22                              79B      79B       5D         0
                text21                              7F8      7F8        8         0
                text20                             1022     1022        9         0
                text19                             117A     117A       1B         0
                text18                             1111     1111       19         0
                text17                             1FAB     1FAB        3         0
                text16                             1FAE     1FAE        3         0
                text15                             1FB5     1FB5        4         0
                text14                             149B     149B       35         0
                text13                             153D     153D       3D         0
                text12                             14D0     14D0       35         0
                text11                             10B9     10B9       13         0
                text10                              5FD      5FD      19E         0
                text9                               3E1      3E1      21C         0
                text8                               932      932       80         0
                text7                              16C3     16C3       48         0
                text6                              170B     170B       48         0
                text5                              1385     1385       26         0
                text4                               801      801        4         0
                text3                              1034     1034        C         0
                text2                              124D     124D       1F         0
                text1                              15B9     15B9       41         0
                maintext                             A1       A1      340         0
                clrtext                            1FBF     1FBF        6         0
                inittext                           1FC5     1FC5        6         0
                idataBANK1                         102B     102B        9         0
                idataBANK0                            2        2        2         0

        CLASS   STRCODE        
                stringtext6                        184C     184C        4         0
                stringtext5                        1847     1847        5         0
                stringtext4                        1840     1840        7         0
                stringtext3                        1827     1827        F         0
                stringtext2                        1836     1836        A         0
                stringtext1                        1800     1800       27         0

        CLASS   STRING         

        CLASS   CONST          

        CLASS   ENTRY          

        CLASS   COMMON         
                cstackCOMMON                         70       70        D         1
                bssCOMMON                            7D       7D        1         1

        CLASS   BANK0          
                cstackBANK0                          20       20       3F         1
                dataBANK0                            6E       6E        2         1
                bssBANK0                             5F       5F        F         1

        CLASS   BANK1          
                cstackBANK1                          A0       A0       20         1
                dataBANK1                            E6       E6        9         1
                bssBANK1                             C0       C0       1B         1
                nvBANK1                              DB       DB        B         1

        CLASS   BANK2          
                bssBANK2                            120      120       14         1
                nvBANK2                             134      134        4         1

        CLASS   BANK3          
                bssBANK3                            1A0      1A0       40         1

        CLASS   BANK4          
                bssBANK4                            220      220       40         1

        CLASS   BANK5          

        CLASS   BANK6          

        CLASS   BANK7          

        CLASS   BANK8          

        CLASS   BANK9          

        CLASS   BANK10         

        CLASS   BANK11         

        CLASS   BANK12         

        CLASS   BIGRAM         

        CLASS   RAM            

        CLASS   ABS1           
                abs_s1                               7E       7E        2         1

        CLASS   SFR0           

        CLASS   SFR1           

        CLASS   SFR2           

        CLASS   SFR3           

        CLASS   SFR4           

        CLASS   SFR5           

        CLASS   SFR6           

        CLASS   SFR7           

        CLASS   SFR8           

        CLASS   SFR9           

        CLASS   SFR10          

        CLASS   SFR11          

        CLASS   SFR12          

        CLASS   SFR13          

        CLASS   SFR14          

        CLASS   SFR15          

        CLASS   SFR16          

        CLASS   SFR17          

        CLASS   SFR18          

        CLASS   SFR19          

        CLASS   SFR20          

        CLASS   SFR21          

        CLASS   SFR22          

        CLASS   SFR23          

        CLASS   SFR24          

        CLASS   SFR25          

        CLASS   SFR26          

        CLASS   SFR27          

        CLASS   SFR28          

        CLASS   SFR29          

        CLASS   SFR30          

        CLASS   SFR31          

        CLASS   CONFIG         
                config                             8007     8007        5         4

        CLASS   IDLOC          

        CLASS   EEDATA         

        CLASS   BANK31         

        CLASS   BANK30         

        CLASS   BANK29         

        CLASS   BANK28         

        CLASS   BANK27         

        CLASS   BANK26         

        CLASS   BANK25         

        CLASS   BANK24         

        CLASS   BANK23         

        CLASS   BANK22         

        CLASS   BANK21         

        CLASS   BANK20         

        CLASS   BANK19         

        CLASS   BANK18         

        CLASS   BANK17         

        CLASS   BANK16         

        CLASS   BANK15         

        CLASS   BANK14         

        CLASS   BANK13         



SEGMENTS        Name                           Load    Length   Top    Selector   Space  Class     Delta

                reset_vec                      000000  000004  000004         0       0  CODE        2
                intentry                       000004  0007FD  000801         8       0  CODE        2
                cstackBANK0                    000020  000050  000070        20       1  BANK0       1
                cstackCOMMON                   000070  00000E  00007E        70       1  COMMON      1
                cstackBANK1                    0000A0  00004F  0000EF        A0       1  BANK1       1
                bssBANK2                       000120  000018  000138       120       1  BANK2       1
                bssBANK3                       0001A0  000040  0001E0       1A0       1  BANK3       1
                bssBANK4                       000220  000040  000260       220       1  BANK4       1
                text4                          000801  000004  000805      1002       0  CODE        2
                text78                         000805  00004B  000850      100A       0  CODE        2
                text30                         000850  00006C  0008BC      10A0       0  CODE        2
                text66                         0008BC  000076  000932      1178       0  CODE        2
                text8                          000932  000080  0009B2      1264       0  CODE        2
                text67                         0009B2  0000D4  000A86      1364       0  CODE        2
                text35                         000A86  0000F2  000B78      150C       0  CODE        2
                text23                         000B78  0000FD  000C75      16F0       0  CODE        2
                text84                         000C75  00010B  000D80      18EA       0  CODE        2
                text77                         000D80  00010D  000E8D      1B00       0  CODE        2
                text75                         000E8D  00017A  001007      1D1A       0  CODE        2
                text54                         001007  000009  001010      200E       0  CODE        2
                text51                         001010  000009  001019      2020       0  CODE        2
                text38                         001019  000009  001022      2032       0  CODE        2
                text20                         001022  000009  00102B      2044       0  CODE        2
                idataBANK1                     00102B  000009  001034      2056       0  CODE        2
                text3                          001034  00000C  001040      2068       0  CODE        2
                text88                         001040  00000D  00104D      2080       0  CODE        2
                text55                         00104D  00000D  00105A      209A       0  CODE        2
                text59                         00105A  00000E  001068      20B4       0  CODE        2
                text52                         001068  00000E  001076      20D0       0  CODE        2
                text37                         001076  00000F  001085      20EC       0  CODE        2
                text83                         001085  000011  001096      210A       0  CODE        2
                text81                         001096  000011  0010A7      212C       0  CODE        2
                text80                         0010A7  000012  0010B9      214E       0  CODE        2
                text11                         0010B9  000013  0010CC      2172       0  CODE        2
                text82                         0010CC  000017  0010E3      2198       0  CODE        2
                text73                         0010E3  000017  0010FA      21C6       0  CODE        2
                text64                         0010FA  000017  001111      21F4       0  CODE        2
                text18                         001111  000019  00112A      2222       0  CODE        2
                text79                         00112A  00001A  001144      2254       0  CODE        2
                text42                         001144  00001B  00115F      2288       0  CODE        2
                text29                         00115F  00001B  00117A      22BE       0  CODE        2
                text19                         00117A  00001B  001195      22F4       0  CODE        2
                text86                         001195  00001E  0011B3      232A       0  CODE        2
                text43                         0011B3  00001E  0011D1      2366       0  CODE        2
                text76                         0011D1  00001F  0011F0      23A2       0  CODE        2
                text53                         0011F0  00001F  00120F      23E0       0  CODE        2
                text50                         00120F  00001F  00122E      241E       0  CODE        2
                text49                         00122E  00001F  00124D      245C       0  CODE        2
                text2                          00124D  00001F  00126C      249A       0  CODE        2
                text36                         00126C  000020  00128C      24D8       0  CODE        2
                text32                         00128C  000021  0012AD      2518       0  CODE        2
                text92                         0012AD  000022  0012CF      255A       0  CODE        2
                text44                         0012CF  000023  0012F2      259E       0  CODE        2
                text71                         0012F2  000024  001316      25E4       0  CODE        2
                text91                         001316  000025  00133B      262C       0  CODE        2
                text34                         00133B  000025  001360      2676       0  CODE        2
                text31                         001360  000025  001385      26C0       0  CODE        2
                text5                          001385  000026  0013AB      270A       0  CODE        2
                text24                         0013AB  00002B  0013D6      2756       0  CODE        2
                text61                         0013D6  00002E  001404      27AC       0  CODE        2
                text46                         001404  00002E  001432      2808       0  CODE        2
                text39                         001432  000034  001466      2864       0  CODE        2
                text26                         001466  000035  00149B      28CC       0  CODE        2
                text14                         00149B  000035  0014D0      2936       0  CODE        2
                text12                         0014D0  000035  001505      29A0       0  CODE        2
                text25                         001505  000038  00153D      2A0A       0  CODE        2
                text13                         00153D  00003D  00157A      2A7A       0  CODE        2
                text33                         00157A  00003F  0015B9      2AF4       0  CODE        2
                text1                          0015B9  000041  0015FA      2B72       0  CODE        2
                text28                         0015FA  000042  00163C      2BF4       0  CODE        2
                text57                         00163C  000043  00167F      2C78       0  CODE        2
                text27                         00167F  000044  0016C3      2CFE       0  CODE        2
                text7                          0016C3  000048  00170B      2D86       0  CODE        2
                text6                          00170B  000048  001753      2E16       0  CODE        2
                text68                         001753  000053  0017A6      2EA6       0  CODE        2
                text69                         0017A6  00005A  001800      2F4C       0  CODE        2
                stringtext1                    001800  000050  001850      3000       0  STRCODE     2
                text89                         001F9A  000001  001F9B      3F34       0  CODE        2
                text85                         001F9B  000001  001F9C      3F36       0  CODE        2
                text70                         001F9C  000003  001F9F      3F38       0  CODE        2
                text65                         001F9F  000003  001FA2      3F3E       0  CODE        2
                text48                         001FA2  000003  001FA5      3F44       0  CODE        2
                text41                         001FA5  000003  001FA8      3F4A       0  CODE        2
                text40                         001FA8  000003  001FAB      3F50       0  CODE        2
                text17                         001FAB  000003  001FAE      3F56       0  CODE        2
                text16                         001FAE  000003  001FB1      3F5C       0  CODE        2
                text47                         001FB1  000004  001FB5      3F62       0  CODE        2
                text15                         001FB5  000004  001FB9      3F6A       0  CODE        2
                text87                         001FB9  000006  001FBF      3F72       0  CODE        2
                clrtext                        001FBF  000006  001FC5      3F7E       0  CODE        2
                inittext                       001FC5  000006  001FCB      3F8A       0  CODE        2
                text56                         001FCB  000008  001FD3      3F96       0  CODE        2
                text90                         001FD3  000009  001FDC      3FA6       0  CODE        2
                text63                         001FDC  000009  001FE5      3FB8       0  CODE        2
                text62                         001FE5  000009  001FEE      3FCA       0  CODE        2
                text60                         001FEE  000009  001FF7      3FDC       0  CODE        2
                text58                         001FF7  000009  002000      3FEE       0  CODE        2


UNUSED ADDRESS RANGES

        Name                Unused          Largest block    Delta
        BANK1            000EF-000EF               1           1
        BANK10           00520-0056F              50           1
        BANK11           005A0-005EF              50           1
        BANK12           00620-0064F              30           1
        BANK2            00138-0016F              38           1
        BANK3            001E0-001EF              10           1
        BANK4            00260-0026F              10           1
        BANK5            002A0-002EF              50           1
        BANK6            00320-0036F              50           1
        BANK7            003A0-003EF              50           1
        BANK8            00420-0046F              50           1
        BANK9            004A0-004EF              50           1
        BIGRAM           02000-023EF             3F0           1
        CODE             01850-01F99             74A           2
        CONST            01850-01F99             100           2
        EEDATA           0F000-0F0FF             100           2
        ENTRY            01850-01F99             100           2
        IDLOC            08000-08003               4           2
        RAM              000EF-000EF               1           1
                         00138-0016F              38
                         001E0-001EF              10
                         00260-0026F              10
                         002A0-002EF              50
                         00320-0036F              50
                         003A0-003EF              50
                         00420-0046F              50
                         004A0-004EF              50
                         00520-0056F              50
                         005A0-005EF              50
                         00620-0064F              30
        SFR0             00000-0001F              20           1
        SFR1             00080-0009F              20           1
        SFR10            00500-0051F              20           1
        SFR11            00580-0059F              20           1
        SFR12            00600-0061F              20           1
        SFR13            00680-006EF              70           1
        SFR14            00700-0076F              70           1
        SFR15            00780-007EF              70           1
        SFR16            00800-0086F              70           1
        SFR17            00880-008EF              70           1
        SFR18            00900-0096F              70           1
        SFR19            00980-009EF              70           1
        SFR2             00100-0011F              20           1
        SFR20            00A00-00A6F              70           1
        SFR21            00A80-00AEF              70           1
        SFR22            00B00-00B6F              70           1
        SFR23            00B80-00BEF              70           1
        SFR24            00C00-00C6F              70           1
        SFR25            00C80-00CEF              70           1
        SFR26            00D00-00D6F              70           1
        SFR27            00D80-00DEF              70           1
        SFR28            00E00-00E6F              70           1
        SFR29            00E80-00EEF              70           1
        SFR3             00180-0019F              20           1
        SFR30            00F00-00F6F              70           1
        SFR31            00F80-00FEF              70           1
        SFR4             00200-0021F              20           1
        SFR5             00280-0029F              20           1
        SFR6             00300-0031F              20           1
        SFR7             00380-0039F              20           1
        SFR8             00400-0041F              20           1
        SFR9             00480-0049F              20           1
        STACK            02180-023EF             270           1
        STRCODE          01850-01F99             74A           2
        STRING           01850-01F99             100           2

                                  Symbol Table

?_ADCC_GetSingleConversion                    cstackCOMMON 00070
?___lmul                                      cstackBANK0  00020
?___lwdiv                                     cstackBANK0  00020
?___lwmod                                     cstackBANK0  00028
?___wmul                                      cstackBANK0  00020
?_sprintf                                     cstackBANK0  0002E
?i1___wmul                                    cstackCOMMON 00070
ADCC_GetSingleConversion@channel              cstackCOMMON 00073
DATAEE_ReadByte@bAdd                          cstackBANK0  00026
DATAEE_WriteByte@GIEBitValue                  cstackBANK0  00023
DATAEE_WriteByte@bAdd                         cstackBANK0  00020
DATAEE_WriteByte@bData                        cstackBANK0  00022
EUSART_Read@readValue                         cstackBANK0  00021
EUSART_SetRxInterruptHandler@interruptHandler cstackBANK0  00020
EUSART_SetTxInterruptHandler@interruptHandler cstackBANK0  00020
EUSART_Write@txData                           cstackBANK0  00021
INT_SetInterruptHandler@InterruptHandler      cstackBANK0  00020
LCDchar@c                                     cstackBANK0  00028
LCDcmd@c                                      cstackBANK0  00028
LCDsend2x4@c                                  cstackBANK0  00025
LCDsend2x4@hc                                 cstackBANK0  00026
LCDsend2x4@lc                                 cstackBANK0  00027
LCDsend2x4@mode                               cstackBANK0  00022
LCDsend@c                                     cstackBANK0  00023
LCDstr@c                                      cstackBANK0  0002E
LCDstr@p                                      cstackBANK0  00029
PWM6_LoadDutyValue@dutyValue                  cstackBANK0  00020
TMR1_SetInterruptHandler@InterruptHandler     cstackBANK0  00020
TMR1_WriteTimer@timerVal                      cstackCOMMON 00070
TMR5_SetInterruptHandler@InterruptHandler     cstackBANK0  00020
TMR5_WriteTimer@timerVal                      cstackCOMMON 00070
WriteI2C@data_out                             cstackBANK0  00021
_ADACCH                                       (abs)        00091
_ADACCL                                       (abs)        00090
_ADACQ                                        (abs)        0009D
_ADACT                                        (abs)        00099
_ADCAP                                        (abs)        0009B
_ADCC_GetSingleConversion                     text80       010A7
_ADCC_Initialize                              text64       010FA
_ADCLK                                        (abs)        00098
_ADCNT                                        (abs)        0010C
_ADCON0                                       (abs)        00093
_ADCON0bits                                   (abs)        00093
_ADCON1                                       (abs)        00094
_ADCON1bits                                   (abs)        00094
_ADCON2                                       (abs)        00095
_ADCON2bits                                   (abs)        00095
_ADCON3                                       (abs)        00096
_ADCON3bits                                   (abs)        00096
_ADERRH                                       (abs)        00117
_ADERRL                                       (abs)        00116
_ADFLTRH                                      (abs)        00115
_ADFLTRL                                      (abs)        00114
_ADLTHH                                       (abs)        0010F
_ADLTHL                                       (abs)        0010E
_ADPCH                                        (abs)        0009E
_ADPRE                                        (abs)        0009C
_ADPREVH                                      (abs)        0008F
_ADPREVL                                      (abs)        0008E
_ADREF                                        (abs)        0009A
_ADRESH                                       (abs)        0008D
_ADRESL                                       (abs)        0008C
_ADRPT                                        (abs)        0010D
_ADSTAT                                       (abs)        00097
_ADSTATbits                                   (abs)        00097
_ADSTPTH                                      (abs)        00113
_ADSTPTL                                      (abs)        00112
_ADUTHH                                       (abs)        00111
_ADUTHL                                       (abs)        00110
_ALAF                                         bssBANK0     0006A
_ANSELA                                       (abs)        00F38
_ANSELB                                       (abs)        00F43
_ANSELC                                       (abs)        00F4E
_ANSELD                                       (abs)        00F59
_ANSELE                                       (abs)        00F64
_BAUD1CON                                     (abs)        0011F
_CCPTMRS1bits                                 (abs)        0021F
_Clock_ISR                                    text84       00C75
_DATAEE_ReadByte                              text37       01076
_DATAEE_WriteByte                             text71       012F2
_EUSART_Initialize                            text61       013D6
_EUSART_Read                                  text5        01385
_EUSART_Receive_ISR                           text92       012AD
_EUSART_RxDefaultInterruptHandler             nvBANK2      00134
_EUSART_SetRxInterruptHandler                 text63       01FDC
_EUSART_SetTxInterruptHandler                 text62       01FE5
_EUSART_Transmit_ISR                          text91       01316
_EUSART_TxDefaultInterruptHandler             nvBANK2      00136
_EUSART_Write                                 text46       01404
_EUSART_is_rx_ready                           text70       01F9C
_EXT_INT_Initialize                           text59       0105A
_INTCONbits                                   (abs)        0000B
_INTERRUPT_InterruptManager                   intentry     00004
_INTPPS                                       (abs)        00E90
_INT_CallBack                                 text88       01040
_INT_DefaultInterruptHandler                  text89       01F9A
_INT_ISR                                      text87       01FB9
_INT_InterruptHandler                         nvBANK1      000DB
_INT_SetInterruptHandler                      text60       01FEE
_LATA                                         (abs)        00016
_LATAbits                                     (abs)        00016
_LATB                                         (abs)        00017
_LATC                                         (abs)        00018
_LATD                                         (abs)        00019
_LATE                                         (abs)        0001A
_LCDchar                                      text20       01022
_LCDcmd                                       text21       007F8
_LCDinit                                      text66       008BC
_LCDsend                                      text68       01753
_LCDsend2x4                                   text67       009B2
_LCDstr                                       text19       0117A
_NREG                                         dataBANK0    0006F
_NVMADRH                                      (abs)        0081B
_NVMADRL                                      (abs)        0081A
_NVMCON1bits                                  (abs)        0081E
_NVMCON2                                      (abs)        0081F
_NVMDATH                                      (abs)        0081D
_NVMDATL                                      (abs)        0081C
_ODCONA                                       (abs)        00F3A
_ODCONB                                       (abs)        00F45
_ODCONC                                       (abs)        00F50
_ODCOND                                       (abs)        00F5B
_ODCONE                                       (abs)        00F66
_OSCCON1                                      (abs)        0088D
_OSCCON3                                      (abs)        0088F
_OSCEN                                        (abs)        00891
_OSCFRQ                                       (abs)        00893
_OSCILLATOR_Initialize                        text58       01FF7
_OSCTUNE                                      (abs)        00892
_PIE0bits                                     (abs)        00716
_PIE3bits                                     (abs)        00719
_PIE4bits                                     (abs)        0071A
_PIN_MANAGER_Initialize                       text57       0163C
_PIR0bits                                     (abs)        0070C
_PIR3bits                                     (abs)        0070F
_PIR4bits                                     (abs)        00710
_PMD0                                         (abs)        00796
_PMD1                                         (abs)        00797
_PMD2                                         (abs)        00798
_PMD3                                         (abs)        00799
_PMD4                                         (abs)        0079A
_PMD5                                         (abs)        0079B
_PMD_Initialize                               text56       01FCB
_PMON                                         dataBANK1    000EE
_PORTCbits                                    (abs)        0000E
_PR2                                          (abs)        0028D
_PWM6CON                                      (abs)        0038E
_PWM6DCH                                      (abs)        0038D
_PWM6DCL                                      (abs)        0038C
_PWM6EN                                       (abs)        01C77
_PWM6_Initialize                              text55       0104D
_PWM6_LoadDutyValue                           text18       01111
_PWM_Output_D4_Disable                        text17       01FAB
_PWM_Output_D4_Enable                         text65       01F9F
_PWM_on                                       bssBANK1     000D5
_RA6PPS                                       (abs)        00F16
_RC1REG                                       (abs)        00119
_RC1STA                                       (abs)        0011D
_RC1STAbits                                   (abs)        0011D
_RC3PPS                                       (abs)        00F23
_RC4PPS                                       (abs)        00F24
_RC6PPS                                       (abs)        00F26
_RXPPS                                        (abs)        00ECB
_ReadI2C                                      text79       0112A
_S1_ISR                                       text90       01FD3
_S1button                                     text22       0079B
_SLRCONA                                      (abs)        00F3B
_SLRCONB                                      (abs)        00F46
_SLRCONC                                      (abs)        00F51
_SLRCOND                                      (abs)        00F5C
_SLRCONE                                      (abs)        00F67
_SP1BRGH                                      (abs)        0011C
_SP1BRGL                                      (abs)        0011B
_SSP1ADD                                      (abs)        0018D
_SSP1BUF                                      (abs)        0018C
_SSP1CLKPPS                                   (abs)        00EC5
_SSP1CON1                                     (abs)        00190
_SSP1CON1bits                                 (abs)        00190
_SSP1CON2                                     (abs)        00191
_SSP1CON2bits                                 (abs)        00191
_SSP1DATPPS                                   (abs)        00EC6
_SSP1MSK                                      (abs)        0018E
_SSP1STAT                                     (abs)        0018F
_SSP1STATbits                                 (abs)        0018F
_SYSTEM_Initialize                            text49       0122E
_T1CLK                                        (abs)        00211
_T1CON                                        (abs)        0020E
_T1CONbits                                    (abs)        0020E
_T1GATE                                       (abs)        00210
_T1GCON                                       (abs)        0020F
_T1GCONbits                                   (abs)        0020F
_T2CLKCON                                     (abs)        00290
_T2CON                                        (abs)        0028E
_T2CONbits                                    (abs)        0028E
_T2HLT                                        (abs)        0028F
_T2HLTbits                                    (abs)        0028F
_T2PR                                         (abs)        0028D
_T2RST                                        (abs)        00291
_T2RSTbits                                    (abs)        00291
_T2TMR                                        (abs)        0028C
_T5CLK                                        (abs)        0021D
_T5CON                                        (abs)        0021A
_T5CONbits                                    (abs)        0021A
_T5GATE                                       (abs)        0021C
_T5GCON                                       (abs)        0021B
_T5GCONbits                                   (abs)        0021B
_TALA                                         dataBANK1    000ED
_TMR1H                                        (abs)        0020D
_TMR1L                                        (abs)        0020C
_TMR1_DefaultInterruptHandler                 text85       01F9B
_TMR1_ISR                                     text82       010CC
_TMR1_Initialize                              text53       011F0
_TMR1_InterruptHandler                        nvBANK1      000E1
_TMR1_SetInterruptHandler                     text54       01007
_TMR1_WriteTimer                              text83       01085
_TMR2                                         (abs)        0028C
_TMR2_Initialize                              text52       01068
_TMR2_Start                                   text48       01FA2
_TMR2_StartTimer                              text47       01FB1
_TMR2_Stop                                    text16       01FAE
_TMR2_StopTimer                               text15       01FB5
_TMR5H                                        (abs)        00219
_TMR5L                                        (abs)        00218
_TMR5_DefaultInterruptHandler                 text74       00800
_TMR5_ISR                                     text73       010E3
_TMR5_Initialize                              text50       0120F
_TMR5_InterruptHandler                        nvBANK1      000DD
_TMR5_SetInterruptHandler                     text51       01010
_TMR5_StartTimer                              text41       01FA5
_TMR5_StopTimer                               text40       01FA8
_TMR5_WriteTimer                              text81       01096
_TRISA                                        (abs)        00011
_TRISB                                        (abs)        00012
_TRISC                                        (abs)        00013
_TRISCbits                                    (abs)        00013
_TRISD                                        (abs)        00014
_TRISE                                        (abs)        00015
_TX1REG                                       (abs)        0011A
_TX1STA                                       (abs)        0011E
_TX1STAbits                                   (abs)        0011E
_WPUA                                         (abs)        00F39
_WPUB                                         (abs)        00F44
_WPUC                                         (abs)        00F4F
_WPUC3                                        (abs)        07A7B
_WPUC4                                        (abs)        07A7C
_WPUD                                         (abs)        00F5A
_WPUE                                         (abs)        00F65
_WriteI2C                                     text69       017A6
__Habs1                                       abs1         00000
__Hbank0                                      bank0        00000
__Hbank1                                      bank1        00000
__Hbank10                                     bank10       00000
__Hbank11                                     bank11       00000
__Hbank12                                     bank12       00000
__Hbank13                                     bank13       00000
__Hbank14                                     bank14       00000
__Hbank15                                     bank15       00000
__Hbank16                                     bank16       00000
__Hbank17                                     bank17       00000
__Hbank18                                     bank18       00000
__Hbank19                                     bank19       00000
__Hbank2                                      bank2        00000
__Hbank20                                     bank20       00000
__Hbank21                                     bank21       00000
__Hbank22                                     bank22       00000
__Hbank23                                     bank23       00000
__Hbank24                                     bank24       00000
__Hbank25                                     bank25       00000
__Hbank26                                     bank26       00000
__Hbank27                                     bank27       00000
__Hbank28                                     bank28       00000
__Hbank29                                     bank29       00000
__Hbank3                                      bank3        00000
__Hbank30                                     bank30       00000
__Hbank31                                     bank31       00000
__Hbank4                                      bank4        00000
__Hbank5                                      bank5        00000
__Hbank6                                      bank6        00000
__Hbank7                                      bank7        00000
__Hbank8                                      bank8        00000
__Hbank9                                      bank9        00000
__Hbigram                                     bigram       00000
__HbssBANK0                                   bssBANK0     00000
__HbssBANK1                                   bssBANK1     00000
__HbssBANK2                                   bssBANK2     00000
__HbssBANK3                                   bssBANK3     00000
__HbssBANK4                                   bssBANK4     00000
__HbssCOMMON                                  bssCOMMON    00000
__Hcinit                                      cinit        000A1
__Hclrtext                                    clrtext      00000
__Hcode                                       code         00000
__Hcommon                                     common       00000
__Hconfig                                     config       0800C
__HcstackBANK0                                cstackBANK0  00000
__HcstackBANK1                                cstackBANK1  00000
__HcstackCOMMON                               cstackCOMMON 00000
__HdataBANK0                                  dataBANK0    00000
__HdataBANK1                                  dataBANK1    00000
__Heeprom_data                                eeprom_data  00000
__Hend_init                                   end_init     00060
__Hfunctab                                    functab      00000
__HidataBANK0                                 idataBANK0   00000
__HidataBANK1                                 idataBANK1   00000
__Hinit                                       init         0005E
__Hinittext                                   inittext     00000
__Hintentry                                   intentry     0005E
__Hmaintext                                   maintext     00000
__HnvBANK1                                    nvBANK1      00000
__HnvBANK2                                    nvBANK2      00000
__Hpowerup                                    powerup      00000
__Hram                                        ram          00000
__Hreset_vec                                  reset_vec    00002
__Hsfr0                                       sfr0         00000
__Hsfr1                                       sfr1         00000
__Hsfr10                                      sfr10        00000
__Hsfr11                                      sfr11        00000
__Hsfr12                                      sfr12        00000
__Hsfr13                                      sfr13        00000
__Hsfr14                                      sfr14        00000
__Hsfr15                                      sfr15        00000
__Hsfr16                                      sfr16        00000
__Hsfr17                                      sfr17        00000
__Hsfr18                                      sfr18        00000
__Hsfr19                                      sfr19        00000
__Hsfr2                                       sfr2         00000
__Hsfr20                                      sfr20        00000
__Hsfr21                                      sfr21        00000
__Hsfr22                                      sfr22        00000
__Hsfr23                                      sfr23        00000
__Hsfr24                                      sfr24        00000
__Hsfr25                                      sfr25        00000
__Hsfr26                                      sfr26        00000
__Hsfr27                                      sfr27        00000
__Hsfr28                                      sfr28        00000
__Hsfr29                                      sfr29        00000
__Hsfr3                                       sfr3         00000
__Hsfr30                                      sfr30        00000
__Hsfr31                                      sfr31        00000
__Hsfr4                                       sfr4         00000
__Hsfr5                                       sfr5         00000
__Hsfr6                                       sfr6         00000
__Hsfr7                                       sfr7         00000
__Hsfr8                                       sfr8         00000
__Hsfr9                                       sfr9         00000
__Hspace_0                                    (abs)        02000
__Hspace_1                                    (abs)        00260
__Hspace_2                                    (abs)        00000
__Hspace_3                                    (abs)        00000
__Hspace_4                                    (abs)        10013
__Hstack                                      stack        00000
__Hstrings                                    strings      00000
__Hstringtext1                                stringtext1  00000
__Hstringtext2                                stringtext2  00000
__Hstringtext3                                stringtext3  00000
__Hstringtext4                                stringtext4  00000
__Hstringtext5                                stringtext5  00000
__Hstringtext6                                stringtext6  00000
__Hstringtext7                                stringtext7  00000
__Htext                                       text         00000
__Labs1                                       abs1         00000
__Lbank0                                      bank0        00000
__Lbank1                                      bank1        00000
__Lbank10                                     bank10       00000
__Lbank11                                     bank11       00000
__Lbank12                                     bank12       00000
__Lbank13                                     bank13       00000
__Lbank14                                     bank14       00000
__Lbank15                                     bank15       00000
__Lbank16                                     bank16       00000
__Lbank17                                     bank17       00000
__Lbank18                                     bank18       00000
__Lbank19                                     bank19       00000
__Lbank2                                      bank2        00000
__Lbank20                                     bank20       00000
__Lbank21                                     bank21       00000
__Lbank22                                     bank22       00000
__Lbank23                                     bank23       00000
__Lbank24                                     bank24       00000
__Lbank25                                     bank25       00000
__Lbank26                                     bank26       00000
__Lbank27                                     bank27       00000
__Lbank28                                     bank28       00000
__Lbank29                                     bank29       00000
__Lbank3                                      bank3        00000
__Lbank30                                     bank30       00000
__Lbank31                                     bank31       00000
__Lbank4                                      bank4        00000
__Lbank5                                      bank5        00000
__Lbank6                                      bank6        00000
__Lbank7                                      bank7        00000
__Lbank8                                      bank8        00000
__Lbank9                                      bank9        00000
__Lbigram                                     bigram       00000
__LbssBANK0                                   bssBANK0     00000
__LbssBANK1                                   bssBANK1     00000
__LbssBANK2                                   bssBANK2     00000
__LbssBANK3                                   bssBANK3     00000
__LbssBANK4                                   bssBANK4     00000
__LbssCOMMON                                  bssCOMMON    00000
__Lcinit                                      cinit        00060
__Lclrtext                                    clrtext      00000
__Lcode                                       code         00000
__Lcommon                                     common       00000
__Lconfig                                     config       00000
__LcstackBANK0                                cstackBANK0  00000
__LcstackBANK1                                cstackBANK1  00000
__LcstackCOMMON                               cstackCOMMON 00000
__LdataBANK0                                  dataBANK0    00000
__LdataBANK1                                  dataBANK1    00000
__Leeprom_data                                eeprom_data  00000
__Lend_init                                   end_init     0005E
__Lfunctab                                    functab      00000
__LidataBANK0                                 idataBANK0   00000
__LidataBANK1                                 idataBANK1   00000
__Linit                                       init         0005E
__Linittext                                   inittext     00000
__Lintentry                                   intentry     00004
__Lmaintext                                   maintext     00000
__LnvBANK1                                    nvBANK1      00000
__LnvBANK2                                    nvBANK2      00000
__Lpowerup                                    powerup      00000
__Lram                                        ram          00000
__Lreset_vec                                  reset_vec    00000
__Lsfr0                                       sfr0         00000
__Lsfr1                                       sfr1         00000
__Lsfr10                                      sfr10        00000
__Lsfr11                                      sfr11        00000
__Lsfr12                                      sfr12        00000
__Lsfr13                                      sfr13        00000
__Lsfr14                                      sfr14        00000
__Lsfr15                                      sfr15        00000
__Lsfr16                                      sfr16        00000
__Lsfr17                                      sfr17        00000
__Lsfr18                                      sfr18        00000
__Lsfr19                                      sfr19        00000
__Lsfr2                                       sfr2         00000
__Lsfr20                                      sfr20        00000
__Lsfr21                                      sfr21        00000
__Lsfr22                                      sfr22        00000
__Lsfr23                                      sfr23        00000
__Lsfr24                                      sfr24        00000
__Lsfr25                                      sfr25        00000
__Lsfr26                                      sfr26        00000
__Lsfr27                                      sfr27        00000
__Lsfr28                                      sfr28        00000
__Lsfr29                                      sfr29        00000
__Lsfr3                                       sfr3         00000
__Lsfr30                                      sfr30        00000
__Lsfr31                                      sfr31        00000
__Lsfr4                                       sfr4         00000
__Lsfr5                                       sfr5         00000
__Lsfr6                                       sfr6         00000
__Lsfr7                                       sfr7         00000
__Lsfr8                                       sfr8         00000
__Lsfr9                                       sfr9         00000
__Lspace_0                                    (abs)        00000
__Lspace_1                                    (abs)        00000
__Lspace_2                                    (abs)        00000
__Lspace_3                                    (abs)        00000
__Lspace_4                                    (abs)        00000
__Lstack                                      stack        00000
__Lstrings                                    strings      00000
__Lstringtext1                                stringtext1  00000
__Lstringtext2                                stringtext2  00000
__Lstringtext3                                stringtext3  00000
__Lstringtext4                                stringtext4  00000
__Lstringtext5                                stringtext5  00000
__Lstringtext6                                stringtext6  00000
__Lstringtext7                                stringtext7  00000
__Ltext                                       text         00000
__S0                                          (abs)        02000
__S1                                          (abs)        00260
__S2                                          (abs)        00000
__S3                                          (abs)        00000
___int_sp                                     stack        00000
___latbits                                    (abs)        00002
___lmul                                       text39       01432
___lmul@multiplicand                          cstackBANK0  00024
___lmul@multiplier                            cstackBANK0  00020
___lmul@product                               cstackBANK0  00028
___lwdiv                                      text13       0153D
___lwdiv@counter                              cstackBANK0  00027
___lwdiv@dividend                             cstackBANK0  00022
___lwdiv@divisor                              cstackBANK0  00020
___lwdiv@quotient                             cstackBANK0  00025
___lwmod                                      text12       014D0
___lwmod@counter                              cstackBANK0  0002D
___lwmod@dividend                             cstackBANK0  0002A
___lwmod@divisor                              cstackBANK0  00028
___sp                                         stack        00000
___stackhi                                    (abs)        023EF
___stacklo                                    (abs)        02180
___wmul                                       text36       0126C
___wmul@multiplicand                          cstackBANK0  00022
___wmul@multiplier                            cstackBANK0  00020
___wmul@product                               cstackBANK0  00024
__end_of_ADCC_GetSingleConversion             text80       010B9
__end_of_ADCC_Initialize                      text64       01111
__end_of_Clock_ISR                            text84       00D80
__end_of_DATAEE_ReadByte                      text37       01085
__end_of_DATAEE_WriteByte                     text71       01316
__end_of_EUSART_Initialize                    text61       01404
__end_of_EUSART_Read                          text5        013AB
__end_of_EUSART_Receive_ISR                   text92       012CF
__end_of_EUSART_SetRxInterruptHandler         text63       01FE5
__end_of_EUSART_SetTxInterruptHandler         text62       01FEE
__end_of_EUSART_Transmit_ISR                  text91       0133B
__end_of_EUSART_Write                         text46       01432
__end_of_EUSART_is_rx_ready                   text70       01F9F
__end_of_EXT_INT_Initialize                   text59       01068
__end_of_INTERRUPT_InterruptManager           intentry     0005E
__end_of_INT_CallBack                         text88       0104D
__end_of_INT_DefaultInterruptHandler          text89       01F9B
__end_of_INT_ISR                              text87       01FBF
__end_of_INT_SetInterruptHandler              text60       01FF7
__end_of_LCDchar                              text20       0102B
__end_of_LCDcmd                               text21       00800
__end_of_LCDinit                              text66       00932
__end_of_LCDsend                              text68       017A6
__end_of_LCDsend2x4                           text67       00A86
__end_of_LCDstr                               text19       01195
__end_of_OSCILLATOR_Initialize                text58       02000
__end_of_PIN_MANAGER_Initialize               text57       0167F
__end_of_PMD_Initialize                       text56       01FD3
__end_of_PWM6_Initialize                      text55       0105A
__end_of_PWM6_LoadDutyValue                   text18       0112A
__end_of_PWM_Output_D4_Disable                text17       01FAE
__end_of_PWM_Output_D4_Enable                 text65       01FA2
__end_of_ReadI2C                              text79       01144
__end_of_S1_ISR                               text90       01FDC
__end_of_S1button                             text22       007F8
__end_of_SYSTEM_Initialize                    text49       0124D
__end_of_TMR1_DefaultInterruptHandler         text85       01F9C
__end_of_TMR1_ISR                             text82       010E3
__end_of_TMR1_Initialize                      text53       0120F
__end_of_TMR1_SetInterruptHandler             text54       01010
__end_of_TMR1_WriteTimer                      text83       01096
__end_of_TMR2_Initialize                      text52       01076
__end_of_TMR2_Start                           text48       01FA5
__end_of_TMR2_StartTimer                      text47       01FB5
__end_of_TMR2_Stop                            text16       01FB1
__end_of_TMR2_StopTimer                       text15       01FB9
__end_of_TMR5_DefaultInterruptHandler         text74       00801
__end_of_TMR5_ISR                             text73       010FA
__end_of_TMR5_Initialize                      text50       0122E
__end_of_TMR5_SetInterruptHandler             text51       01019
__end_of_TMR5_StartTimer                      text41       01FA8
__end_of_TMR5_StopTimer                       text40       01FAB
__end_of_TMR5_WriteTimer                      text81       010A7
__end_of_WriteI2C                             text69       01800
__end_of___lmul                               text39       01466
__end_of___lwdiv                              text13       0157A
__end_of___lwmod                              text12       01505
__end_of___wmul                               text36       0128C
__end_of__initialization                      cinit        0009D
__end_of_cmd_aa                               text25       0153D
__end_of_cmd_dac                              text27       016C3
__end_of_cmd_dtl                              text26       0149B
__end_of_cmd_ir                               text24       013D6
__end_of_cmd_mmp                              text30       008BC
__end_of_cmd_mta                              text29       0117A
__end_of_cmd_ra                               text28       0163C
__end_of_cmd_rc                               text34       01360
__end_of_cmd_rp                               text31       01385
__end_of_cmd_rtl                              text32       012AD
__end_of_cmd_sc                               text33       015B9
__end_of_cmd_trc                              text23       00C75
__end_of_cmd_tri                              text35       00B78
__end_of_commands                             stringtext1  01827
__end_of_differenceBetweenTimePeriod          text14       014D0
__end_of_dpowers                              stringtext2  01840
__end_of_editClock                            text8        009B2
__end_of_editLum                              text7        0170B
__end_of_editTemp                             text6        01753
__end_of_getch                                text4        00805
__end_of_i2c1_driver_open                     text3        01040
__end_of_isdigit                              text11       010CC
__end_of_main                                 maintext     003E1
__end_of_memset                               text2        0126C
__end_of_monitoring_ISR                       text75       01000
__end_of_putch                                text45       01007
__end_of_sendERRORMessage                     text43       011D1
__end_of_sendMessage                          text44       012F2
__end_of_sendOKMessage                        text42       0115F
__end_of_setTimer5ReloadVal                   text38       01022
__end_of_sprintf                              text10       0079B
__end_of_toggleAlarms                         text1        015FA
__end_of_tsttc                                text77       00E8D
__end_of_update_menuLCD                       text9        005FD
__end_ofi1_DATAEE_WriteByte                   text86       011B3
__end_ofi1_WriteI2C                           text78       00850
__end_ofi1___wmul                             text76       011F0
__initialization                              cinit        00060
__pbssBANK0                                   bssBANK0     0005F
__pbssBANK1                                   bssBANK1     000C0
__pbssBANK2                                   bssBANK2     00120
__pbssBANK3                                   bssBANK3     001A0
__pbssBANK4                                   bssBANK4     00220
__pbssCOMMON                                  bssCOMMON    0007D
__pcstackBANK0                                cstackBANK0  00020
__pcstackBANK1                                cstackBANK1  000A0
__pcstackCOMMON                               cstackCOMMON 00070
__pdataBANK0                                  dataBANK0    0006E
__pdataBANK1                                  dataBANK1    000E6
__pidataBANK0                                 idataBANK0   00002
[...]
Total ram usage:        0 bytes
 Hardware stack levels used:    1
 Hardware stack levels required when called:    2
 This function calls:
		Absolute function
		_Clock_ISR
		_TMR1_DefaultInterruptHandler
		_TMR1_WriteTimer
 This function is called by:
		_INTERRUPT_InterruptManager
 This function uses a non-reentrant model


 *************** function _TMR1_WriteTimer *****************
 Defined at:
		line 127 in file "mcc_generated_files/tmr1.c"
 Parameters:    Size  Location     Type
  timerVal        2    0[COMMON] unsigned int 
 Auto vars:     Size  Location     Type
		None
 Return value:  Size  Location     Type
                  1    wreg      void 
 Registers used:
		wreg, status,2
 Tracked objects:
		On entry : 
		On exit  : 
		Unchanged: 
 Data sizes:     COMMON   BANK0   BANK1   BANK2   BANK3   BANK4   BANK5   BANK6   BANK7   BANK8   BANK9  BANK10  BANK11  BANK12
      Params:         2       0       0       0       0       0       0       0       0       0       0       0       0       0
      Locals:         0       0       0       0       0       0       0       0       0       0       0       0       0       0
      Temps:          0       0       0       0       0       0       0       0       0       0       0       0       0       0
      Totals:         2       0       0       0       0       0       0       0       0       0       0       0       0       0
Total ram usage:        2 bytes
 Hardware stack levels used:    1
 This function calls:
		Nothing
 This function is called by:
		_TMR1_ISR
		_TMR1_Reload
 This function uses a non-reentrant model


 *************** function _Clock_ISR *****************
 Defined at:
		line 356 in file "main.c"
 Parameters:    Size  Location     Type
		None
 Auto vars:     Size  Location     Type
		None
 Return value:  Size  Location     Type
                  1    wreg      void 
 Registers used:
		wreg, status,2, status,0, pclath, cstack
 Tracked objects:
		On entry : 
		On exit  : 
		Unchanged: 
 Data sizes:     COMMON   BANK0   BANK1   BANK2   BANK3   BANK4   BANK5   BANK6   BANK7   BANK8   BANK9  BANK10  BANK11  BANK12
      Params:         0       0       0       0       0       0       0       0       0       0       0       0       0       0
      Locals:         0       0       0       0       0       0       0       0       0       0       0       0       0       0
      Temps:          1       0       0       0       0       0       0       0       0       0       0       0       0       0
      Totals:         1       0       0       0       0       0       0       0       0       0       0       0       0       0
Total ram usage:        1 bytes
 Hardware stack levels used:    1
 Hardware stack levels required when called:    1
 This function calls:
		i1_DATAEE_WriteByte
 This function is called by:
		_main
		_TMR1_ISR
 This function uses a non-reentrant model


 *************** function _TMR1_DefaultInterruptHandler *****************
 Defined at:
		line 182 in file "mcc_generated_files/tmr1.c"
 Parameters:    Size  Location     Type
		None
 Auto vars:     Size  Location     Type
		None
 Return value:  Size  Location     Type
                  1    wreg      void 
 Registers used:
		None
 Tracked objects:
		On entry : 
		On exit  : 
		Unchanged: 
 Data sizes:     COMMON   BANK0   BANK1   BANK2   BANK3   BANK4   BANK5   BANK6   BANK7   BANK8   BANK9  BANK10  BANK11  BANK12
      Params:         0       0       0       0       0       0       0       0       0       0       0       0       0       0
      Locals:         0       0       0       0       0       0       0       0       0       0       0       0       0       0
      Temps:          0       0       0       0       0       0       0       0       0       0       0       0       0       0
      Totals:         0       0       0       0       0       0       0       0       0       0       0       0       0       0
Total ram usage:        0 bytes
 Hardware stack levels used:    1
 This function calls:
		Nothing
 This function is called by:
		_TMR1_Initialize
		_TMR1_ISR
 This function uses a non-reentrant model


 *************** function i1_DATAEE_WriteByte *****************
 Defined at:
		line 180 in file "mcc_generated_files/memory.c"
 Parameters:    Size  Location     Type
  bAdd            2    6[COMMON] unsigned int 
  bData           1    8[COMMON] unsigned char 
 Auto vars:     Size  Location     Type
  GIEBitValue     1    9[COMMON] unsigned char 
 Return value:  Size  Location     Type
                  1    wreg      void 
 Registers used:
		wreg, status,2, status,0
 Tracked objects:
		On entry : 
		On exit  : 
		Unchanged: 
 Data sizes:     COMMON   BANK0   BANK1   BANK2   BANK3   BANK4   BANK5   BANK6   BANK7   BANK8   BANK9  BANK10  BANK11  BANK12
      Params:         3       0       0       0       0       0       0       0       0       0       0       0       0       0
      Locals:         1       0       0       0       0       0       0       0       0       0       0       0       0       0
      Temps:          0       0       0       0       0       0       0       0       0       0       0       0       0       0
      Totals:         4       0       0       0       0       0       0       0       0       0       0       0       0       0
Total ram usage:        4 bytes
 Hardware stack levels used:    1
 This function calls:
		Nothing
 This function is called by:
		_Clock_ISR
		_monitoring_ISR
 This function uses a non-reentrant model


 *************** function _INT_ISR *****************
 Defined at:
		line 32 in file "mcc_generated_files/ext_int.c"
 Parameters:    Size  Location     Type
		None
 Auto vars:     Size  Location     Type
		None
 Return value:  Size  Location     Type
                  1    wreg      void 
 Registers used:
		wreg, status,2, status,0, pclath, cstack
 Tracked objects:
		On entry : 
		On exit  : 
		Unchanged: 
 Data sizes:     COMMON   BANK0   BANK1   BANK2   BANK3   BANK4   BANK5   BANK6   BANK7   BANK8   BANK9  BANK10  BANK11  BANK12
      Params:         0       0       0       0       0       0       0       0       0       0       0       0       0       0
      Locals:         0       0       0       0       0       0       0       0       0       0       0       0       0       0
      Temps:          0       0       0       0       0       0       0       0       0       0       0       0       0       0
      Totals:         0       0       0       0       0       0       0       0       0       0       0       0       0       0
Total ram usage:        0 bytes
 Hardware stack levels used:    1
 Hardware stack levels required when called:    2
 This function calls:
		_INT_CallBack
 This function is called by:
		_INTERRUPT_InterruptManager
 This function uses a non-reentrant model


 *************** function _INT_CallBack *****************
 Defined at:
		line 41 in file "mcc_generated_files/ext_int.c"
 Parameters:    Size  Location     Type
		None
 Auto vars:     Size  Location     Type
		None
 Return value:  Size  Location     Type
                  1    wreg      void 
 Registers used:
		wreg, status,2, status,0, pclath, cstack
 Tracked objects:
		On entry : 
		On exit  : 
		Unchanged: 
 Data sizes:     COMMON   BANK0   BANK1   BANK2   BANK3   BANK4   BANK5   BANK6   BANK7   BANK8   BANK9  BANK10  BANK11  BANK12
      Params:         0       0       0       0       0       0       0       0       0       0       0       0       0       0
      Locals:         0       0       0       0       0       0       0       0       0       0       0       0       0       0
      Temps:          0       0       0       0       0       0       0       0       0       0       0       0       0       0
      Totals:         0       0       0       0       0       0       0       0       0       0       0       0       0       0
Total ram usage:        0 bytes
 Hardware stack levels used:    1
 Hardware stack levels required when called:    1
 This function calls:
		Absolute function
		_INT_DefaultInterruptHandler
		_S1_ISR
 This function is called by:
		_INT_ISR
 This function uses a non-reentrant model


 *************** function _INT_DefaultInterruptHandler *****************
 Defined at:
		line 54 in file "mcc_generated_files/ext_int.c"
 Parameters:    Size  Location     Type
		None
 Auto vars:     Size  Location     Type
		None
 Return value:  Size  Location     Type
                  1    wreg      void 
 Registers used:
		None
 Tracked objects:
		On entry : 
		On exit  : 
		Unchanged: 
 Data sizes:     COMMON   BANK0   BANK1   BANK2   BANK3   BANK4   BANK5   BANK6   BANK7   BANK8   BANK9  BANK10  BANK11  BANK12
      Params:         0       0       0       0       0       0       0       0       0       0       0       0       0       0
      Locals:         0       0       0       0       0       0       0       0       0       0       0       0       0       0
      Temps:          0       0       0       0       0       0       0       0       0       0       0       0       0       0
      Totals:         0       0       0       0       0       0       0       0       0       0       0       0       0       0
Total ram usage:        0 bytes
 Hardware stack levels used:    1
 This function calls:
		Nothing
 This function is called by:
		_EXT_INT_Initialize
		_INT_CallBack
 This function uses a non-reentrant model


 *************** function _S1_ISR *****************
 Defined at:
		line 776 in file "main.c"
 Parameters:    Size  Location     Type
		None
 Auto vars:     Size  Location     Type
		None
 Return value:  Size  Location     Type
                  1    wreg      void 
 Registers used:
		None
 Tracked objects:
		On entry : 
		On exit  : 
		Unchanged: 
 Data sizes:     COMMON   BANK0   BANK1   BANK2   BANK3   BANK4   BANK5   BANK6   BANK7   BANK8   BANK9  BANK10  BANK11  BANK12
      Params:         0       0       0       0       0       0       0       0       0       0       0       0       0       0
      Locals:         0       0       0       0       0       0       0       0       0       0       0       0       0       0
      Temps:          0       0       0       0       0       0       0       0       0       0       0       0       0       0
      Totals:         0       0       0       0       0       0       0       0       0       0       0       0       0       0
Total ram usage:        0 bytes
 Hardware stack levels used:    1
 This function calls:
		Nothing
 This function is called by:
		_main
		_INT_CallBack
 This function uses a non-reentrant model


 *************** function _EUSART_Transmit_ISR *****************
 Defined at:
		line 181 in file "mcc_generated_files/eusart.c"
 Parameters:    Size  Location     Type
		None
 Auto vars:     Size  Location     Type
		None
 Return value:  Size  Location     Type
                  1    wreg      void 
 Registers used:
		wreg, fsr1l, fsr1h, status,2, status,0
 Tracked objects:
		On entry : 
		On exit  : 
		Unchanged: 
 Data sizes:     COMMON   BANK0   BANK1   BANK2   BANK3   BANK4   BANK5   BANK6   BANK7   BANK8   BANK9  BANK10  BANK11  BANK12
      Params:         0       0       0       0       0       0       0       0       0       0       0       0       0       0
      Locals:         0       0       0       0       0       0       0       0       0       0       0       0       0       0
      Temps:          1       0       0       0       0       0       0       0       0       0       0       0       0       0
      Totals:         1       0       0       0       0       0       0       0       0       0       0       0       0       0
Total ram usage:        1 bytes
 Hardware stack levels used:    1
 This function calls:
		Nothing
 This function is called by:
		_EUSART_Initialize
		_INTERRUPT_InterruptManager
 This function uses a non-reentrant model


 *************** function _EUSART_Receive_ISR *****************
 Defined at:
		line 200 in file "mcc_generated_files/eusart.c"
 Parameters:    Size  Location     Type
		None
 Auto vars:     Size  Location     Type
		None
 Return value:  Size  Location     Type
                  1    wreg      void 
 Registers used:
		wreg, fsr1l, fsr1h, status,2, status,0
 Tracked objects:
		On entry : 
		On exit  : 
		Unchanged: 
 Data sizes:     COMMON   BANK0   BANK1   BANK2   BANK3   BANK4   BANK5   BANK6   BANK7   BANK8   BANK9  BANK10  BANK11  BANK12
      Params:         0       0       0       0       0       0       0       0       0       0       0       0       0       0
      Locals:         0       0       0       0       0       0       0       0       0       0       0       0       0       0
      Temps:          1       0       0       0       0       0       0       0       0       0       0       0       0       0
      Totals:         1       0       0       0       0       0       0       0       0       0       0       0       0       0
Total ram usage:        1 bytes
 Hardware stack levels used:    1
 This function calls:
		Nothing
 This function is called by:
		_EUSART_Initialize
		_INTERRUPT_InterruptManager
 This function uses a non-reentrant model



MODULE INFORMATION

Module		Function		Class		Link	Load	Size
E:\Microchip\xc8\v2.30\pic\sources\c90\common\Umul32.c
		___lmul        		CODE           	1432	0000	52

E:\Microchip\xc8\v2.30\pic\sources\c90\common\Umul32.c estimated size: 52

mcc_generated_files/pwm6.c
		_PWM6_LoadDutyValue		CODE           	1111	0000	25
		_PWM6_Initialize		CODE           	104D	0000	13

mcc_generated_files/pwm6.c estimated size: 38

mcc_generated_files/tmr2.c
		_TMR2_Initialize		CODE           	1068	0000	14
		_TMR2_Stop     		CODE           	1FAE	0000	3
		_TMR2_Start    		CODE           	1FA2	0000	3
		_TMR2_StopTimer		CODE           	1FB5	0000	4
		_TMR2_StartTimer		CODE           	1FB1	0000	4

mcc_generated_files/tmr2.c estimated size: 28

mcc_generated_files/interrupt_manager.c
		_INTERRUPT_InterruptManager		CODE           	0004	0000	90

mcc_generated_files/interrupt_manager.c estimated size: 90

E:\Microchip\xc8\v2.30\pic\sources\c90\common\memset.c
		_memset        		CODE           	124D	0000	31

E:\Microchip\xc8\v2.30\pic\sources\c90\common\memset.c estimated size: 31

mcc_generated_files/pin_manager.c
		_PIN_MANAGER_Initialize		CODE           	163C	0000	67

mcc_generated_files/pin_manager.c estimated size: 67

I2C/i2c.c
		_ReadI2C       		CODE           	112A	0000	26
		_WriteI2C      		CODE           	17A6	0000	90

I2C/i2c.c estimated size: 116

E:\Microchip\xc8\v2.30\pic\sources\c90\common\lwmod.c
		___lwmod       		CODE           	14D0	0000	53

E:\Microchip\xc8\v2.30\pic\sources\c90\common\lwmod.c estimated size: 53

E:\Microchip\xc8\v2.30\pic\sources\c90\common\doprnt.c
		_sprintf       		CODE           	05FD	0000	414

E:\Microchip\xc8\v2.30\pic\sources\c90\common\doprnt.c estimated size: 414

mcc_generated_files/ext_int.c
		_INT_DefaultInterruptHandler		CODE           	1F9A	0000	1
		_EXT_INT_Initialize		CODE           	105A	0000	14
		_INT_SetInterruptHandler		CODE           	1FEE	0000	9
		_INT_CallBack  		CODE           	1040	0000	13
		_INT_ISR       		CODE           	1FB9	0000	6

mcc_generated_files/ext_int.c estimated size: 43

mcc_generated_files/tmr5.c
		_setTimer5ReloadVal		CODE           	1019	0000	9
		_TMR5_ISR      		CODE           	10E3	0000	23
		_TMR5_Initialize		CODE           	120F	0000	31
		_TMR5_SetInterruptHandler		CODE           	1010	0000	9
		_TMR5_StopTimer		CODE           	1FA8	0000	3
		_TMR5_DefaultInterruptHandler		CODE           	0800	0000	1
		_TMR5_WriteTimer		CODE           	1096	0000	17
		_TMR5_StartTimer		CODE           	1FA5	0000	3

mcc_generated_files/tmr5.c estimated size: 96

shared
		i1_DATAEE_WriteByte		CODE           	1195	0000	30
		_dpowers       		STRCODE        	1836	0000	10
		i1___wmul      		CODE           	11D1	0000	31
		__initialization		CODE           	0060	0000	61
		i1_WriteI2C    		CODE           	0805	0000	75
		_commands      		STRCODE        	1800	0000	39

shared estimated size: 246

mcc_generated_files/mcc.c
		_PMD_Initialize		CODE           	1FCB	0000	8
		_OSCILLATOR_Initialize		CODE           	1FF7	0000	9
		_SYSTEM_Initialize		CODE           	122E	0000	31

mcc_generated_files/mcc.c estimated size: 48

mcc_generated_files/tmr1.c
		_TMR1_Initialize		CODE           	11F0	0000	31
		_TMR1_SetInterruptHandler		CODE           	1007	0000	9
		_TMR1_DefaultInterruptHandler		CODE           	1F9B	0000	1
		_TMR1_WriteTimer		CODE           	1085	0000	17
		_TMR1_ISR      		CODE           	10CC	0000	23

mcc_generated_files/tmr1.c estimated size: 81

E:\Microchip\xc8\v2.30\pic\sources\c90\common\lwdiv.c
		___lwdiv       		CODE           	153D	0000	61

E:\Microchip\xc8\v2.30\pic\sources\c90\common\lwdiv.c estimated size: 61

E:\Microchip\xc8\v2.30\pic\sources\c90\common\Umul16.c
		___wmul        		CODE           	126C	0000	32

E:\Microchip\xc8\v2.30\pic\sources\c90\common\Umul16.c estimated size: 32

mcc_generated_files/memory.c
		_DATAEE_WriteByte		CODE           	12F2	0000	36
		_DATAEE_ReadByte		CODE           	1076	0000	15

mcc_generated_files/memory.c estimated size: 51

mcc_generated_files/i2c1_driver.c
		_i2c1_driver_open		CODE           	1034	0000	12

mcc_generated_files/i2c1_driver.c estimated size: 12

mcc_generated_files/eusart.c
		_EUSART_SetRxInterruptHandler		CODE           	1FDC	0000	9
		_EUSART_SetTxInterruptHandler		CODE           	1FE5	0000	9
		_putch         		CODE           	1000	0000	7
		_EUSART_Read   		CODE           	1385	0000	38
		_EUSART_Write  		CODE           	1404	0000	46
		_EUSART_Transmit_ISR		CODE           	1316	0000	37
		_EUSART_Initialize		CODE           	13D6	0000	46
		_getch         		CODE           	0801	0000	4
		_EUSART_Receive_ISR		CODE           	12AD	0000	34
		_EUSART_is_rx_ready		CODE           	1F9C	0000	3

mcc_generated_files/eusart.c estimated size: 233

mcc_generated_files/adcc.c
		_ADCC_GetSingleConversion		CODE           	10A7	0000	18
		_ADCC_Initialize		CODE           	10FA	0000	23

mcc_generated_files/adcc.c estimated size: 41

E:\Microchip\xc8\v2.30\pic\sources\c90\common\isdigit.c
		_isdigit       		CODE           	10B9	0000	19

E:\Microchip\xc8\v2.30\pic\sources\c90\common\isdigit.c estimated size: 19

main.c
		_differenceBetweenTimePeriod		CODE           	149B	0000	53
		_cmd_rp        		CODE           	1360	0000	37
		_PWM_Output_D4_Disable		CODE           	1FAB	0000	3
		_toggleAlarms  		CODE           	15B9	0000	65
		_editLum       		CODE           	16C3	0000	72
		_LCDinit       		CODE           	08BC	0000	118
		_LCDsend       		CODE           	1753	0000	83
		_LCDsend2x4    		CODE           	09B2	0000	212
		_monitoring_ISR		CODE           	0E8D	0000	371
		_cmd_ir        		CODE           	13AB	0000	43
		_cmd_trc       		CODE           	0B78	0000	253
		_cmd_mmp       		CODE           	0850	0000	108
		_main          		CODE           	00A1	0000	832
		_sendOKMessage 		CODE           	1144	0000	27
		_LCDstr        		CODE           	117A	0000	27
		_cmd_mta       		CODE           	115F	0000	27
		_cmd_dtl       		CODE           	1466	0000	53
		_cmd_tri       		CODE           	0A86	0000	242
		_sendERRORMessage		CODE           	11B3	0000	30
		_PWM_Output_D4_Enable		CODE           	1F9F	0000	3
		_LCDchar       		CODE           	1022	0000	9
		_S1button      		CODE           	079B	0000	93
		_cmd_rc        		CODE           	133B	0000	37
		_cmd_dac       		CODE           	167F	0000	68
		_update_menuLCD		CODE           	03E1	0000	540
		_Clock_ISR     		CODE           	0C75	0000	267
		_cmd_rtl       		CODE           	128C	0000	33
		_tsttc         		CODE           	0D80	0000	269
		_cmd_sc        		CODE           	157A	0000	63
		_editClock     		CODE           	0932	0000	128
		_S1_ISR        		CODE           	1FD3	0000	9
		_LCDcmd        		CODE           	07F8	0000	8
		_cmd_ra        		CODE           	15FA	0000	66
		_sendMessage   		CODE           	12CF	0000	35
		_editTemp      		CODE           	170B	0000	72
		_cmd_aa        		CODE           	1505	0000	56

main.c estimated size: 4412

