Microchip MPLAB XC8 Compiler V2.30

Linker command line:

-W-3 --edf=E:\Microchip\xc8\v2.30\pic\dat\en_msgs.txt -cn \
  -h+dist/default/production\SCE_Project_part2.production.sym \
  --cmf=dist/default/production\SCE_Project_part2.production.cmf -z \
  -Q16F18875 -oC:\Users\Andre\AppData\Local\Temp\s6fox2 \
  --defsym=__MPLAB_BUILD=1 \
  -Mdist/default/production/SCE_Project_part2.production.map -E1 \
  -ver=XC8 Compiler --acfsm=1493 -ASTACK=020B7h-023EFh -pstack=STACK \
  -ACODE=00h-07FFhx4 -ASTRCODE=00h-01FFFh -ASTRING=00h-0FFhx32 \
  -ACONST=00h-0FFhx32 -AENTRY=00h-0FFhx32 -ACOMMON=070h-07Fh \
  -ABANK0=020h-06Fh -ABANK1=0A0h-0EFh -ABANK2=0120h-016Fh \
  -ABANK3=01A0h-01EFh -ABANK4=0220h-026Fh -ABANK5=02A0h-02EFh \
  -ABANK6=0320h-036Fh -ABANK7=03A0h-03EFh -ABANK8=0420h-046Fh \
  -ABANK9=04A0h-04EFh -ABANK10=0520h-056Fh -ABANK11=05A0h-05EFh \
  -ABANK12=0620h-064Fh -ABIGRAM=02000h-023EFh \
  -ARAM=020h-06Fh,0A0h-0EFh,0120h-016Fh,01A0h-01EFh,0220h-026Fh,02A0h-02EFh,0320h-036Fh,03A0h-03EFh,0420h-046Fh,04A0h-04EFh,0520h-056Fh,05A0h-05EFh,0620h-064Fh \
  -AABS1=020h-07Fh,0A0h-0EFh,0120h-016Fh,01A0h-01EFh,0220h-026Fh,02A0h-02EFh,0320h-036Fh,03A0h-03EFh,0420h-046Fh,04A0h-04EFh,0520h-056Fh,05A0h-05EFh,0620h-064Fh \
  -ASFR0=00h-01Fh -ASFR1=080h-09Fh -ASFR2=0100h-011Fh -ASFR3=0180h-019Fh \
  -ASFR4=0200h-021Fh -ASFR5=0280h-029Fh -ASFR6=0300h-031Fh \
  -ASFR7=0380h-039Fh -ASFR8=0400h-041Fh -ASFR9=0480h-049Fh \
  -ASFR10=0500h-051Fh -ASFR11=0580h-059Fh -ASFR12=0600h-061Fh \
  -ASFR13=0680h-06EFh -ASFR14=0700h-076Fh -ASFR15=0780h-07EFh \
  -ASFR16=0800h-086Fh -ASFR17=0880h-08EFh -ASFR18=0900h-096Fh \
  -ASFR19=0980h-09EFh -ASFR20=0A00h-0A6Fh -ASFR21=0A80h-0AEFh \
  -ASFR22=0B00h-0B6Fh -ASFR23=0B80h-0BEFh -ASFR24=0C00h-0C6Fh \
  -ASFR25=0C80h-0CEFh -ASFR26=0D00h-0D6Fh -ASFR27=0D80h-0DEFh \
  -ASFR28=0E00h-0E6Fh -ASFR29=0E80h-0EEFh -ASFR30=0F00h-0F6Fh \
  -ASFR31=0F80h-0FEFh -ACONFIG=08007h-0800Bh -DCONFIG=2 \
  -AIDLOC=08000h-08003h -DIDLOC=2 -AEEDATA=00h-0FFh/0F000h \
  -peeprom_data=EEDATA -DEEDATA=2 -DCODE=2 -DSTRCODE=2 -DSTRING=2 -DCONST=2 \
  -DENTRY=2 -preset_vec=00h,intentry=04h,init,end_init -ppowerup=CODE \
  -pcinit=CODE -pfunctab=ENTRY -k \
  C:\Users\Andre\AppData\Local\Temp\s6foxm.o \
  dist/default/production\SCE_Project_part2.production.o 

Object code version is 3.11

Machine type is 16F18875



                Name                               Link     Load   Length Selector   Space Scale
C:\Users\Andre\AppData\Local\Temp\s6foxm.o
                end_init                             6A       6A        2        8       0
                reset_vec                             0        0        2        0       0
                config                             8007     8007        5        0       4
dist/default/production\SCE_Project_part2.production.o
                cinit                                6C       6C       28        8       0
                intentry                              4        4       66        8       0
                config                             8007     8007        5        0       4
                text83                             16CF     16CF       21     2D9E       0
                text82                             1712     1712       23     2E24       0
                text81                              B18      B18       5C     1630       0
                text80                             1438     1438        1     2870       0
                text79                             14CB     14CB        D     2996       0
                text78                             145E     145E        6     28BC       0
                text77                             1615     1615       1E     2C2A       0
                text76                                2        2        1        0       0
                text75                              6F5      6F5      101        8       0
                text74                             1510     1510       11     2A20       0
                text73                             156B     156B       17     2AD6       0
                text72                             1521     1521       11     2A42       0
                text71                              9C9      9C9       4B     1392       0
                text70                              C4E      C4E       B3     189C       0
                text69                             1488     1488        7     2910       0
                text68                             149D     149D        8     293A       0
                text67                             15FA     15FA       1B     2BF4       0
                text66                             1439     1439        3     2872       0
                text65                             143C     143C        3     2878       0
                text64                             144E     144E        4     289C       0
                text63                              86C      86C       34     10D8       0
                text62                              90C      90C       3C     1218       0
                text61                              8A0      8A0       34     1140       0
                text60                             1543     1543       12     2A86       0
                text59                             1633     1633       1F     2C66       0
                text58                              558      558      19D        8       0
                text57                             1555     1555       16     2AAA       0
                text56                             143F     143F        3     287E       0
                text55                             1442     1442        3     2884       0
                text54                             1452     1452        4     28A4       0
                text53                              32D      32D      22B        8       0
                text52                                3        3        1        6       0
                text51                             1582     1582       17     2B04       0
                text50                             1532     1532       11     2A64       0
                text49                              800      800       12     1000       0
                text48                             15E0     15E0       1A     2BC0       0
                text47                              DD5      DD5      10D     1BAA       0
                text46                              EE2      EE2      11E     1DC4       0
                text45                              7FF      7FF        1        8       0
                text44                             1599     1599       17     2B32       0
                text42                             1501     1501        F     2A02       0
                text41                             1735     1735       24     2E6A       0
                text40                             1445     1445        3     288A       0
                text39                              ABE      ABE       5A     157C       0
                text38                              A14      A14       53     1428       0
                text37                              D01      D01       D4     1A02       0
                text36                              BD8      BD8       76     17B0       0
                text35                             15C7     15C7       19     2B8E       0
                text34                             1448     1448        3     2890       0
                text33                             15B0     15B0       17     2B60       0
                text32                             14AD     14AD        9     295A       0
                text31                             14B6     14B6        9     296C       0
                text30                             177D     177D       2B     2EFA       0
                text29                             1464     1464        6     28C8       0
                text28                             14E5     14E5        E     29CA       0
                text27                              7F6      7F6        9        8       0
                text26                              986      986       43     130C       0
                text25                             14A5     14A5        8     294A       0
                text24                             14D8     14D8        D     29B0       0
                text23                             146A     146A        6     28D4       0
                text22                             1652     1652       1F     2CA4       0
                text21                             14F3     14F3        E     29E6       0
                text20                             1470     1470        6     28E0       0
                text19                             1671     1671       1F     2CE2       0
                text18                             1476     1476        6     28EC       0
                text17                             1690     1690       1F     2D20       0
                text16                             16F0     16F0       22     2DE0       0
                text15                             144B     144B        3     2896       0
                text14                             1456     1456        4     28AC       0
                text13                             16AF     16AF       20     2D5E       0
                text12                             17A8     17A8       2C     2F50       0
                text11                             148F     148F        7     291E       0
                text10                              8D4      8D4       38     11A8       0
                text9                               948      948       3E     1290       0
                text8                               A67      A67       57     14CE       0
                text7                               B74      B74       64     16E8       0
                text6                               812      812       2D     1024       0
                text5                               83F      83F       2D     107E       0
                text4                              1759     1759       24     2EB2       0
                text3                              145A     145A        4     28B4       0
                text2                              14BF     14BF        C     297E       0
                text1                              17D4     17D4       2C     2FA8       0
                maintext                             94       94      299        8       0
                cstackBANK0                          20       20       2D       20       1
                cstackCOMMON                         70       70        E       70       1
                cstackBANK1                          A0       A0       36       A0       1
                clrtext                            147C     147C        6     28F8       0
                inittext                           1482     1482        6     2904       0
                bssBANK2                            120      120       13      120       1
                bssBANK1                             E3       E3        D       A0       1
                dataBANK0                            67       67        7       20       1
                bssBANK0                             4D       4D       1A       20       1
                stringtext6                        182E     182E        4     3000       0
                stringtext5                        1829     1829        5     3000       0
                stringtext4                        1822     1822        7     3000       0
                stringtext3                        1800     1800        F     3000       0
                nvBANK2                             133      133        4      120       1
                nvBANK1                              D6       D6        D       A0       1
                nvBANK0                              6E       6E        2       20       1
                stringtext2                        1819     1819        9     3000       0
                stringtext1                        180F     180F        A     3000       0
                idataBANK0                         1496     1496        7     292C       0

TOTAL           Name                               Link     Load   Length     Space
        CLASS   STACK          

        CLASS   CODE           
                end_init                             6A       6A        2         0
                cinit                                6C       6C       28         0
                intentry                              4        4       66         0
                reset_vec                             0        0        2         0
                text83                             16CF     16CF       21         0
                text82                             1712     1712       23         0
                text81                              B18      B18       5C         0
                text80                             1438     1438        1         0
                text79                             14CB     14CB        D         0
                text78                             145E     145E        6         0
                text77                             1615     1615       1E         0
                text76                                2        2        1         0
                text75                              6F5      6F5      101         0
                text74                             1510     1510       11         0
                text73                             156B     156B       17         0
                text72                             1521     1521       11         0
                text71                              9C9      9C9       4B         0
                text70                              C4E      C4E       B3         0
                text69                             1488     1488        7         0
                text68                             149D     149D        8         0
                text67                             15FA     15FA       1B         0
                text66                             1439     1439        3         0
                text65                             143C     143C        3         0
                text64                             144E     144E        4         0
                text63                              86C      86C       34         0
                text62                              90C      90C       3C         0
                text61                              8A0      8A0       34         0
                text60                             1543     1543       12         0
                text59                             1633     1633       1F         0
                text58                              558      558      19D         0
                text57                             1555     1555       16         0
                text56                             143F     143F        3         0
                text55                             1442     1442        3         0
                text54                             1452     1452        4         0
                text53                              32D      32D      22B         0
                text52                                3        3        1         0
                text51                             1582     1582       17         0
                text50                             1532     1532       11         0
                text49                              800      800       12         0
                text48                             15E0     15E0       1A         0
                text47                              DD5      DD5      10D         0
                text46                              EE2      EE2      11E         0
                text45                              7FF      7FF        1         0
                text44                             1599     1599       17         0
                text42                             1501     1501        F         0
                text41                             1735     1735       24         0
                text40                             1445     1445        3         0
                text39                              ABE      ABE       5A         0
                text38                              A14      A14       53         0
                text37                              D01      D01       D4         0
                text36                              BD8      BD8       76         0
                text35                             15C7     15C7       19         0
                text34                             1448     1448        3         0
                text33                             15B0     15B0       17         0
                text32                             14AD     14AD        9         0
                text31                             14B6     14B6        9         0
                text30                             177D     177D       2B         0
                text29                             1464     1464        6         0
                text28                             14E5     14E5        E         0
                text27                              7F6      7F6        9         0
                text26                              986      986       43         0
                text25                             14A5     14A5        8         0
                text24                             14D8     14D8        D         0
                text23                             146A     146A        6         0
                text22                             1652     1652       1F         0
                text21                             14F3     14F3        E         0
                text20                             1470     1470        6         0
                text19                             1671     1671       1F         0
                text18                             1476     1476        6         0
                text17                             1690     1690       1F         0
                text16                             16F0     16F0       22         0
                text15                             144B     144B        3         0
                text14                             1456     1456        4         0
                text13                             16AF     16AF       20         0
                text12                             17A8     17A8       2C         0
                text11                             148F     148F        7         0
                text10                              8D4      8D4       38         0
                text9                               948      948       3E         0
                text8                               A67      A67       57         0
                text7                               B74      B74       64         0
                text6                               812      812       2D         0
                text5                               83F      83F       2D         0
                text4                              1759     1759       24         0
                text3                              145A     145A        4         0
                text2                              14BF     14BF        C         0
                text1                              17D4     17D4       2C         0
                maintext                             94       94      299         0
                clrtext                            147C     147C        6         0
                inittext                           1482     1482        6         0
                idataBANK0                         1496     1496        7         0

        CLASS   STRCODE        
                stringtext6                        182E     182E        4         0
                stringtext5                        1829     1829        5         0
                stringtext4                        1822     1822        7         0
                stringtext3                        1800     1800        F         0
                stringtext2                        1819     1819        9         0
                stringtext1                        180F     180F        A         0

        CLASS   STRING         

        CLASS   CONST          

        CLASS   ENTRY          

        CLASS   COMMON         
                cstackCOMMON                         70       70        E         1

        CLASS   BANK0          
                cstackBANK0                          20       20       2D         1
                dataBANK0                            67       67        7         1
                bssBANK0                             4D       4D       1A         1
                nvBANK0                              6E       6E        2         1

        CLASS   BANK1          
                cstackBANK1                          A0       A0       36         1
                bssBANK1                             E3       E3        D         1
                nvBANK1                              D6       D6        D         1

        CLASS   BANK2          
                bssBANK2                            120      120       13         1
                nvBANK2                             133      133        4         1

        CLASS   BANK3          

        CLASS   BANK4          

        CLASS   BANK5          

        CLASS   BANK6          

        CLASS   BANK7          

        CLASS   BANK8          

        CLASS   BANK9          

        CLASS   BANK10         

        CLASS   BANK11         

        CLASS   BANK12         

        CLASS   BIGRAM         

        CLASS   RAM            

        CLASS   ABS1           
                abs_s1                               7E       7E        2         1

        CLASS   SFR0           

        CLASS   SFR1           

        CLASS   SFR2           

        CLASS   SFR3           

        CLASS   SFR4           

        CLASS   SFR5           

        CLASS   SFR6           

        CLASS   SFR7           

        CLASS   SFR8           

        CLASS   SFR9           

        CLASS   SFR10          

        CLASS   SFR11          

        CLASS   SFR12          

        CLASS   SFR13          

        CLASS   SFR14          

        CLASS   SFR15          

        CLASS   SFR16          

        CLASS   SFR17          

        CLASS   SFR18          

        CLASS   SFR19          

        CLASS   SFR20          

        CLASS   SFR21          

        CLASS   SFR22          

        CLASS   SFR23          

        CLASS   SFR24          

        CLASS   SFR25          

        CLASS   SFR26          

        CLASS   SFR27          

        CLASS   SFR28          

        CLASS   SFR29          

        CLASS   SFR30          

        CLASS   SFR31          

        CLASS   CONFIG         
                config                             8007     8007        5         4

        CLASS   IDLOC          

        CLASS   EEDATA         

        CLASS   BANK31         

        CLASS   BANK30         

        CLASS   BANK29         

        CLASS   BANK28         

        CLASS   BANK27         

        CLASS   BANK26         

        CLASS   BANK25         

        CLASS   BANK24         

        CLASS   BANK23         

        CLASS   BANK22         

        CLASS   BANK21         

        CLASS   BANK20         

        CLASS   BANK19         

        CLASS   BANK18         

        CLASS   BANK17         

        CLASS   BANK16         

        CLASS   BANK15         

        CLASS   BANK14         

        CLASS   BANK13         



SEGMENTS        Name                           Load    Length   Top    Selector   Space  Class     Delta

                reset_vec                      000000  000003  000003         0       0  CODE        2
                text52                         000003  000001  000004         6       0  CODE        2
                intentry                       000004  0007FC  000800         8       0  CODE        2
                cstackBANK0                    000020  000050  000070        20       1  BANK0       1
                cstackCOMMON                   000070  00000E  00007E        70       1  COMMON      1
                cstackBANK1                    0000A0  000050  0000F0        A0       1  BANK1       1
                bssBANK2                       000120  000017  000137       120       1  BANK2       1
                text49                         000800  000012  000812      1000       0  CODE        2
                text6                          000812  00002D  00083F      1024       0  CODE        2
                text5                          00083F  00002D  00086C      107E       0  CODE        2
                text63                         00086C  000034  0008A0      10D8       0  CODE        2
                text61                         0008A0  000034  0008D4      1140       0  CODE        2
                text10                         0008D4  000038  00090C      11A8       0  CODE        2
                text62                         00090C  00003C  000948      1218       0  CODE        2
                text9                          000948  00003E  000986      1290       0  CODE        2
                text26                         000986  000043  0009C9      130C       0  CODE        2
                text71                         0009C9  00004B  000A14      1392       0  CODE        2
                text38                         000A14  000053  000A67      1428       0  CODE        2
                text8                          000A67  000057  000ABE      14CE       0  CODE        2
                text39                         000ABE  00005A  000B18      157C       0  CODE        2
                text81                         000B18  00005C  000B74      1630       0  CODE        2
                text7                          000B74  000064  000BD8      16E8       0  CODE        2
                text36                         000BD8  000076  000C4E      17B0       0  CODE        2
                text70                         000C4E  0000B3  000D01      189C       0  CODE        2
                text37                         000D01  0000D4  000DD5      1A02       0  CODE        2
                text47                         000DD5  00010D  000EE2      1BAA       0  CODE        2
                text46                         000EE2  00011E  001000      1DC4       0  CODE        2
                text80                         001438  000001  001439      2870       0  CODE        2
                text66                         001439  000003  00143C      2872       0  CODE        2
                text65                         00143C  000003  00143F      2878       0  CODE        2
                text56                         00143F  000003  001442      287E       0  CODE        2
                text55                         001442  000003  001445      2884       0  CODE        2
                text40                         001445  000003  001448      288A       0  CODE        2
                text34                         001448  000003  00144B      2890       0  CODE        2
                text15                         00144B  000003  00144E      2896       0  CODE        2
                text64                         00144E  000004  001452      289C       0  CODE        2
                text54                         001452  000004  001456      28A4       0  CODE        2
                text14                         001456  000004  00145A      28AC       0  CODE        2
                text3                          00145A  000004  00145E      28B4       0  CODE        2
                text78                         00145E  000006  001464      28BC       0  CODE        2
                text29                         001464  000006  00146A      28C8       0  CODE        2
                text23                         00146A  000006  001470      28D4       0  CODE        2
                text20                         001470  000006  001476      28E0       0  CODE        2
                text18                         001476  000006  00147C      28EC       0  CODE        2
                clrtext                        00147C  000006  001482      28F8       0  CODE        2
                inittext                       001482  000006  001488      2904       0  CODE        2
                text69                         001488  000007  00148F      2910       0  CODE        2
                text11                         00148F  000007  001496      291E       0  CODE        2
                idataBANK0                     001496  000007  00149D      292C       0  CODE        2
                text68                         00149D  000008  0014A5      293A       0  CODE        2
                text25                         0014A5  000008  0014AD      294A       0  CODE        2
                text32                         0014AD  000009  0014B6      295A       0  CODE        2
                text31                         0014B6  000009  0014BF      296C       0  CODE        2
                text2                          0014BF  00000C  0014CB      297E       0  CODE        2
                text79                         0014CB  00000D  0014D8      2996       0  CODE        2
                text24                         0014D8  00000D  0014E5      29B0       0  CODE        2
                text28                         0014E5  00000E  0014F3      29CA       0  CODE        2
                text21                         0014F3  00000E  001501      29E6       0  CODE        2
                text42                         001501  00000F  001510      2A02       0  CODE        2
                text74                         001510  000011  001521      2A20       0  CODE        2
                text72                         001521  000011  001532      2A42       0  CODE        2
                text50                         001532  000011  001543      2A64       0  CODE        2
                text60                         001543  000012  001555      2A86       0  CODE        2
                text57                         001555  000016  00156B      2AAA       0  CODE        2
                text73                         00156B  000017  001582      2AD6       0  CODE        2
                text51                         001582  000017  001599      2B04       0  CODE        2
                text44                         001599  000017  0015B0      2B32       0  CODE        2
                text33                         0015B0  000017  0015C7      2B60       0  CODE        2
                text35                         0015C7  000019  0015E0      2B8E       0  CODE        2
                text48                         0015E0  00001A  0015FA      2BC0       0  CODE        2
                text67                         0015FA  00001B  001615      2BF4       0  CODE        2
                text77                         001615  00001E  001633      2C2A       0  CODE        2
                text59                         001633  00001F  001652      2C66       0  CODE        2
                text22                         001652  00001F  001671      2CA4       0  CODE        2
                text19                         001671  00001F  001690      2CE2       0  CODE        2
                text17                         001690  00001F  0016AF      2D20       0  CODE        2
                text13                         0016AF  000020  0016CF      2D5E       0  CODE        2
                text83                         0016CF  000021  0016F0      2D9E       0  CODE        2
                text16                         0016F0  000022  001712      2DE0       0  CODE        2
                text82                         001712  000023  001735      2E24       0  CODE        2
                text41                         001735  000024  001759      2E6A       0  CODE        2
                text4                          001759  000024  00177D      2EB2       0  CODE        2
                text30                         00177D  00002B  0017A8      2EFA       0  CODE        2
                text12                         0017A8  00002C  0017D4      2F50       0  CODE        2
                text1                          0017D4  00002C  001800      2FA8       0  CODE        2
                stringtext3                    001800  000032  001832      3000       0  STRCODE     2


UNUSED ADDRESS RANGES

        Name                Unused          Largest block    Delta
        BANK10           00520-0056F              50           1
        BANK11           005A0-005EF              50           1
        BANK12           00620-0064F              30           1
        BANK2            00137-0016F              39           1
        BANK3            001A0-001EF              50           1
        BANK4            00220-0026F              50           1
        BANK5            002A0-002EF              50           1
        BANK6            00320-0036F              50           1
        BANK7            003A0-003EF              50           1
        BANK8            00420-0046F              50           1
        BANK9            004A0-004EF              50           1
        BIGRAM           02000-023EF             3F0           1
        CODE             01000-01437             438           2
                         01832-01FFF             7CE
        CONST            01000-01437             100           2
                         01832-01FFF             100
        EEDATA           0F000-0F0FF             100           2
        ENTRY            01000-01437             100           2
                         01832-01FFF             100
        IDLOC            08000-08003               4           2
        RAM              00137-0016F              39           1
                         001A0-001EF              50
                         00220-0026F              50
                         002A0-002EF              50
                         00320-0036F              50
                         003A0-003EF              50
                         00420-0046F              50
                         004A0-004EF              50
                         00520-0056F              50
                         005A0-005EF              50
                         00620-0064F              30
        SFR0             00000-0001F              20           1
        SFR1             00080-0009F              20           1
        SFR10            00500-0051F              20           1
        SFR11            00580-0059F              20           1
        SFR12            00600-0061F              20           1
        SFR13            00680-006EF              70           1
        SFR14            00700-0076F              70           1
        SFR15            00780-007EF              70           1
        SFR16            00800-0086F              70           1
        SFR17            00880-008EF              70           1
        SFR18            00900-0096F              70           1
        SFR19            00980-009EF              70           1
        SFR2             00100-0011F              20           1
        SFR20            00A00-00A6F              70           1
        SFR21            00A80-00AEF              70           1
        SFR22            00B00-00B6F              70           1
        SFR23            00B80-00BEF              70           1
        SFR24            00C00-00C6F              70           1
        SFR25            00C80-00CEF              70           1
        SFR26            00D00-00D6F              70           1
        SFR27            00D80-00DEF              70           1
        SFR28            00E00-00E6F              70           1
        SFR29            00E80-00EEF              70           1
        SFR3             00180-0019F              20           1
        SFR30            00F00-00F6F              70           1
        SFR31            00F80-00FEF              70           1
        SFR4             00200-0021F              20           1
        SFR5             00280-0029F              20           1
        SFR6             00300-0031F              20           1
        SFR7             00380-0039F              20           1
        SFR8             00400-0041F              20           1
        SFR9             00480-0049F              20           1
        STACK            020B7-023EF             339           1
        STRCODE          01000-01437             438           2
                         01832-01FFF             7CE
        STRING           01000-01437             100           2
                         01832-01FFF             100

                                  Symbol Table

?_ADCC_GetSingleConversion                    cstackCOMMON 00070
?___lwdiv                                     cstackCOMMON 00070
?___lwmod                                     cstackCOMMON 00078
?___wmul                                      cstackBANK1  000A0
?_sprintf                                     cstackBANK0  00020
?i1___wmul                                    cstackCOMMON 00070
ADCC_GetSingleConversion@channel              cstackCOMMON 00073
DATAEE_ReadByte@bAdd                          cstackBANK1  000A0
DATAEE_WriteByte@GIEBitValue                  cstackBANK1  000A3
DATAEE_WriteByte@bAdd                         cstackBANK1  000A0
DATAEE_WriteByte@bData                        cstackBANK1  000A2
EUSART_Read@readValue                         cstackBANK1  000A1
EUSART_SetRxInterruptHandler@interruptHandler cstackBANK1  000A0
EUSART_SetTxInterruptHandler@interruptHandler cstackBANK1  000A0
EUSART_Write@txData                           cstackBANK1  000A1
INT_SetInterruptHandler@InterruptHandler      cstackBANK1  000A0
LCDchar@c                                     cstackCOMMON 00078
LCDcmd@c                                      cstackCOMMON 00078
LCDsend2x4@c                                  cstackBANK1  000A5
LCDsend2x4@hc                                 cstackBANK1  000A6
LCDsend2x4@lc                                 cstackBANK1  000A7
LCDsend2x4@mode                               cstackBANK1  000A2
LCDsend@c                                     cstackBANK1  000A3
LCDstr@c                                      cstackBANK0  00020
LCDstr@p                                      cstackCOMMON 00079
PWM6_LoadDutyValue@dutyValue                  cstackBANK1  000A0
TMR1_SetInterruptHandler@InterruptHandler     cstackBANK1  000A0
TMR1_WriteTimer@timerVal                      cstackCOMMON 00070
TMR3_SetInterruptHandler@InterruptHandler     cstackBANK1  000A0
TMR3_WriteTimer@timerVal                      cstackCOMMON 00070
TMR5_SetInterruptHandler@InterruptHandler     cstackBANK1  000A0
TMR5_WriteTimer@timerVal                      cstackCOMMON 00070
WriteI2C@data_out                             cstackBANK1  000A1
_ADACCH                                       (abs)        00091
_ADACCL                                       (abs)        00090
_ADACQ                                        (abs)        0009D
_ADACT                                        (abs)        00099
_ADCAP                                        (abs)        0009B
_ADCC_GetSingleConversion                     text49       00800
_ADCC_Initialize                              text33       015B0
_ADCLK                                        (abs)        00098
_ADCNT                                        (abs)        0010C
_ADCON0                                       (abs)        00093
_ADCON0bits                                   (abs)        00093
_ADCON1                                       (abs)        00094
_ADCON1bits                                   (abs)        00094
_ADCON2                                       (abs)        00095
_ADCON2bits                                   (abs)        00095
_ADCON3                                       (abs)        00096
_ADCON3bits                                   (abs)        00096
_ADERRH                                       (abs)        00117
_ADERRL                                       (abs)        00116
_ADFLTRH                                      (abs)        00115
_ADFLTRL                                      (abs)        00114
_ADLTHH                                       (abs)        0010F
_ADLTHL                                       (abs)        0010E
_ADPCH                                        (abs)        0009E
_ADPRE                                        (abs)        0009C
_ADPREVH                                      (abs)        0008F
_ADPREVL                                      (abs)        0008E
_ADREF                                        (abs)        0009A
_ADRESH                                       (abs)        0008D
_ADRESL                                       (abs)        0008C
_ADRPT                                        (abs)        0010D
_ADSTAT                                       (abs)        00097
_ADSTATbits                                   (abs)        00097
_ADSTPTH                                      (abs)        00113
_ADSTPTL                                      (abs)        00112
_ADUTHH                                       (abs)        00111
_ADUTHL                                       (abs)        00110
_ALAF                                         bssBANK0     00065
_ANSELA                                       (abs)        00F38
_ANSELB                                       (abs)        00F43
_ANSELC                                       (abs)        00F4E
_ANSELD                                       (abs)        00F59
_ANSELE                                       (abs)        00F64
_BAUD1CON                                     (abs)        0011F
_CCPTMRS1bits                                 (abs)        0021F
_Clock_ISR                                    text75       006F5
_DATAEE_ReadByte                              text42       01501
_DATAEE_WriteByte                             text41       01735
_EUSART_Initialize                            text30       0177D
_EUSART_Read                                  text4        01759
_EUSART_Receive_ISR                           text83       016CF
_EUSART_RxDefaultInterruptHandler             nvBANK2      00133
_EUSART_SetRxInterruptHandler                 text32       014AD
_EUSART_SetTxInterruptHandler                 text31       014B6
_EUSART_Transmit_ISR                          text82       01712
_EUSART_TxDefaultInterruptHandler             nvBANK2      00135
_EUSART_Write                                 text12       017A8
_EUSART_is_rx_ready                           text40       01445
_EXT_INT_Initialize                           text28       014E5
_INTCONbits                                   (abs)        0000B
_INTERRUPT_InterruptManager                   intentry     00004
_INTPPS                                       (abs)        00E90
_INT_CallBack                                 text79       014CB
_INT_DefaultInterruptHandler                  text80       01438
_INT_ISR                                      text78       0145E
_INT_InterruptHandler                         nvBANK1      000D6
_INT_SetInterruptHandler                      text29       01464
_LATA                                         (abs)        00016
_LATAbits                                     (abs)        00016
_LATB                                         (abs)        00017
_LATC                                         (abs)        00018
_LATD                                         (abs)        00019
_LATE                                         (abs)        0001A
_LCDchar                                      text68       0149D
_LCDcmd                                       text69       01488
_LCDinit                                      text36       00BD8
_LCDsend                                      text38       00A14
_LCDsend2x4                                   text37       00D01
_LCDstr                                       text67       015FA
_NREG                                         bssBANK1     000EF
_NVMADRH                                      (abs)        0081B
_NVMADRL                                      (abs)        0081A
_NVMCON1bits                                  (abs)        0081E
_NVMCON2                                      (abs)        0081F
_NVMDATH                                      (abs)        0081D
_NVMDATL                                      (abs)        0081C
_ODCONA                                       (abs)        00F3A
_ODCONB                                       (abs)        00F45
_ODCONC                                       (abs)        00F50
_ODCOND                                       (abs)        00F5B
_ODCONE                                       (abs)        00F66
_OSCCON1                                      (abs)        0088D
_OSCCON3                                      (abs)        0088F
_OSCEN                                        (abs)        00891
_OSCFRQ                                       (abs)        00893
_OSCILLATOR_Initialize                        text27       007F6
_OSCTUNE                                      (abs)        00892
_PIE0bits                                     (abs)        00716
_PIE3bits                                     (abs)        00719
_PIE4bits                                     (abs)        0071A
_PIN_MANAGER_Initialize                       text26       00986
_PIR0bits                                     (abs)        0070C
_PIR3bits                                     (abs)        0070F
_PIR4bits                                     (abs)        00710
_PMD0                                         (abs)        00796
_PMD1                                         (abs)        00797
_PMD2                                         (abs)        00798
_PMD3                                         (abs)        00799
_PMD4                                         (abs)        0079A
_PMD5                                         (abs)        0079B
_PMD_Initialize                               text25       014A5
_PMON                                         bssBANK1     000EE
_PORTCbits                                    (abs)        0000E
_PR2                                          (abs)        0028D
_PWM6CON                                      (abs)        0038E
_PWM6DCH                                      (abs)        0038D
_PWM6DCL                                      (abs)        0038C
_PWM6EN                                       (abs)        01C77
_PWM6_Initialize                              text24       014D8
_PWM6_LoadDutyValue                           text35       015C7
_PWM_Output_D4_Disable                        text34       01448
_PWM_Output_D4_Enable                         text66       01439
_PWM_on                                       bssBANK1     000EC
_RA6PPS                                       (abs)        00F16
_RC1REG                                       (abs)        00119
_RC1STA                                       (abs)        0011D
_RC1STAbits                                   (abs)        0011D
_RC3PPS                                       (abs)        00F23
_RC4PPS                                       (abs)        00F24
_RC6PPS                                       (abs)        00F26
_RXPPS                                        (abs)        00ECB
_ReadI2C                                      text48       015E0
_S1_ISR                                       text81       00B18
_SLRCONA                                      (abs)        00F3B
_SLRCONB                                      (abs)        00F46
_SLRCONC                                      (abs)        00F51
_SLRCOND                                      (abs)        00F5C
_SLRCONE                                      (abs)        00F67
_SP1BRGH                                      (abs)        0011C
_SP1BRGL                                      (abs)        0011B
_SSP1ADD                                      (abs)        0018D
_SSP1BUF                                      (abs)        0018C
_SSP1CLKPPS                                   (abs)        00EC5
_SSP1CON1                                     (abs)        00190
_SSP1CON1bits                                 (abs)        00190
_SSP1CON2                                     (abs)        00191
_SSP1CON2bits                                 (abs)        00191
_SSP1DATPPS                                   (abs)        00EC6
_SSP1MSK                                      (abs)        0018E
_SSP1STAT                                     (abs)        0018F
_SSP1STATbits                                 (abs)        0018F
_SYSTEM_Initialize                            text16       016F0
_T1CLK                                        (abs)        00211
_T1CON                                        (abs)        0020E
_T1CONbits                                    (abs)        0020E
_T1GATE                                       (abs)        00210
_T1GCON                                       (abs)        0020F
_T1GCONbits                                   (abs)        0020F
_T2CLKCON                                     (abs)        00290
_T2CON                                        (abs)        0028E
_T2CONbits                                    (abs)        0028E
_T2HLT                                        (abs)        0028F
_T2HLTbits                                    (abs)        0028F
_T2PR                                         (abs)        0028D
_T2RST                                        (abs)        00291
_T2RSTbits                                    (abs)        00291
_T2TMR                                        (abs)        0028C
_T3CLK                                        (abs)        00217
_T3CON                                        (abs)        00214
_T3CONbits                                    (abs)        00214
_T3GATE                                       (abs)        00216
_T3GCON                                       (abs)        00215
_T3GCONbits                                   (abs)        00215
_T5CLK                                        (abs)        0021D
_T5CON                                        (abs)        0021A
_T5CONbits                                    (abs)        0021A
_T5GATE                                       (abs)        0021C
_T5GCON                                       (abs)        0021B
_T5GCONbits                                   (abs)        0021B
_TALA                                         bssBANK0     00066
_TMR1H                                        (abs)        0020D
_TMR1L                                        (abs)        0020C
_TMR1_DefaultInterruptHandler                 text76       00002
_TMR1_ISR                                     text73       0156B
_TMR1_Initialize                              text22       01652
_TMR1_InterruptHandler                        nvBANK1      000DE
_TMR1_SetInterruptHandler                     text23       0146A
_TMR1_WriteTimer                              text74       01510
_TMR2                                         (abs)        0028C
_TMR2_Initialize                              text21       014F3
_TMR2_Start                                   text65       0143C
_TMR2_StartTimer                              text64       0144E
_TMR2_Stop                                    text15       0144B
_TMR2_StopTimer                               text14       01456
_TMR3H                                        (abs)        00213
_TMR3L                                        (abs)        00212
_TMR3_DefaultInterruptHandler                 text52       00003
_TMR3_ISR                                     text51       01582
_TMR3_Initialize                              text19       01671
_TMR3_InterruptHandler                        nvBANK1      000DC
_TMR3_SetInterruptHandler                     text20       01470
_TMR3_WriteTimer                              text72       01521
_TMR5H                                        (abs)        00219
_TMR5L                                        (abs)        00218
_TMR5_DefaultInterruptHandler                 text45       007FF
_TMR5_ISR                                     text44       01599
_TMR5_Initialize                              text17       01690
_TMR5_InterruptHandler                        nvBANK1      000D8
_TMR5_SetInterruptHandler                     text18       01476
_TMR5_WriteTimer                              text50       01532
_TRISA                                        (abs)        00011
_TRISB                                        (abs)        00012
_TRISC                                        (abs)        00013
_TRISCbits                                    (abs)        00013
_TRISD                                        (abs)        00014
_TRISE                                        (abs)        00015
_TX1REG                                       (abs)        0011A
_TX1STA                                       (abs)        0011E
_TX1STAbits                                   (abs)        0011E
_WPUA                                         (abs)        00F39
_WPUB                                         (abs)        00F44
_WPUC                                         (abs)        00F4F
_WPUC3                                        (abs)        07A7B
_WPUC4                                        (abs)        07A7C
_WPUD                                         (abs)        00F5A
_WPUE                                         (abs)        00F65
_WriteI2C                                     text39       00ABE
__Habs1                                       abs1         00000
__Hbank0                                      bank0        00000
__Hbank1                                      bank1        00000
__Hbank10                                     bank10       00000
__Hbank11                                     bank11       00000
__Hbank12                                     bank12       00000
__Hbank13                                     bank13       00000
__Hbank14                                     bank14       00000
__Hbank15                                     bank15       00000
__Hbank16                                     bank16       00000
__Hbank17                                     bank17       00000
__Hbank18                                     bank18       00000
__Hbank19                                     bank19       00000
__Hbank2                                      bank2        00000
__Hbank20                                     bank20       00000
__Hbank21                                     bank21       00000
__Hbank22                                     bank22       00000
__Hbank23                                     bank23       00000
__Hbank24                                     bank24       00000
__Hbank25                                     bank25       00000
__Hbank26                                     bank26       00000
__Hbank27                                     bank27       00000
__Hbank28                                     bank28       00000
__Hbank29                                     bank29       00000
__Hbank3                                      bank3        00000
__Hbank30                                     bank30       00000
__Hbank31                                     bank31       00000
__Hbank4                                      bank4        00000
__Hbank5                                      bank5        00000
__Hbank6                                      bank6        00000
__Hbank7                                      bank7        00000
__Hbank8                                      bank8        00000
__Hbank9                                      bank9        00000
__Hbigram                                     bigram       00000
__HbssBANK0                                   bssBANK0     00000
__HbssBANK1                                   bssBANK1     00000
__HbssBANK2                                   bssBANK2     00000
__Hcinit                                      cinit        00094
__Hclrtext                                    clrtext      00000
__Hcode                                       code         00000
__Hcommon                                     common       00000
__Hconfig                                     config       0800C
__HcstackBANK0                                cstackBANK0  00000
__HcstackBANK1                                cstackBANK1  00000
__HcstackCOMMON                               cstackCOMMON 00000
__HdataBANK0                                  dataBANK0    00000
__Heeprom_data                                eeprom_data  00000
__Hend_init                                   end_init     0006C
__Hfunctab                                    functab      00000
__HidataBANK0                                 idataBANK0   00000
__Hinit                                       init         0006A
__Hinittext                                   inittext     00000
__Hintentry                                   intentry     0006A
__Hmaintext                                   maintext     00000
__HnvBANK0                                    nvBANK0      00000
__HnvBANK1                                    nvBANK1      00000
__HnvBANK2                                    nvBANK2      00000
__Hpowerup                                    powerup      00000
__Hram                                        ram          00000
__Hreset_vec                                  reset_vec    00002
__Hsfr0                                       sfr0         00000
__Hsfr1                                       sfr1         00000
__Hsfr10                                      sfr10        00000
__Hsfr11                                      sfr11        00000
__Hsfr12                                      sfr12        00000
__Hsfr13                                      sfr13        00000
__Hsfr14                                      sfr14        00000
__Hsfr15                                      sfr15        00000
__Hsfr16                                      sfr16        00000
__Hsfr17                                      sfr17        00000
__Hsfr18                                      sfr18        00000
__Hsfr19                                      sfr19        00000
__Hsfr2                                       sfr2         00000
__Hsfr20                                      sfr20        00000
__Hsfr21                                      sfr21        00000
__Hsfr22                                      sfr22        00000
__Hsfr23                                      sfr23        00000
__Hsfr24                                      sfr24        00000
__Hsfr25                                      sfr25        00000
__Hsfr26                                      sfr26        00000
__Hsfr27                                      sfr27        00000
__Hsfr28                                      sfr28        00000
__Hsfr29                                      sfr29        00000
__Hsfr3                                       sfr3         00000
__Hsfr30                                      sfr30        00000
__Hsfr31                                      sfr31        00000
__Hsfr4                                       sfr4         00000
__Hsfr5                                       sfr5         00000
__Hsfr6                                       sfr6         00000
__Hsfr7                                       sfr7         00000
__Hsfr8                                       sfr8         00000
__Hsfr9                                       sfr9         00000
__Hspace_0                                    (abs)        01832
__Hspace_1                                    (abs)        00137
__Hspace_2                                    (abs)        00000
__Hspace_3                                    (abs)        00000
__Hspace_4                                    (abs)        10013
__Hstack                                      stack        00000
__Hstrings                                    strings      00000
__Hstringtext1                                stringtext1  00000
__Hstringtext2                                stringtext2  00000
__Hstringtext3                                stringtext3  00000
__Hstringtext4                                stringtext4  00000
__Hstringtext5                                stringtext5  00000
__Hstringtext6                                stringtext6  00000
__Hstringtext7                                stringtext7  00000
__Htext                                       text         00000
__Labs1                                       abs1         00000
__Lbank0                                      bank0        00000
__Lbank1                                      bank1        00000
__Lbank10                                     bank10       00000
__Lbank11                                     bank11       00000
__Lbank12                                     bank12       00000
__Lbank13                                     bank13       00000
__Lbank14                                     bank14       00000
__Lbank15                                     bank15       00000
__Lbank16                                     bank16       00000
__Lbank17                                     bank17       00000
__Lbank18                                     bank18       00000
__Lbank19                                     bank19       00000
__Lbank2                                      bank2        00000
__Lbank20                                     bank20       00000
__Lbank21                                     bank21       00000
__Lbank22                                     bank22       00000
__Lbank23                                     bank23       00000
__Lbank24                                     bank24       00000
__Lbank25                                     bank25       00000
__Lbank26                                     bank26       00000
__Lbank27                                     bank27       00000
__Lbank28                                     bank28       00000
__Lbank29                                     bank29       00000
__Lbank3                                      bank3        00000
__Lbank30                                     bank30       00000
__Lbank31                                     bank31       00000
__Lbank4                                      bank4        00000
__Lbank5                                      bank5        00000
__Lbank6                                      bank6        00000
__Lbank7                                      bank7        00000
__Lbank8                                      bank8        00000
__Lbank9                                      bank9        00000
__Lbigram                                     bigram       00000
__LbssBANK0                                   bssBANK0     00000
__LbssBANK1                                   bssBANK1     00000
__LbssBANK2                                   bssBANK2     00000
__Lcinit                                      cinit        0006C
__Lclrtext                                    clrtext      00000
__Lcode                                       code         00000
__Lcommon                                     common       00000
__Lconfig                                     config       00000
__LcstackBANK0                                cstackBANK0  00000
__LcstackBANK1                                cstackBANK1  00000
__LcstackCOMMON                               cstackCOMMON 00000
__LdataBANK0                                  dataBANK0    00000
__Leeprom_data                                eeprom_data  00000
__Lend_init                                   end_init     0006A
__Lfunctab                                    functab      00000
__LidataBANK0                                 idataBANK0   00000
__Linit                                       init         0006A
__Linittext                                   inittext     00000
__Lintentry                                   intentry     00004
__Lmaintext                                   maintext     00000
__LnvBANK0                                    nvBANK0      00000
__LnvBANK1                                    nvBANK1      00000
__LnvBANK2                                    nvBANK2      00000
__Lpowerup                                    powerup      00000
__Lram                                        ram          00000
__Lreset_vec                                  reset_vec    00000
__Lsfr0                                       sfr0         00000
__Lsfr1                                       sfr1         00000
__Lsfr10                                      sfr10        00000
__Lsfr11                                      sfr11        00000
__Lsfr12                                      sfr12        00000
__Lsfr13                                      sfr13        00000
__Lsfr14                                      sfr14        00000
__Lsfr15                                      sfr15        00000
__Lsfr16                                      sfr16        00000
__Lsfr17                                      sfr17        00000
__Lsfr18                                      sfr18        00000
__Lsfr19                                      sfr19        00000
__Lsfr2                                       sfr2         00000
__Lsfr20                                      sfr20        00000
__Lsfr21                                      sfr21        00000
__Lsfr22                                      sfr22        00000
__Lsfr23                                      sfr23        00000
__Lsfr24                                      sfr24        00000
__Lsfr25                                      sfr25        00000
__Lsfr26                                      sfr26        00000
__Lsfr27                                      sfr27        00000
__Lsfr28                                      sfr28        00000
__Lsfr29                                      sfr29        00000
__Lsfr3                                       sfr3         00000
__Lsfr30                                      sfr30        00000
__Lsfr31                                      sfr31        00000
__Lsfr4                                       sfr4         00000
__Lsfr5                                       sfr5         00000
__Lsfr6                                       sfr6         00000
__Lsfr7                                       sfr7         00000
__Lsfr8                                       sfr8         00000
__Lsfr9                                       sfr9         00000
__Lspace_0                                    (abs)        00000
__Lspace_1                                    (abs)        00000
__Lspace_2                                    (abs)        00000
__Lspace_3                                    (abs)        00000
__Lspace_4                                    (abs)        00000
__Lstack                                      stack        00000
__Lstrings                                    strings      00000
__Lstringtext1                                stringtext1  00000
__Lstringtext2                                stringtext2  00000
__Lstringtext3                                stringtext3  00000
__Lstringtext4                                stringtext4  00000
__Lstringtext5                                stringtext5  00000
__Lstringtext6                                stringtext6  00000
__Lstringtext7                                stringtext7  00000
__Ltext                                       text         00000
__S0                                          (abs)        01832
__S1                                          (abs)        00137
__S2                                          (abs)        00000
__S3                                          (abs)        00000
___int_sp                                     stack        00000
___latbits                                    (abs)        00002
___lwdiv                                      text62       0090C
___lwdiv@counter                              cstackCOMMON 00077
___lwdiv@dividend                             cstackCOMMON 00072
___lwdiv@divisor                              cstackCOMMON 00070
___lwdiv@quotient                             cstackCOMMON 00075
___lwmod                                      text61       008A0
___lwmod@counter                              cstackCOMMON 0007D
___lwmod@dividend                             cstackCOMMON 0007A
___lwmod@divisor                              cstackCOMMON 00078
___sp                                         stack        00000
___stackhi                                    (abs)        023EF
___stacklo                                    (abs)        020B7
___wmul                                       text13       016AF
___wmul@multiplicand                          cstackBANK1  000A2
___wmul@multiplier                            cstackBANK1  000A0
___wmul@product                               cstackBANK1  000A4
__end_of_ADCC_GetSingleConversion             text49       00812
__end_of_ADCC_Initialize                      text33       015C7
__end_of_Clock_ISR                            text75       007F6
__end_of_DATAEE_ReadByte                      text42       01510
__end_of_DATAEE_WriteByte                     text41       01759
__end_of_EUSART_Initialize                    text30       017A8
__end_of_EUSART_Read                          text4        0177D
__end_of_EUSART_Receive_ISR                   text83       016F0
__end_of_EUSART_SetRxInterruptHandler         text32       014B6
__end_of_EUSART_SetTxInterruptHandler         text31       014BF
__end_of_EUSART_Transmit_ISR                  text82       01735
__end_of_EUSART_Write                         text12       017D4
__end_of_EUSART_is_rx_ready                   text40       01448
__end_of_EXT_INT_Initialize                   text28       014F3
__end_of_INTERRUPT_InterruptManager           intentry     0006A
__end_of_INT_CallBack                         text79       014D8
__end_of_INT_DefaultInterruptHandler          text80       01439
__end_of_INT_ISR                              text78       01464
__end_of_INT_SetInterruptHandler              text29       0146A
__end_of_LCDchar                              text68       014A5
__end_of_LCDcmd                               text69       0148F
__end_of_LCDinit                              text36       00C4E
__end_of_LCDsend                              text38       00A67
__end_of_LCDsend2x4                           text37       00DD5
__end_of_LCDstr                               text67       01615
__end_of_OSCILLATOR_Initialize                text27       007FF
__end_of_PIN_MANAGER_Initialize               text26       009C9
__end_of_PMD_Initialize                       text25       014AD
__end_of_PWM6_Initialize                      text24       014E5
__end_of_PWM6_LoadDutyValue                   text35       015E0
__end_of_PWM_Output_D4_Disable                text34       0144B
__end_of_PWM_Output_D4_Enable                 text66       0143C
__end_of_ReadI2C                              text48       015FA
__end_of_S1_ISR                               text81       00B74
__end_of_SYSTEM_Initialize                    text16       01712
__end_of_TMR1_DefaultInterruptHandler         text76       00003
__end_of_TMR1_ISR                             text73       01582
__end_of_TMR1_Initialize                      text22       01671
__end_of_TMR1_SetInterruptHandler             text23       01470
__end_of_TMR1_WriteTimer                      text74       01521
__end_of_TMR2_Initialize                      text21       01501
__end_of_TMR2_Start                           text65       0143F
__end_of_TMR2_StartTimer                      text64       01452
__end_of_TMR2_Stop                            text15       0144E
__end_of_TMR2_StopTimer                       text14       0145A
__end_of_TMR3_DefaultInterruptHandler         text52       00004
__end_of_TMR3_ISR                             text51       01599
__end_of_TMR3_Initialize                      text19       01690
__end_of_TMR3_SetInterruptHandler             text20       01476
__end_of_TMR3_WriteTimer                      text72       01532
__end_of_TMR5_DefaultInterruptHandler         text45       00800
__end_of_TMR5_ISR                             text44       015B0
__end_of_TMR5_Initialize                      text17       016AF
__end_of_TMR5_SetInterruptHandler             text18       0147C
__end_of_TMR5_WriteTimer                      text50       01543
__end_of_WriteI2C                             text39       00B18
__end_of___lwdiv                              text62       00948
__end_of___lwmod                              text61       008D4
__end_of___wmul                               text13       016CF
__end_of__initialization                      cinit        00090
__end_of_cmd_ra                               text8        00ABE
__end_of_cmd_rc                               text9        00986
__end_of_cmd_rtl                              text10       0090C
__end_of_commands                             stringtext2  01822
__end_of_differenceBetweenTimePeriod          text63       008A0
__end_of_dpowers                              stringtext1  01819
__end_of_editClock                            text7        00BD8
__end_of_editLum                              text6        0083F
__end_of_editTemp                             text5        0086C
__end_of_getch                                text3        0145E
__end_of_i2c1_driver_open                     text2        014CB
__end_of_isdigit                              text60       01555
__end_of_main                                 maintext     0032D
__end_of_menuLCD_ISR                          text53       00558
__end_of_monitoring_ISR                       text46       01000
__end_of_putch                                text11       01496
__end_of_sprintf                              text58       006F5
__end_of_toggleAlarms                         text1        01800
__end_of_tsttc                                text47       00EE2
__end_ofi1_DATAEE_WriteByte                   text77       01633
__end_ofi1_LCDsend2x4                         text70       00D01
__end_ofi1_PWM6_LoadDutyValue                 text57       0156B
__end_ofi1_PWM_Output_D4_Disable              text56       01442
__end_ofi1_TMR2_Stop                          text55       01445
__end_ofi1_TMR2_StopTimer                     text54       01456
__end_ofi1_WriteI2C                           text71       00A14
__end_ofi1___wmul                             text59       01652
__initialization                              cinit        0006C
__pbssBANK0                                   bssBANK0     0004D
__pbssBANK1                                   bssBANK1     000E3
__pbssBANK2                                   bssBANK2     00120
__pcstackBANK0                                cstackBANK0  00020
__pcstackBANK1                                cstackBANK1  000A0
__pcstackCOMMON                               cstackCOMMON 00070
__pdataBANK0                                  dataBANK0    00067
__pidataBANK0                                 idataBANK0   01496
__pintentry                                   intentry     00004
__pmaintext                                   maintext     00094
__pnvBANK0                                    nvBANK0      0006E
__pnvBANK1                                    nvBANK1      000D6
__pnvBANK2                                    nvBANK2      00133
__pstringtext1                                stringtext1  0180F
__pstringtext2                                stringtext2  01819
__pstringtext3                                stringtext3  01800
__pstringtext4                                stringtext4  01822
__pstringtext5                                stringtext5  01829
__pstringtext6                                stringtext6  0182E
__pstringtext7                                stringtext7  00000
__ptext1                                      text1        017D4
__ptext10                                     text10       008D4
__ptext11                                     text11       0148F
__ptext12                                     text12       017A8
__ptext13                                     text13       016AF
__ptext14                                     text14       01456
__ptext15                                     text15       0144B
__ptext16                                     text16       016F0
__ptext17                                     text17       01690
__ptext18                                     text18       01476
__ptext19                                     text19       01671
__ptext2                                      text2        014BF
__ptext20                                     text20       01470
__ptext21                                     text21       014F3
__ptext22                                     text22       01652
__ptext23                                     text23       0146A
__ptext24                                     text24       014D8
__ptext25                                     text25       014A5
__ptext26                                     text26       00986
__ptext27                                     text27       007F6
__ptext28                                     text28       014E5
__ptext29                                     text29       01464
__ptext3                                      text3        0145A
__ptext30                                     text30       0177D
__ptext31                                     text31       014B6
__ptext32                                     text32       014AD
__ptext33                                     text33       015B0
__ptext34                                     text34       01448
__ptext35                                     text35       015C7
__ptext36                                     text36       00BD8
__ptext37                                     text37       00D01
__ptext38                                     text38       00A14
__ptext39                                     text39       00ABE
__ptext4                                      text4        01759
__ptext40                                     text40       01445
__ptext41                                     text41       01735
__ptext42                                     text42       01501
__ptext44                                     text44       01599
__ptext45                                     text45       007FF
__ptext46                                     text46       00EE2
__ptext47                                     text47       00DD5
__ptext48                                     text48       015E0
__ptext49                                     text49       00800
__ptext5                                      text5        0083F
__ptext50                                     text50       01532
__ptext51                                     text51       01582
__ptext52                                     text52       00003
__ptext53                                     text53       0032D
__ptext54                                     text54       01452
__ptext55                                     text55       01442
__ptext56                                     text56       0143F
[...]
      Params:         0       0       0       0       0       0       0       0       0       0       0       0       0       0
      Locals:         0       0       0       0       0       0       0       0       0       0       0       0       0       0
      Temps:          0       0       0       0       0       0       0       0       0       0       0       0       0       0
      Totals:         0       0       0       0       0       0       0       0       0       0       0       0       0       0
Total ram usage:        0 bytes
 Hardware stack levels used:    1
 Hardware stack levels required when called:    2
 This function calls:
		Absolute function
		_Clock_ISR
		_TMR1_DefaultInterruptHandler
		_TMR1_WriteTimer
 This function is called by:
		_INTERRUPT_InterruptManager
 This function uses a non-reentrant model


 *************** function _TMR1_WriteTimer *****************
 Defined at:
		line 127 in file "mcc_generated_files/tmr1.c"
 Parameters:    Size  Location     Type
  timerVal        2    0[COMMON] unsigned int 
 Auto vars:     Size  Location     Type
		None
 Return value:  Size  Location     Type
                  1    wreg      void 
 Registers used:
		wreg, status,2
 Tracked objects:
		On entry : 
		On exit  : 
		Unchanged: 
 Data sizes:     COMMON   BANK0   BANK1   BANK2   BANK3   BANK4   BANK5   BANK6   BANK7   BANK8   BANK9  BANK10  BANK11  BANK12
      Params:         2       0       0       0       0       0       0       0       0       0       0       0       0       0
      Locals:         0       0       0       0       0       0       0       0       0       0       0       0       0       0
      Temps:          0       0       0       0       0       0       0       0       0       0       0       0       0       0
      Totals:         2       0       0       0       0       0       0       0       0       0       0       0       0       0
Total ram usage:        2 bytes
 Hardware stack levels used:    1
 This function calls:
		Nothing
 This function is called by:
		_TMR1_ISR
		_TMR1_Reload
 This function uses a non-reentrant model


 *************** function _Clock_ISR *****************
 Defined at:
		line 330 in file "main.c"
 Parameters:    Size  Location     Type
		None
 Auto vars:     Size  Location     Type
		None
 Return value:  Size  Location     Type
                  1    wreg      void 
 Registers used:
		wreg, status,2, status,0, pclath, cstack
 Tracked objects:
		On entry : 
		On exit  : 
		Unchanged: 
 Data sizes:     COMMON   BANK0   BANK1   BANK2   BANK3   BANK4   BANK5   BANK6   BANK7   BANK8   BANK9  BANK10  BANK11  BANK12
      Params:         0       0       0       0       0       0       0       0       0       0       0       0       0       0
      Locals:         0       0       0       0       0       0       0       0       0       0       0       0       0       0
      Temps:          1       0       0       0       0       0       0       0       0       0       0       0       0       0
      Totals:         1       0       0       0       0       0       0       0       0       0       0       0       0       0
Total ram usage:        1 bytes
 Hardware stack levels used:    1
 Hardware stack levels required when called:    1
 This function calls:
		i1_DATAEE_WriteByte
 This function is called by:
		_main
		_TMR1_ISR
 This function uses a non-reentrant model


 *************** function _TMR1_DefaultInterruptHandler *****************
 Defined at:
		line 182 in file "mcc_generated_files/tmr1.c"
 Parameters:    Size  Location     Type
		None
 Auto vars:     Size  Location     Type
		None
 Return value:  Size  Location     Type
                  1    wreg      void 
 Registers used:
		None
 Tracked objects:
		On entry : 
		On exit  : 
		Unchanged: 
 Data sizes:     COMMON   BANK0   BANK1   BANK2   BANK3   BANK4   BANK5   BANK6   BANK7   BANK8   BANK9  BANK10  BANK11  BANK12
      Params:         0       0       0       0       0       0       0       0       0       0       0       0       0       0
      Locals:         0       0       0       0       0       0       0       0       0       0       0       0       0       0
      Temps:          0       0       0       0       0       0       0       0       0       0       0       0       0       0
      Totals:         0       0       0       0       0       0       0       0       0       0       0       0       0       0
Total ram usage:        0 bytes
 Hardware stack levels used:    1
 This function calls:
		Nothing
 This function is called by:
		_TMR1_Initialize
		_TMR1_ISR
 This function uses a non-reentrant model


 *************** function i1_DATAEE_WriteByte *****************
 Defined at:
		line 180 in file "mcc_generated_files/memory.c"
 Parameters:    Size  Location     Type
  bAdd            2    6[COMMON] unsigned int 
  bData           1    8[COMMON] unsigned char 
 Auto vars:     Size  Location     Type
  GIEBitValue     1    9[COMMON] unsigned char 
 Return value:  Size  Location     Type
                  1    wreg      void 
 Registers used:
		wreg, status,2, status,0
 Tracked objects:
		On entry : 
		On exit  : 
		Unchanged: 
 Data sizes:     COMMON   BANK0   BANK1   BANK2   BANK3   BANK4   BANK5   BANK6   BANK7   BANK8   BANK9  BANK10  BANK11  BANK12
      Params:         3       0       0       0       0       0       0       0       0       0       0       0       0       0
      Locals:         1       0       0       0       0       0       0       0       0       0       0       0       0       0
      Temps:          0       0       0       0       0       0       0       0       0       0       0       0       0       0
      Totals:         4       0       0       0       0       0       0       0       0       0       0       0       0       0
Total ram usage:        4 bytes
 Hardware stack levels used:    1
 This function calls:
		Nothing
 This function is called by:
		_Clock_ISR
		_monitoring_ISR
 This function uses a non-reentrant model


 *************** function _INT_ISR *****************
 Defined at:
		line 32 in file "mcc_generated_files/ext_int.c"
 Parameters:    Size  Location     Type
		None
 Auto vars:     Size  Location     Type
		None
 Return value:  Size  Location     Type
                  1    wreg      void 
 Registers used:
		wreg, status,2, status,0, pclath, cstack
 Tracked objects:
		On entry : 
		On exit  : 
		Unchanged: 
 Data sizes:     COMMON   BANK0   BANK1   BANK2   BANK3   BANK4   BANK5   BANK6   BANK7   BANK8   BANK9  BANK10  BANK11  BANK12
      Params:         0       0       0       0       0       0       0       0       0       0       0       0       0       0
      Locals:         0       0       0       0       0       0       0       0       0       0       0       0       0       0
      Temps:          0       0       0       0       0       0       0       0       0       0       0       0       0       0
      Totals:         0       0       0       0       0       0       0       0       0       0       0       0       0       0
Total ram usage:        0 bytes
 Hardware stack levels used:    1
 Hardware stack levels required when called:    2
 This function calls:
		_INT_CallBack
 This function is called by:
		_INTERRUPT_InterruptManager
 This function uses a non-reentrant model


 *************** function _INT_CallBack *****************
 Defined at:
		line 41 in file "mcc_generated_files/ext_int.c"
 Parameters:    Size  Location     Type
		None
 Auto vars:     Size  Location     Type
		None
 Return value:  Size  Location     Type
                  1    wreg      void 
 Registers used:
		wreg, status,2, status,0, pclath, cstack
 Tracked objects:
		On entry : 
		On exit  : 
		Unchanged: 
 Data sizes:     COMMON   BANK0   BANK1   BANK2   BANK3   BANK4   BANK5   BANK6   BANK7   BANK8   BANK9  BANK10  BANK11  BANK12
      Params:         0       0       0       0       0       0       0       0       0       0       0       0       0       0
      Locals:         0       0       0       0       0       0       0       0       0       0       0       0       0       0
      Temps:          0       0       0       0       0       0       0       0       0       0       0       0       0       0
      Totals:         0       0       0       0       0       0       0       0       0       0       0       0       0       0
Total ram usage:        0 bytes
 Hardware stack levels used:    1
 Hardware stack levels required when called:    1
 This function calls:
		Absolute function
		_INT_DefaultInterruptHandler
		_S1_ISR
 This function is called by:
		_INT_ISR
 This function uses a non-reentrant model


 *************** function _INT_DefaultInterruptHandler *****************
 Defined at:
		line 54 in file "mcc_generated_files/ext_int.c"
 Parameters:    Size  Location     Type
		None
 Auto vars:     Size  Location     Type
		None
 Return value:  Size  Location     Type
                  1    wreg      void 
 Registers used:
		None
 Tracked objects:
		On entry : 
		On exit  : 
		Unchanged: 
 Data sizes:     COMMON   BANK0   BANK1   BANK2   BANK3   BANK4   BANK5   BANK6   BANK7   BANK8   BANK9  BANK10  BANK11  BANK12
      Params:         0       0       0       0       0       0       0       0       0       0       0       0       0       0
      Locals:         0       0       0       0       0       0       0       0       0       0       0       0       0       0
      Temps:          0       0       0       0       0       0       0       0       0       0       0       0       0       0
      Totals:         0       0       0       0       0       0       0       0       0       0       0       0       0       0
Total ram usage:        0 bytes
 Hardware stack levels used:    1
 This function calls:
		Nothing
 This function is called by:
		_EXT_INT_Initialize
		_INT_CallBack
 This function uses a non-reentrant model


 *************** function _S1_ISR *****************
 Defined at:
		line 670 in file "main.c"
 Parameters:    Size  Location     Type
		None
 Auto vars:     Size  Location     Type
		None
 Return value:  Size  Location     Type
                  1    wreg      void 
 Registers used:
		wreg, status,2, status,0
 Tracked objects:
		On entry : 
		On exit  : 
		Unchanged: 
 Data sizes:     COMMON   BANK0   BANK1   BANK2   BANK3   BANK4   BANK5   BANK6   BANK7   BANK8   BANK9  BANK10  BANK11  BANK12
      Params:         0       0       0       0       0       0       0       0       0       0       0       0       0       0
      Locals:         0       0       0       0       0       0       0       0       0       0       0       0       0       0
      Temps:          1       0       0       0       0       0       0       0       0       0       0       0       0       0
      Totals:         1       0       0       0       0       0       0       0       0       0       0       0       0       0
Total ram usage:        1 bytes
 Hardware stack levels used:    1
 This function calls:
		Nothing
 This function is called by:
		_main
		_INT_CallBack
 This function uses a non-reentrant model


 *************** function _EUSART_Transmit_ISR *****************
 Defined at:
		line 181 in file "mcc_generated_files/eusart.c"
 Parameters:    Size  Location     Type
		None
 Auto vars:     Size  Location     Type
		None
 Return value:  Size  Location     Type
                  1    wreg      void 
 Registers used:
		wreg, fsr1l, fsr1h, status,2, status,0
 Tracked objects:
		On entry : 
		On exit  : 
		Unchanged: 
 Data sizes:     COMMON   BANK0   BANK1   BANK2   BANK3   BANK4   BANK5   BANK6   BANK7   BANK8   BANK9  BANK10  BANK11  BANK12
      Params:         0       0       0       0       0       0       0       0       0       0       0       0       0       0
      Locals:         0       0       0       0       0       0       0       0       0       0       0       0       0       0
      Temps:          1       0       0       0       0       0       0       0       0       0       0       0       0       0
      Totals:         1       0       0       0       0       0       0       0       0       0       0       0       0       0
Total ram usage:        1 bytes
 Hardware stack levels used:    1
 This function calls:
		Nothing
 This function is called by:
		_EUSART_Initialize
		_INTERRUPT_InterruptManager
 This function uses a non-reentrant model


 *************** function _EUSART_Receive_ISR *****************
 Defined at:
		line 200 in file "mcc_generated_files/eusart.c"
 Parameters:    Size  Location     Type
		None
 Auto vars:     Size  Location     Type
		None
 Return value:  Size  Location     Type
                  1    wreg      void 
 Registers used:
		wreg, fsr1l, fsr1h, status,2, status,0
 Tracked objects:
		On entry : 
		On exit  : 
		Unchanged: 
 Data sizes:     COMMON   BANK0   BANK1   BANK2   BANK3   BANK4   BANK5   BANK6   BANK7   BANK8   BANK9  BANK10  BANK11  BANK12
      Params:         0       0       0       0       0       0       0       0       0       0       0       0       0       0
      Locals:         0       0       0       0       0       0       0       0       0       0       0       0       0       0
      Temps:          1       0       0       0       0       0       0       0       0       0       0       0       0       0
      Totals:         1       0       0       0       0       0       0       0       0       0       0       0       0       0
Total ram usage:        1 bytes
 Hardware stack levels used:    1
 This function calls:
		Nothing
 This function is called by:
		_EUSART_Initialize
		_INTERRUPT_InterruptManager
 This function uses a non-reentrant model



MODULE INFORMATION

Module		Function		Class		Link	Load	Size
mcc_generated_files/pwm6.c
		_PWM6_LoadDutyValue		CODE           	15C7	0000	25
		_PWM6_Initialize		CODE           	14D8	0000	13

mcc_generated_files/pwm6.c estimated size: 38

mcc_generated_files/tmr2.c
		_TMR2_Initialize		CODE           	14F3	0000	14
		_TMR2_Stop     		CODE           	144B	0000	3
		_TMR2_Start    		CODE           	143C	0000	3
		_TMR2_StopTimer		CODE           	1456	0000	4
		_TMR2_StartTimer		CODE           	144E	0000	4

mcc_generated_files/tmr2.c estimated size: 28

mcc_generated_files/interrupt_manager.c
		_INTERRUPT_InterruptManager		CODE           	0004	0000	102

mcc_generated_files/interrupt_manager.c estimated size: 102

mcc_generated_files/pin_manager.c
		_PIN_MANAGER_Initialize		CODE           	0986	0000	67

mcc_generated_files/pin_manager.c estimated size: 67

I2C/i2c.c
		_ReadI2C       		CODE           	15E0	0000	26
		_WriteI2C      		CODE           	0ABE	0000	90

I2C/i2c.c estimated size: 116

E:\Microchip\xc8\v2.30\pic\sources\c90\common\lwmod.c
		___lwmod       		CODE           	08A0	0000	52

E:\Microchip\xc8\v2.30\pic\sources\c90\common\lwmod.c estimated size: 52

E:\Microchip\xc8\v2.30\pic\sources\c90\common\doprnt.c
		_sprintf       		CODE           	0558	0000	413

E:\Microchip\xc8\v2.30\pic\sources\c90\common\doprnt.c estimated size: 413

mcc_generated_files/ext_int.c
		_INT_DefaultInterruptHandler		CODE           	1438	0000	1
		_EXT_INT_Initialize		CODE           	14E5	0000	14
		_INT_SetInterruptHandler		CODE           	1464	0000	6
		_INT_CallBack  		CODE           	14CB	0000	13
		_INT_ISR       		CODE           	145E	0000	6

mcc_generated_files/ext_int.c estimated size: 40

mcc_generated_files/tmr5.c
		_TMR5_ISR      		CODE           	1599	0000	23
		_TMR5_Initialize		CODE           	1690	0000	31
		_TMR5_SetInterruptHandler		CODE           	1476	0000	6
		_TMR5_DefaultInterruptHandler		CODE           	07FF	0000	1
		_TMR5_WriteTimer		CODE           	1532	0000	17

mcc_generated_files/tmr5.c estimated size: 78

shared
		i1_DATAEE_WriteByte		CODE           	1615	0000	30
		_dpowers       		STRCODE        	180F	0000	10
		i1___wmul      		CODE           	1633	0000	31
		__initialization		CODE           	006C	0000	36
		i1_LCDsend2x4  		CODE           	0C4E	0000	179
		i1_PWM_Output_D4_Disable		CODE           	143F	0000	3
		i1_TMR2_Stop   		CODE           	1442	0000	3
		i1_WriteI2C    		CODE           	09C9	0000	75
		i1_TMR2_StopTimer		CODE           	1452	0000	4
		_commands      		STRCODE        	1819	0000	9
		i1_PWM6_LoadDutyValue		CODE           	1555	0000	22

shared estimated size: 402

mcc_generated_files/mcc.c
		_PMD_Initialize		CODE           	14A5	0000	8
		_OSCILLATOR_Initialize		CODE           	07F6	0000	9
		_SYSTEM_Initialize		CODE           	16F0	0000	34

mcc_generated_files/mcc.c estimated size: 51

mcc_generated_files/tmr3.c
		_TMR3_ISR      		CODE           	1582	0000	23
		_TMR3_Initialize		CODE           	1671	0000	31
		_TMR3_SetInterruptHandler		CODE           	1470	0000	6
		_TMR3_DefaultInterruptHandler		CODE           	0003	0000	1
		_TMR3_WriteTimer		CODE           	1521	0000	17

mcc_generated_files/tmr3.c estimated size: 78

mcc_generated_files/tmr1.c
		_TMR1_Initialize		CODE           	1652	0000	31
		_TMR1_SetInterruptHandler		CODE           	146A	0000	6
		_TMR1_DefaultInterruptHandler		CODE           	0002	0000	1
		_TMR1_WriteTimer		CODE           	1510	0000	17
		_TMR1_ISR      		CODE           	156B	0000	23

mcc_generated_files/tmr1.c estimated size: 78

E:\Microchip\xc8\v2.30\pic\sources\c90\common\lwdiv.c
		___lwdiv       		CODE           	090C	0000	60

E:\Microchip\xc8\v2.30\pic\sources\c90\common\lwdiv.c estimated size: 60

E:\Microchip\xc8\v2.30\pic\sources\c90\common\Umul16.c
		___wmul        		CODE           	16AF	0000	32

E:\Microchip\xc8\v2.30\pic\sources\c90\common\Umul16.c estimated size: 32

mcc_generated_files/memory.c
		_DATAEE_WriteByte		CODE           	1735	0000	36
		_DATAEE_ReadByte		CODE           	1501	0000	15

mcc_generated_files/memory.c estimated size: 51

mcc_generated_files/i2c1_driver.c
		_i2c1_driver_open		CODE           	14BF	0000	12

mcc_generated_files/i2c1_driver.c estimated size: 12

mcc_generated_files/eusart.c
		_EUSART_SetRxInterruptHandler		CODE           	14AD	0000	9
		_EUSART_SetTxInterruptHandler		CODE           	14B6	0000	9
		_putch         		CODE           	148F	0000	7
		_EUSART_Read   		CODE           	1759	0000	36
		_EUSART_Write  		CODE           	17A8	0000	44
		_EUSART_Transmit_ISR		CODE           	1712	0000	35
		_EUSART_Initialize		CODE           	177D	0000	43
		_getch         		CODE           	145A	0000	4
		_EUSART_Receive_ISR		CODE           	16CF	0000	33
		_EUSART_is_rx_ready		CODE           	1445	0000	3

mcc_generated_files/eusart.c estimated size: 223

mcc_generated_files/adcc.c
		_ADCC_GetSingleConversion		CODE           	0800	0000	18
		_ADCC_Initialize		CODE           	15B0	0000	23

mcc_generated_files/adcc.c estimated size: 41

E:\Microchip\xc8\v2.30\pic\sources\c90\common\isdigit.c
		_isdigit       		CODE           	1543	0000	18

E:\Microchip\xc8\v2.30\pic\sources\c90\common\isdigit.c estimated size: 18

main.c
		_differenceBetweenTimePeriod		CODE           	086C	0000	52
		_PWM_Output_D4_Disable		CODE           	1448	0000	3
		_toggleAlarms  		CODE           	17D4	0000	44
		_editLum       		CODE           	0812	0000	45
		_LCDinit       		CODE           	0BD8	0000	118
		_menuLCD_ISR   		CODE           	032D	0000	555
		_LCDsend       		CODE           	0A14	0000	83
		_LCDsend2x4    		CODE           	0D01	0000	212
		_monitoring_ISR		CODE           	0EE2	0000	286
		_main          		CODE           	0094	0000	665
		_LCDstr        		CODE           	15FA	0000	27
		_PWM_Output_D4_Enable		CODE           	1439	0000	3
		_LCDchar       		CODE           	149D	0000	8
		_cmd_rc        		CODE           	0948	0000	62
		_Clock_ISR     		CODE           	06F5	0000	257
		_cmd_rtl       		CODE           	08D4	0000	56
		_tsttc         		CODE           	0DD5	0000	269
		_editClock     		CODE           	0B74	0000	100
		_S1_ISR        		CODE           	0B18	0000	92
		_LCDcmd        		CODE           	1488	0000	7
		_cmd_ra        		CODE           	0A67	0000	87
		_editTemp      		CODE           	083F	0000	45

main.c estimated size: 3076

