Microchip MPLAB XC8 Compiler V2.30

Linker command line:

-W-3 --edf=E:\Microchip\xc8\v2.30\pic\dat\en_msgs.txt -cn \
  -h+dist/default/production\SCE_Project_part2.production.sym \
  --cmf=dist/default/production\SCE_Project_part2.production.cmf -z \
  -Q16F18875 -oC:\Users\Andre\AppData\Local\Temp\saq0x2 \
  --defsym=__MPLAB_BUILD=1 \
  -Mdist/default/production/SCE_Project_part2.production.map -E1 \
  -ver=XC8 Compiler --acfsm=1493 -ASTACK=020B4h-023EFh -pstack=STACK \
  -ACODE=00h-07FFhx4 -ASTRCODE=00h-01FFFh -ASTRING=00h-0FFhx32 \
  -ACONST=00h-0FFhx32 -AENTRY=00h-0FFhx32 -ACOMMON=070h-07Fh \
  -ABANK0=020h-06Fh -ABANK1=0A0h-0EFh -ABANK2=0120h-016Fh \
  -ABANK3=01A0h-01EFh -ABANK4=0220h-026Fh -ABANK5=02A0h-02EFh \
  -ABANK6=0320h-036Fh -ABANK7=03A0h-03EFh -ABANK8=0420h-046Fh \
  -ABANK9=04A0h-04EFh -ABANK10=0520h-056Fh -ABANK11=05A0h-05EFh \
  -ABANK12=0620h-064Fh -ABIGRAM=02000h-023EFh \
  -ARAM=020h-06Fh,0A0h-0EFh,0120h-016Fh,01A0h-01EFh,0220h-026Fh,02A0h-02EFh,0320h-036Fh,03A0h-03EFh,0420h-046Fh,04A0h-04EFh,0520h-056Fh,05A0h-05EFh,0620h-064Fh \
  -AABS1=020h-07Fh,0A0h-0EFh,0120h-016Fh,01A0h-01EFh,0220h-026Fh,02A0h-02EFh,0320h-036Fh,03A0h-03EFh,0420h-046Fh,04A0h-04EFh,0520h-056Fh,05A0h-05EFh,0620h-064Fh \
  -ASFR0=00h-01Fh -ASFR1=080h-09Fh -ASFR2=0100h-011Fh -ASFR3=0180h-019Fh \
  -ASFR4=0200h-021Fh -ASFR5=0280h-029Fh -ASFR6=0300h-031Fh \
  -ASFR7=0380h-039Fh -ASFR8=0400h-041Fh -ASFR9=0480h-049Fh \
  -ASFR10=0500h-051Fh -ASFR11=0580h-059Fh -ASFR12=0600h-061Fh \
  -ASFR13=0680h-06EFh -ASFR14=0700h-076Fh -ASFR15=0780h-07EFh \
  -ASFR16=0800h-086Fh -ASFR17=0880h-08EFh -ASFR18=0900h-096Fh \
  -ASFR19=0980h-09EFh -ASFR20=0A00h-0A6Fh -ASFR21=0A80h-0AEFh \
  -ASFR22=0B00h-0B6Fh -ASFR23=0B80h-0BEFh -ASFR24=0C00h-0C6Fh \
  -ASFR25=0C80h-0CEFh -ASFR26=0D00h-0D6Fh -ASFR27=0D80h-0DEFh \
  -ASFR28=0E00h-0E6Fh -ASFR29=0E80h-0EEFh -ASFR30=0F00h-0F6Fh \
  -ASFR31=0F80h-0FEFh -ACONFIG=08007h-0800Bh -DCONFIG=2 \
  -AIDLOC=08000h-08003h -DIDLOC=2 -AEEDATA=00h-0FFh/0F000h \
  -peeprom_data=EEDATA -DEEDATA=2 -DCODE=2 -DSTRCODE=2 -DSTRING=2 -DCONST=2 \
  -DENTRY=2 -preset_vec=00h,intentry=04h,init,end_init -ppowerup=CODE \
  -pcinit=CODE -pfunctab=ENTRY -k \
  C:\Users\Andre\AppData\Local\Temp\saq0xm.o \
  dist/default/production\SCE_Project_part2.production.o 

Object code version is 3.11

Machine type is 16F18875



                Name                               Link     Load   Length Selector   Space Scale
C:\Users\Andre\AppData\Local\Temp\saq0xm.o
                end_init                             6A       6A        2        8       0
                reset_vec                             0        0        2        0       0
                config                             8007     8007        5        0       4
dist/default/production\SCE_Project_part2.production.o
                cinit                                6C       6C       28        8       0
                intentry                              4        4       66        8       0
                config                             8007     8007        5        0       4
                text81                             1776     1776       21     2EEC       0
                text80                             17B9     17B9       23     2F72       0
                text79                              B35      B35       5C     166A       0
                text78                             14EB     14EB        1     29D6       0
                text77                             1588     1588        D     2B10       0
                text76                             1512     1512        6     2A24       0
                text75                             16BC     16BC       1E     2D78       0
                text74                             14EC     14EC        1     29D8       0
                text73                              DF2      DF2      101     1BE4       0
                text72                             15CD     15CD       11     2B9A       0
                text71                             1629     1629       17     2C52       0
                text70                             15DE     15DE       11     2BBC       0
                text69                              A3D      A3D       4B     147A       0
                text68                              C6B      C6B       B3     18D6       0
                text67                             153C     153C        7     2A78       0
                text66                             1551     1551        8     2AA2       0
                text65                             16A1     16A1       1B     2D42       0
                text64                             14ED     14ED        3     29DA       0
                text63                             14F0     14F0        3     29E0       0
                text62                             1502     1502        4     2A04       0
                text61                              918      918       34     1230       0
                text60                              980      980       3C     1300       0
                text59                              94C      94C       34     1298       0
                text58                             15EF     15EF       12     2BDE       0
                text57                             16DA     16DA       1F     2DB4       0
                text56                              534      534      19D        8       0
                text55                             1613     1613       16     2C26       0
                text54                             14F3     14F3        3     29E6       0
                text53                             14F6     14F6        3     29EC       0
                text52                             1506     1506        4     2A0C       0
                text51                              309      309      22B        8       0
                text50                                2        2        1        0       0
                text49                             1640     1640       17     2C80       0
                text48                              7EF      7EF       11        8       0
                text47                             1601     1601       12     2C02       0
                text46                             1687     1687       1A     2D0E       0
                text45                              EF3      EF3      10D     1DE6       0
                text44                              6D1      6D1      11E        8       0
                text43                                3        3        1        6       0
                text42                             1657     1657       17     2CAE       0
                text40                             15BE     15BE        F     2B7C       0
                text39                             17DC     17DC       24     2FB8       0
                text38                             14F9     14F9        3     29F2       0
                text37                              ADB      ADB       5A     15B6       0
                text36                              A88      A88       53     1510       0
                text35                              D1E      D1E       D4     1A3C       0
                text34                              BF5      BF5       76     17EA       0
                text33                             166E     166E       19     2CDC       0
                text32                             14FC     14FC        3     29F8       0
                text31                              800      800       17     1000       0
                text30                             1561     1561        9     2AC2       0
                text29                             156A     156A        9     2AD4       0
                text28                              83B      83B       2B     1076       0
                text27                             1518     1518        6     2A30       0
                text26                             15A2     15A2        E     2B44       0
                text25                             1573     1573        9     2AE6       0
                text24                              9FA      9FA       43     13F4       0
                text23                             1559     1559        8     2AB2       0
                text22                             1595     1595        D     2B2A       0
                text21                             151E     151E        6     2A3C       0
                text20                             16F9     16F9       1F     2DF2       0
                text19                             15B0     15B0        E     2B60       0
                text18                             1524     1524        6     2A48       0
                text17                             1718     1718       1F     2E30       0
                text16                             152A     152A        6     2A54       0
                text15                             1737     1737       1F     2E6E       0
                text14                             1797     1797       22     2F2E       0
                text13                             14FF     14FF        3     29FE       0
                text12                             150A     150A        4     2A14       0
                text11                             1756     1756       20     2EAC       0
                text10                              866      866       2C     10CC       0
                text9                              1543     1543        7     2A86       0
                text8                               9BC      9BC       3E     1378       0
                text7                               B91      B91       64     1722       0
                text6                               8BE      8BE       2D     117C       0
                text5                               8EB      8EB       2D     11D6       0
                text4                               817      817       24     102E       0
                text3                              150E     150E        4     2A1C       0
                text2                              157C     157C        C     2AF8       0
                text1                               892      892       2C     1124       0
                maintext                             94       94      275        8       0
                cstackBANK0                          20       20       2D       20       1
                cstackCOMMON                         70       70        E       70       1
                cstackBANK1                          A0       A0       33       A0       1
                clrtext                            1530     1530        6     2A60       0
                inittext                           1536     1536        6     2A6C       0
                bssBANK2                            120      120       10      120       1
                bssBANK1                             D3       D3       10       A0       1
                dataBANK0                            67       67        7       20       1
                bssBANK0                             4D       4D       1A       20       1
                stringtext6                        1825     1825        4     3000       0
                stringtext5                        1820     1820        5     3000       0
                stringtext4                        1819     1819        7     3000       0
                stringtext3                        1800     1800        F     3000       0
                nvBANK2                             130      130        4      120       1
                nvBANK1                              E3       E3        D       A0       1
                nvBANK0                              6E       6E        2       20       1
                stringtext2                        1829     1829        3     3000       0
                stringtext1                        180F     180F        A     3000       0
                idataBANK0                         154A     154A        7     2A94       0

TOTAL           Name                               Link     Load   Length     Space
        CLASS   STACK          

        CLASS   CODE           
                end_init                             6A       6A        2         0
                cinit                                6C       6C       28         0
                intentry                              4        4       66         0
                reset_vec                             0        0        2         0
                text81                             1776     1776       21         0
                text80                             17B9     17B9       23         0
                text79                              B35      B35       5C         0
                text78                             14EB     14EB        1         0
                text77                             1588     1588        D         0
                text76                             1512     1512        6         0
                text75                             16BC     16BC       1E         0
                text74                             14EC     14EC        1         0
                text73                              DF2      DF2      101         0
                text72                             15CD     15CD       11         0
                text71                             1629     1629       17         0
                text70                             15DE     15DE       11         0
                text69                              A3D      A3D       4B         0
                text68                              C6B      C6B       B3         0
                text67                             153C     153C        7         0
                text66                             1551     1551        8         0
                text65                             16A1     16A1       1B         0
                text64                             14ED     14ED        3         0
                text63                             14F0     14F0        3         0
                text62                             1502     1502        4         0
                text61                              918      918       34         0
                text60                              980      980       3C         0
                text59                              94C      94C       34         0
                text58                             15EF     15EF       12         0
                text57                             16DA     16DA       1F         0
                text56                              534      534      19D         0
                text55                             1613     1613       16         0
                text54                             14F3     14F3        3         0
                text53                             14F6     14F6        3         0
                text52                             1506     1506        4         0
                text51                              309      309      22B         0
                text50                                2        2        1         0
                text49                             1640     1640       17         0
                text48                              7EF      7EF       11         0
                text47                             1601     1601       12         0
                text46                             1687     1687       1A         0
                text45                              EF3      EF3      10D         0
                text44                              6D1      6D1      11E         0
                text43                                3        3        1         0
                text42                             1657     1657       17         0
                text40                             15BE     15BE        F         0
                text39                             17DC     17DC       24         0
                text38                             14F9     14F9        3         0
                text37                              ADB      ADB       5A         0
                text36                              A88      A88       53         0
                text35                              D1E      D1E       D4         0
                text34                              BF5      BF5       76         0
                text33                             166E     166E       19         0
                text32                             14FC     14FC        3         0
                text31                              800      800       17         0
                text30                             1561     1561        9         0
                text29                             156A     156A        9         0
                text28                              83B      83B       2B         0
                text27                             1518     1518        6         0
                text26                             15A2     15A2        E         0
                text25                             1573     1573        9         0
                text24                              9FA      9FA       43         0
                text23                             1559     1559        8         0
                text22                             1595     1595        D         0
                text21                             151E     151E        6         0
                text20                             16F9     16F9       1F         0
                text19                             15B0     15B0        E         0
                text18                             1524     1524        6         0
                text17                             1718     1718       1F         0
                text16                             152A     152A        6         0
                text15                             1737     1737       1F         0
                text14                             1797     1797       22         0
                text13                             14FF     14FF        3         0
                text12                             150A     150A        4         0
                text11                             1756     1756       20         0
                text10                              866      866       2C         0
                text9                              1543     1543        7         0
                text8                               9BC      9BC       3E         0
                text7                               B91      B91       64         0
                text6                               8BE      8BE       2D         0
                text5                               8EB      8EB       2D         0
                text4                               817      817       24         0
                text3                              150E     150E        4         0
                text2                              157C     157C        C         0
                text1                               892      892       2C         0
                maintext                             94       94      275         0
                clrtext                            1530     1530        6         0
                inittext                           1536     1536        6         0
                idataBANK0                         154A     154A        7         0

        CLASS   STRCODE        
                stringtext6                        1825     1825        4         0
                stringtext5                        1820     1820        5         0
                stringtext4                        1819     1819        7         0
                stringtext3                        1800     1800        F         0
                stringtext2                        1829     1829        3         0
                stringtext1                        180F     180F        A         0

        CLASS   STRING         

        CLASS   CONST          

        CLASS   ENTRY          

        CLASS   COMMON         
                cstackCOMMON                         70       70        E         1

        CLASS   BANK0          
                cstackBANK0                          20       20       2D         1
                dataBANK0                            67       67        7         1
                bssBANK0                             4D       4D       1A         1
                nvBANK0                              6E       6E        2         1

        CLASS   BANK1          
                cstackBANK1                          A0       A0       33         1
                bssBANK1                             D3       D3       10         1
                nvBANK1                              E3       E3        D         1

        CLASS   BANK2          
                bssBANK2                            120      120       10         1
                nvBANK2                             130      130        4         1

        CLASS   BANK3          

        CLASS   BANK4          

        CLASS   BANK5          

        CLASS   BANK6          

        CLASS   BANK7          

        CLASS   BANK8          

        CLASS   BANK9          

        CLASS   BANK10         

        CLASS   BANK11         

        CLASS   BANK12         

        CLASS   BIGRAM         

        CLASS   RAM            

        CLASS   ABS1           
                abs_s1                               7E       7E        2         1

        CLASS   SFR0           

        CLASS   SFR1           

        CLASS   SFR2           

        CLASS   SFR3           

        CLASS   SFR4           

        CLASS   SFR5           

        CLASS   SFR6           

        CLASS   SFR7           

        CLASS   SFR8           

        CLASS   SFR9           

        CLASS   SFR10          

        CLASS   SFR11          

        CLASS   SFR12          

        CLASS   SFR13          

        CLASS   SFR14          

        CLASS   SFR15          

        CLASS   SFR16          

        CLASS   SFR17          

        CLASS   SFR18          

        CLASS   SFR19          

        CLASS   SFR20          

        CLASS   SFR21          

        CLASS   SFR22          

        CLASS   SFR23          

        CLASS   SFR24          

        CLASS   SFR25          

        CLASS   SFR26          

        CLASS   SFR27          

        CLASS   SFR28          

        CLASS   SFR29          

        CLASS   SFR30          

        CLASS   SFR31          

        CLASS   CONFIG         
                config                             8007     8007        5         4

        CLASS   IDLOC          

        CLASS   EEDATA         

        CLASS   BANK31         

        CLASS   BANK30         

        CLASS   BANK29         

        CLASS   BANK28         

        CLASS   BANK27         

        CLASS   BANK26         

        CLASS   BANK25         

        CLASS   BANK24         

        CLASS   BANK23         

        CLASS   BANK22         

        CLASS   BANK21         

        CLASS   BANK20         

        CLASS   BANK19         

        CLASS   BANK18         

        CLASS   BANK17         

        CLASS   BANK16         

        CLASS   BANK15         

        CLASS   BANK14         

        CLASS   BANK13         



SEGMENTS        Name                           Load    Length   Top    Selector   Space  Class     Delta

                reset_vec                      000000  000003  000003         0       0  CODE        2
                text43                         000003  000001  000004         6       0  CODE        2
                intentry                       000004  0007FC  000800         8       0  CODE        2
                cstackBANK0                    000020  000050  000070        20       1  BANK0       1
                cstackCOMMON                   000070  00000E  00007E        70       1  COMMON      1
                cstackBANK1                    0000A0  000050  0000F0        A0       1  BANK1       1
                bssBANK2                       000120  000014  000134       120       1  BANK2       1
                text31                         000800  000017  000817      1000       0  CODE        2
                text4                          000817  000024  00083B      102E       0  CODE        2
                text28                         00083B  00002B  000866      1076       0  CODE        2
                text10                         000866  00002C  000892      10CC       0  CODE        2
                text1                          000892  00002C  0008BE      1124       0  CODE        2
                text6                          0008BE  00002D  0008EB      117C       0  CODE        2
                text5                          0008EB  00002D  000918      11D6       0  CODE        2
                text61                         000918  000034  00094C      1230       0  CODE        2
                text59                         00094C  000034  000980      1298       0  CODE        2
                text60                         000980  00003C  0009BC      1300       0  CODE        2
                text8                          0009BC  00003E  0009FA      1378       0  CODE        2
                text24                         0009FA  000043  000A3D      13F4       0  CODE        2
                text69                         000A3D  00004B  000A88      147A       0  CODE        2
                text36                         000A88  000053  000ADB      1510       0  CODE        2
                text37                         000ADB  00005A  000B35      15B6       0  CODE        2
                text79                         000B35  00005C  000B91      166A       0  CODE        2
                text7                          000B91  000064  000BF5      1722       0  CODE        2
                text34                         000BF5  000076  000C6B      17EA       0  CODE        2
                text68                         000C6B  0000B3  000D1E      18D6       0  CODE        2
                text35                         000D1E  0000D4  000DF2      1A3C       0  CODE        2
                text73                         000DF2  000101  000EF3      1BE4       0  CODE        2
                text45                         000EF3  00010D  001000      1DE6       0  CODE        2
                text78                         0014EB  000001  0014EC      29D6       0  CODE        2
                text74                         0014EC  000001  0014ED      29D8       0  CODE        2
                text64                         0014ED  000003  0014F0      29DA       0  CODE        2
                text63                         0014F0  000003  0014F3      29E0       0  CODE        2
                text54                         0014F3  000003  0014F6      29E6       0  CODE        2
                text53                         0014F6  000003  0014F9      29EC       0  CODE        2
                text38                         0014F9  000003  0014FC      29F2       0  CODE        2
                text32                         0014FC  000003  0014FF      29F8       0  CODE        2
                text13                         0014FF  000003  001502      29FE       0  CODE        2
                text62                         001502  000004  001506      2A04       0  CODE        2
                text52                         001506  000004  00150A      2A0C       0  CODE        2
                text12                         00150A  000004  00150E      2A14       0  CODE        2
                text3                          00150E  000004  001512      2A1C       0  CODE        2
                text76                         001512  000006  001518      2A24       0  CODE        2
                text27                         001518  000006  00151E      2A30       0  CODE        2
                text21                         00151E  000006  001524      2A3C       0  CODE        2
                text18                         001524  000006  00152A      2A48       0  CODE        2
                text16                         00152A  000006  001530      2A54       0  CODE        2
                clrtext                        001530  000006  001536      2A60       0  CODE        2
                inittext                       001536  000006  00153C      2A6C       0  CODE        2
                text67                         00153C  000007  001543      2A78       0  CODE        2
                text9                          001543  000007  00154A      2A86       0  CODE        2
                idataBANK0                     00154A  000007  001551      2A94       0  CODE        2
                text66                         001551  000008  001559      2AA2       0  CODE        2
                text23                         001559  000008  001561      2AB2       0  CODE        2
                text30                         001561  000009  00156A      2AC2       0  CODE        2
                text29                         00156A  000009  001573      2AD4       0  CODE        2
                text25                         001573  000009  00157C      2AE6       0  CODE        2
                text2                          00157C  00000C  001588      2AF8       0  CODE        2
                text77                         001588  00000D  001595      2B10       0  CODE        2
                text22                         001595  00000D  0015A2      2B2A       0  CODE        2
                text26                         0015A2  00000E  0015B0      2B44       0  CODE        2
                text19                         0015B0  00000E  0015BE      2B60       0  CODE        2
                text40                         0015BE  00000F  0015CD      2B7C       0  CODE        2
                text72                         0015CD  000011  0015DE      2B9A       0  CODE        2
                text70                         0015DE  000011  0015EF      2BBC       0  CODE        2
                text58                         0015EF  000012  001601      2BDE       0  CODE        2
                text47                         001601  000012  001613      2C02       0  CODE        2
                text55                         001613  000016  001629      2C26       0  CODE        2
                text71                         001629  000017  001640      2C52       0  CODE        2
                text49                         001640  000017  001657      2C80       0  CODE        2
                text42                         001657  000017  00166E      2CAE       0  CODE        2
                text33                         00166E  000019  001687      2CDC       0  CODE        2
                text46                         001687  00001A  0016A1      2D0E       0  CODE        2
                text65                         0016A1  00001B  0016BC      2D42       0  CODE        2
                text75                         0016BC  00001E  0016DA      2D78       0  CODE        2
                text57                         0016DA  00001F  0016F9      2DB4       0  CODE        2
                text20                         0016F9  00001F  001718      2DF2       0  CODE        2
                text17                         001718  00001F  001737      2E30       0  CODE        2
                text15                         001737  00001F  001756      2E6E       0  CODE        2
                text11                         001756  000020  001776      2EAC       0  CODE        2
                text81                         001776  000021  001797      2EEC       0  CODE        2
                text14                         001797  000022  0017B9      2F2E       0  CODE        2
                text80                         0017B9  000023  0017DC      2F72       0  CODE        2
                text39                         0017DC  000024  001800      2FB8       0  CODE        2
                stringtext3                    001800  00002C  00182C      3000       0  STRCODE     2


UNUSED ADDRESS RANGES

        Name                Unused          Largest block    Delta
        BANK10           00520-0056F              50           1
        BANK11           005A0-005EF              50           1
        BANK12           00620-0064F              30           1
        BANK2            00134-0016F              3C           1
        BANK3            001A0-001EF              50           1
        BANK4            00220-0026F              50           1
        BANK5            002A0-002EF              50           1
        BANK6            00320-0036F              50           1
        BANK7            003A0-003EF              50           1
        BANK8            00420-0046F              50           1
        BANK9            004A0-004EF              50           1
        BIGRAM           02000-023EF             3F0           1
        CODE             01000-014EA             4EB           2
                         0182C-01FFF             7D4
        CONST            01000-014EA             100           2
                         0182C-01FFF             100
        EEDATA           0F000-0F0FF             100           2
        ENTRY            01000-014EA             100           2
                         0182C-01FFF             100
        IDLOC            08000-08003               4           2
        RAM              00134-0016F              3C           1
                         001A0-001EF              50
                         00220-0026F              50
                         002A0-002EF              50
                         00320-0036F              50
                         003A0-003EF              50
                         00420-0046F              50
                         004A0-004EF              50
                         00520-0056F              50
                         005A0-005EF              50
                         00620-0064F              30
        SFR0             00000-0001F              20           1
        SFR1             00080-0009F              20           1
        SFR10            00500-0051F              20           1
        SFR11            00580-0059F              20           1
        SFR12            00600-0061F              20           1
        SFR13            00680-006EF              70           1
        SFR14            00700-0076F              70           1
        SFR15            00780-007EF              70           1
        SFR16            00800-0086F              70           1
        SFR17            00880-008EF              70           1
        SFR18            00900-0096F              70           1
        SFR19            00980-009EF              70           1
        SFR2             00100-0011F              20           1
        SFR20            00A00-00A6F              70           1
        SFR21            00A80-00AEF              70           1
        SFR22            00B00-00B6F              70           1
        SFR23            00B80-00BEF              70           1
        SFR24            00C00-00C6F              70           1
        SFR25            00C80-00CEF              70           1
        SFR26            00D00-00D6F              70           1
        SFR27            00D80-00DEF              70           1
        SFR28            00E00-00E6F              70           1
        SFR29            00E80-00EEF              70           1
        SFR3             00180-0019F              20           1
        SFR30            00F00-00F6F              70           1
        SFR31            00F80-00FEF              70           1
        SFR4             00200-0021F              20           1
        SFR5             00280-0029F              20           1
        SFR6             00300-0031F              20           1
        SFR7             00380-0039F              20           1
        SFR8             00400-0041F              20           1
        SFR9             00480-0049F              20           1
        STACK            020B4-023EF             33C           1
        STRCODE          01000-014EA             4EB           2
                         0182C-01FFF             7D4
        STRING           01000-014EA             100           2
                         0182C-01FFF             100

                                  Symbol Table

?_ADCC_GetSingleConversion                    cstackCOMMON 00070
?___lwdiv                                     cstackCOMMON 00070
?___lwmod                                     cstackCOMMON 00078
?___wmul                                      cstackBANK1  000A0
?_sprintf                                     cstackBANK0  00020
?i1___wmul                                    cstackCOMMON 00070
ADCC_GetSingleConversion@channel              cstackCOMMON 00073
DATAEE_ReadByte@bAdd                          cstackBANK1  000A0
DATAEE_WriteByte@GIEBitValue                  cstackBANK1  000A3
DATAEE_WriteByte@bAdd                         cstackBANK1  000A0
DATAEE_WriteByte@bData                        cstackBANK1  000A2
EUSART_Read@readValue                         cstackBANK1  000A1
EUSART_SetRxInterruptHandler@interruptHandler cstackBANK1  000A0
EUSART_SetTxInterruptHandler@interruptHandler cstackBANK1  000A0
EUSART_Write@txData                           cstackBANK1  000A1
INT_SetInterruptHandler@InterruptHandler      cstackBANK1  000A0
LCDchar@c                                     cstackCOMMON 00078
LCDcmd@c                                      cstackCOMMON 00078
LCDsend2x4@c                                  cstackBANK1  000A5
LCDsend2x4@hc                                 cstackBANK1  000A6
LCDsend2x4@lc                                 cstackBANK1  000A7
LCDsend2x4@mode                               cstackBANK1  000A2
LCDsend@c                                     cstackBANK1  000A3
LCDstr@c                                      cstackBANK0  00020
LCDstr@p                                      cstackCOMMON 00079
PWM6_LoadDutyValue@dutyValue                  cstackBANK1  000A0
TMR1_SetInterruptHandler@InterruptHandler     cstackBANK1  000A0
TMR1_WriteTimer@timerVal                      cstackCOMMON 00070
TMR3_SetInterruptHandler@InterruptHandler     cstackBANK1  000A0
TMR3_WriteTimer@timerVal                      cstackCOMMON 00070
TMR5_SetInterruptHandler@InterruptHandler     cstackBANK1  000A0
TMR5_WriteTimer@timerVal                      cstackCOMMON 00070
WriteI2C@data_out                             cstackBANK1  000A1
_ADACCH                                       (abs)        00091
_ADACCL                                       (abs)        00090
_ADACQ                                        (abs)        0009D
_ADACT                                        (abs)        00099
_ADCAP                                        (abs)        0009B
_ADCC_GetSingleConversion                     text47       01601
_ADCC_Initialize                              text31       00800
_ADCLK                                        (abs)        00098
_ADCNT                                        (abs)        0010C
_ADCON0                                       (abs)        00093
_ADCON0bits                                   (abs)        00093
_ADCON1                                       (abs)        00094
_ADCON1bits                                   (abs)        00094
_ADCON2                                       (abs)        00095
_ADCON2bits                                   (abs)        00095
_ADCON3                                       (abs)        00096
_ADCON3bits                                   (abs)        00096
_ADERRH                                       (abs)        00117
_ADERRL                                       (abs)        00116
_ADFLTRH                                      (abs)        00115
_ADFLTRL                                      (abs)        00114
_ADLTHH                                       (abs)        0010F
_ADLTHL                                       (abs)        0010E
_ADPCH                                        (abs)        0009E
_ADPRE                                        (abs)        0009C
_ADPREVH                                      (abs)        0008F
_ADPREVL                                      (abs)        0008E
_ADREF                                        (abs)        0009A
_ADRESH                                       (abs)        0008D
_ADRESL                                       (abs)        0008C
_ADRPT                                        (abs)        0010D
_ADSTAT                                       (abs)        00097
_ADSTATbits                                   (abs)        00097
_ADSTPTH                                      (abs)        00113
_ADSTPTL                                      (abs)        00112
_ADUTHH                                       (abs)        00111
_ADUTHL                                       (abs)        00110
_ALAF                                         bssBANK0     00065
_ANSELA                                       (abs)        00F38
_ANSELB                                       (abs)        00F43
_ANSELC                                       (abs)        00F4E
_ANSELD                                       (abs)        00F59
_ANSELE                                       (abs)        00F64
_BAUD1CON                                     (abs)        0011F
_CCPTMRS1bits                                 (abs)        0021F
_Clock_ISR                                    text73       00DF2
_DATAEE_ReadByte                              text40       015BE
_DATAEE_WriteByte                             text39       017DC
_EUSART_Initialize                            text28       0083B
_EUSART_Read                                  text4        00817
_EUSART_Receive_ISR                           text81       01776
_EUSART_RxDefaultInterruptHandler             nvBANK2      00130
_EUSART_SetRxInterruptHandler                 text30       01561
_EUSART_SetTxInterruptHandler                 text29       0156A
_EUSART_Transmit_ISR                          text80       017B9
_EUSART_TxDefaultInterruptHandler             nvBANK2      00132
_EUSART_Write                                 text10       00866
_EUSART_is_rx_ready                           text38       014F9
_EXT_INT_Initialize                           text26       015A2
_INTCONbits                                   (abs)        0000B
_INTERRUPT_InterruptManager                   intentry     00004
_INTPPS                                       (abs)        00E90
_INT_CallBack                                 text77       01588
_INT_DefaultInterruptHandler                  text78       014EB
_INT_ISR                                      text76       01512
_INT_InterruptHandler                         nvBANK1      000E3
_INT_SetInterruptHandler                      text27       01518
_LATA                                         (abs)        00016
_LATAbits                                     (abs)        00016
_LATB                                         (abs)        00017
_LATC                                         (abs)        00018
_LATD                                         (abs)        00019
_LATE                                         (abs)        0001A
_LCDchar                                      text66       01551
_LCDcmd                                       text67       0153C
_LCDinit                                      text34       00BF5
_LCDsend                                      text36       00A88
_LCDsend2x4                                   text35       00D1E
_LCDstr                                       text65       016A1
_NREG                                         bssBANK1     000E2
_NVMADRH                                      (abs)        0081B
_NVMADRL                                      (abs)        0081A
_NVMCON1bits                                  (abs)        0081E
_NVMCON2                                      (abs)        0081F
_NVMDATH                                      (abs)        0081D
_NVMDATL                                      (abs)        0081C
_ODCONA                                       (abs)        00F3A
_ODCONB                                       (abs)        00F45
_ODCONC                                       (abs)        00F50
_ODCOND                                       (abs)        00F5B
_ODCONE                                       (abs)        00F66
_OSCCON1                                      (abs)        0088D
_OSCCON3                                      (abs)        0088F
_OSCEN                                        (abs)        00891
_OSCFRQ                                       (abs)        00893
_OSCILLATOR_Initialize                        text25       01573
_OSCTUNE                                      (abs)        00892
_PIE0bits                                     (abs)        00716
_PIE3bits                                     (abs)        00719
_PIE4bits                                     (abs)        0071A
_PIN_MANAGER_Initialize                       text24       009FA
_PIR0bits                                     (abs)        0070C
_PIR3bits                                     (abs)        0070F
_PIR4bits                                     (abs)        00710
_PMD0                                         (abs)        00796
_PMD1                                         (abs)        00797
_PMD2                                         (abs)        00798
_PMD3                                         (abs)        00799
_PMD4                                         (abs)        0079A
_PMD5                                         (abs)        0079B
_PMD_Initialize                               text23       01559
_PMON                                         bssBANK1     000E1
_PORTCbits                                    (abs)        0000E
_PR2                                          (abs)        0028D
_PWM6CON                                      (abs)        0038E
_PWM6DCH                                      (abs)        0038D
_PWM6DCL                                      (abs)        0038C
_PWM6EN                                       (abs)        01C77
_PWM6_Initialize                              text22       01595
_PWM6_LoadDutyValue                           text33       0166E
_PWM_Output_D4_Disable                        text32       014FC
_PWM_Output_D4_Enable                         text64       014ED
_PWM_on                                       bssBANK1     000DF
_RA6PPS                                       (abs)        00F16
_RC1REG                                       (abs)        00119
_RC1STA                                       (abs)        0011D
_RC1STAbits                                   (abs)        0011D
_RC3PPS                                       (abs)        00F23
_RC4PPS                                       (abs)        00F24
_RC6PPS                                       (abs)        00F26
_RXPPS                                        (abs)        00ECB
_ReadI2C                                      text46       01687
_S1_ISR                                       text79       00B35
_SLRCONA                                      (abs)        00F3B
_SLRCONB                                      (abs)        00F46
_SLRCONC                                      (abs)        00F51
_SLRCOND                                      (abs)        00F5C
_SLRCONE                                      (abs)        00F67
_SP1BRGH                                      (abs)        0011C
_SP1BRGL                                      (abs)        0011B
_SSP1ADD                                      (abs)        0018D
_SSP1BUF                                      (abs)        0018C
_SSP1CLKPPS                                   (abs)        00EC5
_SSP1CON1                                     (abs)        00190
_SSP1CON1bits                                 (abs)        00190
_SSP1CON2                                     (abs)        00191
_SSP1CON2bits                                 (abs)        00191
_SSP1DATPPS                                   (abs)        00EC6
_SSP1MSK                                      (abs)        0018E
_SSP1STAT                                     (abs)        0018F
_SSP1STATbits                                 (abs)        0018F
_SYSTEM_Initialize                            text14       01797
_T1CLK                                        (abs)        00211
_T1CON                                        (abs)        0020E
_T1CONbits                                    (abs)        0020E
_T1GATE                                       (abs)        00210
_T1GCON                                       (abs)        0020F
_T1GCONbits                                   (abs)        0020F
_T2CLKCON                                     (abs)        00290
_T2CON                                        (abs)        0028E
_T2CONbits                                    (abs)        0028E
_T2HLT                                        (abs)        0028F
_T2HLTbits                                    (abs)        0028F
_T2PR                                         (abs)        0028D
_T2RST                                        (abs)        00291
_T2RSTbits                                    (abs)        00291
_T2TMR                                        (abs)        0028C
_T3CLK                                        (abs)        00217
_T3CON                                        (abs)        00214
_T3CONbits                                    (abs)        00214
_T3GATE                                       (abs)        00216
_T3GCON                                       (abs)        00215
_T3GCONbits                                   (abs)        00215
_T5CLK                                        (abs)        0021D
_T5CON                                        (abs)        0021A
_T5CONbits                                    (abs)        0021A
_T5GATE                                       (abs)        0021C
_T5GCON                                       (abs)        0021B
_T5GCONbits                                   (abs)        0021B
_TALA                                         bssBANK0     00066
_TMR1H                                        (abs)        0020D
_TMR1L                                        (abs)        0020C
_TMR1_DefaultInterruptHandler                 text74       014EC
_TMR1_ISR                                     text71       01629
_TMR1_Initialize                              text20       016F9
_TMR1_InterruptHandler                        nvBANK1      000EB
_TMR1_SetInterruptHandler                     text21       0151E
_TMR1_WriteTimer                              text72       015CD
_TMR2                                         (abs)        0028C
_TMR2_Initialize                              text19       015B0
_TMR2_Start                                   text63       014F0
_TMR2_StartTimer                              text62       01502
_TMR2_Stop                                    text13       014FF
_TMR2_StopTimer                               text12       0150A
_TMR3H                                        (abs)        00213
_TMR3L                                        (abs)        00212
_TMR3_DefaultInterruptHandler                 text50       00002
_TMR3_ISR                                     text49       01640
_TMR3_Initialize                              text17       01718
_TMR3_InterruptHandler                        nvBANK1      000E9
_TMR3_SetInterruptHandler                     text18       01524
_TMR3_WriteTimer                              text70       015DE
_TMR5H                                        (abs)        00219
_TMR5L                                        (abs)        00218
_TMR5_DefaultInterruptHandler                 text43       00003
_TMR5_ISR                                     text42       01657
_TMR5_Initialize                              text15       01737
_TMR5_InterruptHandler                        nvBANK1      000E5
_TMR5_SetInterruptHandler                     text16       0152A
_TMR5_WriteTimer                              text48       007EF
_TRISA                                        (abs)        00011
_TRISB                                        (abs)        00012
_TRISC                                        (abs)        00013
_TRISCbits                                    (abs)        00013
_TRISD                                        (abs)        00014
_TRISE                                        (abs)        00015
_TX1REG                                       (abs)        0011A
_TX1STA                                       (abs)        0011E
_TX1STAbits                                   (abs)        0011E
_WPUA                                         (abs)        00F39
_WPUB                                         (abs)        00F44
_WPUC                                         (abs)        00F4F
_WPUC3                                        (abs)        07A7B
_WPUC4                                        (abs)        07A7C
_WPUD                                         (abs)        00F5A
_WPUE                                         (abs)        00F65
_WriteI2C                                     text37       00ADB
__Habs1                                       abs1         00000
__Hbank0                                      bank0        00000
__Hbank1                                      bank1        00000
__Hbank10                                     bank10       00000
__Hbank11                                     bank11       00000
__Hbank12                                     bank12       00000
__Hbank13                                     bank13       00000
__Hbank14                                     bank14       00000
__Hbank15                                     bank15       00000
__Hbank16                                     bank16       00000
__Hbank17                                     bank17       00000
__Hbank18                                     bank18       00000
__Hbank19                                     bank19       00000
__Hbank2                                      bank2        00000
__Hbank20                                     bank20       00000
__Hbank21                                     bank21       00000
__Hbank22                                     bank22       00000
__Hbank23                                     bank23       00000
__Hbank24                                     bank24       00000
__Hbank25                                     bank25       00000
__Hbank26                                     bank26       00000
__Hbank27                                     bank27       00000
__Hbank28                                     bank28       00000
__Hbank29                                     bank29       00000
__Hbank3                                      bank3        00000
__Hbank30                                     bank30       00000
__Hbank31                                     bank31       00000
__Hbank4                                      bank4        00000
__Hbank5                                      bank5        00000
__Hbank6                                      bank6        00000
__Hbank7                                      bank7        00000
__Hbank8                                      bank8        00000
__Hbank9                                      bank9        00000
__Hbigram                                     bigram       00000
__HbssBANK0                                   bssBANK0     00000
__HbssBANK1                                   bssBANK1     00000
__HbssBANK2                                   bssBANK2     00000
__Hcinit                                      cinit        00094
__Hclrtext                                    clrtext      00000
__Hcode                                       code         00000
__Hcommon                                     common       00000
__Hconfig                                     config       0800C
__HcstackBANK0                                cstackBANK0  00000
__HcstackBANK1                                cstackBANK1  00000
__HcstackCOMMON                               cstackCOMMON 00000
__HdataBANK0                                  dataBANK0    00000
__Heeprom_data                                eeprom_data  00000
__Hend_init                                   end_init     0006C
__Hfunctab                                    functab      00000
__HidataBANK0                                 idataBANK0   00000
__Hinit                                       init         0006A
__Hinittext                                   inittext     00000
__Hintentry                                   intentry     0006A
__Hmaintext                                   maintext     00000
__HnvBANK0                                    nvBANK0      00000
__HnvBANK1                                    nvBANK1      00000
__HnvBANK2                                    nvBANK2      00000
__Hpowerup                                    powerup      00000
__Hram                                        ram          00000
__Hreset_vec                                  reset_vec    00002
__Hsfr0                                       sfr0         00000
__Hsfr1                                       sfr1         00000
__Hsfr10                                      sfr10        00000
__Hsfr11                                      sfr11        00000
__Hsfr12                                      sfr12        00000
__Hsfr13                                      sfr13        00000
__Hsfr14                                      sfr14        00000
__Hsfr15                                      sfr15        00000
__Hsfr16                                      sfr16        00000
__Hsfr17                                      sfr17        00000
__Hsfr18                                      sfr18        00000
__Hsfr19                                      sfr19        00000
__Hsfr2                                       sfr2         00000
__Hsfr20                                      sfr20        00000
__Hsfr21                                      sfr21        00000
__Hsfr22                                      sfr22        00000
__Hsfr23                                      sfr23        00000
__Hsfr24                                      sfr24        00000
__Hsfr25                                      sfr25        00000
__Hsfr26                                      sfr26        00000
__Hsfr27                                      sfr27        00000
__Hsfr28                                      sfr28        00000
__Hsfr29                                      sfr29        00000
__Hsfr3                                       sfr3         00000
__Hsfr30                                      sfr30        00000
__Hsfr31                                      sfr31        00000
__Hsfr4                                       sfr4         00000
__Hsfr5                                       sfr5         00000
__Hsfr6                                       sfr6         00000
__Hsfr7                                       sfr7         00000
__Hsfr8                                       sfr8         00000
__Hsfr9                                       sfr9         00000
__Hspace_0                                    (abs)        0182C
__Hspace_1                                    (abs)        00134
__Hspace_2                                    (abs)        00000
__Hspace_3                                    (abs)        00000
__Hspace_4                                    (abs)        10013
__Hstack                                      stack        00000
__Hstrings                                    strings      00000
__Hstringtext1                                stringtext1  00000
__Hstringtext2                                stringtext2  00000
__Hstringtext3                                stringtext3  00000
__Hstringtext4                                stringtext4  00000
__Hstringtext5                                stringtext5  00000
__Hstringtext6                                stringtext6  00000
__Hstringtext7                                stringtext7  00000
__Htext                                       text         00000
__Labs1                                       abs1         00000
__Lbank0                                      bank0        00000
__Lbank1                                      bank1        00000
__Lbank10                                     bank10       00000
__Lbank11                                     bank11       00000
__Lbank12                                     bank12       00000
__Lbank13                                     bank13       00000
__Lbank14                                     bank14       00000
__Lbank15                                     bank15       00000
__Lbank16                                     bank16       00000
__Lbank17                                     bank17       00000
__Lbank18                                     bank18       00000
__Lbank19                                     bank19       00000
__Lbank2                                      bank2        00000
__Lbank20                                     bank20       00000
__Lbank21                                     bank21       00000
__Lbank22                                     bank22       00000
__Lbank23                                     bank23       00000
__Lbank24                                     bank24       00000
__Lbank25                                     bank25       00000
__Lbank26                                     bank26       00000
__Lbank27                                     bank27       00000
__Lbank28                                     bank28       00000
__Lbank29                                     bank29       00000
__Lbank3                                      bank3        00000
__Lbank30                                     bank30       00000
__Lbank31                                     bank31       00000
__Lbank4                                      bank4        00000
__Lbank5                                      bank5        00000
__Lbank6                                      bank6        00000
__Lbank7                                      bank7        00000
__Lbank8                                      bank8        00000
__Lbank9                                      bank9        00000
__Lbigram                                     bigram       00000
__LbssBANK0                                   bssBANK0     00000
__LbssBANK1                                   bssBANK1     00000
__LbssBANK2                                   bssBANK2     00000
__Lcinit                                      cinit        0006C
__Lclrtext                                    clrtext      00000
__Lcode                                       code         00000
__Lcommon                                     common       00000
__Lconfig                                     config       00000
__LcstackBANK0                                cstackBANK0  00000
__LcstackBANK1                                cstackBANK1  00000
__LcstackCOMMON                               cstackCOMMON 00000
__LdataBANK0                                  dataBANK0    00000
__Leeprom_data                                eeprom_data  00000
__Lend_init                                   end_init     0006A
__Lfunctab                                    functab      00000
__LidataBANK0                                 idataBANK0   00000
__Linit                                       init         0006A
__Linittext                                   inittext     00000
__Lintentry                                   intentry     00004
__Lmaintext                                   maintext     00000
__LnvBANK0                                    nvBANK0      00000
__LnvBANK1                                    nvBANK1      00000
__LnvBANK2                                    nvBANK2      00000
__Lpowerup                                    powerup      00000
__Lram                                        ram          00000
__Lreset_vec                                  reset_vec    00000
__Lsfr0                                       sfr0         00000
__Lsfr1                                       sfr1         00000
__Lsfr10                                      sfr10        00000
__Lsfr11                                      sfr11        00000
__Lsfr12                                      sfr12        00000
__Lsfr13                                      sfr13        00000
__Lsfr14                                      sfr14        00000
__Lsfr15                                      sfr15        00000
__Lsfr16                                      sfr16        00000
__Lsfr17                                      sfr17        00000
__Lsfr18                                      sfr18        00000
__Lsfr19                                      sfr19        00000
__Lsfr2                                       sfr2         00000
__Lsfr20                                      sfr20        00000
__Lsfr21                                      sfr21        00000
__Lsfr22                                      sfr22        00000
__Lsfr23                                      sfr23        00000
__Lsfr24                                      sfr24        00000
__Lsfr25                                      sfr25        00000
__Lsfr26                                      sfr26        00000
__Lsfr27                                      sfr27        00000
__Lsfr28                                      sfr28        00000
__Lsfr29                                      sfr29        00000
__Lsfr3                                       sfr3         00000
__Lsfr30                                      sfr30        00000
__Lsfr31                                      sfr31        00000
__Lsfr4                                       sfr4         00000
__Lsfr5                                       sfr5         00000
__Lsfr6                                       sfr6         00000
__Lsfr7                                       sfr7         00000
__Lsfr8                                       sfr8         00000
__Lsfr9                                       sfr9         00000
__Lspace_0                                    (abs)        00000
__Lspace_1                                    (abs)        00000
__Lspace_2                                    (abs)        00000
__Lspace_3                                    (abs)        00000
__Lspace_4                                    (abs)        00000
__Lstack                                      stack        00000
__Lstrings                                    strings      00000
__Lstringtext1                                stringtext1  00000
__Lstringtext2                                stringtext2  00000
__Lstringtext3                                stringtext3  00000
__Lstringtext4                                stringtext4  00000
__Lstringtext5                                stringtext5  00000
__Lstringtext6                                stringtext6  00000
__Lstringtext7                                stringtext7  00000
__Ltext                                       text         00000
__S0                                          (abs)        0182C
__S1                                          (abs)        00134
__S2                                          (abs)        00000
__S3                                          (abs)        00000
___int_sp                                     stack        00000
___latbits                                    (abs)        00002
___lwdiv                                      text60       00980
___lwdiv@counter                              cstackCOMMON 00077
___lwdiv@dividend                             cstackCOMMON 00072
___lwdiv@divisor                              cstackCOMMON 00070
___lwdiv@quotient                             cstackCOMMON 00075
___lwmod                                      text59       0094C
___lwmod@counter                              cstackCOMMON 0007D
___lwmod@dividend                             cstackCOMMON 0007A
___lwmod@divisor                              cstackCOMMON 00078
___sp                                         stack        00000
___stackhi                                    (abs)        023EF
___stacklo                                    (abs)        020B4
___wmul                                       text11       01756
___wmul@multiplicand                          cstackBANK1  000A2
___wmul@multiplier                            cstackBANK1  000A0
___wmul@product                               cstackBANK1  000A4
__end_of_ADCC_GetSingleConversion             text47       01613
__end_of_ADCC_Initialize                      text31       00817
__end_of_Clock_ISR                            text73       00EF3
__end_of_DATAEE_ReadByte                      text40       015CD
__end_of_DATAEE_WriteByte                     text39       01800
__end_of_EUSART_Initialize                    text28       00866
__end_of_EUSART_Read                          text4        0083B
__end_of_EUSART_Receive_ISR                   text81       01797
__end_of_EUSART_SetRxInterruptHandler         text30       0156A
__end_of_EUSART_SetTxInterruptHandler         text29       01573
__end_of_EUSART_Transmit_ISR                  text80       017DC
__end_of_EUSART_Write                         text10       00892
__end_of_EUSART_is_rx_ready                   text38       014FC
__end_of_EXT_INT_Initialize                   text26       015B0
__end_of_INTERRUPT_InterruptManager           intentry     0006A
__end_of_INT_CallBack                         text77       01595
__end_of_INT_DefaultInterruptHandler          text78       014EC
__end_of_INT_ISR                              text76       01518
__end_of_INT_SetInterruptHandler              text27       0151E
__end_of_LCDchar                              text66       01559
__end_of_LCDcmd                               text67       01543
__end_of_LCDinit                              text34       00C6B
__end_of_LCDsend                              text36       00ADB
__end_of_LCDsend2x4                           text35       00DF2
__end_of_LCDstr                               text65       016BC
__end_of_OSCILLATOR_Initialize                text25       0157C
__end_of_PIN_MANAGER_Initialize               text24       00A3D
__end_of_PMD_Initialize                       text23       01561
__end_of_PWM6_Initialize                      text22       015A2
__end_of_PWM6_LoadDutyValue                   text33       01687
__end_of_PWM_Output_D4_Disable                text32       014FF
__end_of_PWM_Output_D4_Enable                 text64       014F0
__end_of_ReadI2C                              text46       016A1
__end_of_S1_ISR                               text79       00B91
__end_of_SYSTEM_Initialize                    text14       017B9
__end_of_TMR1_DefaultInterruptHandler         text74       014ED
__end_of_TMR1_ISR                             text71       01640
__end_of_TMR1_Initialize                      text20       01718
__end_of_TMR1_SetInterruptHandler             text21       01524
__end_of_TMR1_WriteTimer                      text72       015DE
__end_of_TMR2_Initialize                      text19       015BE
__end_of_TMR2_Start                           text63       014F3
__end_of_TMR2_StartTimer                      text62       01506
__end_of_TMR2_Stop                            text13       01502
__end_of_TMR2_StopTimer                       text12       0150E
__end_of_TMR3_DefaultInterruptHandler         text50       00003
__end_of_TMR3_ISR                             text49       01657
__end_of_TMR3_Initialize                      text17       01737
__end_of_TMR3_SetInterruptHandler             text18       0152A
__end_of_TMR3_WriteTimer                      text70       015EF
__end_of_TMR5_DefaultInterruptHandler         text43       00004
__end_of_TMR5_ISR                             text42       0166E
__end_of_TMR5_Initialize                      text15       01756
__end_of_TMR5_SetInterruptHandler             text16       01530
__end_of_TMR5_WriteTimer                      text48       00800
__end_of_WriteI2C                             text37       00B35
__end_of___lwdiv                              text60       009BC
__end_of___lwmod                              text59       00980
__end_of___wmul                               text11       01776
__end_of__initialization                      cinit        00090
__end_of_cmd_rc                               text8        009FA
__end_of_commands                             stringtext2  0182C
__end_of_differenceBetweenTimePeriod          text61       0094C
__end_of_dpowers                              stringtext1  01819
__end_of_editClock                            text7        00BF5
__end_of_editLum                              text6        008EB
__end_of_editTemp                             text5        00918
__end_of_getch                                text3        01512
__end_of_i2c1_driver_open                     text2        01588
__end_of_isdigit                              text58       01601
__end_of_main                                 maintext     00309
__end_of_menuLCD_ISR                          text51       00534
__end_of_monitoring_ISR                       text44       007EF
__end_of_putch                                text9        0154A
__end_of_sprintf                              text56       006D1
__end_of_toggleAlarms                         text1        008BE
__end_of_tsttc                                text45       01000
__end_ofi1_DATAEE_WriteByte                   text75       016DA
__end_ofi1_LCDsend2x4                         text68       00D1E
__end_ofi1_PWM6_LoadDutyValue                 text55       01629
__end_ofi1_PWM_Output_D4_Disable              text54       014F6
__end_ofi1_TMR2_Stop                          text53       014F9
__end_ofi1_TMR2_StopTimer                     text52       0150A
__end_ofi1_WriteI2C                           text69       00A88
__end_ofi1___wmul                             text57       016F9
__initialization                              cinit        0006C
__pbssBANK0                                   bssBANK0     0004D
__pbssBANK1                                   bssBANK1     000D3
__pbssBANK2                                   bssBANK2     00120
__pcstackBANK0                                cstackBANK0  00020
__pcstackBANK1                                cstackBANK1  000A0
__pcstackCOMMON                               cstackCOMMON 00070
__pdataBANK0                                  dataBANK0    00067
__pidataBANK0                                 idataBANK0   0154A
__pintentry                                   intentry     00004
__pmaintext                                   maintext     00094
__pnvBANK0                                    nvBANK0      0006E
__pnvBANK1                                    nvBANK1      000E3
__pnvBANK2                                    nvBANK2      00130
__pstringtext1                                stringtext1  0180F
__pstringtext2                                stringtext2  01829
__pstringtext3                                stringtext3  01800
__pstringtext4                                stringtext4  01819
__pstringtext5                                stringtext5  01820
__pstringtext6                                stringtext6  01825
__pstringtext7                                stringtext7  00000
__ptext1                                      text1        00892
__ptext10                                     text10       00866
__ptext11                                     text11       01756
__ptext12                                     text12       0150A
__ptext13                                     text13       014FF
__ptext14                                     text14       01797
__ptext15                                     text15       01737
__ptext16                                     text16       0152A
__ptext17                                     text17       01718
__ptext18                                     text18       01524
__ptext19                                     text19       015B0
__ptext2                                      text2        0157C
__ptext20                                     text20       016F9
__ptext21                                     text21       0151E
__ptext22                                     text22       01595
__ptext23                                     text23       01559
__ptext24                                     text24       009FA
__ptext25                                     text25       01573
__ptext26                                     text26       015A2
__ptext27                                     text27       01518
__ptext28                                     text28       0083B
__ptext29                                     text29       0156A
__ptext3                                      text3        0150E
__ptext30                                     text30       01561
__ptext31                                     text31       00800
__ptext32                                     text32       014FC
__ptext33                                     text33       0166E
__ptext34                                     text34       00BF5
__ptext35                                     text35       00D1E
__ptext36                                     text36       00A88
__ptext37                                     text37       00ADB
__ptext38                                     text38       014F9
__ptext39                                     text39       017DC
__ptext4                                      text4        00817
__ptext40                                     text40       015BE
__ptext42                                     text42       01657
__ptext43                                     text43       00003
__ptext44                                     text44       006D1
__ptext45                                     text45       00EF3
__ptext46                                     text46       01687
__ptext47                                     text47       01601
__ptext48                                     text48       007EF
__ptext49                                     text49       01640
__ptext5                                      text5        008EB
__ptext50                                     text50       00002
__ptext51                                     text51       00309
__ptext52                                     text52       01506
__ptext53                                     text53       014F6
__ptext54                                     text54       014F3
__ptext55                                     text55       01613
__ptext56                                     text56       00534
__ptext57                                     text57       016DA
__ptext58                                     text58       015EF
__ptext59                                     text59       0094C
__ptext6                                      text6        008BE
__ptext60                                     text60       00980
__ptext61                                     text61       00918
__ptext62                                     text62       01502
__ptext63                                     text63       014F0
__ptext64                                     text64       014ED
[...]
		On exit  : 
		Unchanged: 
 Data sizes:     COMMON   BANK0   BANK1   BANK2   BANK3   BANK4   BANK5   BANK6   BANK7   BANK8   BANK9  BANK10  BANK11  BANK12
      Params:         0       0       0       0       0       0       0       0       0       0       0       0       0       0
      Locals:         0       0       0       0       0       0       0       0       0       0       0       0       0       0
      Temps:          0       0       0       0       0       0       0       0       0       0       0       0       0       0
      Totals:         0       0       0       0       0       0       0       0       0       0       0       0       0       0
Total ram usage:        0 bytes
 Hardware stack levels used:    1
 Hardware stack levels required when called:    2
 This function calls:
		Absolute function
		_Clock_ISR
		_TMR1_DefaultInterruptHandler
		_TMR1_WriteTimer
 This function is called by:
		_INTERRUPT_InterruptManager
 This function uses a non-reentrant model


 *************** function _TMR1_WriteTimer *****************
 Defined at:
		line 127 in file "mcc_generated_files/tmr1.c"
 Parameters:    Size  Location     Type
  timerVal        2    0[COMMON] unsigned int 
 Auto vars:     Size  Location     Type
		None
 Return value:  Size  Location     Type
                  1    wreg      void 
 Registers used:
		wreg, status,2
 Tracked objects:
		On entry : 
		On exit  : 
		Unchanged: 
 Data sizes:     COMMON   BANK0   BANK1   BANK2   BANK3   BANK4   BANK5   BANK6   BANK7   BANK8   BANK9  BANK10  BANK11  BANK12
      Params:         2       0       0       0       0       0       0       0       0       0       0       0       0       0
      Locals:         0       0       0       0       0       0       0       0       0       0       0       0       0       0
      Temps:          0       0       0       0       0       0       0       0       0       0       0       0       0       0
      Totals:         2       0       0       0       0       0       0       0       0       0       0       0       0       0
Total ram usage:        2 bytes
 Hardware stack levels used:    1
 This function calls:
		Nothing
 This function is called by:
		_TMR1_ISR
		_TMR1_Reload
 This function uses a non-reentrant model


 *************** function _Clock_ISR *****************
 Defined at:
		line 327 in file "main.c"
 Parameters:    Size  Location     Type
		None
 Auto vars:     Size  Location     Type
		None
 Return value:  Size  Location     Type
                  1    wreg      void 
 Registers used:
		wreg, status,2, status,0, pclath, cstack
 Tracked objects:
		On entry : 
		On exit  : 
		Unchanged: 
 Data sizes:     COMMON   BANK0   BANK1   BANK2   BANK3   BANK4   BANK5   BANK6   BANK7   BANK8   BANK9  BANK10  BANK11  BANK12
      Params:         0       0       0       0       0       0       0       0       0       0       0       0       0       0
      Locals:         0       0       0       0       0       0       0       0       0       0       0       0       0       0
      Temps:          1       0       0       0       0       0       0       0       0       0       0       0       0       0
      Totals:         1       0       0       0       0       0       0       0       0       0       0       0       0       0
Total ram usage:        1 bytes
 Hardware stack levels used:    1
 Hardware stack levels required when called:    1
 This function calls:
		i1_DATAEE_WriteByte
 This function is called by:
		_main
		_TMR1_ISR
 This function uses a non-reentrant model


 *************** function _TMR1_DefaultInterruptHandler *****************
 Defined at:
		line 182 in file "mcc_generated_files/tmr1.c"
 Parameters:    Size  Location     Type
		None
 Auto vars:     Size  Location     Type
		None
 Return value:  Size  Location     Type
                  1    wreg      void 
 Registers used:
		None
 Tracked objects:
		On entry : 
		On exit  : 
		Unchanged: 
 Data sizes:     COMMON   BANK0   BANK1   BANK2   BANK3   BANK4   BANK5   BANK6   BANK7   BANK8   BANK9  BANK10  BANK11  BANK12
      Params:         0       0       0       0       0       0       0       0       0       0       0       0       0       0
      Locals:         0       0       0       0       0       0       0       0       0       0       0       0       0       0
      Temps:          0       0       0       0       0       0       0       0       0       0       0       0       0       0
      Totals:         0       0       0       0       0       0       0       0       0       0       0       0       0       0
Total ram usage:        0 bytes
 Hardware stack levels used:    1
 This function calls:
		Nothing
 This function is called by:
		_TMR1_Initialize
		_TMR1_ISR
 This function uses a non-reentrant model


 *************** function i1_DATAEE_WriteByte *****************
 Defined at:
		line 180 in file "mcc_generated_files/memory.c"
 Parameters:    Size  Location     Type
  bAdd            2    6[COMMON] unsigned int 
  bData           1    8[COMMON] unsigned char 
 Auto vars:     Size  Location     Type
  GIEBitValue     1    9[COMMON] unsigned char 
 Return value:  Size  Location     Type
                  1    wreg      void 
 Registers used:
		wreg, status,2, status,0
 Tracked objects:
		On entry : 
		On exit  : 
		Unchanged: 
 Data sizes:     COMMON   BANK0   BANK1   BANK2   BANK3   BANK4   BANK5   BANK6   BANK7   BANK8   BANK9  BANK10  BANK11  BANK12
      Params:         3       0       0       0       0       0       0       0       0       0       0       0       0       0
      Locals:         1       0       0       0       0       0       0       0       0       0       0       0       0       0
      Temps:          0       0       0       0       0       0       0       0       0       0       0       0       0       0
      Totals:         4       0       0       0       0       0       0       0       0       0       0       0       0       0
Total ram usage:        4 bytes
 Hardware stack levels used:    1
 This function calls:
		Nothing
 This function is called by:
		_Clock_ISR
		_monitoring_ISR
 This function uses a non-reentrant model


 *************** function _INT_ISR *****************
 Defined at:
		line 32 in file "mcc_generated_files/ext_int.c"
 Parameters:    Size  Location     Type
		None
 Auto vars:     Size  Location     Type
		None
 Return value:  Size  Location     Type
                  1    wreg      void 
 Registers used:
		wreg, status,2, status,0, pclath, cstack
 Tracked objects:
		On entry : 
		On exit  : 
		Unchanged: 
 Data sizes:     COMMON   BANK0   BANK1   BANK2   BANK3   BANK4   BANK5   BANK6   BANK7   BANK8   BANK9  BANK10  BANK11  BANK12
      Params:         0       0       0       0       0       0       0       0       0       0       0       0       0       0
      Locals:         0       0       0       0       0       0       0       0       0       0       0       0       0       0
      Temps:          0       0       0       0       0       0       0       0       0       0       0       0       0       0
      Totals:         0       0       0       0       0       0       0       0       0       0       0       0       0       0
Total ram usage:        0 bytes
 Hardware stack levels used:    1
 Hardware stack levels required when called:    2
 This function calls:
		_INT_CallBack
 This function is called by:
		_INTERRUPT_InterruptManager
 This function uses a non-reentrant model


 *************** function _INT_CallBack *****************
 Defined at:
		line 41 in file "mcc_generated_files/ext_int.c"
 Parameters:    Size  Location     Type
		None
 Auto vars:     Size  Location     Type
		None
 Return value:  Size  Location     Type
                  1    wreg      void 
 Registers used:
		wreg, status,2, status,0, pclath, cstack
 Tracked objects:
		On entry : 
		On exit  : 
		Unchanged: 
 Data sizes:     COMMON   BANK0   BANK1   BANK2   BANK3   BANK4   BANK5   BANK6   BANK7   BANK8   BANK9  BANK10  BANK11  BANK12
      Params:         0       0       0       0       0       0       0       0       0       0       0       0       0       0
      Locals:         0       0       0       0       0       0       0       0       0       0       0       0       0       0
      Temps:          0       0       0       0       0       0       0       0       0       0       0       0       0       0
      Totals:         0       0       0       0       0       0       0       0       0       0       0       0       0       0
Total ram usage:        0 bytes
 Hardware stack levels used:    1
 Hardware stack levels required when called:    1
 This function calls:
		Absolute function
		_INT_DefaultInterruptHandler
		_S1_ISR
 This function is called by:
		_INT_ISR
 This function uses a non-reentrant model


 *************** function _INT_DefaultInterruptHandler *****************
 Defined at:
		line 54 in file "mcc_generated_files/ext_int.c"
 Parameters:    Size  Location     Type
		None
 Auto vars:     Size  Location     Type
		None
 Return value:  Size  Location     Type
                  1    wreg      void 
 Registers used:
		None
 Tracked objects:
		On entry : 
		On exit  : 
		Unchanged: 
 Data sizes:     COMMON   BANK0   BANK1   BANK2   BANK3   BANK4   BANK5   BANK6   BANK7   BANK8   BANK9  BANK10  BANK11  BANK12
      Params:         0       0       0       0       0       0       0       0       0       0       0       0       0       0
      Locals:         0       0       0       0       0       0       0       0       0       0       0       0       0       0
      Temps:          0       0       0       0       0       0       0       0       0       0       0       0       0       0
      Totals:         0       0       0       0       0       0       0       0       0       0       0       0       0       0
Total ram usage:        0 bytes
 Hardware stack levels used:    1
 This function calls:
		Nothing
 This function is called by:
		_EXT_INT_Initialize
		_INT_CallBack
 This function uses a non-reentrant model


 *************** function _S1_ISR *****************
 Defined at:
		line 667 in file "main.c"
 Parameters:    Size  Location     Type
		None
 Auto vars:     Size  Location     Type
		None
 Return value:  Size  Location     Type
                  1    wreg      void 
 Registers used:
		wreg, status,2, status,0
 Tracked objects:
		On entry : 
		On exit  : 
		Unchanged: 
 Data sizes:     COMMON   BANK0   BANK1   BANK2   BANK3   BANK4   BANK5   BANK6   BANK7   BANK8   BANK9  BANK10  BANK11  BANK12
      Params:         0       0       0       0       0       0       0       0       0       0       0       0       0       0
      Locals:         0       0       0       0       0       0       0       0       0       0       0       0       0       0
      Temps:          1       0       0       0       0       0       0       0       0       0       0       0       0       0
      Totals:         1       0       0       0       0       0       0       0       0       0       0       0       0       0
Total ram usage:        1 bytes
 Hardware stack levels used:    1
 This function calls:
		Nothing
 This function is called by:
		_main
		_INT_CallBack
 This function uses a non-reentrant model


 *************** function _EUSART_Transmit_ISR *****************
 Defined at:
		line 181 in file "mcc_generated_files/eusart.c"
 Parameters:    Size  Location     Type
		None
 Auto vars:     Size  Location     Type
		None
 Return value:  Size  Location     Type
                  1    wreg      void 
 Registers used:
		wreg, fsr1l, fsr1h, status,2, status,0
 Tracked objects:
		On entry : 
		On exit  : 
		Unchanged: 
 Data sizes:     COMMON   BANK0   BANK1   BANK2   BANK3   BANK4   BANK5   BANK6   BANK7   BANK8   BANK9  BANK10  BANK11  BANK12
      Params:         0       0       0       0       0       0       0       0       0       0       0       0       0       0
      Locals:         0       0       0       0       0       0       0       0       0       0       0       0       0       0
      Temps:          1       0       0       0       0       0       0       0       0       0       0       0       0       0
      Totals:         1       0       0       0       0       0       0       0       0       0       0       0       0       0
Total ram usage:        1 bytes
 Hardware stack levels used:    1
 This function calls:
		Nothing
 This function is called by:
		_EUSART_Initialize
		_INTERRUPT_InterruptManager
 This function uses a non-reentrant model


 *************** function _EUSART_Receive_ISR *****************
 Defined at:
		line 200 in file "mcc_generated_files/eusart.c"
 Parameters:    Size  Location     Type
		None
 Auto vars:     Size  Location     Type
		None
 Return value:  Size  Location     Type
                  1    wreg      void 
 Registers used:
		wreg, fsr1l, fsr1h, status,2, status,0
 Tracked objects:
		On entry : 
		On exit  : 
		Unchanged: 
 Data sizes:     COMMON   BANK0   BANK1   BANK2   BANK3   BANK4   BANK5   BANK6   BANK7   BANK8   BANK9  BANK10  BANK11  BANK12
      Params:         0       0       0       0       0       0       0       0       0       0       0       0       0       0
      Locals:         0       0       0       0       0       0       0       0       0       0       0       0       0       0
      Temps:          1       0       0       0       0       0       0       0       0       0       0       0       0       0
      Totals:         1       0       0       0       0       0       0       0       0       0       0       0       0       0
Total ram usage:        1 bytes
 Hardware stack levels used:    1
 This function calls:
		Nothing
 This function is called by:
		_EUSART_Initialize
		_INTERRUPT_InterruptManager
 This function uses a non-reentrant model



MODULE INFORMATION

Module		Function		Class		Link	Load	Size
mcc_generated_files/pwm6.c
		_PWM6_LoadDutyValue		CODE           	166E	0000	25
		_PWM6_Initialize		CODE           	1595	0000	13

mcc_generated_files/pwm6.c estimated size: 38

mcc_generated_files/tmr2.c
		_TMR2_Initialize		CODE           	15B0	0000	14
		_TMR2_Stop     		CODE           	14FF	0000	3
		_TMR2_Start    		CODE           	14F0	0000	3
		_TMR2_StopTimer		CODE           	150A	0000	4
		_TMR2_StartTimer		CODE           	1502	0000	4

mcc_generated_files/tmr2.c estimated size: 28

mcc_generated_files/interrupt_manager.c
		_INTERRUPT_InterruptManager		CODE           	0004	0000	102

mcc_generated_files/interrupt_manager.c estimated size: 102

mcc_generated_files/pin_manager.c
		_PIN_MANAGER_Initialize		CODE           	09FA	0000	67

mcc_generated_files/pin_manager.c estimated size: 67

I2C/i2c.c
		_ReadI2C       		CODE           	1687	0000	26
		_WriteI2C      		CODE           	0ADB	0000	90

I2C/i2c.c estimated size: 116

E:\Microchip\xc8\v2.30\pic\sources\c90\common\lwmod.c
		___lwmod       		CODE           	094C	0000	52

E:\Microchip\xc8\v2.30\pic\sources\c90\common\lwmod.c estimated size: 52

E:\Microchip\xc8\v2.30\pic\sources\c90\common\doprnt.c
		_sprintf       		CODE           	0534	0000	413

E:\Microchip\xc8\v2.30\pic\sources\c90\common\doprnt.c estimated size: 413

mcc_generated_files/ext_int.c
		_INT_DefaultInterruptHandler		CODE           	14EB	0000	1
		_EXT_INT_Initialize		CODE           	15A2	0000	14
		_INT_SetInterruptHandler		CODE           	1518	0000	6
		_INT_CallBack  		CODE           	1588	0000	13
		_INT_ISR       		CODE           	1512	0000	6

mcc_generated_files/ext_int.c estimated size: 40

mcc_generated_files/tmr5.c
		_TMR5_ISR      		CODE           	1657	0000	23
		_TMR5_Initialize		CODE           	1737	0000	31
		_TMR5_SetInterruptHandler		CODE           	152A	0000	6
		_TMR5_DefaultInterruptHandler		CODE           	0003	0000	1
		_TMR5_WriteTimer		CODE           	07EF	0000	17

mcc_generated_files/tmr5.c estimated size: 78

shared
		i1_DATAEE_WriteByte		CODE           	16BC	0000	30
		_dpowers       		STRCODE        	180F	0000	10
		i1___wmul      		CODE           	16DA	0000	31
		__initialization		CODE           	006C	0000	36
		i1_LCDsend2x4  		CODE           	0C6B	0000	179
		i1_PWM_Output_D4_Disable		CODE           	14F3	0000	3
		i1_TMR2_Stop   		CODE           	14F6	0000	3
		i1_WriteI2C    		CODE           	0A3D	0000	75
		i1_TMR2_StopTimer		CODE           	1506	0000	4
		_commands      		STRCODE        	1829	0000	3
		i1_PWM6_LoadDutyValue		CODE           	1613	0000	22

shared estimated size: 396

mcc_generated_files/mcc.c
		_PMD_Initialize		CODE           	1559	0000	8
		_OSCILLATOR_Initialize		CODE           	1573	0000	9
		_SYSTEM_Initialize		CODE           	1797	0000	34

mcc_generated_files/mcc.c estimated size: 51

mcc_generated_files/tmr3.c
		_TMR3_ISR      		CODE           	1640	0000	23
		_TMR3_Initialize		CODE           	1718	0000	31
		_TMR3_SetInterruptHandler		CODE           	1524	0000	6
		_TMR3_DefaultInterruptHandler		CODE           	0002	0000	1
		_TMR3_WriteTimer		CODE           	15DE	0000	17

mcc_generated_files/tmr3.c estimated size: 78

mcc_generated_files/tmr1.c
		_TMR1_Initialize		CODE           	16F9	0000	31
		_TMR1_SetInterruptHandler		CODE           	151E	0000	6
		_TMR1_DefaultInterruptHandler		CODE           	14EC	0000	1
		_TMR1_WriteTimer		CODE           	15CD	0000	17
		_TMR1_ISR      		CODE           	1629	0000	23

mcc_generated_files/tmr1.c estimated size: 78

E:\Microchip\xc8\v2.30\pic\sources\c90\common\lwdiv.c
		___lwdiv       		CODE           	0980	0000	60

E:\Microchip\xc8\v2.30\pic\sources\c90\common\lwdiv.c estimated size: 60

E:\Microchip\xc8\v2.30\pic\sources\c90\common\Umul16.c
		___wmul        		CODE           	1756	0000	32

E:\Microchip\xc8\v2.30\pic\sources\c90\common\Umul16.c estimated size: 32

mcc_generated_files/memory.c
		_DATAEE_WriteByte		CODE           	17DC	0000	36
		_DATAEE_ReadByte		CODE           	15BE	0000	15

mcc_generated_files/memory.c estimated size: 51

mcc_generated_files/i2c1_driver.c
		_i2c1_driver_open		CODE           	157C	0000	12

mcc_generated_files/i2c1_driver.c estimated size: 12

mcc_generated_files/eusart.c
		_EUSART_SetRxInterruptHandler		CODE           	1561	0000	9
		_EUSART_SetTxInterruptHandler		CODE           	156A	0000	9
		_putch         		CODE           	1543	0000	7
		_EUSART_Read   		CODE           	0817	0000	36
		_EUSART_Write  		CODE           	0866	0000	44
		_EUSART_Transmit_ISR		CODE           	17B9	0000	35
		_EUSART_Initialize		CODE           	083B	0000	43
		_getch         		CODE           	150E	0000	4
		_EUSART_Receive_ISR		CODE           	1776	0000	33
		_EUSART_is_rx_ready		CODE           	14F9	0000	3

mcc_generated_files/eusart.c estimated size: 223

mcc_generated_files/adcc.c
		_ADCC_GetSingleConversion		CODE           	1601	0000	18
		_ADCC_Initialize		CODE           	0800	0000	23

mcc_generated_files/adcc.c estimated size: 41

E:\Microchip\xc8\v2.30\pic\sources\c90\common\isdigit.c
		_isdigit       		CODE           	15EF	0000	18

E:\Microchip\xc8\v2.30\pic\sources\c90\common\isdigit.c estimated size: 18

main.c
		_differenceBetweenTimePeriod		CODE           	0918	0000	52
		_PWM_Output_D4_Disable		CODE           	14FC	0000	3
		_toggleAlarms  		CODE           	0892	0000	44
		_editLum       		CODE           	08BE	0000	45
		_LCDinit       		CODE           	0BF5	0000	118
		_menuLCD_ISR   		CODE           	0309	0000	555
		_LCDsend       		CODE           	0A88	0000	83
		_LCDsend2x4    		CODE           	0D1E	0000	212
		_monitoring_ISR		CODE           	06D1	0000	286
		_main          		CODE           	0094	0000	629
		_LCDstr        		CODE           	16A1	0000	27
		_PWM_Output_D4_Enable		CODE           	14ED	0000	3
		_LCDchar       		CODE           	1551	0000	8
		_cmd_rc        		CODE           	09BC	0000	62
		_Clock_ISR     		CODE           	0DF2	0000	257
		_tsttc         		CODE           	0EF3	0000	269
		_editClock     		CODE           	0B91	0000	100
		_S1_ISR        		CODE           	0B35	0000	92
		_LCDcmd        		CODE           	153C	0000	7
		_editTemp      		CODE           	08EB	0000	45

main.c estimated size: 2897

