Microchip MPLAB XC8 Compiler V2.30

Linker command line:

-W-3 --edf=E:\Microchip\xc8\v2.30\pic\dat\en_msgs.txt -cn \
  -h+dist/default/production\SCE_Project_part2.production.sym \
  --cmf=dist/default/production\SCE_Project_part2.production.cmf -z \
  -Q16F18875 -oC:\Users\Andre\AppData\Local\Temp\s6icx2 \
  --defsym=__MPLAB_BUILD=1 \
  -Mdist/default/production/SCE_Project_part2.production.map -E1 \
  -ver=XC8 Compiler --acfsm=1493 -ASTACK=02180h-023EFh -pstack=STACK \
  -ACODE=00h-07FFhx4 -ASTRCODE=00h-01FFFh -ASTRING=00h-0FFhx32 \
  -ACONST=00h-0FFhx32 -AENTRY=00h-0FFhx32 -ACOMMON=070h-07Fh \
  -ABANK0=020h-06Fh -ABANK1=0A0h-0EFh -ABANK2=0120h-016Fh \
  -ABANK3=01A0h-01EFh -ABANK4=0220h-026Fh -ABANK5=02A0h-02EFh \
  -ABANK6=0320h-036Fh -ABANK7=03A0h-03EFh -ABANK8=0420h-046Fh \
  -ABANK9=04A0h-04EFh -ABANK10=0520h-056Fh -ABANK11=05A0h-05EFh \
  -ABANK12=0620h-064Fh -ABIGRAM=02000h-023EFh \
  -ARAM=020h-06Fh,0A0h-0EFh,0120h-016Fh,01A0h-01EFh,0220h-026Fh,02A0h-02EFh,0320h-036Fh,03A0h-03EFh,0420h-046Fh,04A0h-04EFh,0520h-056Fh,05A0h-05EFh,0620h-064Fh \
  -AABS1=020h-07Fh,0A0h-0EFh,0120h-016Fh,01A0h-01EFh,0220h-026Fh,02A0h-02EFh,0320h-036Fh,03A0h-03EFh,0420h-046Fh,04A0h-04EFh,0520h-056Fh,05A0h-05EFh,0620h-064Fh \
  -ASFR0=00h-01Fh -ASFR1=080h-09Fh -ASFR2=0100h-011Fh -ASFR3=0180h-019Fh \
  -ASFR4=0200h-021Fh -ASFR5=0280h-029Fh -ASFR6=0300h-031Fh \
  -ASFR7=0380h-039Fh -ASFR8=0400h-041Fh -ASFR9=0480h-049Fh \
  -ASFR10=0500h-051Fh -ASFR11=0580h-059Fh -ASFR12=0600h-061Fh \
  -ASFR13=0680h-06EFh -ASFR14=0700h-076Fh -ASFR15=0780h-07EFh \
  -ASFR16=0800h-086Fh -ASFR17=0880h-08EFh -ASFR18=0900h-096Fh \
  -ASFR19=0980h-09EFh -ASFR20=0A00h-0A6Fh -ASFR21=0A80h-0AEFh \
  -ASFR22=0B00h-0B6Fh -ASFR23=0B80h-0BEFh -ASFR24=0C00h-0C6Fh \
  -ASFR25=0C80h-0CEFh -ASFR26=0D00h-0D6Fh -ASFR27=0D80h-0DEFh \
  -ASFR28=0E00h-0E6Fh -ASFR29=0E80h-0EEFh -ASFR30=0F00h-0F6Fh \
  -ASFR31=0F80h-0FEFh -ACONFIG=08007h-0800Bh -DCONFIG=2 \
  -AIDLOC=08000h-08003h -DIDLOC=2 -AEEDATA=00h-0FFh/0F000h \
  -peeprom_data=EEDATA -DEEDATA=2 -DCODE=2 -DSTRCODE=2 -DSTRING=2 -DCONST=2 \
  -DENTRY=2 -preset_vec=00h,intentry=04h,init,end_init -ppowerup=CODE \
  -pcinit=CODE -pfunctab=ENTRY -k \
  C:\Users\Andre\AppData\Local\Temp\s6icxm.o \
  dist/default/production\SCE_Project_part2.production.o 

Object code version is 3.11

Machine type is 16F18875



                Name                               Link     Load   Length Selector   Space Scale
C:\Users\Andre\AppData\Local\Temp\s6icxm.o
                end_init                             52       52        2        8       0
                reset_vec                             0        0        2        0       0
                config                             8007     8007        5        0       4
dist/default/production\SCE_Project_part2.production.o
                cinit                                54       54       3E        8       0
                intentry                              4        4       4E        8       0
                config                             8007     8007        5        0       4
                text83                             11C1     11C1       21     2382       0
                text82                             1203     1203       23     2406       0
                text81                             1F91     1F91        9     3F22       0
                text80                                2        2        1        0       0
                text79                             1FE6     1FE6        D     3FCC       0
                text78                             1F70     1F70        6     3EE0       0
                text77                             16BF     16BF       5F     2D7E       0
                text76                                3        3        1        6       0
                text75                              904      904       92     1208       0
                text74                             1033     1033       11     2066       0
                text73                             105A     105A       17     20B4       0
                text71                             1F59     1F59        3     3EB2       0
                text70                             160B     160B       5A     2C16       0
                text69                             155F     155F       53     2ABE       0
                text68                              A37      A37       D4     146E       0
                text67                              814      814       76     1028       0
                text66                             1071     1071       17     20E2       0
                text65                             1F9A     1F9A        9     3F34       0
                text64                             1FA3     1FA3        9     3F46       0
                text63                             1306     1306       2D     260C       0
                text62                             1FAC     1FAC        9     3F58       0
                text61                             1008     1008        E     2010       0
                text60                             1FB5     1FB5        9     3F6A       0
                text59                             151C     151C       43     2A38       0
                text58                             1F89     1F89        8     3F12       0
                text57                             1FF3     1FF3        D     3FE6       0
                text56                             1FBE     1FBE        9     3F7C       0
                text55                             1144     1144       1F     2288       0
                text54                             1016     1016        E     202C       0
                text53                             110A     110A       1C     2214       0
                text52                             1361     1361       30     26C2       0
                text51                             1F82     1F82        7     3F04       0
                text50                             1226     1226       23     244C       0
                text49                             1126     1126       1E     224C       0
                text48                             10B9     10B9       1B     2172       0
                text47                             1024     1024        F     2048       0
                text46                             11A1     11A1       20     2342       0
                text45                              BF7      BF7      133     17EE       0
                text44                             126D     126D       25     24DA       0
                text43                             178B     178B       75     2F16       0
                text42                             11E2     11E2       21     23C4       0
                text41                             1292     1292       25     2524       0
                text40                             1088     1088       18     2110       0
                text39                             10D4     10D4       1B     21A8       0
                text38                             14DA     14DA       42     29B4       0
                text37                              88A      88A       7A     1114       0
                text36                             15B2     15B2       59     2B64       0
                text35                             1465     1465       38     28CA       0
                text34                             12DD     12DD       29     25BA       0
                text33                              B0B      B0B       EC     1616       0
                text32                             1F5C     1F5C        3     3EB8       0
                text31                             1665     1665       5A     2CCA       0
                text30                             1F5F     1F5F        3     3EBE       0
                text29                             1F68     1F68        4     3ED0       0
                text28                             1044     1044       16     2088       0
                text27                             1249     1249       24     2492       0
                text26                             1163     1163       1F     22C6       0
                text25                              D2A      D2A      150     1A54       0
                text24                              E7A      E7A      186     1CF4       0
                text23                             1000     1000        8     1CF4       0
                text22                             1FC7     1FC7        9     3F8E       0
                text21                             10EF     10EF       1B     21DE       0
                text20                             10A0     10A0       19     2140       0
                text19                             1F62     1F62        3     3EC4       0
                text18                             1F65     1F65        3     3ECA       0
                text17                             1F6C     1F6C        4     3ED8       0
                text16                             1391     1391       35     2722       0
                text15                             149D     149D       3D     293A       0
                text14                             13C6     13C6       35     278C       0
                text13                              801      801       13     1002       0
                text12                              5A1      5A1      19E        8       0
                text11                              36C      36C      235        8       0
                text10                              73F      73F       BC        8       0
                text9                               996      996       A1     132C       0
                text8                              171E     171E       6D     2E3C       0
                text7                              13FB     13FB       35     27F6       0
                text6                              1430     1430       35     2860       0
                text5                              12B7     12B7       26     256E       0
                text4                               7FB      7FB        4        8       0
                text3                              1FDA     1FDA        C     3FB4       0
                text2                              1182     1182       1F     2304       0
                text1                              1333     1333       2E     2666       0
                maintext                             92       92      2DA        8       0
                cstackBANK0                          20       20       45       20       1
                cstackCOMMON                         70       70        B       70       1
                cstackBANK1                          C1       C1       20       A0       1
                clrtext                            1F76     1F76        6     3EEC       0
                inittext                           1F7C     1F7C        6     3EF8       0
                bssBANK4                            220      220       40      220       1
                bssBANK3                            1A0      1A0       40      1A0       1
                bssBANK2                            120      120       17      120       1
                dataBANK1                            E1       E1        A       A0       1
                bssBANK1                             A0       A0       21       A0       1
                bssBANK0                             65       65        B       20       1
                dataCOMMON                           7D       7D        1       70       1
                bssCOMMON                            7B       7B        2       70       1
                stringtext6                        184C     184C        4     3000       0
                stringtext5                        1847     1847        5     3000       0
                stringtext4                        1840     1840        7     3000       0
                stringtext3                        1827     1827        F     3000       0
                nvBANK2                             137      137        6      120       1
                nvBANK1                              EB       EB        5       A0       1
                stringtext2                        1836     1836        A     3000       0
                stringtext1                        1800     1800       27     3000       0
                idataBANK1                         1FD0     1FD0        A     3FA0       0
                idataCOMMON                         7FF      7FF        1        8       0

TOTAL           Name                               Link     Load   Length     Space
        CLASS   STACK          

        CLASS   CODE           
                end_init                             52       52        2         0
                cinit                                54       54       3E         0
                intentry                              4        4       4E         0
                reset_vec                             0        0        2         0
                text83                             11C1     11C1       21         0
                text82                             1203     1203       23         0
                text81                             1F91     1F91        9         0
                text80                                2        2        1         0
                text79                             1FE6     1FE6        D         0
                text78                             1F70     1F70        6         0
                text77                             16BF     16BF       5F         0
                text76                                3        3        1         0
                text75                              904      904       92         0
                text74                             1033     1033       11         0
                text73                             105A     105A       17         0
                text71                             1F59     1F59        3         0
                text70                             160B     160B       5A         0
                text69                             155F     155F       53         0
                text68                              A37      A37       D4         0
                text67                              814      814       76         0
                text66                             1071     1071       17         0
                text65                             1F9A     1F9A        9         0
                text64                             1FA3     1FA3        9         0
                text63                             1306     1306       2D         0
                text62                             1FAC     1FAC        9         0
                text61                             1008     1008        E         0
                text60                             1FB5     1FB5        9         0
                text59                             151C     151C       43         0
                text58                             1F89     1F89        8         0
                text57                             1FF3     1FF3        D         0
                text56                             1FBE     1FBE        9         0
                text55                             1144     1144       1F         0
                text54                             1016     1016        E         0
                text53                             110A     110A       1C         0
                text52                             1361     1361       30         0
                text51                             1F82     1F82        7         0
                text50                             1226     1226       23         0
                text49                             1126     1126       1E         0
                text48                             10B9     10B9       1B         0
                text47                             1024     1024        F         0
                text46                             11A1     11A1       20         0
                text45                              BF7      BF7      133         0
                text44                             126D     126D       25         0
                text43                             178B     178B       75         0
                text42                             11E2     11E2       21         0
                text41                             1292     1292       25         0
                text40                             1088     1088       18         0
                text39                             10D4     10D4       1B         0
                text38                             14DA     14DA       42         0
                text37                              88A      88A       7A         0
                text36                             15B2     15B2       59         0
                text35                             1465     1465       38         0
                text34                             12DD     12DD       29         0
                text33                              B0B      B0B       EC         0
                text32                             1F5C     1F5C        3         0
                text31                             1665     1665       5A         0
                text30                             1F5F     1F5F        3         0
                text29                             1F68     1F68        4         0
                text28                             1044     1044       16         0
                text27                             1249     1249       24         0
                text26                             1163     1163       1F         0
                text25                              D2A      D2A      150         0
                text24                              E7A      E7A      186         0
                text23                             1000     1000        8         0
                text22                             1FC7     1FC7        9         0
                text21                             10EF     10EF       1B         0
                text20                             10A0     10A0       19         0
                text19                             1F62     1F62        3         0
                text18                             1F65     1F65        3         0
                text17                             1F6C     1F6C        4         0
                text16                             1391     1391       35         0
                text15                             149D     149D       3D         0
                text14                             13C6     13C6       35         0
                text13                              801      801       13         0
                text12                              5A1      5A1      19E         0
                text11                              36C      36C      235         0
                text10                              73F      73F       BC         0
                text9                               996      996       A1         0
                text8                              171E     171E       6D         0
                text7                              13FB     13FB       35         0
                text6                              1430     1430       35         0
                text5                              12B7     12B7       26         0
                text4                               7FB      7FB        4         0
                text3                              1FDA     1FDA        C         0
                text2                              1182     1182       1F         0
                text1                              1333     1333       2E         0
                maintext                             92       92      2DA         0
                clrtext                            1F76     1F76        6         0
                inittext                           1F7C     1F7C        6         0
                idataBANK1                         1FD0     1FD0        A         0
                idataCOMMON                         7FF      7FF        1         0

        CLASS   STRCODE        
                stringtext6                        184C     184C        4         0
                stringtext5                        1847     1847        5         0
                stringtext4                        1840     1840        7         0
                stringtext3                        1827     1827        F         0
                stringtext2                        1836     1836        A         0
                stringtext1                        1800     1800       27         0

        CLASS   STRING         

        CLASS   CONST          

        CLASS   ENTRY          

        CLASS   COMMON         
                cstackCOMMON                         70       70        B         1
                dataCOMMON                           7D       7D        1         1
                bssCOMMON                            7B       7B        2         1

        CLASS   BANK0          
                cstackBANK0                          20       20       45         1
                bssBANK0                             65       65        B         1

        CLASS   BANK1          
                cstackBANK1                          C1       C1       20         1
                dataBANK1                            E1       E1        A         1
                bssBANK1                             A0       A0       21         1
                nvBANK1                              EB       EB        5         1

        CLASS   BANK2          
                bssBANK2                            120      120       17         1
                nvBANK2                             137      137        6         1

        CLASS   BANK3          
                bssBANK3                            1A0      1A0       40         1

        CLASS   BANK4          
                bssBANK4                            220      220       40         1

        CLASS   BANK5          

        CLASS   BANK6          

        CLASS   BANK7          

        CLASS   BANK8          

        CLASS   BANK9          

        CLASS   BANK10         

        CLASS   BANK11         

        CLASS   BANK12         

        CLASS   BIGRAM         

        CLASS   RAM            

        CLASS   ABS1           
                abs_s1                               7E       7E        2         1

        CLASS   SFR0           

        CLASS   SFR1           

        CLASS   SFR2           

        CLASS   SFR3           

        CLASS   SFR4           

        CLASS   SFR5           

        CLASS   SFR6           

        CLASS   SFR7           

        CLASS   SFR8           

        CLASS   SFR9           

        CLASS   SFR10          

        CLASS   SFR11          

        CLASS   SFR12          

        CLASS   SFR13          

        CLASS   SFR14          

        CLASS   SFR15          

        CLASS   SFR16          

        CLASS   SFR17          

        CLASS   SFR18          

        CLASS   SFR19          

        CLASS   SFR20          

        CLASS   SFR21          

        CLASS   SFR22          

        CLASS   SFR23          

        CLASS   SFR24          

        CLASS   SFR25          

        CLASS   SFR26          

        CLASS   SFR27          

        CLASS   SFR28          

        CLASS   SFR29          

        CLASS   SFR30          

        CLASS   SFR31          

        CLASS   CONFIG         
                config                             8007     8007        5         4

        CLASS   IDLOC          

        CLASS   EEDATA         

        CLASS   BANK31         

        CLASS   BANK30         

        CLASS   BANK29         

        CLASS   BANK28         

        CLASS   BANK27         

        CLASS   BANK26         

        CLASS   BANK25         

        CLASS   BANK24         

        CLASS   BANK23         

        CLASS   BANK22         

        CLASS   BANK21         

        CLASS   BANK20         

        CLASS   BANK19         

        CLASS   BANK18         

        CLASS   BANK17         

        CLASS   BANK16         

        CLASS   BANK15         

        CLASS   BANK14         

        CLASS   BANK13         



SEGMENTS        Name                           Load    Length   Top    Selector   Space  Class     Delta

                reset_vec                      000000  000003  000003         0       0  CODE        2
                text76                         000003  000001  000004         6       0  CODE        2
                intentry                       000004  0007FC  000800         8       0  CODE        2
                cstackBANK0                    000020  000050  000070        20       1  BANK0       1
                cstackCOMMON                   000070  00000E  00007E        70       1  COMMON      1
                bssBANK1                       0000A0  000050  0000F0        A0       1  BANK1       1
                bssBANK2                       000120  00001D  00013D       120       1  BANK2       1
                bssBANK3                       0001A0  000040  0001E0       1A0       1  BANK3       1
                bssBANK4                       000220  000040  000260       220       1  BANK4       1
                text13                         000801  000013  000814      1002       0  CODE        2
                text67                         000814  000076  00088A      1028       0  CODE        2
                text37                         00088A  00007A  000904      1114       0  CODE        2
                text75                         000904  000092  000996      1208       0  CODE        2
                text9                          000996  0000A1  000A37      132C       0  CODE        2
                text68                         000A37  0000D4  000B0B      146E       0  CODE        2
                text33                         000B0B  0000EC  000BF7      1616       0  CODE        2
                text45                         000BF7  000133  000D2A      17EE       0  CODE        2
                text25                         000D2A  000150  000E7A      1A54       0  CODE        2
                text24                         000E7A  00018E  001008      1CF4       0  CODE        2
                text61                         001008  00000E  001016      2010       0  CODE        2
                text54                         001016  00000E  001024      202C       0  CODE        2
                text47                         001024  00000F  001033      2048       0  CODE        2
                text74                         001033  000011  001044      2066       0  CODE        2
                text28                         001044  000016  00105A      2088       0  CODE        2
                text73                         00105A  000017  001071      20B4       0  CODE        2
                text66                         001071  000017  001088      20E2       0  CODE        2
                text40                         001088  000018  0010A0      2110       0  CODE        2
                text20                         0010A0  000019  0010B9      2140       0  CODE        2
                text48                         0010B9  00001B  0010D4      2172       0  CODE        2
                text39                         0010D4  00001B  0010EF      21A8       0  CODE        2
                text21                         0010EF  00001B  00110A      21DE       0  CODE        2
                text53                         00110A  00001C  001126      2214       0  CODE        2
                text49                         001126  00001E  001144      224C       0  CODE        2
                text55                         001144  00001F  001163      2288       0  CODE        2
                text26                         001163  00001F  001182      22C6       0  CODE        2
                text2                          001182  00001F  0011A1      2304       0  CODE        2
                text46                         0011A1  000020  0011C1      2342       0  CODE        2
                text83                         0011C1  000021  0011E2      2382       0  CODE        2
                text42                         0011E2  000021  001203      23C4       0  CODE        2
                text82                         001203  000023  001226      2406       0  CODE        2
                text50                         001226  000023  001249      244C       0  CODE        2
                text27                         001249  000024  00126D      2492       0  CODE        2
                text44                         00126D  000025  001292      24DA       0  CODE        2
                text41                         001292  000025  0012B7      2524       0  CODE        2
                text5                          0012B7  000026  0012DD      256E       0  CODE        2
                text34                         0012DD  000029  001306      25BA       0  CODE        2
                text63                         001306  00002D  001333      260C       0  CODE        2
                text1                          001333  00002E  001361      2666       0  CODE        2
                text52                         001361  000030  001391      26C2       0  CODE        2
                text16                         001391  000035  0013C6      2722       0  CODE        2
                text14                         0013C6  000035  0013FB      278C       0  CODE        2
                text7                          0013FB  000035  001430      27F6       0  CODE        2
                text6                          001430  000035  001465      2860       0  CODE        2
                text35                         001465  000038  00149D      28CA       0  CODE        2
                text15                         00149D  00003D  0014DA      293A       0  CODE        2
                text38                         0014DA  000042  00151C      29B4       0  CODE        2
                text59                         00151C  000043  00155F      2A38       0  CODE        2
                text69                         00155F  000053  0015B2      2ABE       0  CODE        2
                text36                         0015B2  000059  00160B      2B64       0  CODE        2
                text70                         00160B  00005A  001665      2C16       0  CODE        2
                text31                         001665  00005A  0016BF      2CCA       0  CODE        2
                text77                         0016BF  00005F  00171E      2D7E       0  CODE        2
                text8                          00171E  00006D  00178B      2E3C       0  CODE        2
                text43                         00178B  000075  001800      2F16       0  CODE        2
                stringtext1                    001800  000050  001850      3000       0  STRCODE     2
                text71                         001F59  000003  001F5C      3EB2       0  CODE        2
                text32                         001F5C  000003  001F5F      3EB8       0  CODE        2
                text30                         001F5F  000003  001F62      3EBE       0  CODE        2
                text19                         001F62  000003  001F65      3EC4       0  CODE        2
                text18                         001F65  000003  001F68      3ECA       0  CODE        2
                text29                         001F68  000004  001F6C      3ED0       0  CODE        2
                text17                         001F6C  000004  001F70      3ED8       0  CODE        2
                text78                         001F70  000006  001F76      3EE0       0  CODE        2
                clrtext                        001F76  000006  001F7C      3EEC       0  CODE        2
                inittext                       001F7C  000006  001F82      3EF8       0  CODE        2
                text51                         001F82  000007  001F89      3F04       0  CODE        2
                text58                         001F89  000008  001F91      3F12       0  CODE        2
                text81                         001F91  000009  001F9A      3F22       0  CODE        2
                text65                         001F9A  000009  001FA3      3F34       0  CODE        2
                text64                         001FA3  000009  001FAC      3F46       0  CODE        2
                text62                         001FAC  000009  001FB5      3F58       0  CODE        2
                text60                         001FB5  000009  001FBE      3F6A       0  CODE        2
                text56                         001FBE  000009  001FC7      3F7C       0  CODE        2
                text22                         001FC7  000009  001FD0      3F8E       0  CODE        2
                idataBANK1                     001FD0  00000A  001FDA      3FA0       0  CODE        2
                text3                          001FDA  00000C  001FE6      3FB4       0  CODE        2
                text79                         001FE6  00000D  001FF3      3FCC       0  CODE        2
                text57                         001FF3  00000D  002000      3FE6       0  CODE        2


UNUSED ADDRESS RANGES

        Name                Unused          Largest block    Delta
        BANK10           00520-0056F              50           1
        BANK11           005A0-005EF              50           1
        BANK12           00620-0064F              30           1
        BANK2            0013D-0016F              33           1
        BANK3            001E0-001EF              10           1
        BANK4            00260-0026F              10           1
        BANK5            002A0-002EF              50           1
        BANK6            00320-0036F              50           1
        BANK7            003A0-003EF              50           1
        BANK8            00420-0046F              50           1
        BANK9            004A0-004EF              50           1
        BIGRAM           02000-023EF             3F0           1
        CODE             00800-00800               1           2
                         01850-01F58             709
        CONST            00800-00800               1           2
                         01850-01F58             100
        EEDATA           0F000-0F0FF             100           2
        ENTRY            00800-00800               1           2
                         01850-01F58             100
        IDLOC            08000-08003               4           2
        RAM              0013D-0016F              33           1
                         001E0-001EF              10
                         00260-0026F              10
                         002A0-002EF              50
                         00320-0036F              50
                         003A0-003EF              50
                         00420-0046F              50
                         004A0-004EF              50
                         00520-0056F              50
                         005A0-005EF              50
                         00620-0064F              30
        SFR0             00000-0001F              20           1
        SFR1             00080-0009F              20           1
        SFR10            00500-0051F              20           1
        SFR11            00580-0059F              20           1
        SFR12            00600-0061F              20           1
        SFR13            00680-006EF              70           1
        SFR14            00700-0076F              70           1
        SFR15            00780-007EF              70           1
        SFR16            00800-0086F              70           1
        SFR17            00880-008EF              70           1
        SFR18            00900-0096F              70           1
        SFR19            00980-009EF              70           1
        SFR2             00100-0011F              20           1
        SFR20            00A00-00A6F              70           1
        SFR21            00A80-00AEF              70           1
        SFR22            00B00-00B6F              70           1
        SFR23            00B80-00BEF              70           1
        SFR24            00C00-00C6F              70           1
        SFR25            00C80-00CEF              70           1
        SFR26            00D00-00D6F              70           1
        SFR27            00D80-00DEF              70           1
        SFR28            00E00-00E6F              70           1
        SFR29            00E80-00EEF              70           1
        SFR3             00180-0019F              20           1
        SFR30            00F00-00F6F              70           1
        SFR31            00F80-00FEF              70           1
        SFR4             00200-0021F              20           1
        SFR5             00280-0029F              20           1
        SFR6             00300-0031F              20           1
        SFR7             00380-0039F              20           1
        SFR8             00400-0041F              20           1
        SFR9             00480-0049F              20           1
        STACK            02180-023EF             270           1
        STRCODE          00800-00800               1           2
                         01850-01F58             709
        STRING           00800-00800               1           2
                         01850-01F58             100

                                  Symbol Table

?_ADCC_GetSingleConversion                    cstackBANK0  00020
?___awdiv                                     cstackCOMMON 00070
?___lwdiv                                     cstackBANK0  00020
?___lwmod                                     cstackBANK0  00028
?___wmul                                      cstackBANK0  00020
?_sprintf                                     cstackBANK0  0002E
ADCC_GetSingleConversion@channel              cstackBANK0  00023
DATAEE_ReadByte@bAdd                          cstackBANK0  00026
DATAEE_WriteByte@GIEBitValue                  cstackBANK0  00029
DATAEE_WriteByte@bAdd                         cstackBANK0  00026
DATAEE_WriteByte@bData                        cstackBANK0  00028
EUSART_Read@readValue                         cstackBANK0  00021
EUSART_SetRxInterruptHandler@interruptHandler cstackBANK0  00020
EUSART_SetTxInterruptHandler@interruptHandler cstackBANK0  00020
EUSART_Write@txData                           cstackBANK0  00021
INT_SetInterruptHandler@InterruptHandler      cstackBANK0  00020
LCDchar@c                                     cstackBANK0  00028
LCDcmd@c                                      cstackBANK0  00028
LCDsend2x4@c                                  cstackBANK0  00025
LCDsend2x4@hc                                 cstackBANK0  00026
LCDsend2x4@lc                                 cstackBANK0  00027
LCDsend2x4@mode                               cstackBANK0  00022
LCDsend@c                                     cstackBANK0  00023
LCDstr@c                                      cstackBANK0  0002E
LCDstr@p                                      cstackBANK0  00029
PWM6_LoadDutyValue@dutyValue                  cstackBANK0  00020
TMR1_SetInterruptHandler@InterruptHandler     cstackBANK0  00020
TMR1_WriteTimer@timerVal                      cstackCOMMON 00070
WriteI2C@data_out                             cstackBANK0  00021
_ADACCH                                       (abs)        00091
_ADACCL                                       (abs)        00090
_ADACQ                                        (abs)        0009D
_ADACT                                        (abs)        00099
_ADCAP                                        (abs)        0009B
_ADCC_GetSingleConversion                     text28       01044
_ADCC_Initialize                              text66       01071
_ADCLK                                        (abs)        00098
_ADCNT                                        (abs)        0010C
_ADCON0                                       (abs)        00093
_ADCON0bits                                   (abs)        00093
_ADCON1                                       (abs)        00094
_ADCON1bits                                   (abs)        00094
_ADCON2                                       (abs)        00095
_ADCON2bits                                   (abs)        00095
_ADCON3                                       (abs)        00096
_ADCON3bits                                   (abs)        00096
_ADERRH                                       (abs)        00117
_ADERRL                                       (abs)        00116
_ADFLTRH                                      (abs)        00115
_ADFLTRL                                      (abs)        00114
_ADLTHH                                       (abs)        0010F
_ADLTHL                                       (abs)        0010E
_ADPCH                                        (abs)        0009E
_ADPRE                                        (abs)        0009C
_ADPREVH                                      (abs)        0008F
_ADPREVL                                      (abs)        0008E
_ADREF                                        (abs)        0009A
_ADRESH                                       (abs)        0008D
_ADRESL                                       (abs)        0008C
_ADRPT                                        (abs)        0010D
_ADSTAT                                       (abs)        00097
_ADSTATbits                                   (abs)        00097
_ADSTPTH                                      (abs)        00113
_ADSTPTL                                      (abs)        00112
_ADUTHH                                       (abs)        00111
_ADUTHL                                       (abs)        00110
_ALAF                                         bssBANK0     0006F
_ANSELA                                       (abs)        00F38
_ANSELB                                       (abs)        00F43
_ANSELC                                       (abs)        00F4E
_ANSELD                                       (abs)        00F59
_ANSELE                                       (abs)        00F64
_BAUD1CON                                     (abs)        0011F
_CCPTMRS1bits                                 (abs)        0021F
_Clock_ISR                                    text75       00904
_DATAEE_ReadByte                              text47       01024
_DATAEE_WriteByte                             text27       01249
_EUSART_Initialize                            text63       01306
_EUSART_Read                                  text5        012B7
_EUSART_Receive_ISR                           text83       011C1
_EUSART_RxDefaultInterruptHandler             nvBANK2      00139
_EUSART_SetRxInterruptHandler                 text65       01F9A
_EUSART_SetTxInterruptHandler                 text64       01FA3
_EUSART_Transmit_ISR                          text82       01203
_EUSART_TxDefaultInterruptHandler             nvBANK2      0013B
_EUSART_Write                                 text52       01361
_EUSART_is_rx_ready                           text71       01F59
_EXT_INT_Initialize                           text61       01008
_INTCONbits                                   (abs)        0000B
_INTERRUPT_InterruptManager                   intentry     00004
_INTPPS                                       (abs)        00E90
_INT_CallBack                                 text79       01FE6
_INT_DefaultInterruptHandler                  text80       00002
_INT_ISR                                      text78       01F70
_INT_InterruptHandler                         nvBANK2      00137
_INT_SetInterruptHandler                      text62       01FAC
_LATA                                         (abs)        00016
_LATAbits                                     (abs)        00016
_LATB                                         (abs)        00017
_LATC                                         (abs)        00018
_LATD                                         (abs)        00019
_LATE                                         (abs)        0001A
_LCDchar                                      text22       01FC7
_LCDcmd                                       text23       01000
_LCDinit                                      text67       00814
_LCDsend                                      text69       0155F
_LCDsend2x4                                   text68       00A37
_LCDstr                                       text21       010EF
_NREG                                         dataCOMMON   0007D
_NVMADRH                                      (abs)        0081B
_NVMADRL                                      (abs)        0081A
_NVMCON1bits                                  (abs)        0081E
_NVMCON2                                      (abs)        0081F
_NVMDATH                                      (abs)        0081D
_NVMDATL                                      (abs)        0081C
_ODCONA                                       (abs)        00F3A
_ODCONB                                       (abs)        00F45
_ODCONC                                       (abs)        00F50
_ODCOND                                       (abs)        00F5B
_ODCONE                                       (abs)        00F66
_OSCCON1                                      (abs)        0088D
_OSCCON3                                      (abs)        0088F
_OSCEN                                        (abs)        00891
_OSCFRQ                                       (abs)        00893
_OSCILLATOR_Initialize                        text60       01FB5
_OSCTUNE                                      (abs)        00892
_PIE0bits                                     (abs)        00716
_PIE3bits                                     (abs)        00719
_PIE4bits                                     (abs)        0071A
_PIN_MANAGER_Initialize                       text59       0151C
_PIR0bits                                     (abs)        0070C
_PIR3bits                                     (abs)        0070F
_PIR4bits                                     (abs)        00710
_PMD0                                         (abs)        00796
_PMD1                                         (abs)        00797
_PMD2                                         (abs)        00798
_PMD3                                         (abs)        00799
_PMD4                                         (abs)        0079A
_PMD5                                         (abs)        0079B
_PMD_Initialize                               text58       01F89
_PMON                                         dataBANK1    000EA
_PORTCbits                                    (abs)        0000E
_PR2                                          (abs)        0028D
_PWM6CON                                      (abs)        0038E
_PWM6DCH                                      (abs)        0038D
_PWM6DCL                                      (abs)        0038C
_PWM6EN                                       (abs)        01C77
_PWM6_Initialize                              text57       01FF3
_PWM6_LoadDutyValue                           text20       010A0
_PWM_Output_D4_Disable                        text19       01F62
_PWM_Output_D4_Enable                         text32       01F5C
_PWM_on                                       bssBANK1     000BA
_RA6PPS                                       (abs)        00F16
_RC1REG                                       (abs)        00119
_RC1STA                                       (abs)        0011D
_RC1STAbits                                   (abs)        0011D
_RC3PPS                                       (abs)        00F23
_RC4PPS                                       (abs)        00F24
_RC6PPS                                       (abs)        00F26
_RXPPS                                        (abs)        00ECB
_ReadI2C                                      text26       01163
_S1_ISR                                       text81       01F91
_S1button                                     text31       01665
_SLRCONA                                      (abs)        00F3B
_SLRCONB                                      (abs)        00F46
_SLRCONC                                      (abs)        00F51
_SLRCOND                                      (abs)        00F5C
_SLRCONE                                      (abs)        00F67
_SP1BRGH                                      (abs)        0011C
_SP1BRGL                                      (abs)        0011B
_SSP1ADD                                      (abs)        0018D
_SSP1BUF                                      (abs)        0018C
_SSP1CLKPPS                                   (abs)        00EC5
_SSP1CON1                                     (abs)        00190
_SSP1CON1bits                                 (abs)        00190
_SSP1CON2                                     (abs)        00191
_SSP1CON2bits                                 (abs)        00191
_SSP1DATPPS                                   (abs)        00EC6
_SSP1MSK                                      (abs)        0018E
_SSP1STAT                                     (abs)        0018F
_SSP1STATbits                                 (abs)        0018F
_SYSTEM_Initialize                            text53       0110A
_T1CLK                                        (abs)        00211
_T1CON                                        (abs)        0020E
_T1CONbits                                    (abs)        0020E
_T1GATE                                       (abs)        00210
_T1GCON                                       (abs)        0020F
_T1GCONbits                                   (abs)        0020F
_T2CLKCON                                     (abs)        00290
_T2CON                                        (abs)        0028E
_T2CONbits                                    (abs)        0028E
_T2HLT                                        (abs)        0028F
_T2HLTbits                                    (abs)        0028F
_T2PR                                         (abs)        0028D
_T2RST                                        (abs)        00291
_T2RSTbits                                    (abs)        00291
_T2TMR                                        (abs)        0028C
_TALA                                         dataBANK1    000E9
_TMR1H                                        (abs)        0020D
_TMR1L                                        (abs)        0020C
_TMR1_DefaultInterruptHandler                 text76       00003
_TMR1_ISR                                     text73       0105A
_TMR1_Initialize                              text55       01144
_TMR1_InterruptHandler                        nvBANK1      000EB
_TMR1_SetInterruptHandler                     text56       01FBE
_TMR1_WriteTimer                              text74       01033
_TMR2                                         (abs)        0028C
_TMR2_Initialize                              text54       01016
_TMR2_Start                                   text30       01F5F
_TMR2_StartTimer                              text29       01F68
_TMR2_Stop                                    text18       01F65
_TMR2_StopTimer                               text17       01F6C
_TRISA                                        (abs)        00011
_TRISB                                        (abs)        00012
_TRISC                                        (abs)        00013
_TRISCbits                                    (abs)        00013
_TRISD                                        (abs)        00014
_TRISE                                        (abs)        00015
_TX1REG                                       (abs)        0011A
_TX1STA                                       (abs)        0011E
_TX1STAbits                                   (abs)        0011E
_WPUA                                         (abs)        00F39
_WPUB                                         (abs)        00F44
_WPUC                                         (abs)        00F4F
_WPUC3                                        (abs)        07A7B
_WPUC4                                        (abs)        07A7C
_WPUD                                         (abs)        00F5A
_WPUE                                         (abs)        00F65
_WriteI2C                                     text70       0160B
__Habs1                                       abs1         00000
__Hbank0                                      bank0        00000
__Hbank1                                      bank1        00000
__Hbank10                                     bank10       00000
__Hbank11                                     bank11       00000
__Hbank12                                     bank12       00000
__Hbank13                                     bank13       00000
__Hbank14                                     bank14       00000
__Hbank15                                     bank15       00000
__Hbank16                                     bank16       00000
__Hbank17                                     bank17       00000
__Hbank18                                     bank18       00000
__Hbank19                                     bank19       00000
__Hbank2                                      bank2        00000
__Hbank20                                     bank20       00000
__Hbank21                                     bank21       00000
__Hbank22                                     bank22       00000
__Hbank23                                     bank23       00000
__Hbank24                                     bank24       00000
__Hbank25                                     bank25       00000
__Hbank26                                     bank26       00000
__Hbank27                                     bank27       00000
__Hbank28                                     bank28       00000
__Hbank29                                     bank29       00000
__Hbank3                                      bank3        00000
__Hbank30                                     bank30       00000
__Hbank31                                     bank31       00000
__Hbank4                                      bank4        00000
__Hbank5                                      bank5        00000
__Hbank6                                      bank6        00000
__Hbank7                                      bank7        00000
__Hbank8                                      bank8        00000
__Hbank9                                      bank9        00000
__Hbigram                                     bigram       00000
__HbssBANK0                                   bssBANK0     00000
__HbssBANK1                                   bssBANK1     00000
__HbssBANK2                                   bssBANK2     00000
__HbssBANK3                                   bssBANK3     00000
__HbssBANK4                                   bssBANK4     00000
__HbssCOMMON                                  bssCOMMON    00000
__Hcinit                                      cinit        00092
__Hclrtext                                    clrtext      00000
__Hcode                                       code         00000
__Hcommon                                     common       00000
__Hconfig                                     config       0800C
__HcstackBANK0                                cstackBANK0  00000
__HcstackBANK1                                cstackBANK1  00000
__HcstackCOMMON                               cstackCOMMON 00000
__HdataBANK1                                  dataBANK1    00000
__HdataCOMMON                                 dataCOMMON   00000
__Heeprom_data                                eeprom_data  00000
__Hend_init                                   end_init     00054
__Hfunctab                                    functab      00000
__HidataBANK1                                 idataBANK1   00000
__HidataCOMMON                                idataCOMMON  00000
__Hinit                                       init         00052
__Hinittext                                   inittext     00000
__Hintentry                                   intentry     00052
__Hmaintext                                   maintext     00000
__HnvBANK1                                    nvBANK1      00000
__HnvBANK2                                    nvBANK2      00000
__Hpowerup                                    powerup      00000
__Hram                                        ram          00000
__Hreset_vec                                  reset_vec    00002
__Hsfr0                                       sfr0         00000
__Hsfr1                                       sfr1         00000
__Hsfr10                                      sfr10        00000
__Hsfr11                                      sfr11        00000
__Hsfr12                                      sfr12        00000
__Hsfr13                                      sfr13        00000
__Hsfr14                                      sfr14        00000
__Hsfr15                                      sfr15        00000
__Hsfr16                                      sfr16        00000
__Hsfr17                                      sfr17        00000
__Hsfr18                                      sfr18        00000
__Hsfr19                                      sfr19        00000
__Hsfr2                                       sfr2         00000
__Hsfr20                                      sfr20        00000
__Hsfr21                                      sfr21        00000
__Hsfr22                                      sfr22        00000
__Hsfr23                                      sfr23        00000
__Hsfr24                                      sfr24        00000
__Hsfr25                                      sfr25        00000
__Hsfr26                                      sfr26        00000
__Hsfr27                                      sfr27        00000
__Hsfr28                                      sfr28        00000
__Hsfr29                                      sfr29        00000
__Hsfr3                                       sfr3         00000
__Hsfr30                                      sfr30        00000
__Hsfr31                                      sfr31        00000
__Hsfr4                                       sfr4         00000
__Hsfr5                                       sfr5         00000
__Hsfr6                                       sfr6         00000
__Hsfr7                                       sfr7         00000
__Hsfr8                                       sfr8         00000
__Hsfr9                                       sfr9         00000
__Hspace_0                                    (abs)        02000
__Hspace_1                                    (abs)        00260
__Hspace_2                                    (abs)        00000
__Hspace_3                                    (abs)        00000
__Hspace_4                                    (abs)        10013
__Hstack                                      stack        00000
__Hstrings                                    strings      00000
__Hstringtext1                                stringtext1  00000
__Hstringtext2                                stringtext2  00000
__Hstringtext3                                stringtext3  00000
__Hstringtext4                                stringtext4  00000
__Hstringtext5                                stringtext5  00000
__Hstringtext6                                stringtext6  00000
__Hstringtext7                                stringtext7  00000
__Htext                                       text         00000
__Labs1                                       abs1         00000
__Lbank0                                      bank0        00000
__Lbank1                                      bank1        00000
__Lbank10                                     bank10       00000
__Lbank11                                     bank11       00000
__Lbank12                                     bank12       00000
__Lbank13                                     bank13       00000
__Lbank14                                     bank14       00000
__Lbank15                                     bank15       00000
__Lbank16                                     bank16       00000
__Lbank17                                     bank17       00000
__Lbank18                                     bank18       00000
__Lbank19                                     bank19       00000
__Lbank2                                      bank2        00000
__Lbank20                                     bank20       00000
__Lbank21                                     bank21       00000
__Lbank22                                     bank22       00000
__Lbank23                                     bank23       00000
__Lbank24                                     bank24       00000
__Lbank25                                     bank25       00000
__Lbank26                                     bank26       00000
__Lbank27                                     bank27       00000
__Lbank28                                     bank28       00000
__Lbank29                                     bank29       00000
__Lbank3                                      bank3        00000
__Lbank30                                     bank30       00000
__Lbank31                                     bank31       00000
__Lbank4                                      bank4        00000
__Lbank5                                      bank5        00000
__Lbank6                                      bank6        00000
__Lbank7                                      bank7        00000
__Lbank8                                      bank8        00000
__Lbank9                                      bank9        00000
__Lbigram                                     bigram       00000
__LbssBANK0                                   bssBANK0     00000
__LbssBANK1                                   bssBANK1     00000
__LbssBANK2                                   bssBANK2     00000
__LbssBANK3                                   bssBANK3     00000
__LbssBANK4                                   bssBANK4     00000
__LbssCOMMON                                  bssCOMMON    00000
__Lcinit                                      cinit        00054
__Lclrtext                                    clrtext      00000
__Lcode                                       code         00000
__Lcommon                                     common       00000
__Lconfig                                     config       00000
__LcstackBANK0                                cstackBANK0  00000
__LcstackBANK1                                cstackBANK1  00000
__LcstackCOMMON                               cstackCOMMON 00000
__LdataBANK1                                  dataBANK1    00000
__LdataCOMMON                                 dataCOMMON   00000
__Leeprom_data                                eeprom_data  00000
__Lend_init                                   end_init     00052
__Lfunctab                                    functab      00000
__LidataBANK1                                 idataBANK1   00000
__LidataCOMMON                                idataCOMMON  00000
__Linit                                       init         00052
__Linittext                                   inittext     00000
__Lintentry                                   intentry     00004
__Lmaintext                                   maintext     00000
__LnvBANK1                                    nvBANK1      00000
__LnvBANK2                                    nvBANK2      00000
__Lpowerup                                    powerup      00000
__Lram                                        ram          00000
__Lreset_vec                                  reset_vec    00000
__Lsfr0                                       sfr0         00000
__Lsfr1                                       sfr1         00000
__Lsfr10                                      sfr10        00000
__Lsfr11                                      sfr11        00000
__Lsfr12                                      sfr12        00000
__Lsfr13                                      sfr13        00000
__Lsfr14                                      sfr14        00000
__Lsfr15                                      sfr15        00000
__Lsfr16                                      sfr16        00000
__Lsfr17                                      sfr17        00000
__Lsfr18                                      sfr18        00000
__Lsfr19                                      sfr19        00000
__Lsfr2                                       sfr2         00000
__Lsfr20                                      sfr20        00000
__Lsfr21                                      sfr21        00000
__Lsfr22                                      sfr22        00000
__Lsfr23                                      sfr23        00000
__Lsfr24                                      sfr24        00000
__Lsfr25                                      sfr25        00000
__Lsfr26                                      sfr26        00000
__Lsfr27                                      sfr27        00000
__Lsfr28                                      sfr28        00000
__Lsfr29                                      sfr29        00000
__Lsfr3                                       sfr3         00000
__Lsfr30                                      sfr30        00000
__Lsfr31                                      sfr31        00000
__Lsfr4                                       sfr4         00000
__Lsfr5                                       sfr5         00000
__Lsfr6                                       sfr6         00000
__Lsfr7                                       sfr7         00000
__Lsfr8                                       sfr8         00000
__Lsfr9                                       sfr9         00000
__Lspace_0                                    (abs)        00000
__Lspace_1                                    (abs)        00000
__Lspace_2                                    (abs)        00000
__Lspace_3                                    (abs)        00000
__Lspace_4                                    (abs)        00000
__Lstack                                      stack        00000
__Lstrings                                    strings      00000
__Lstringtext1                                stringtext1  00000
__Lstringtext2                                stringtext2  00000
__Lstringtext3                                stringtext3  00000
__Lstringtext4                                stringtext4  00000
__Lstringtext5                                stringtext5  00000
__Lstringtext6                                stringtext6  00000
__Lstringtext7                                stringtext7  00000
__Ltext                                       text         00000
__S0                                          (abs)        02000
__S1                                          (abs)        00260
__S2                                          (abs)        00000
__S3                                          (abs)        00000
___awdiv                                      text77       016BF
___awdiv@counter                              cstackCOMMON 00075
___awdiv@dividend                             cstackCOMMON 00072
___awdiv@divisor                              cstackCOMMON 00070
___awdiv@quotient                             cstackCOMMON 00077
___awdiv@sign                                 cstackCOMMON 00076
___int_sp                                     stack        00000
___latbits                                    (abs)        00002
___lwdiv                                      text15       0149D
___lwdiv@counter                              cstackBANK0  00027
___lwdiv@dividend                             cstackBANK0  00022
___lwdiv@divisor                              cstackBANK0  00020
___lwdiv@quotient                             cstackBANK0  00025
___lwmod                                      text14       013C6
___lwmod@counter                              cstackBANK0  0002D
___lwmod@dividend                             cstackBANK0  0002A
___lwmod@divisor                              cstackBANK0  00028
___sp                                         stack        00000
___stackhi                                    (abs)        023EF
___stacklo                                    (abs)        02180
___wmul                                       text46       011A1
___wmul@multiplicand                          cstackBANK0  00022
___wmul@multiplier                            cstackBANK0  00020
___wmul@product                               cstackBANK0  00024
__end_of_ADCC_GetSingleConversion             text28       0105A
__end_of_ADCC_Initialize                      text66       01088
__end_of_Clock_ISR                            text75       00996
__end_of_DATAEE_ReadByte                      text47       01033
__end_of_DATAEE_WriteByte                     text27       0126D
__end_of_EUSART_Initialize                    text63       01333
__end_of_EUSART_Read                          text5        012DD
__end_of_EUSART_Receive_ISR                   text83       011E2
__end_of_EUSART_SetRxInterruptHandler         text65       01FA3
__end_of_EUSART_SetTxInterruptHandler         text64       01FAC
__end_of_EUSART_Transmit_ISR                  text82       01226
__end_of_EUSART_Write                         text52       01391
__end_of_EUSART_is_rx_ready                   text71       01F5C
__end_of_EXT_INT_Initialize                   text61       01016
__end_of_INTERRUPT_InterruptManager           intentry     00052
__end_of_INT_CallBack                         text79       01FF3
__end_of_INT_DefaultInterruptHandler          text80       00003
__end_of_INT_ISR                              text78       01F76
__end_of_INT_SetInterruptHandler              text62       01FB5
__end_of_LCDchar                              text22       01FD0
__end_of_LCDcmd                               text23       01008
__end_of_LCDinit                              text67       0088A
__end_of_LCDsend                              text69       015B2
__end_of_LCDsend2x4                           text68       00B0B
__end_of_LCDstr                               text21       0110A
__end_of_OSCILLATOR_Initialize                text60       01FBE
__end_of_PIN_MANAGER_Initialize               text59       0155F
__end_of_PMD_Initialize                       text58       01F91
__end_of_PWM6_Initialize                      text57       02000
__end_of_PWM6_LoadDutyValue                   text20       010B9
__end_of_PWM_Output_D4_Disable                text19       01F65
__end_of_PWM_Output_D4_Enable                 text32       01F5F
__end_of_ReadI2C                              text26       01182
__end_of_S1_ISR                               text81       01F9A
__end_of_S1button                             text31       016BF
__end_of_SYSTEM_Initialize                    text53       01126
__end_of_TMR1_DefaultInterruptHandler         text76       00004
__end_of_TMR1_ISR                             text73       01071
__end_of_TMR1_Initialize                      text55       01163
__end_of_TMR1_SetInterruptHandler             text56       01FC7
__end_of_TMR1_WriteTimer                      text74       01044
__end_of_TMR2_Initialize                      text54       01024
__end_of_TMR2_Start                           text30       01F62
__end_of_TMR2_StartTimer                      text29       01F6C
__end_of_TMR2_Stop                            text18       01F68
__end_of_TMR2_StopTimer                       text17       01F70
__end_of_WriteI2C                             text70       01665
__end_of___awdiv                              text77       0171E
__end_of___lwdiv                              text15       014DA
__end_of___lwmod                              text14       013FB
__end_of___wmul                               text46       011C1
__end_of__initialization                      cinit        0008E
__end_of_checkFlags                           text9        00A37
__end_of_cmd_aa                               text35       0149D
__end_of_cmd_dac                              text37       00904
__end_of_cmd_dtl                              text36       0160B
__end_of_cmd_ir                               text34       01306
__end_of_cmd_mmp                              text40       010A0
__end_of_cmd_mta                              text39       010EF
__end_of_cmd_ra                               text38       0151C
__end_of_cmd_rc                               text44       01292
__end_of_cmd_rp                               text41       012B7
__end_of_cmd_rtl                              text42       01203
__end_of_cmd_sc                               text43       01800
__end_of_cmd_trc                              text33       00BF7
__end_of_cmd_tri                              text45       00D2A
__end_of_commands                             stringtext1  01827
__end_of_differenceBetweenTimePeriod          text16       013C6
__end_of_dpowers                              stringtext2  01840
__end_of_editClock                            text8        0178B
__end_of_editLum                              text7        01430
__end_of_editTemp                             text6        01465
__end_of_getch                                text4        007FF
__end_of_i2c1_driver_open                     text3        01FE6
__end_of_isdigit                              text13       00814
__end_of_main                                 maintext     0036C
__end_of_memset                               text2        011A1
__end_of_monitoring_TEMP_LUM                  text24       01000
__end_of_putch                                text51       01F89
__end_of_sendERRORMessage                     text49       01144
__end_of_sendMessage                          text50       01249
__end_of_sendOKMessage                        text48       010D4
__end_of_sprintf                              text12       0073F
__end_of_toggleAlarms                         text1        01361
__end_of_tsttc                                text25       00E7A
__end_of_update_menuLCD                       text11       005A1
__end_of_wirteEEPROMinit                      text10       007FB
__initialization                              cinit        00054
__pbssBANK0                                   bssBANK0     00065
__pbssBANK1                                   bssBANK1     000A0
__pbssBANK2                                   bssBANK2     00120
__pbssBANK3                                   bssBANK3     001A0
__pbssBANK4                                   bssBANK4     00220
__pbssCOMMON                                  bssCOMMON    0007B
__pcstackBANK0                                cstackBANK0  00020
__pcstackBANK1                                cstackBANK1  000C1
__pcstackCOMMON                               cstackCOMMON 00070
__pdataBANK1                                  dataBANK1    000E1
__pdataCOMMON                                 dataCOMMON   0007D
__pidataBANK1                                 idataBANK1   01FD0
__pidataCOMMON                                idataCOMMON  007FF
__pintentry                                   intentry     00004
__pmaintext                                   maintext     00092
__pnvBANK1                                    nvBANK1      000EB
__pnvBANK2                                    nvBANK2      00137
__pstringtext1                                stringtext1  01800
__pstringtext2                                stringtext2  01836
__pstringtext3                                stringtext3  01827
__pstringtext4                                stringtext4  01840
__pstringtext5                                stringtext5  01847
__pstringtext6                                stringtext6  0184C
__pstringtext7                                stringtext7  00000
__ptext1                                      text1        01333
__ptext10                                     text10       0073F
__ptext11                                     text11       0036C
__ptext12                                     text12       005A1
__ptext13                                     text13       00801
__ptext14                                     text14       013C6
__ptext15                                     text15       0149D
__ptext16                                     text16       01391
__ptext17                                     text17       01F6C
__ptext18                                     text18       01F65
__ptext19                                     text19       01F62
__ptext2                                      text2        01182
__ptext20                                     text20       010A0
__ptext21                                     text21       010EF
__ptext22                                     text22       01FC7
__ptext23                                     text23       01000
__ptext24                                     text24       00E7A
__ptext25                                     text25       00D2A
__ptext26                                     text26       01163
__ptext27                                     text27       01249
__ptext28                                     text28       01044
__ptext29                                     text29       01F68
__ptext3                                      text3        01FDA
__ptext30                                     text30       01F5F
__ptext31                                     text31       01665
__ptext32                                     text32       01F5C
__ptext33                                     text33       00B0B
__ptext34                                     text34       012DD
__ptext35                                     text35       01465
__ptext36                                     text36       015B2
__ptext37                                     text37       0088A
__ptext38                                     text38       014DA
__ptext39                                     text39       010D4
__ptext4                                      text4        007FB
__ptext40                                     text40       01088
__ptext41                                     text41       01292
__ptext42                                     text42       011E2
__ptext43                                     text43       0178B
__ptext44                                     text44       0126D
__ptext45                                     text45       00BF7
__ptext46                                     text46       011A1
__ptext47                                     text47       01024
__ptext48                                     text48       010B9
__ptext49                                     text49       01126
__ptext5                                      text5        012B7
__ptext50                                     text50       01226
__ptext51                                     text51       01F82
__ptext52                                     text52       01361
__ptext53                                     text53       0110A
__ptext54                                     text54       01016
[...]
      Locals:         0       0       0       0       0       0       0       0       0       0       0       0       0       0
      Temps:          0       0       0       0       0       0       0       0       0       0       0       0       0       0
      Totals:         0       0       0       0       0       0       0       0       0       0       0       0       0       0
Total ram usage:        0 bytes
 Hardware stack levels used:    1
 Hardware stack levels required when called:    2
 This function calls:
		Absolute function
		_Clock_ISR
		_TMR1_DefaultInterruptHandler
		_TMR1_WriteTimer
 This function is called by:
		_INTERRUPT_InterruptManager
 This function uses a non-reentrant model


 *************** function _TMR1_WriteTimer *****************
 Defined at:
		line 127 in file "mcc_generated_files/tmr1.c"
 Parameters:    Size  Location     Type
  timerVal        2    0[COMMON] unsigned int 
 Auto vars:     Size  Location     Type
		None
 Return value:  Size  Location     Type
                  1    wreg      void 
 Registers used:
		wreg, status,2
 Tracked objects:
		On entry : 
		On exit  : 
		Unchanged: 
 Data sizes:     COMMON   BANK0   BANK1   BANK2   BANK3   BANK4   BANK5   BANK6   BANK7   BANK8   BANK9  BANK10  BANK11  BANK12
      Params:         2       0       0       0       0       0       0       0       0       0       0       0       0       0
      Locals:         0       0       0       0       0       0       0       0       0       0       0       0       0       0
      Temps:          0       0       0       0       0       0       0       0       0       0       0       0       0       0
      Totals:         2       0       0       0       0       0       0       0       0       0       0       0       0       0
Total ram usage:        2 bytes
 Hardware stack levels used:    1
 This function calls:
		Nothing
 This function is called by:
		_TMR1_ISR
		_TMR1_Reload
 This function uses a non-reentrant model


 *************** function _Clock_ISR *****************
 Defined at:
		line 349 in file "main.c"
 Parameters:    Size  Location     Type
		None
 Auto vars:     Size  Location     Type
		None
 Return value:  Size  Location     Type
                  1    wreg      void 
 Registers used:
		wreg, status,2, status,0, pclath, cstack
 Tracked objects:
		On entry : 
		On exit  : 
		Unchanged: 
 Data sizes:     COMMON   BANK0   BANK1   BANK2   BANK3   BANK4   BANK5   BANK6   BANK7   BANK8   BANK9  BANK10  BANK11  BANK12
      Params:         0       0       0       0       0       0       0       0       0       0       0       0       0       0
      Locals:         0       0       0       0       0       0       0       0       0       0       0       0       0       0
      Temps:          2       0       0       0       0       0       0       0       0       0       0       0       0       0
      Totals:         2       0       0       0       0       0       0       0       0       0       0       0       0       0
Total ram usage:        2 bytes
 Hardware stack levels used:    1
 Hardware stack levels required when called:    1
 This function calls:
		___awdiv
 This function is called by:
		_main
		_TMR1_ISR
 This function uses a non-reentrant model


 *************** function _TMR1_DefaultInterruptHandler *****************
 Defined at:
		line 182 in file "mcc_generated_files/tmr1.c"
 Parameters:    Size  Location     Type
		None
 Auto vars:     Size  Location     Type
		None
 Return value:  Size  Location     Type
                  1    wreg      void 
 Registers used:
		None
 Tracked objects:
		On entry : 
		On exit  : 
		Unchanged: 
 Data sizes:     COMMON   BANK0   BANK1   BANK2   BANK3   BANK4   BANK5   BANK6   BANK7   BANK8   BANK9  BANK10  BANK11  BANK12
      Params:         0       0       0       0       0       0       0       0       0       0       0       0       0       0
      Locals:         0       0       0       0       0       0       0       0       0       0       0       0       0       0
      Temps:          0       0       0       0       0       0       0       0       0       0       0       0       0       0
      Totals:         0       0       0       0       0       0       0       0       0       0       0       0       0       0
Total ram usage:        0 bytes
 Hardware stack levels used:    1
 This function calls:
		Nothing
 This function is called by:
		_TMR1_Initialize
		_TMR1_ISR
 This function uses a non-reentrant model


 *************** function ___awdiv *****************
 Defined at:
		line 5 in file "E:\Microchip\xc8\v2.30\pic\sources\c90\common\awdiv.c"
 Parameters:    Size  Location     Type
  divisor         2    0[COMMON] int 
  dividend        2    2[COMMON] int 
 Auto vars:     Size  Location     Type
  quotient        2    7[COMMON] int 
  sign            1    6[COMMON] unsigned char 
  counter         1    5[COMMON] unsigned char 
 Return value:  Size  Location     Type
                  2    0[COMMON] int 
 Registers used:
		wreg, status,2, status,0
 Tracked objects:
		On entry : 
		On exit  : 
		Unchanged: 
 Data sizes:     COMMON   BANK0   BANK1   BANK2   BANK3   BANK4   BANK5   BANK6   BANK7   BANK8   BANK9  BANK10  BANK11  BANK12
      Params:         4       0       0       0       0       0       0       0       0       0       0       0       0       0
      Locals:         4       0       0       0       0       0       0       0       0       0       0       0       0       0
      Temps:          1       0       0       0       0       0       0       0       0       0       0       0       0       0
      Totals:         9       0       0       0       0       0       0       0       0       0       0       0       0       0
Total ram usage:        9 bytes
 Hardware stack levels used:    1
 This function calls:
		Nothing
 This function is called by:
		_Clock_ISR
 This function uses a non-reentrant model


 *************** function _INT_ISR *****************
 Defined at:
		line 32 in file "mcc_generated_files/ext_int.c"
 Parameters:    Size  Location     Type
		None
 Auto vars:     Size  Location     Type
		None
 Return value:  Size  Location     Type
                  1    wreg      void 
 Registers used:
		wreg, status,2, status,0, pclath, cstack
 Tracked objects:
		On entry : 
		On exit  : 
		Unchanged: 
 Data sizes:     COMMON   BANK0   BANK1   BANK2   BANK3   BANK4   BANK5   BANK6   BANK7   BANK8   BANK9  BANK10  BANK11  BANK12
      Params:         0       0       0       0       0       0       0       0       0       0       0       0       0       0
      Locals:         0       0       0       0       0       0       0       0       0       0       0       0       0       0
      Temps:          0       0       0       0       0       0       0       0       0       0       0       0       0       0
      Totals:         0       0       0       0       0       0       0       0       0       0       0       0       0       0
Total ram usage:        0 bytes
 Hardware stack levels used:    1
 Hardware stack levels required when called:    2
 This function calls:
		_INT_CallBack
 This function is called by:
		_INTERRUPT_InterruptManager
 This function uses a non-reentrant model


 *************** function _INT_CallBack *****************
 Defined at:
		line 41 in file "mcc_generated_files/ext_int.c"
 Parameters:    Size  Location     Type
		None
 Auto vars:     Size  Location     Type
		None
 Return value:  Size  Location     Type
                  1    wreg      void 
 Registers used:
		wreg, status,2, status,0, pclath, cstack
 Tracked objects:
		On entry : 
		On exit  : 
		Unchanged: 
 Data sizes:     COMMON   BANK0   BANK1   BANK2   BANK3   BANK4   BANK5   BANK6   BANK7   BANK8   BANK9  BANK10  BANK11  BANK12
      Params:         0       0       0       0       0       0       0       0       0       0       0       0       0       0
      Locals:         0       0       0       0       0       0       0       0       0       0       0       0       0       0
      Temps:          0       0       0       0       0       0       0       0       0       0       0       0       0       0
      Totals:         0       0       0       0       0       0       0       0       0       0       0       0       0       0
Total ram usage:        0 bytes
 Hardware stack levels used:    1
 Hardware stack levels required when called:    1
 This function calls:
		Absolute function
		_INT_DefaultInterruptHandler
		_S1_ISR
 This function is called by:
		_INT_ISR
 This function uses a non-reentrant model


 *************** function _INT_DefaultInterruptHandler *****************
 Defined at:
		line 54 in file "mcc_generated_files/ext_int.c"
 Parameters:    Size  Location     Type
		None
 Auto vars:     Size  Location     Type
		None
 Return value:  Size  Location     Type
                  1    wreg      void 
 Registers used:
		None
 Tracked objects:
		On entry : 
		On exit  : 
		Unchanged: 
 Data sizes:     COMMON   BANK0   BANK1   BANK2   BANK3   BANK4   BANK5   BANK6   BANK7   BANK8   BANK9  BANK10  BANK11  BANK12
      Params:         0       0       0       0       0       0       0       0       0       0       0       0       0       0
      Locals:         0       0       0       0       0       0       0       0       0       0       0       0       0       0
      Temps:          0       0       0       0       0       0       0       0       0       0       0       0       0       0
      Totals:         0       0       0       0       0       0       0       0       0       0       0       0       0       0
Total ram usage:        0 bytes
 Hardware stack levels used:    1
 This function calls:
		Nothing
 This function is called by:
		_EXT_INT_Initialize
		_INT_CallBack
 This function uses a non-reentrant model


 *************** function _S1_ISR *****************
 Defined at:
		line 797 in file "main.c"
 Parameters:    Size  Location     Type
		None
 Auto vars:     Size  Location     Type
		None
 Return value:  Size  Location     Type
                  1    wreg      void 
 Registers used:
		None
 Tracked objects:
		On entry : 
		On exit  : 
		Unchanged: 
 Data sizes:     COMMON   BANK0   BANK1   BANK2   BANK3   BANK4   BANK5   BANK6   BANK7   BANK8   BANK9  BANK10  BANK11  BANK12
      Params:         0       0       0       0       0       0       0       0       0       0       0       0       0       0
      Locals:         0       0       0       0       0       0       0       0       0       0       0       0       0       0
      Temps:          0       0       0       0       0       0       0       0       0       0       0       0       0       0
      Totals:         0       0       0       0       0       0       0       0       0       0       0       0       0       0
Total ram usage:        0 bytes
 Hardware stack levels used:    1
 This function calls:
		Nothing
 This function is called by:
		_main
		_INT_CallBack
 This function uses a non-reentrant model


 *************** function _EUSART_Transmit_ISR *****************
 Defined at:
		line 181 in file "mcc_generated_files/eusart.c"
 Parameters:    Size  Location     Type
		None
 Auto vars:     Size  Location     Type
		None
 Return value:  Size  Location     Type
                  1    wreg      void 
 Registers used:
		wreg, fsr1l, fsr1h, status,2, status,0
 Tracked objects:
		On entry : 
		On exit  : 
		Unchanged: 
 Data sizes:     COMMON   BANK0   BANK1   BANK2   BANK3   BANK4   BANK5   BANK6   BANK7   BANK8   BANK9  BANK10  BANK11  BANK12
      Params:         0       0       0       0       0       0       0       0       0       0       0       0       0       0
      Locals:         0       0       0       0       0       0       0       0       0       0       0       0       0       0
      Temps:          1       0       0       0       0       0       0       0       0       0       0       0       0       0
      Totals:         1       0       0       0       0       0       0       0       0       0       0       0       0       0
Total ram usage:        1 bytes
 Hardware stack levels used:    1
 This function calls:
		Nothing
 This function is called by:
		_EUSART_Initialize
		_INTERRUPT_InterruptManager
 This function uses a non-reentrant model


 *************** function _EUSART_Receive_ISR *****************
 Defined at:
		line 200 in file "mcc_generated_files/eusart.c"
 Parameters:    Size  Location     Type
		None
 Auto vars:     Size  Location     Type
		None
 Return value:  Size  Location     Type
                  1    wreg      void 
 Registers used:
		wreg, fsr1l, fsr1h, status,2, status,0
 Tracked objects:
		On entry : 
		On exit  : 
		Unchanged: 
 Data sizes:     COMMON   BANK0   BANK1   BANK2   BANK3   BANK4   BANK5   BANK6   BANK7   BANK8   BANK9  BANK10  BANK11  BANK12
      Params:         0       0       0       0       0       0       0       0       0       0       0       0       0       0
      Locals:         0       0       0       0       0       0       0       0       0       0       0       0       0       0
      Temps:          1       0       0       0       0       0       0       0       0       0       0       0       0       0
      Totals:         1       0       0       0       0       0       0       0       0       0       0       0       0       0
Total ram usage:        1 bytes
 Hardware stack levels used:    1
 This function calls:
		Nothing
 This function is called by:
		_EUSART_Initialize
		_INTERRUPT_InterruptManager
 This function uses a non-reentrant model



MODULE INFORMATION

Module		Function		Class		Link	Load	Size
mcc_generated_files/pwm6.c
		_PWM6_LoadDutyValue		CODE           	10A0	0000	25
		_PWM6_Initialize		CODE           	1FF3	0000	13

mcc_generated_files/pwm6.c estimated size: 38

mcc_generated_files/tmr2.c
		_TMR2_Initialize		CODE           	1016	0000	14
		_TMR2_Stop     		CODE           	1F65	0000	3
		_TMR2_Start    		CODE           	1F5F	0000	3
		_TMR2_StopTimer		CODE           	1F6C	0000	4
		_TMR2_StartTimer		CODE           	1F68	0000	4

mcc_generated_files/tmr2.c estimated size: 28

mcc_generated_files/interrupt_manager.c
		_INTERRUPT_InterruptManager		CODE           	0004	0000	78

mcc_generated_files/interrupt_manager.c estimated size: 78

E:\Microchip\xc8\v2.30\pic\sources\c90\common\memset.c
		_memset        		CODE           	1182	0000	31

E:\Microchip\xc8\v2.30\pic\sources\c90\common\memset.c estimated size: 31

mcc_generated_files/pin_manager.c
		_PIN_MANAGER_Initialize		CODE           	151C	0000	67

mcc_generated_files/pin_manager.c estimated size: 67

I2C/i2c.c
		_ReadI2C       		CODE           	1163	0000	31
		_WriteI2C      		CODE           	160B	0000	90

I2C/i2c.c estimated size: 121

E:\Microchip\xc8\v2.30\pic\sources\c90\common\lwmod.c
		___lwmod       		CODE           	13C6	0000	53

E:\Microchip\xc8\v2.30\pic\sources\c90\common\lwmod.c estimated size: 53

E:\Microchip\xc8\v2.30\pic\sources\c90\common\doprnt.c
		_sprintf       		CODE           	05A1	0000	414

E:\Microchip\xc8\v2.30\pic\sources\c90\common\doprnt.c estimated size: 414

mcc_generated_files/ext_int.c
		_INT_DefaultInterruptHandler		CODE           	0002	0000	1
		_EXT_INT_Initialize		CODE           	1008	0000	14
		_INT_SetInterruptHandler		CODE           	1FAC	0000	9
		_INT_CallBack  		CODE           	1FE6	0000	13
		_INT_ISR       		CODE           	1F70	0000	6

mcc_generated_files/ext_int.c estimated size: 43

shared
		_dpowers       		STRCODE        	1836	0000	10
		__initialization		CODE           	0054	0000	58
		_commands      		STRCODE        	1800	0000	39

shared estimated size: 107

mcc_generated_files/mcc.c
		_PMD_Initialize		CODE           	1F89	0000	8
		_OSCILLATOR_Initialize		CODE           	1FB5	0000	9
		_SYSTEM_Initialize		CODE           	110A	0000	28

mcc_generated_files/mcc.c estimated size: 45

mcc_generated_files/tmr1.c
		_TMR1_Initialize		CODE           	1144	0000	31
		_TMR1_SetInterruptHandler		CODE           	1FBE	0000	9
		_TMR1_DefaultInterruptHandler		CODE           	0003	0000	1
		_TMR1_WriteTimer		CODE           	1033	0000	17
		_TMR1_ISR      		CODE           	105A	0000	23

mcc_generated_files/tmr1.c estimated size: 81

E:\Microchip\xc8\v2.30\pic\sources\c90\common\lwdiv.c
		___lwdiv       		CODE           	149D	0000	61

E:\Microchip\xc8\v2.30\pic\sources\c90\common\lwdiv.c estimated size: 61

E:\Microchip\xc8\v2.30\pic\sources\c90\common\Umul16.c
		___wmul        		CODE           	11A1	0000	32

E:\Microchip\xc8\v2.30\pic\sources\c90\common\Umul16.c estimated size: 32

E:\Microchip\xc8\v2.30\pic\sources\c90\common\awdiv.c
		___awdiv       		CODE           	16BF	0000	95

E:\Microchip\xc8\v2.30\pic\sources\c90\common\awdiv.c estimated size: 95

mcc_generated_files/memory.c
		_DATAEE_WriteByte		CODE           	1249	0000	36
		_DATAEE_ReadByte		CODE           	1024	0000	15

mcc_generated_files/memory.c estimated size: 51

mcc_generated_files/i2c1_driver.c
		_i2c1_driver_open		CODE           	1FDA	0000	12

mcc_generated_files/i2c1_driver.c estimated size: 12

mcc_generated_files/eusart.c
		_EUSART_SetRxInterruptHandler		CODE           	1F9A	0000	9
		_EUSART_SetTxInterruptHandler		CODE           	1FA3	0000	9
		_putch         		CODE           	1F82	0000	7
		_EUSART_Read   		CODE           	12B7	0000	38
		_EUSART_Write  		CODE           	1361	0000	48
		_EUSART_Transmit_ISR		CODE           	1203	0000	35
		_EUSART_Initialize		CODE           	1306	0000	45
		_getch         		CODE           	07FB	0000	4
		_EUSART_Receive_ISR		CODE           	11C1	0000	33
		_EUSART_is_rx_ready		CODE           	1F59	0000	3

mcc_generated_files/eusart.c estimated size: 231

mcc_generated_files/adcc.c
		_ADCC_GetSingleConversion		CODE           	1044	0000	22
		_ADCC_Initialize		CODE           	1071	0000	23

mcc_generated_files/adcc.c estimated size: 45

E:\Microchip\xc8\v2.30\pic\sources\c90\common\isdigit.c
		_isdigit       		CODE           	0801	0000	19

E:\Microchip\xc8\v2.30\pic\sources\c90\common\isdigit.c estimated size: 19

main.c
		_checkFlags    		CODE           	0996	0000	161
		_differenceBetweenTimePeriod		CODE           	1391	0000	53
		_cmd_rp        		CODE           	1292	0000	37
		_PWM_Output_D4_Disable		CODE           	1F62	0000	3
		_toggleAlarms  		CODE           	1333	0000	46
		_editLum       		CODE           	13FB	0000	53
		_LCDinit       		CODE           	0814	0000	118
		_LCDsend       		CODE           	155F	0000	83
		_LCDsend2x4    		CODE           	0A37	0000	212
		_cmd_ir        		CODE           	12DD	0000	41
		_cmd_trc       		CODE           	0B0B	0000	236
		_cmd_mmp       		CODE           	1088	0000	24
		_main          		CODE           	0092	0000	730
		_sendOKMessage 		CODE           	10B9	0000	27
		_LCDstr        		CODE           	10EF	0000	27
		_cmd_mta       		CODE           	10D4	0000	27
		_cmd_dtl       		CODE           	15B2	0000	89
		_cmd_tri       		CODE           	0BF7	0000	307
		_sendERRORMessage		CODE           	1126	0000	30
		_PWM_Output_D4_Enable		CODE           	1F5C	0000	3
		_LCDchar       		CODE           	1FC7	0000	9
		_S1button      		CODE           	1665	0000	90
		_cmd_rc        		CODE           	126D	0000	37
		_cmd_dac       		CODE           	088A	0000	122
		_update_menuLCD		CODE           	036C	0000	565
		_wirteEEPROMinit		CODE           	073F	0000	188
		_Clock_ISR     		CODE           	0904	0000	146
		_cmd_rtl       		CODE           	11E2	0000	33
		_tsttc         		CODE           	0D2A	0000	336
		_cmd_sc        		CODE           	178B	0000	117
		_monitoring_TEMP_LUM		CODE           	0E7A	0000	390
		_editClock     		CODE           	171E	0000	109
		_S1_ISR        		CODE           	1F91	0000	9
		_LCDcmd        		CODE           	1000	0000	8
		_cmd_ra        		CODE           	14DA	0000	66
		_sendMessage   		CODE           	1226	0000	35
		_editTemp      		CODE           	1430	0000	53
		_cmd_aa        		CODE           	1465	0000	56

main.c estimated size: 4676

