Microchip MPLAB XC8 Compiler V2.30

Linker command line:

-W-3 --edf=E:\Microchip\xc8\v2.30\pic\dat\en_msgs.txt -cn \
  -h+dist/default/production\SCE_Project_part2.production.sym \
  --cmf=dist/default/production\SCE_Project_part2.production.cmf -z \
  -Q16F18875 -oC:\Users\Andre\AppData\Local\Temp\s6ekx2 \
  --defsym=__MPLAB_BUILD=1 \
  -Mdist/default/production/SCE_Project_part2.production.map -E1 \
  -ver=XC8 Compiler --acfsm=1493 -ASTACK=02180h-023EFh -pstack=STACK \
  -ACODE=00h-07FFhx4 -ASTRCODE=00h-01FFFh -ASTRING=00h-0FFhx32 \
  -ACONST=00h-0FFhx32 -AENTRY=00h-0FFhx32 -ACOMMON=070h-07Fh \
  -ABANK0=020h-06Fh -ABANK1=0A0h-0EFh -ABANK2=0120h-016Fh \
  -ABANK3=01A0h-01EFh -ABANK4=0220h-026Fh -ABANK5=02A0h-02EFh \
  -ABANK6=0320h-036Fh -ABANK7=03A0h-03EFh -ABANK8=0420h-046Fh \
  -ABANK9=04A0h-04EFh -ABANK10=0520h-056Fh -ABANK11=05A0h-05EFh \
  -ABANK12=0620h-064Fh -ABIGRAM=02000h-023EFh \
  -ARAM=020h-06Fh,0A0h-0EFh,0120h-016Fh,01A0h-01EFh,0220h-026Fh,02A0h-02EFh,0320h-036Fh,03A0h-03EFh,0420h-046Fh,04A0h-04EFh,0520h-056Fh,05A0h-05EFh,0620h-064Fh \
  -AABS1=020h-07Fh,0A0h-0EFh,0120h-016Fh,01A0h-01EFh,0220h-026Fh,02A0h-02EFh,0320h-036Fh,03A0h-03EFh,0420h-046Fh,04A0h-04EFh,0520h-056Fh,05A0h-05EFh,0620h-064Fh \
  -ASFR0=00h-01Fh -ASFR1=080h-09Fh -ASFR2=0100h-011Fh -ASFR3=0180h-019Fh \
  -ASFR4=0200h-021Fh -ASFR5=0280h-029Fh -ASFR6=0300h-031Fh \
  -ASFR7=0380h-039Fh -ASFR8=0400h-041Fh -ASFR9=0480h-049Fh \
  -ASFR10=0500h-051Fh -ASFR11=0580h-059Fh -ASFR12=0600h-061Fh \
  -ASFR13=0680h-06EFh -ASFR14=0700h-076Fh -ASFR15=0780h-07EFh \
  -ASFR16=0800h-086Fh -ASFR17=0880h-08EFh -ASFR18=0900h-096Fh \
  -ASFR19=0980h-09EFh -ASFR20=0A00h-0A6Fh -ASFR21=0A80h-0AEFh \
  -ASFR22=0B00h-0B6Fh -ASFR23=0B80h-0BEFh -ASFR24=0C00h-0C6Fh \
  -ASFR25=0C80h-0CEFh -ASFR26=0D00h-0D6Fh -ASFR27=0D80h-0DEFh \
  -ASFR28=0E00h-0E6Fh -ASFR29=0E80h-0EEFh -ASFR30=0F00h-0F6Fh \
  -ASFR31=0F80h-0FEFh -ACONFIG=08007h-0800Bh -DCONFIG=2 \
  -AIDLOC=08000h-08003h -DIDLOC=2 -AEEDATA=00h-0FFh/0F000h \
  -peeprom_data=EEDATA -DEEDATA=2 -DCODE=2 -DSTRCODE=2 -DSTRING=2 -DCONST=2 \
  -DENTRY=2 -preset_vec=00h,intentry=04h,init,end_init -ppowerup=CODE \
  -pcinit=CODE -pfunctab=ENTRY -k \
  C:\Users\Andre\AppData\Local\Temp\s6ekxm.o \
  dist/default/production\SCE_Project_part2.production.o 

Object code version is 3.11

Machine type is 16F18875



                Name                               Link     Load   Length Selector   Space Scale
C:\Users\Andre\AppData\Local\Temp\s6ekxm.o
                end_init                             52       52        2        8       0
                reset_vec                             0        0        2        0       0
                config                             8007     8007        5        0       4
dist/default/production\SCE_Project_part2.production.o
                cinit                                54       54       3E        8       0
                intentry                              4        4       4E        8       0
                config                             8007     8007        5        0       4
                text83                             11F1     11F1       21     23E2       0
                text82                             1233     1233       23     2466       0
                text81                             1FB5     1FB5        9     3F6A       0
                text80                                2        2        1        0       0
                text79                             100B     100B        D     2016       0
                text78                             1F8C     1F8C        6     3F18       0
                text77                             16BF     16BF       5F     2D7E       0
                text76                                3        3        1        6       0
                text75                              921      921       92     1242       0
                text74                             1050     1050       11     20A0       0
                text73                             108A     108A       17     2114       0
                text71                             1F75     1F75        3     3EEA       0
                text70                             160B     160B       5A     2C16       0
                text69                             155F     155F       53     2ABE       0
                text68                              A54      A54       D4     14A8       0
                text67                              831      831       76     1062       0
                text66                             10A1     10A1       17     2142       0
                text65                             1FBE     1FBE        9     3F7C       0
                text64                             1FC7     1FC7        9     3F8E       0
                text63                             1336     1336       2D     266C       0
                text62                             1FD0     1FD0        9     3FA0       0
                text61                             1025     1025        E     204A       0
                text60                             1FD9     1FD9        9     3FB2       0
                text59                             151C     151C       43     2A38       0
                text58                             1FA5     1FA5        8     3F4A       0
                text57                             1018     1018        D     2030       0
                text56                             1FE2     1FE2        9     3FC4       0
                text55                             1174     1174       1F     22E8       0
                text54                             1033     1033        E     2066       0
                text53                             113A     113A       1C     2274       0
                text52                              801      801       30     1002       0
                text51                             1F9E     1F9E        7     3F3C       0
                text50                             1256     1256       23     24AC       0
                text49                             1156     1156       1E     22AC       0
                text48                             10E9     10E9       1B     21D2       0
                text47                             1041     1041        F     2082       0
                text46                             11D1     11D1       20     23A2       0
                text45                              C01      C01      129     1802       0
                text44                             129D     129D       25     253A       0
                text43                             178B     178B       75     2F16       0
                text42                             1212     1212       21     2424       0
                text41                             12C2     12C2       25     2584       0
                text40                             10B8     10B8       18     2170       0
                text39                             1104     1104       1B     2208       0
                text38                             14DA     14DA       42     29B4       0
                text37                              8A7      8A7       7A     114E       0
                text36                             15B2     15B2       59     2B64       0
                text35                             1465     1465       38     28CA       0
                text34                             130D     130D       29     261A       0
                text33                              B28      B28       D9     1650       0
                text32                             1F78     1F78        3     3EF0       0
                text31                             1665     1665       5A     2CCA       0
                text30                             1F7B     1F7B        3     3EF6       0
                text29                             1F84     1F84        4     3F08       0
                text28                             1074     1074       16     20E8       0
                text27                             1279     1279       24     24F2       0
                text26                             1193     1193       1F     2326       0
                text25                              D2A      D2A      150     1A54       0
                text24                              E7A      E7A      186     1CF4       0
                text23                             1FAD     1FAD        8     3F5A       0
                text22                             1FEB     1FEB        9     3FD6       0
                text21                             111F     111F       1B     223E       0
                text20                             10D0     10D0       19     21A0       0
                text19                             1F7E     1F7E        3     3EFC       0
                text18                             1F81     1F81        3     3F02       0
                text17                             1F88     1F88        4     3F10       0
                text16                             1391     1391       35     2722       0
                text15                             149D     149D       3D     293A       0
                text14                             13C6     13C6       35     278C       0
                text13                             1061     1061       13     20C2       0
                text12                              5A1      5A1      19E        8       0
                text11                              36C      36C      235        8       0
                text10                              73F      73F       BC        8       0
                text9                               9B3      9B3       A1     1366       0
                text8                              171E     171E       6D     2E3C       0
                text7                              13FB     13FB       35     27F6       0
                text6                              1430     1430       35     2860       0
                text5                              12E7     12E7       26     25CE       0
                text4                               7FB      7FB        4        8       0
                text3                              1FF4     1FF4        C     3FE8       0
                text2                              11B2     11B2       1F     2364       0
                text1                              1363     1363       2E     26C6       0
                maintext                             92       92      2DA        8       0
                cstackBANK0                          20       20       45       20       1
                cstackCOMMON                         70       70        B       70       1
                cstackBANK1                          C1       C1       20       A0       1
                clrtext                            1F92     1F92        6     3F24       0
                inittext                           1F98     1F98        6     3F30       0
                bssBANK4                            220      220       40      220       1
                bssBANK3                            1A0      1A0       40      1A0       1
                bssBANK2                            120      120       17      120       1
                dataBANK1                            E1       E1        A       A0       1
                bssBANK1                             A0       A0       21       A0       1
                bssBANK0                             65       65        B       20       1
                dataCOMMON                           7D       7D        1       70       1
                bssCOMMON                            7B       7B        2       70       1
                stringtext6                        184C     184C        4     3000       0
                stringtext5                        1847     1847        5     3000       0
                stringtext4                        1840     1840        7     3000       0
                stringtext3                        1827     1827        F     3000       0
                nvBANK2                             137      137        6      120       1
                nvBANK1                              EB       EB        5       A0       1
                stringtext2                        1836     1836        A     3000       0
                stringtext1                        1800     1800       27     3000       0
                idataBANK1                         1001     1001        A     2002       0
                idataCOMMON                         7FF      7FF        1        8       0

TOTAL           Name                               Link     Load   Length     Space
        CLASS   STACK          

        CLASS   CODE           
                end_init                             52       52        2         0
                cinit                                54       54       3E         0
                intentry                              4        4       4E         0
                reset_vec                             0        0        2         0
                text83                             11F1     11F1       21         0
                text82                             1233     1233       23         0
                text81                             1FB5     1FB5        9         0
                text80                                2        2        1         0
                text79                             100B     100B        D         0
                text78                             1F8C     1F8C        6         0
                text77                             16BF     16BF       5F         0
                text76                                3        3        1         0
                text75                              921      921       92         0
                text74                             1050     1050       11         0
                text73                             108A     108A       17         0
                text71                             1F75     1F75        3         0
                text70                             160B     160B       5A         0
                text69                             155F     155F       53         0
                text68                              A54      A54       D4         0
                text67                              831      831       76         0
                text66                             10A1     10A1       17         0
                text65                             1FBE     1FBE        9         0
                text64                             1FC7     1FC7        9         0
                text63                             1336     1336       2D         0
                text62                             1FD0     1FD0        9         0
                text61                             1025     1025        E         0
                text60                             1FD9     1FD9        9         0
                text59                             151C     151C       43         0
                text58                             1FA5     1FA5        8         0
                text57                             1018     1018        D         0
                text56                             1FE2     1FE2        9         0
                text55                             1174     1174       1F         0
                text54                             1033     1033        E         0
                text53                             113A     113A       1C         0
                text52                              801      801       30         0
                text51                             1F9E     1F9E        7         0
                text50                             1256     1256       23         0
                text49                             1156     1156       1E         0
                text48                             10E9     10E9       1B         0
                text47                             1041     1041        F         0
                text46                             11D1     11D1       20         0
                text45                              C01      C01      129         0
                text44                             129D     129D       25         0
                text43                             178B     178B       75         0
                text42                             1212     1212       21         0
                text41                             12C2     12C2       25         0
                text40                             10B8     10B8       18         0
                text39                             1104     1104       1B         0
                text38                             14DA     14DA       42         0
                text37                              8A7      8A7       7A         0
                text36                             15B2     15B2       59         0
                text35                             1465     1465       38         0
                text34                             130D     130D       29         0
                text33                              B28      B28       D9         0
                text32                             1F78     1F78        3         0
                text31                             1665     1665       5A         0
                text30                             1F7B     1F7B        3         0
                text29                             1F84     1F84        4         0
                text28                             1074     1074       16         0
                text27                             1279     1279       24         0
                text26                             1193     1193       1F         0
                text25                              D2A      D2A      150         0
                text24                              E7A      E7A      186         0
                text23                             1FAD     1FAD        8         0
                text22                             1FEB     1FEB        9         0
                text21                             111F     111F       1B         0
                text20                             10D0     10D0       19         0
                text19                             1F7E     1F7E        3         0
                text18                             1F81     1F81        3         0
                text17                             1F88     1F88        4         0
                text16                             1391     1391       35         0
                text15                             149D     149D       3D         0
                text14                             13C6     13C6       35         0
                text13                             1061     1061       13         0
                text12                              5A1      5A1      19E         0
                text11                              36C      36C      235         0
                text10                              73F      73F       BC         0
                text9                               9B3      9B3       A1         0
                text8                              171E     171E       6D         0
                text7                              13FB     13FB       35         0
                text6                              1430     1430       35         0
                text5                              12E7     12E7       26         0
                text4                               7FB      7FB        4         0
                text3                              1FF4     1FF4        C         0
                text2                              11B2     11B2       1F         0
                text1                              1363     1363       2E         0
                maintext                             92       92      2DA         0
                clrtext                            1F92     1F92        6         0
                inittext                           1F98     1F98        6         0
                idataBANK1                         1001     1001        A         0
                idataCOMMON                         7FF      7FF        1         0

        CLASS   STRCODE        
                stringtext6                        184C     184C        4         0
                stringtext5                        1847     1847        5         0
                stringtext4                        1840     1840        7         0
                stringtext3                        1827     1827        F         0
                stringtext2                        1836     1836        A         0
                stringtext1                        1800     1800       27         0

        CLASS   STRING         

        CLASS   CONST          

        CLASS   ENTRY          

        CLASS   COMMON         
                cstackCOMMON                         70       70        B         1
                dataCOMMON                           7D       7D        1         1
                bssCOMMON                            7B       7B        2         1

        CLASS   BANK0          
                cstackBANK0                          20       20       45         1
                bssBANK0                             65       65        B         1

        CLASS   BANK1          
                cstackBANK1                          C1       C1       20         1
                dataBANK1                            E1       E1        A         1
                bssBANK1                             A0       A0       21         1
                nvBANK1                              EB       EB        5         1

        CLASS   BANK2          
                bssBANK2                            120      120       17         1
                nvBANK2                             137      137        6         1

        CLASS   BANK3          
                bssBANK3                            1A0      1A0       40         1

        CLASS   BANK4          
                bssBANK4                            220      220       40         1

        CLASS   BANK5          

        CLASS   BANK6          

        CLASS   BANK7          

        CLASS   BANK8          

        CLASS   BANK9          

        CLASS   BANK10         

        CLASS   BANK11         

        CLASS   BANK12         

        CLASS   BIGRAM         

        CLASS   RAM            

        CLASS   ABS1           
                abs_s1                               7E       7E        2         1

        CLASS   SFR0           

        CLASS   SFR1           

        CLASS   SFR2           

        CLASS   SFR3           

        CLASS   SFR4           

        CLASS   SFR5           

        CLASS   SFR6           

        CLASS   SFR7           

        CLASS   SFR8           

        CLASS   SFR9           

        CLASS   SFR10          

        CLASS   SFR11          

        CLASS   SFR12          

        CLASS   SFR13          

        CLASS   SFR14          

        CLASS   SFR15          

        CLASS   SFR16          

        CLASS   SFR17          

        CLASS   SFR18          

        CLASS   SFR19          

        CLASS   SFR20          

        CLASS   SFR21          

        CLASS   SFR22          

        CLASS   SFR23          

        CLASS   SFR24          

        CLASS   SFR25          

        CLASS   SFR26          

        CLASS   SFR27          

        CLASS   SFR28          

        CLASS   SFR29          

        CLASS   SFR30          

        CLASS   SFR31          

        CLASS   CONFIG         
                config                             8007     8007        5         4

        CLASS   IDLOC          

        CLASS   EEDATA         

        CLASS   BANK31         

        CLASS   BANK30         

        CLASS   BANK29         

        CLASS   BANK28         

        CLASS   BANK27         

        CLASS   BANK26         

        CLASS   BANK25         

        CLASS   BANK24         

        CLASS   BANK23         

        CLASS   BANK22         

        CLASS   BANK21         

        CLASS   BANK20         

        CLASS   BANK19         

        CLASS   BANK18         

        CLASS   BANK17         

        CLASS   BANK16         

        CLASS   BANK15         

        CLASS   BANK14         

        CLASS   BANK13         



SEGMENTS        Name                           Load    Length   Top    Selector   Space  Class     Delta

                reset_vec                      000000  000003  000003         0       0  CODE        2
                text76                         000003  000001  000004         6       0  CODE        2
                intentry                       000004  0007FC  000800         8       0  CODE        2
                cstackBANK0                    000020  000050  000070        20       1  BANK0       1
                cstackCOMMON                   000070  00000E  00007E        70       1  COMMON      1
                bssBANK1                       0000A0  000050  0000F0        A0       1  BANK1       1
                bssBANK2                       000120  00001D  00013D       120       1  BANK2       1
                bssBANK3                       0001A0  000040  0001E0       1A0       1  BANK3       1
                bssBANK4                       000220  000040  000260       220       1  BANK4       1
                text52                         000801  000030  000831      1002       0  CODE        2
                text67                         000831  000076  0008A7      1062       0  CODE        2
                text37                         0008A7  00007A  000921      114E       0  CODE        2
                text75                         000921  000092  0009B3      1242       0  CODE        2
                text9                          0009B3  0000A1  000A54      1366       0  CODE        2
                text68                         000A54  0000D4  000B28      14A8       0  CODE        2
                text33                         000B28  0000D9  000C01      1650       0  CODE        2
                text45                         000C01  000129  000D2A      1802       0  CODE        2
                text25                         000D2A  000150  000E7A      1A54       0  CODE        2
                text24                         000E7A  000186  001000      1CF4       0  CODE        2
                idataBANK1                     001001  00000A  00100B      2002       0  CODE        2
                text79                         00100B  00000D  001018      2016       0  CODE        2
                text57                         001018  00000D  001025      2030       0  CODE        2
                text61                         001025  00000E  001033      204A       0  CODE        2
                text54                         001033  00000E  001041      2066       0  CODE        2
                text47                         001041  00000F  001050      2082       0  CODE        2
                text74                         001050  000011  001061      20A0       0  CODE        2
                text13                         001061  000013  001074      20C2       0  CODE        2
                text28                         001074  000016  00108A      20E8       0  CODE        2
                text73                         00108A  000017  0010A1      2114       0  CODE        2
                text66                         0010A1  000017  0010B8      2142       0  CODE        2
                text40                         0010B8  000018  0010D0      2170       0  CODE        2
                text20                         0010D0  000019  0010E9      21A0       0  CODE        2
                text48                         0010E9  00001B  001104      21D2       0  CODE        2
                text39                         001104  00001B  00111F      2208       0  CODE        2
                text21                         00111F  00001B  00113A      223E       0  CODE        2
                text53                         00113A  00001C  001156      2274       0  CODE        2
                text49                         001156  00001E  001174      22AC       0  CODE        2
                text55                         001174  00001F  001193      22E8       0  CODE        2
                text26                         001193  00001F  0011B2      2326       0  CODE        2
                text2                          0011B2  00001F  0011D1      2364       0  CODE        2
                text46                         0011D1  000020  0011F1      23A2       0  CODE        2
                text83                         0011F1  000021  001212      23E2       0  CODE        2
                text42                         001212  000021  001233      2424       0  CODE        2
                text82                         001233  000023  001256      2466       0  CODE        2
                text50                         001256  000023  001279      24AC       0  CODE        2
                text27                         001279  000024  00129D      24F2       0  CODE        2
                text44                         00129D  000025  0012C2      253A       0  CODE        2
                text41                         0012C2  000025  0012E7      2584       0  CODE        2
                text5                          0012E7  000026  00130D      25CE       0  CODE        2
                text34                         00130D  000029  001336      261A       0  CODE        2
                text63                         001336  00002D  001363      266C       0  CODE        2
                text1                          001363  00002E  001391      26C6       0  CODE        2
                text16                         001391  000035  0013C6      2722       0  CODE        2
                text14                         0013C6  000035  0013FB      278C       0  CODE        2
                text7                          0013FB  000035  001430      27F6       0  CODE        2
                text6                          001430  000035  001465      2860       0  CODE        2
                text35                         001465  000038  00149D      28CA       0  CODE        2
                text15                         00149D  00003D  0014DA      293A       0  CODE        2
                text38                         0014DA  000042  00151C      29B4       0  CODE        2
                text59                         00151C  000043  00155F      2A38       0  CODE        2
                text69                         00155F  000053  0015B2      2ABE       0  CODE        2
                text36                         0015B2  000059  00160B      2B64       0  CODE        2
                text70                         00160B  00005A  001665      2C16       0  CODE        2
                text31                         001665  00005A  0016BF      2CCA       0  CODE        2
                text77                         0016BF  00005F  00171E      2D7E       0  CODE        2
                text8                          00171E  00006D  00178B      2E3C       0  CODE        2
                text43                         00178B  000075  001800      2F16       0  CODE        2
                stringtext1                    001800  000050  001850      3000       0  STRCODE     2
                text71                         001F75  000003  001F78      3EEA       0  CODE        2
                text32                         001F78  000003  001F7B      3EF0       0  CODE        2
                text30                         001F7B  000003  001F7E      3EF6       0  CODE        2
                text19                         001F7E  000003  001F81      3EFC       0  CODE        2
                text18                         001F81  000003  001F84      3F02       0  CODE        2
                text29                         001F84  000004  001F88      3F08       0  CODE        2
                text17                         001F88  000004  001F8C      3F10       0  CODE        2
                text78                         001F8C  000006  001F92      3F18       0  CODE        2
                clrtext                        001F92  000006  001F98      3F24       0  CODE        2
                inittext                       001F98  000006  001F9E      3F30       0  CODE        2
                text51                         001F9E  000007  001FA5      3F3C       0  CODE        2
                text58                         001FA5  000008  001FAD      3F4A       0  CODE        2
                text23                         001FAD  000008  001FB5      3F5A       0  CODE        2
                text81                         001FB5  000009  001FBE      3F6A       0  CODE        2
                text65                         001FBE  000009  001FC7      3F7C       0  CODE        2
                text64                         001FC7  000009  001FD0      3F8E       0  CODE        2
                text62                         001FD0  000009  001FD9      3FA0       0  CODE        2
                text60                         001FD9  000009  001FE2      3FB2       0  CODE        2
                text56                         001FE2  000009  001FEB      3FC4       0  CODE        2
                text22                         001FEB  000009  001FF4      3FD6       0  CODE        2
                text3                          001FF4  00000C  002000      3FE8       0  CODE        2


UNUSED ADDRESS RANGES

        Name                Unused          Largest block    Delta
        BANK10           00520-0056F              50           1
        BANK11           005A0-005EF              50           1
        BANK12           00620-0064F              30           1
        BANK2            0013D-0016F              33           1
        BANK3            001E0-001EF              10           1
        BANK4            00260-0026F              10           1
        BANK5            002A0-002EF              50           1
        BANK6            00320-0036F              50           1
        BANK7            003A0-003EF              50           1
        BANK8            00420-0046F              50           1
        BANK9            004A0-004EF              50           1
        BIGRAM           02000-023EF             3F0           1
        CODE             00800-00800               1           2
                         01000-01000               1
                         01850-01F74             725
        CONST            00800-00800               1           2
                         01000-01000               1
                         01850-01F74             100
        EEDATA           0F000-0F0FF             100           2
        ENTRY            00800-00800               1           2
                         01000-01000               1
                         01850-01F74             100
        IDLOC            08000-08003               4           2
        RAM              0013D-0016F              33           1
                         001E0-001EF              10
                         00260-0026F              10
                         002A0-002EF              50
                         00320-0036F              50
                         003A0-003EF              50
                         00420-0046F              50
                         004A0-004EF              50
                         00520-0056F              50
                         005A0-005EF              50
                         00620-0064F              30
        SFR0             00000-0001F              20           1
        SFR1             00080-0009F              20           1
        SFR10            00500-0051F              20           1
        SFR11            00580-0059F              20           1
        SFR12            00600-0061F              20           1
        SFR13            00680-006EF              70           1
        SFR14            00700-0076F              70           1
        SFR15            00780-007EF              70           1
        SFR16            00800-0086F              70           1
        SFR17            00880-008EF              70           1
        SFR18            00900-0096F              70           1
        SFR19            00980-009EF              70           1
        SFR2             00100-0011F              20           1
        SFR20            00A00-00A6F              70           1
        SFR21            00A80-00AEF              70           1
        SFR22            00B00-00B6F              70           1
        SFR23            00B80-00BEF              70           1
        SFR24            00C00-00C6F              70           1
        SFR25            00C80-00CEF              70           1
        SFR26            00D00-00D6F              70           1
        SFR27            00D80-00DEF              70           1
        SFR28            00E00-00E6F              70           1
        SFR29            00E80-00EEF              70           1
        SFR3             00180-0019F              20           1
        SFR30            00F00-00F6F              70           1
        SFR31            00F80-00FEF              70           1
        SFR4             00200-0021F              20           1
        SFR5             00280-0029F              20           1
        SFR6             00300-0031F              20           1
        SFR7             00380-0039F              20           1
        SFR8             00400-0041F              20           1
        SFR9             00480-0049F              20           1
        STACK            02180-023EF             270           1
        STRCODE          00800-00800               1           2
                         01000-01000               1
                         01850-01F74             725
        STRING           00800-00800               1           2
                         01000-01000               1
                         01850-01F74             100

                                  Symbol Table

?_ADCC_GetSingleConversion                    cstackBANK0  00020
?___awdiv                                     cstackCOMMON 00070
?___lwdiv                                     cstackBANK0  00020
?___lwmod                                     cstackBANK0  00028
?___wmul                                      cstackBANK0  00020
?_sprintf                                     cstackBANK0  0002E
ADCC_GetSingleConversion@channel              cstackBANK0  00023
DATAEE_ReadByte@bAdd                          cstackBANK0  00026
DATAEE_WriteByte@GIEBitValue                  cstackBANK0  00029
DATAEE_WriteByte@bAdd                         cstackBANK0  00026
DATAEE_WriteByte@bData                        cstackBANK0  00028
EUSART_Read@readValue                         cstackBANK0  00021
EUSART_SetRxInterruptHandler@interruptHandler cstackBANK0  00020
EUSART_SetTxInterruptHandler@interruptHandler cstackBANK0  00020
EUSART_Write@txData                           cstackBANK0  00021
INT_SetInterruptHandler@InterruptHandler      cstackBANK0  00020
LCDchar@c                                     cstackBANK0  00028
LCDcmd@c                                      cstackBANK0  00028
LCDsend2x4@c                                  cstackBANK0  00025
LCDsend2x4@hc                                 cstackBANK0  00026
LCDsend2x4@lc                                 cstackBANK0  00027
LCDsend2x4@mode                               cstackBANK0  00022
LCDsend@c                                     cstackBANK0  00023
LCDstr@c                                      cstackBANK0  0002E
LCDstr@p                                      cstackBANK0  00029
PWM6_LoadDutyValue@dutyValue                  cstackBANK0  00020
TMR1_SetInterruptHandler@InterruptHandler     cstackBANK0  00020
TMR1_WriteTimer@timerVal                      cstackCOMMON 00070
WriteI2C@data_out                             cstackBANK0  00021
_ADACCH                                       (abs)        00091
_ADACCL                                       (abs)        00090
_ADACQ                                        (abs)        0009D
_ADACT                                        (abs)        00099
_ADCAP                                        (abs)        0009B
_ADCC_GetSingleConversion                     text28       01074
_ADCC_Initialize                              text66       010A1
_ADCLK                                        (abs)        00098
_ADCNT                                        (abs)        0010C
_ADCON0                                       (abs)        00093
_ADCON0bits                                   (abs)        00093
_ADCON1                                       (abs)        00094
_ADCON1bits                                   (abs)        00094
_ADCON2                                       (abs)        00095
_ADCON2bits                                   (abs)        00095
_ADCON3                                       (abs)        00096
_ADCON3bits                                   (abs)        00096
_ADERRH                                       (abs)        00117
_ADERRL                                       (abs)        00116
_ADFLTRH                                      (abs)        00115
_ADFLTRL                                      (abs)        00114
_ADLTHH                                       (abs)        0010F
_ADLTHL                                       (abs)        0010E
_ADPCH                                        (abs)        0009E
_ADPRE                                        (abs)        0009C
_ADPREVH                                      (abs)        0008F
_ADPREVL                                      (abs)        0008E
_ADREF                                        (abs)        0009A
_ADRESH                                       (abs)        0008D
_ADRESL                                       (abs)        0008C
_ADRPT                                        (abs)        0010D
_ADSTAT                                       (abs)        00097
_ADSTATbits                                   (abs)        00097
_ADSTPTH                                      (abs)        00113
_ADSTPTL                                      (abs)        00112
_ADUTHH                                       (abs)        00111
_ADUTHL                                       (abs)        00110
_ALAF                                         bssBANK0     0006F
_ANSELA                                       (abs)        00F38
_ANSELB                                       (abs)        00F43
_ANSELC                                       (abs)        00F4E
_ANSELD                                       (abs)        00F59
_ANSELE                                       (abs)        00F64
_BAUD1CON                                     (abs)        0011F
_CCPTMRS1bits                                 (abs)        0021F
_Clock_ISR                                    text75       00921
_DATAEE_ReadByte                              text47       01041
_DATAEE_WriteByte                             text27       01279
_EUSART_Initialize                            text63       01336
_EUSART_Read                                  text5        012E7
_EUSART_Receive_ISR                           text83       011F1
_EUSART_RxDefaultInterruptHandler             nvBANK2      00139
_EUSART_SetRxInterruptHandler                 text65       01FBE
_EUSART_SetTxInterruptHandler                 text64       01FC7
_EUSART_Transmit_ISR                          text82       01233
_EUSART_TxDefaultInterruptHandler             nvBANK2      0013B
_EUSART_Write                                 text52       00801
_EUSART_is_rx_ready                           text71       01F75
_EXT_INT_Initialize                           text61       01025
_INTCONbits                                   (abs)        0000B
_INTERRUPT_InterruptManager                   intentry     00004
_INTPPS                                       (abs)        00E90
_INT_CallBack                                 text79       0100B
_INT_DefaultInterruptHandler                  text80       00002
_INT_ISR                                      text78       01F8C
_INT_InterruptHandler                         nvBANK2      00137
_INT_SetInterruptHandler                      text62       01FD0
_LATA                                         (abs)        00016
_LATAbits                                     (abs)        00016
_LATB                                         (abs)        00017
_LATC                                         (abs)        00018
_LATD                                         (abs)        00019
_LATE                                         (abs)        0001A
_LCDchar                                      text22       01FEB
_LCDcmd                                       text23       01FAD
_LCDinit                                      text67       00831
_LCDsend                                      text69       0155F
_LCDsend2x4                                   text68       00A54
_LCDstr                                       text21       0111F
_NREG                                         dataCOMMON   0007D
_NVMADRH                                      (abs)        0081B
_NVMADRL                                      (abs)        0081A
_NVMCON1bits                                  (abs)        0081E
_NVMCON2                                      (abs)        0081F
_NVMDATH                                      (abs)        0081D
_NVMDATL                                      (abs)        0081C
_ODCONA                                       (abs)        00F3A
_ODCONB                                       (abs)        00F45
_ODCONC                                       (abs)        00F50
_ODCOND                                       (abs)        00F5B
_ODCONE                                       (abs)        00F66
_OSCCON1                                      (abs)        0088D
_OSCCON3                                      (abs)        0088F
_OSCEN                                        (abs)        00891
_OSCFRQ                                       (abs)        00893
_OSCILLATOR_Initialize                        text60       01FD9
_OSCTUNE                                      (abs)        00892
_PIE0bits                                     (abs)        00716
_PIE3bits                                     (abs)        00719
_PIE4bits                                     (abs)        0071A
_PIN_MANAGER_Initialize                       text59       0151C
_PIR0bits                                     (abs)        0070C
_PIR3bits                                     (abs)        0070F
_PIR4bits                                     (abs)        00710
_PMD0                                         (abs)        00796
_PMD1                                         (abs)        00797
_PMD2                                         (abs)        00798
_PMD3                                         (abs)        00799
_PMD4                                         (abs)        0079A
_PMD5                                         (abs)        0079B
_PMD_Initialize                               text58       01FA5
_PMON                                         dataBANK1    000EA
_PORTCbits                                    (abs)        0000E
_PR2                                          (abs)        0028D
_PWM6CON                                      (abs)        0038E
_PWM6DCH                                      (abs)        0038D
_PWM6DCL                                      (abs)        0038C
_PWM6EN                                       (abs)        01C77
_PWM6_Initialize                              text57       01018
_PWM6_LoadDutyValue                           text20       010D0
_PWM_Output_D4_Disable                        text19       01F7E
_PWM_Output_D4_Enable                         text32       01F78
_PWM_on                                       bssBANK1     000B8
_RA6PPS                                       (abs)        00F16
_RC1REG                                       (abs)        00119
_RC1STA                                       (abs)        0011D
_RC1STAbits                                   (abs)        0011D
_RC3PPS                                       (abs)        00F23
_RC4PPS                                       (abs)        00F24
_RC6PPS                                       (abs)        00F26
_RXPPS                                        (abs)        00ECB
_ReadI2C                                      text26       01193
_S1_ISR                                       text81       01FB5
_S1button                                     text31       01665
_SLRCONA                                      (abs)        00F3B
_SLRCONB                                      (abs)        00F46
_SLRCONC                                      (abs)        00F51
_SLRCOND                                      (abs)        00F5C
_SLRCONE                                      (abs)        00F67
_SP1BRGH                                      (abs)        0011C
_SP1BRGL                                      (abs)        0011B
_SSP1ADD                                      (abs)        0018D
_SSP1BUF                                      (abs)        0018C
_SSP1CLKPPS                                   (abs)        00EC5
_SSP1CON1                                     (abs)        00190
_SSP1CON1bits                                 (abs)        00190
_SSP1CON2                                     (abs)        00191
_SSP1CON2bits                                 (abs)        00191
_SSP1DATPPS                                   (abs)        00EC6
_SSP1MSK                                      (abs)        0018E
_SSP1STAT                                     (abs)        0018F
_SSP1STATbits                                 (abs)        0018F
_SYSTEM_Initialize                            text53       0113A
_T1CLK                                        (abs)        00211
_T1CON                                        (abs)        0020E
_T1CONbits                                    (abs)        0020E
_T1GATE                                       (abs)        00210
_T1GCON                                       (abs)        0020F
_T1GCONbits                                   (abs)        0020F
_T2CLKCON                                     (abs)        00290
_T2CON                                        (abs)        0028E
_T2CONbits                                    (abs)        0028E
_T2HLT                                        (abs)        0028F
_T2HLTbits                                    (abs)        0028F
_T2PR                                         (abs)        0028D
_T2RST                                        (abs)        00291
_T2RSTbits                                    (abs)        00291
_T2TMR                                        (abs)        0028C
_TALA                                         dataBANK1    000E9
_TMR1H                                        (abs)        0020D
_TMR1L                                        (abs)        0020C
_TMR1_DefaultInterruptHandler                 text76       00003
_TMR1_ISR                                     text73       0108A
_TMR1_Initialize                              text55       01174
_TMR1_InterruptHandler                        nvBANK1      000EB
_TMR1_SetInterruptHandler                     text56       01FE2
_TMR1_WriteTimer                              text74       01050
_TMR2                                         (abs)        0028C
_TMR2_Initialize                              text54       01033
_TMR2_Start                                   text30       01F7B
_TMR2_StartTimer                              text29       01F84
_TMR2_Stop                                    text18       01F81
_TMR2_StopTimer                               text17       01F88
_TRISA                                        (abs)        00011
_TRISB                                        (abs)        00012
_TRISC                                        (abs)        00013
_TRISCbits                                    (abs)        00013
_TRISD                                        (abs)        00014
_TRISE                                        (abs)        00015
_TX1REG                                       (abs)        0011A
_TX1STA                                       (abs)        0011E
_TX1STAbits                                   (abs)        0011E
_WPUA                                         (abs)        00F39
_WPUB                                         (abs)        00F44
_WPUC                                         (abs)        00F4F
_WPUC3                                        (abs)        07A7B
_WPUC4                                        (abs)        07A7C
_WPUD                                         (abs)        00F5A
_WPUE                                         (abs)        00F65
_WriteI2C                                     text70       0160B
__Habs1                                       abs1         00000
__Hbank0                                      bank0        00000
__Hbank1                                      bank1        00000
__Hbank10                                     bank10       00000
__Hbank11                                     bank11       00000
__Hbank12                                     bank12       00000
__Hbank13                                     bank13       00000
__Hbank14                                     bank14       00000
__Hbank15                                     bank15       00000
__Hbank16                                     bank16       00000
__Hbank17                                     bank17       00000
__Hbank18                                     bank18       00000
__Hbank19                                     bank19       00000
__Hbank2                                      bank2        00000
__Hbank20                                     bank20       00000
__Hbank21                                     bank21       00000
__Hbank22                                     bank22       00000
__Hbank23                                     bank23       00000
__Hbank24                                     bank24       00000
__Hbank25                                     bank25       00000
__Hbank26                                     bank26       00000
__Hbank27                                     bank27       00000
__Hbank28                                     bank28       00000
__Hbank29                                     bank29       00000
__Hbank3                                      bank3        00000
__Hbank30                                     bank30       00000
__Hbank31                                     bank31       00000
__Hbank4                                      bank4        00000
__Hbank5                                      bank5        00000
__Hbank6                                      bank6        00000
__Hbank7                                      bank7        00000
__Hbank8                                      bank8        00000
__Hbank9                                      bank9        00000
__Hbigram                                     bigram       00000
__HbssBANK0                                   bssBANK0     00000
__HbssBANK1                                   bssBANK1     00000
__HbssBANK2                                   bssBANK2     00000
__HbssBANK3                                   bssBANK3     00000
__HbssBANK4                                   bssBANK4     00000
__HbssCOMMON                                  bssCOMMON    00000
__Hcinit                                      cinit        00092
__Hclrtext                                    clrtext      00000
__Hcode                                       code         00000
__Hcommon                                     common       00000
__Hconfig                                     config       0800C
__HcstackBANK0                                cstackBANK0  00000
__HcstackBANK1                                cstackBANK1  00000
__HcstackCOMMON                               cstackCOMMON 00000
__HdataBANK1                                  dataBANK1    00000
__HdataCOMMON                                 dataCOMMON   00000
__Heeprom_data                                eeprom_data  00000
__Hend_init                                   end_init     00054
__Hfunctab                                    functab      00000
__HidataBANK1                                 idataBANK1   00000
__HidataCOMMON                                idataCOMMON  00000
__Hinit                                       init         00052
__Hinittext                                   inittext     00000
__Hintentry                                   intentry     00052
__Hmaintext                                   maintext     00000
__HnvBANK1                                    nvBANK1      00000
__HnvBANK2                                    nvBANK2      00000
__Hpowerup                                    powerup      00000
__Hram                                        ram          00000
__Hreset_vec                                  reset_vec    00002
__Hsfr0                                       sfr0         00000
__Hsfr1                                       sfr1         00000
__Hsfr10                                      sfr10        00000
__Hsfr11                                      sfr11        00000
__Hsfr12                                      sfr12        00000
__Hsfr13                                      sfr13        00000
__Hsfr14                                      sfr14        00000
__Hsfr15                                      sfr15        00000
__Hsfr16                                      sfr16        00000
__Hsfr17                                      sfr17        00000
__Hsfr18                                      sfr18        00000
__Hsfr19                                      sfr19        00000
__Hsfr2                                       sfr2         00000
__Hsfr20                                      sfr20        00000
__Hsfr21                                      sfr21        00000
__Hsfr22                                      sfr22        00000
__Hsfr23                                      sfr23        00000
__Hsfr24                                      sfr24        00000
__Hsfr25                                      sfr25        00000
__Hsfr26                                      sfr26        00000
__Hsfr27                                      sfr27        00000
__Hsfr28                                      sfr28        00000
__Hsfr29                                      sfr29        00000
__Hsfr3                                       sfr3         00000
__Hsfr30                                      sfr30        00000
__Hsfr31                                      sfr31        00000
__Hsfr4                                       sfr4         00000
__Hsfr5                                       sfr5         00000
__Hsfr6                                       sfr6         00000
__Hsfr7                                       sfr7         00000
__Hsfr8                                       sfr8         00000
__Hsfr9                                       sfr9         00000
__Hspace_0                                    (abs)        02000
__Hspace_1                                    (abs)        00260
__Hspace_2                                    (abs)        00000
__Hspace_3                                    (abs)        00000
__Hspace_4                                    (abs)        10013
__Hstack                                      stack        00000
__Hstrings                                    strings      00000
__Hstringtext1                                stringtext1  00000
__Hstringtext2                                stringtext2  00000
__Hstringtext3                                stringtext3  00000
__Hstringtext4                                stringtext4  00000
__Hstringtext5                                stringtext5  00000
__Hstringtext6                                stringtext6  00000
__Hstringtext7                                stringtext7  00000
__Htext                                       text         00000
__Labs1                                       abs1         00000
__Lbank0                                      bank0        00000
__Lbank1                                      bank1        00000
__Lbank10                                     bank10       00000
__Lbank11                                     bank11       00000
__Lbank12                                     bank12       00000
__Lbank13                                     bank13       00000
__Lbank14                                     bank14       00000
__Lbank15                                     bank15       00000
__Lbank16                                     bank16       00000
__Lbank17                                     bank17       00000
__Lbank18                                     bank18       00000
__Lbank19                                     bank19       00000
__Lbank2                                      bank2        00000
__Lbank20                                     bank20       00000
__Lbank21                                     bank21       00000
__Lbank22                                     bank22       00000
__Lbank23                                     bank23       00000
__Lbank24                                     bank24       00000
__Lbank25                                     bank25       00000
__Lbank26                                     bank26       00000
__Lbank27                                     bank27       00000
__Lbank28                                     bank28       00000
__Lbank29                                     bank29       00000
__Lbank3                                      bank3        00000
__Lbank30                                     bank30       00000
__Lbank31                                     bank31       00000
__Lbank4                                      bank4        00000
__Lbank5                                      bank5        00000
__Lbank6                                      bank6        00000
__Lbank7                                      bank7        00000
__Lbank8                                      bank8        00000
__Lbank9                                      bank9        00000
__Lbigram                                     bigram       00000
__LbssBANK0                                   bssBANK0     00000
__LbssBANK1                                   bssBANK1     00000
__LbssBANK2                                   bssBANK2     00000
__LbssBANK3                                   bssBANK3     00000
__LbssBANK4                                   bssBANK4     00000
__LbssCOMMON                                  bssCOMMON    00000
__Lcinit                                      cinit        00054
__Lclrtext                                    clrtext      00000
__Lcode                                       code         00000
__Lcommon                                     common       00000
__Lconfig                                     config       00000
__LcstackBANK0                                cstackBANK0  00000
__LcstackBANK1                                cstackBANK1  00000
__LcstackCOMMON                               cstackCOMMON 00000
__LdataBANK1                                  dataBANK1    00000
__LdataCOMMON                                 dataCOMMON   00000
__Leeprom_data                                eeprom_data  00000
__Lend_init                                   end_init     00052
__Lfunctab                                    functab      00000
__LidataBANK1                                 idataBANK1   00000
__LidataCOMMON                                idataCOMMON  00000
__Linit                                       init         00052
__Linittext                                   inittext     00000
__Lintentry                                   intentry     00004
__Lmaintext                                   maintext     00000
__LnvBANK1                                    nvBANK1      00000
__LnvBANK2                                    nvBANK2      00000
__Lpowerup                                    powerup      00000
__Lram                                        ram          00000
__Lreset_vec                                  reset_vec    00000
__Lsfr0                                       sfr0         00000
__Lsfr1                                       sfr1         00000
__Lsfr10                                      sfr10        00000
__Lsfr11                                      sfr11        00000
__Lsfr12                                      sfr12        00000
__Lsfr13                                      sfr13        00000
__Lsfr14                                      sfr14        00000
__Lsfr15                                      sfr15        00000
__Lsfr16                                      sfr16        00000
__Lsfr17                                      sfr17        00000
__Lsfr18                                      sfr18        00000
__Lsfr19                                      sfr19        00000
__Lsfr2                                       sfr2         00000
__Lsfr20                                      sfr20        00000
__Lsfr21                                      sfr21        00000
__Lsfr22                                      sfr22        00000
__Lsfr23                                      sfr23        00000
__Lsfr24                                      sfr24        00000
__Lsfr25                                      sfr25        00000
__Lsfr26                                      sfr26        00000
__Lsfr27                                      sfr27        00000
__Lsfr28                                      sfr28        00000
__Lsfr29                                      sfr29        00000
__Lsfr3                                       sfr3         00000
__Lsfr30                                      sfr30        00000
__Lsfr31                                      sfr31        00000
__Lsfr4                                       sfr4         00000
__Lsfr5                                       sfr5         00000
__Lsfr6                                       sfr6         00000
__Lsfr7                                       sfr7         00000
__Lsfr8                                       sfr8         00000
__Lsfr9                                       sfr9         00000
__Lspace_0                                    (abs)        00000
__Lspace_1                                    (abs)        00000
__Lspace_2                                    (abs)        00000
__Lspace_3                                    (abs)        00000
__Lspace_4                                    (abs)        00000
__Lstack                                      stack        00000
__Lstrings                                    strings      00000
__Lstringtext1                                stringtext1  00000
__Lstringtext2                                stringtext2  00000
__Lstringtext3                                stringtext3  00000
__Lstringtext4                                stringtext4  00000
__Lstringtext5                                stringtext5  00000
__Lstringtext6                                stringtext6  00000
__Lstringtext7                                stringtext7  00000
__Ltext                                       text         00000
__S0                                          (abs)        02000
__S1                                          (abs)        00260
__S2                                          (abs)        00000
__S3                                          (abs)        00000
___awdiv                                      text77       016BF
___awdiv@counter                              cstackCOMMON 00075
___awdiv@dividend                             cstackCOMMON 00072
___awdiv@divisor                              cstackCOMMON 00070
___awdiv@quotient                             cstackCOMMON 00077
___awdiv@sign                                 cstackCOMMON 00076
___int_sp                                     stack        00000
___latbits                                    (abs)        00002
___lwdiv                                      text15       0149D
___lwdiv@counter                              cstackBANK0  00027
___lwdiv@dividend                             cstackBANK0  00022
___lwdiv@divisor                              cstackBANK0  00020
___lwdiv@quotient                             cstackBANK0  00025
___lwmod                                      text14       013C6
___lwmod@counter                              cstackBANK0  0002D
___lwmod@dividend                             cstackBANK0  0002A
___lwmod@divisor                              cstackBANK0  00028
___sp                                         stack        00000
___stackhi                                    (abs)        023EF
___stacklo                                    (abs)        02180
___wmul                                       text46       011D1
___wmul@multiplicand                          cstackBANK0  00022
___wmul@multiplier                            cstackBANK0  00020
___wmul@product                               cstackBANK0  00024
__end_of_ADCC_GetSingleConversion             text28       0108A
__end_of_ADCC_Initialize                      text66       010B8
__end_of_Clock_ISR                            text75       009B3
__end_of_DATAEE_ReadByte                      text47       01050
__end_of_DATAEE_WriteByte                     text27       0129D
__end_of_EUSART_Initialize                    text63       01363
__end_of_EUSART_Read                          text5        0130D
__end_of_EUSART_Receive_ISR                   text83       01212
__end_of_EUSART_SetRxInterruptHandler         text65       01FC7
__end_of_EUSART_SetTxInterruptHandler         text64       01FD0
__end_of_EUSART_Transmit_ISR                  text82       01256
__end_of_EUSART_Write                         text52       00831
__end_of_EUSART_is_rx_ready                   text71       01F78
__end_of_EXT_INT_Initialize                   text61       01033
__end_of_INTERRUPT_InterruptManager           intentry     00052
__end_of_INT_CallBack                         text79       01018
__end_of_INT_DefaultInterruptHandler          text80       00003
__end_of_INT_ISR                              text78       01F92
__end_of_INT_SetInterruptHandler              text62       01FD9
__end_of_LCDchar                              text22       01FF4
__end_of_LCDcmd                               text23       01FB5
__end_of_LCDinit                              text67       008A7
__end_of_LCDsend                              text69       015B2
__end_of_LCDsend2x4                           text68       00B28
__end_of_LCDstr                               text21       0113A
__end_of_OSCILLATOR_Initialize                text60       01FE2
__end_of_PIN_MANAGER_Initialize               text59       0155F
__end_of_PMD_Initialize                       text58       01FAD
__end_of_PWM6_Initialize                      text57       01025
__end_of_PWM6_LoadDutyValue                   text20       010E9
__end_of_PWM_Output_D4_Disable                text19       01F81
__end_of_PWM_Output_D4_Enable                 text32       01F7B
__end_of_ReadI2C                              text26       011B2
__end_of_S1_ISR                               text81       01FBE
__end_of_S1button                             text31       016BF
__end_of_SYSTEM_Initialize                    text53       01156
__end_of_TMR1_DefaultInterruptHandler         text76       00004
__end_of_TMR1_ISR                             text73       010A1
__end_of_TMR1_Initialize                      text55       01193
__end_of_TMR1_SetInterruptHandler             text56       01FEB
__end_of_TMR1_WriteTimer                      text74       01061
__end_of_TMR2_Initialize                      text54       01041
__end_of_TMR2_Start                           text30       01F7E
__end_of_TMR2_StartTimer                      text29       01F88
__end_of_TMR2_Stop                            text18       01F84
__end_of_TMR2_StopTimer                       text17       01F8C
__end_of_WriteI2C                             text70       01665
__end_of___awdiv                              text77       0171E
__end_of___lwdiv                              text15       014DA
__end_of___lwmod                              text14       013FB
__end_of___wmul                               text46       011F1
__end_of__initialization                      cinit        0008E
__end_of_checkFlags                           text9        00A54
__end_of_cmd_aa                               text35       0149D
__end_of_cmd_dac                              text37       00921
__end_of_cmd_dtl                              text36       0160B
__end_of_cmd_ir                               text34       01336
__end_of_cmd_mmp                              text40       010D0
__end_of_cmd_mta                              text39       0111F
__end_of_cmd_ra                               text38       0151C
__end_of_cmd_rc                               text44       012C2
__end_of_cmd_rp                               text41       012E7
__end_of_cmd_rtl                              text42       01233
__end_of_cmd_sc                               text43       01800
__end_of_cmd_trc                              text33       00C01
__end_of_cmd_tri                              text45       00D2A
__end_of_commands                             stringtext1  01827
__end_of_differenceBetweenTimePeriod          text16       013C6
__end_of_dpowers                              stringtext2  01840
__end_of_editClock                            text8        0178B
__end_of_editLum                              text7        01430
__end_of_editTemp                             text6        01465
__end_of_getch                                text4        007FF
__end_of_i2c1_driver_open                     text3        02000
__end_of_isdigit                              text13       01074
__end_of_main                                 maintext     0036C
__end_of_memset                               text2        011D1
__end_of_monitoring_TEMP_LUM                  text24       01000
__end_of_putch                                text51       01FA5
__end_of_sendERRORMessage                     text49       01174
__end_of_sendMessage                          text50       01279
__end_of_sendOKMessage                        text48       01104
__end_of_sprintf                              text12       0073F
__end_of_toggleAlarms                         text1        01391
__end_of_tsttc                                text25       00E7A
__end_of_update_menuLCD                       text11       005A1
__end_of_wirteEEPROMinit                      text10       007FB
__initialization                              cinit        00054
__pbssBANK0                                   bssBANK0     00065
__pbssBANK1                                   bssBANK1     000A0
__pbssBANK2                                   bssBANK2     00120
__pbssBANK3                                   bssBANK3     001A0
__pbssBANK4                                   bssBANK4     00220
__pbssCOMMON                                  bssCOMMON    0007B
__pcstackBANK0                                cstackBANK0  00020
__pcstackBANK1                                cstackBANK1  000C1
__pcstackCOMMON                               cstackCOMMON 00070
__pdataBANK1                                  dataBANK1    000E1
__pdataCOMMON                                 dataCOMMON   0007D
__pidataBANK1                                 idataBANK1   01001
__pidataCOMMON                                idataCOMMON  007FF
__pintentry                                   intentry     00004
__pmaintext                                   maintext     00092
__pnvBANK1                                    nvBANK1      000EB
__pnvBANK2                                    nvBANK2      00137
__pstringtext1                                stringtext1  01800
__pstringtext2                                stringtext2  01836
__pstringtext3                                stringtext3  01827
__pstringtext4                                stringtext4  01840
__pstringtext5                                stringtext5  01847
__pstringtext6                                stringtext6  0184C
__pstringtext7                                stringtext7  00000
__ptext1                                      text1        01363
__ptext10                                     text10       0073F
__ptext11                                     text11       0036C
__ptext12                                     text12       005A1
__ptext13                                     text13       01061
__ptext14                                     text14       013C6
__ptext15                                     text15       0149D
__ptext16                                     text16       01391
__ptext17                                     text17       01F88
__ptext18                                     text18       01F81
__ptext19                                     text19       01F7E
__ptext2                                      text2        011B2
__ptext20                                     text20       010D0
__ptext21                                     text21       0111F
__ptext22                                     text22       01FEB
__ptext23                                     text23       01FAD
__ptext24                                     text24       00E7A
__ptext25                                     text25       00D2A
__ptext26                                     text26       01193
__ptext27                                     text27       01279
__ptext28                                     text28       01074
__ptext29                                     text29       01F84
__ptext3                                      text3        01FF4
__ptext30                                     text30       01F7B
__ptext31                                     text31       01665
__ptext32                                     text32       01F78
__ptext33                                     text33       00B28
__ptext34                                     text34       0130D
__ptext35                                     text35       01465
__ptext36                                     text36       015B2
__ptext37                                     text37       008A7
__ptext38                                     text38       014DA
__ptext39                                     text39       01104
__ptext4                                      text4        007FB
__ptext40                                     text40       010B8
__ptext41                                     text41       012C2
__ptext42                                     text42       01212
__ptext43                                     text43       0178B
__ptext44                                     text44       0129D
__ptext45                                     text45       00C01
__ptext46                                     text46       011D1
__ptext47                                     text47       01041
__ptext48                                     text48       010E9
__ptext49                                     text49       01156
[...]
      Locals:         0       0       0       0       0       0       0       0       0       0       0       0       0       0
      Temps:          0       0       0       0       0       0       0       0       0       0       0       0       0       0
      Totals:         0       0       0       0       0       0       0       0       0       0       0       0       0       0
Total ram usage:        0 bytes
 Hardware stack levels used:    1
 Hardware stack levels required when called:    2
 This function calls:
		Absolute function
		_Clock_ISR
		_TMR1_DefaultInterruptHandler
		_TMR1_WriteTimer
 This function is called by:
		_INTERRUPT_InterruptManager
 This function uses a non-reentrant model


 *************** function _TMR1_WriteTimer *****************
 Defined at:
		line 127 in file "mcc_generated_files/tmr1.c"
 Parameters:    Size  Location     Type
  timerVal        2    0[COMMON] unsigned int 
 Auto vars:     Size  Location     Type
		None
 Return value:  Size  Location     Type
                  1    wreg      void 
 Registers used:
		wreg, status,2
 Tracked objects:
		On entry : 
		On exit  : 
		Unchanged: 
 Data sizes:     COMMON   BANK0   BANK1   BANK2   BANK3   BANK4   BANK5   BANK6   BANK7   BANK8   BANK9  BANK10  BANK11  BANK12
      Params:         2       0       0       0       0       0       0       0       0       0       0       0       0       0
      Locals:         0       0       0       0       0       0       0       0       0       0       0       0       0       0
      Temps:          0       0       0       0       0       0       0       0       0       0       0       0       0       0
      Totals:         2       0       0       0       0       0       0       0       0       0       0       0       0       0
Total ram usage:        2 bytes
 Hardware stack levels used:    1
 This function calls:
		Nothing
 This function is called by:
		_TMR1_ISR
		_TMR1_Reload
 This function uses a non-reentrant model


 *************** function _Clock_ISR *****************
 Defined at:
		line 362 in file "main.c"
 Parameters:    Size  Location     Type
		None
 Auto vars:     Size  Location     Type
		None
 Return value:  Size  Location     Type
                  1    wreg      void 
 Registers used:
		wreg, status,2, status,0, pclath, cstack
 Tracked objects:
		On entry : 
		On exit  : 
		Unchanged: 
 Data sizes:     COMMON   BANK0   BANK1   BANK2   BANK3   BANK4   BANK5   BANK6   BANK7   BANK8   BANK9  BANK10  BANK11  BANK12
      Params:         0       0       0       0       0       0       0       0       0       0       0       0       0       0
      Locals:         0       0       0       0       0       0       0       0       0       0       0       0       0       0
      Temps:          2       0       0       0       0       0       0       0       0       0       0       0       0       0
      Totals:         2       0       0       0       0       0       0       0       0       0       0       0       0       0
Total ram usage:        2 bytes
 Hardware stack levels used:    1
 Hardware stack levels required when called:    1
 This function calls:
		___awdiv
 This function is called by:
		_main
		_TMR1_ISR
 This function uses a non-reentrant model


 *************** function _TMR1_DefaultInterruptHandler *****************
 Defined at:
		line 182 in file "mcc_generated_files/tmr1.c"
 Parameters:    Size  Location     Type
		None
 Auto vars:     Size  Location     Type
		None
 Return value:  Size  Location     Type
                  1    wreg      void 
 Registers used:
		None
 Tracked objects:
		On entry : 
		On exit  : 
		Unchanged: 
 Data sizes:     COMMON   BANK0   BANK1   BANK2   BANK3   BANK4   BANK5   BANK6   BANK7   BANK8   BANK9  BANK10  BANK11  BANK12
      Params:         0       0       0       0       0       0       0       0       0       0       0       0       0       0
      Locals:         0       0       0       0       0       0       0       0       0       0       0       0       0       0
      Temps:          0       0       0       0       0       0       0       0       0       0       0       0       0       0
      Totals:         0       0       0       0       0       0       0       0       0       0       0       0       0       0
Total ram usage:        0 bytes
 Hardware stack levels used:    1
 This function calls:
		Nothing
 This function is called by:
		_TMR1_Initialize
		_TMR1_ISR
 This function uses a non-reentrant model


 *************** function ___awdiv *****************
 Defined at:
		line 5 in file "E:\Microchip\xc8\v2.30\pic\sources\c90\common\awdiv.c"
 Parameters:    Size  Location     Type
  divisor         2    0[COMMON] int 
  dividend        2    2[COMMON] int 
 Auto vars:     Size  Location     Type
  quotient        2    7[COMMON] int 
  sign            1    6[COMMON] unsigned char 
  counter         1    5[COMMON] unsigned char 
 Return value:  Size  Location     Type
                  2    0[COMMON] int 
 Registers used:
		wreg, status,2, status,0
 Tracked objects:
		On entry : 
		On exit  : 
		Unchanged: 
 Data sizes:     COMMON   BANK0   BANK1   BANK2   BANK3   BANK4   BANK5   BANK6   BANK7   BANK8   BANK9  BANK10  BANK11  BANK12
      Params:         4       0       0       0       0       0       0       0       0       0       0       0       0       0
      Locals:         4       0       0       0       0       0       0       0       0       0       0       0       0       0
      Temps:          1       0       0       0       0       0       0       0       0       0       0       0       0       0
      Totals:         9       0       0       0       0       0       0       0       0       0       0       0       0       0
Total ram usage:        9 bytes
 Hardware stack levels used:    1
 This function calls:
		Nothing
 This function is called by:
		_Clock_ISR
		_map
 This function uses a non-reentrant model


 *************** function _INT_ISR *****************
 Defined at:
		line 32 in file "mcc_generated_files/ext_int.c"
 Parameters:    Size  Location     Type
		None
 Auto vars:     Size  Location     Type
		None
 Return value:  Size  Location     Type
                  1    wreg      void 
 Registers used:
		wreg, status,2, status,0, pclath, cstack
 Tracked objects:
		On entry : 
		On exit  : 
		Unchanged: 
 Data sizes:     COMMON   BANK0   BANK1   BANK2   BANK3   BANK4   BANK5   BANK6   BANK7   BANK8   BANK9  BANK10  BANK11  BANK12
      Params:         0       0       0       0       0       0       0       0       0       0       0       0       0       0
      Locals:         0       0       0       0       0       0       0       0       0       0       0       0       0       0
      Temps:          0       0       0       0       0       0       0       0       0       0       0       0       0       0
      Totals:         0       0       0       0       0       0       0       0       0       0       0       0       0       0
Total ram usage:        0 bytes
 Hardware stack levels used:    1
 Hardware stack levels required when called:    2
 This function calls:
		_INT_CallBack
 This function is called by:
		_INTERRUPT_InterruptManager
 This function uses a non-reentrant model


 *************** function _INT_CallBack *****************
 Defined at:
		line 41 in file "mcc_generated_files/ext_int.c"
 Parameters:    Size  Location     Type
		None
 Auto vars:     Size  Location     Type
		None
 Return value:  Size  Location     Type
                  1    wreg      void 
 Registers used:
		wreg, status,2, status,0, pclath, cstack
 Tracked objects:
		On entry : 
		On exit  : 
		Unchanged: 
 Data sizes:     COMMON   BANK0   BANK1   BANK2   BANK3   BANK4   BANK5   BANK6   BANK7   BANK8   BANK9  BANK10  BANK11  BANK12
      Params:         0       0       0       0       0       0       0       0       0       0       0       0       0       0
      Locals:         0       0       0       0       0       0       0       0       0       0       0       0       0       0
      Temps:          0       0       0       0       0       0       0       0       0       0       0       0       0       0
      Totals:         0       0       0       0       0       0       0       0       0       0       0       0       0       0
Total ram usage:        0 bytes
 Hardware stack levels used:    1
 Hardware stack levels required when called:    1
 This function calls:
		Absolute function
		_INT_DefaultInterruptHandler
		_S1_ISR
 This function is called by:
		_INT_ISR
 This function uses a non-reentrant model


 *************** function _INT_DefaultInterruptHandler *****************
 Defined at:
		line 54 in file "mcc_generated_files/ext_int.c"
 Parameters:    Size  Location     Type
		None
 Auto vars:     Size  Location     Type
		None
 Return value:  Size  Location     Type
                  1    wreg      void 
 Registers used:
		None
 Tracked objects:
		On entry : 
		On exit  : 
		Unchanged: 
 Data sizes:     COMMON   BANK0   BANK1   BANK2   BANK3   BANK4   BANK5   BANK6   BANK7   BANK8   BANK9  BANK10  BANK11  BANK12
      Params:         0       0       0       0       0       0       0       0       0       0       0       0       0       0
      Locals:         0       0       0       0       0       0       0       0       0       0       0       0       0       0
      Temps:          0       0       0       0       0       0       0       0       0       0       0       0       0       0
      Totals:         0       0       0       0       0       0       0       0       0       0       0       0       0       0
Total ram usage:        0 bytes
 Hardware stack levels used:    1
 This function calls:
		Nothing
 This function is called by:
		_EXT_INT_Initialize
		_INT_CallBack
 This function uses a non-reentrant model


 *************** function _S1_ISR *****************
 Defined at:
		line 827 in file "main.c"
 Parameters:    Size  Location     Type
		None
 Auto vars:     Size  Location     Type
		None
 Return value:  Size  Location     Type
                  1    wreg      void 
 Registers used:
		None
 Tracked objects:
		On entry : 
		On exit  : 
		Unchanged: 
 Data sizes:     COMMON   BANK0   BANK1   BANK2   BANK3   BANK4   BANK5   BANK6   BANK7   BANK8   BANK9  BANK10  BANK11  BANK12
      Params:         0       0       0       0       0       0       0       0       0       0       0       0       0       0
      Locals:         0       0       0       0       0       0       0       0       0       0       0       0       0       0
      Temps:          0       0       0       0       0       0       0       0       0       0       0       0       0       0
      Totals:         0       0       0       0       0       0       0       0       0       0       0       0       0       0
Total ram usage:        0 bytes
 Hardware stack levels used:    1
 This function calls:
		Nothing
 This function is called by:
		_main
		_INT_CallBack
 This function uses a non-reentrant model


 *************** function _EUSART_Transmit_ISR *****************
 Defined at:
		line 181 in file "mcc_generated_files/eusart.c"
 Parameters:    Size  Location     Type
		None
 Auto vars:     Size  Location     Type
		None
 Return value:  Size  Location     Type
                  1    wreg      void 
 Registers used:
		wreg, fsr1l, fsr1h, status,2, status,0
 Tracked objects:
		On entry : 
		On exit  : 
		Unchanged: 
 Data sizes:     COMMON   BANK0   BANK1   BANK2   BANK3   BANK4   BANK5   BANK6   BANK7   BANK8   BANK9  BANK10  BANK11  BANK12
      Params:         0       0       0       0       0       0       0       0       0       0       0       0       0       0
      Locals:         0       0       0       0       0       0       0       0       0       0       0       0       0       0
      Temps:          1       0       0       0       0       0       0       0       0       0       0       0       0       0
      Totals:         1       0       0       0       0       0       0       0       0       0       0       0       0       0
Total ram usage:        1 bytes
 Hardware stack levels used:    1
 This function calls:
		Nothing
 This function is called by:
		_EUSART_Initialize
		_INTERRUPT_InterruptManager
 This function uses a non-reentrant model


 *************** function _EUSART_Receive_ISR *****************
 Defined at:
		line 200 in file "mcc_generated_files/eusart.c"
 Parameters:    Size  Location     Type
		None
 Auto vars:     Size  Location     Type
		None
 Return value:  Size  Location     Type
                  1    wreg      void 
 Registers used:
		wreg, fsr1l, fsr1h, status,2, status,0
 Tracked objects:
		On entry : 
		On exit  : 
		Unchanged: 
 Data sizes:     COMMON   BANK0   BANK1   BANK2   BANK3   BANK4   BANK5   BANK6   BANK7   BANK8   BANK9  BANK10  BANK11  BANK12
      Params:         0       0       0       0       0       0       0       0       0       0       0       0       0       0
      Locals:         0       0       0       0       0       0       0       0       0       0       0       0       0       0
      Temps:          1       0       0       0       0       0       0       0       0       0       0       0       0       0
      Totals:         1       0       0       0       0       0       0       0       0       0       0       0       0       0
Total ram usage:        1 bytes
 Hardware stack levels used:    1
 This function calls:
		Nothing
 This function is called by:
		_EUSART_Initialize
		_INTERRUPT_InterruptManager
 This function uses a non-reentrant model



MODULE INFORMATION

Module		Function		Class		Link	Load	Size
mcc_generated_files/pwm6.c
		_PWM6_LoadDutyValue		CODE           	10D0	0000	25
		_PWM6_Initialize		CODE           	1018	0000	13

mcc_generated_files/pwm6.c estimated size: 38

mcc_generated_files/tmr2.c
		_TMR2_Initialize		CODE           	1033	0000	14
		_TMR2_Stop     		CODE           	1F81	0000	3
		_TMR2_Start    		CODE           	1F7B	0000	3
		_TMR2_StopTimer		CODE           	1F88	0000	4
		_TMR2_StartTimer		CODE           	1F84	0000	4

mcc_generated_files/tmr2.c estimated size: 28

mcc_generated_files/interrupt_manager.c
		_INTERRUPT_InterruptManager		CODE           	0004	0000	78

mcc_generated_files/interrupt_manager.c estimated size: 78

E:\Microchip\xc8\v2.30\pic\sources\c90\common\memset.c
		_memset        		CODE           	11B2	0000	31

E:\Microchip\xc8\v2.30\pic\sources\c90\common\memset.c estimated size: 31

mcc_generated_files/pin_manager.c
		_PIN_MANAGER_Initialize		CODE           	151C	0000	67

mcc_generated_files/pin_manager.c estimated size: 67

I2C/i2c.c
		_ReadI2C       		CODE           	1193	0000	31
		_WriteI2C      		CODE           	160B	0000	90

I2C/i2c.c estimated size: 121

E:\Microchip\xc8\v2.30\pic\sources\c90\common\lwmod.c
		___lwmod       		CODE           	13C6	0000	53

E:\Microchip\xc8\v2.30\pic\sources\c90\common\lwmod.c estimated size: 53

E:\Microchip\xc8\v2.30\pic\sources\c90\common\doprnt.c
		_sprintf       		CODE           	05A1	0000	414

E:\Microchip\xc8\v2.30\pic\sources\c90\common\doprnt.c estimated size: 414

mcc_generated_files/ext_int.c
		_INT_DefaultInterruptHandler		CODE           	0002	0000	1
		_EXT_INT_Initialize		CODE           	1025	0000	14
		_INT_SetInterruptHandler		CODE           	1FD0	0000	9
		_INT_CallBack  		CODE           	100B	0000	13
		_INT_ISR       		CODE           	1F8C	0000	6

mcc_generated_files/ext_int.c estimated size: 43

shared
		_dpowers       		STRCODE        	1836	0000	10
		__initialization		CODE           	0054	0000	58
		_commands      		STRCODE        	1800	0000	39

shared estimated size: 107

mcc_generated_files/mcc.c
		_PMD_Initialize		CODE           	1FA5	0000	8
		_OSCILLATOR_Initialize		CODE           	1FD9	0000	9
		_SYSTEM_Initialize		CODE           	113A	0000	28

mcc_generated_files/mcc.c estimated size: 45

mcc_generated_files/tmr1.c
		_TMR1_Initialize		CODE           	1174	0000	31
		_TMR1_SetInterruptHandler		CODE           	1FE2	0000	9
		_TMR1_DefaultInterruptHandler		CODE           	0003	0000	1
		_TMR1_WriteTimer		CODE           	1050	0000	17
		_TMR1_ISR      		CODE           	108A	0000	23

mcc_generated_files/tmr1.c estimated size: 81

E:\Microchip\xc8\v2.30\pic\sources\c90\common\lwdiv.c
		___lwdiv       		CODE           	149D	0000	61

E:\Microchip\xc8\v2.30\pic\sources\c90\common\lwdiv.c estimated size: 61

E:\Microchip\xc8\v2.30\pic\sources\c90\common\Umul16.c
		___wmul        		CODE           	11D1	0000	32

E:\Microchip\xc8\v2.30\pic\sources\c90\common\Umul16.c estimated size: 32

E:\Microchip\xc8\v2.30\pic\sources\c90\common\awdiv.c
		___awdiv       		CODE           	16BF	0000	95

E:\Microchip\xc8\v2.30\pic\sources\c90\common\awdiv.c estimated size: 95

mcc_generated_files/memory.c
		_DATAEE_WriteByte		CODE           	1279	0000	36
		_DATAEE_ReadByte		CODE           	1041	0000	15

mcc_generated_files/memory.c estimated size: 51

mcc_generated_files/i2c1_driver.c
		_i2c1_driver_open		CODE           	1FF4	0000	12

mcc_generated_files/i2c1_driver.c estimated size: 12

mcc_generated_files/eusart.c
		_EUSART_SetRxInterruptHandler		CODE           	1FBE	0000	9
		_EUSART_SetTxInterruptHandler		CODE           	1FC7	0000	9
		_putch         		CODE           	1F9E	0000	7
		_EUSART_Read   		CODE           	12E7	0000	38
		_EUSART_Write  		CODE           	0801	0000	48
		_EUSART_Transmit_ISR		CODE           	1233	0000	35
		_EUSART_Initialize		CODE           	1336	0000	45
		_getch         		CODE           	07FB	0000	4
		_EUSART_Receive_ISR		CODE           	11F1	0000	33
		_EUSART_is_rx_ready		CODE           	1F75	0000	3

mcc_generated_files/eusart.c estimated size: 231

mcc_generated_files/adcc.c
		_ADCC_GetSingleConversion		CODE           	1074	0000	22
		_ADCC_Initialize		CODE           	10A1	0000	23

mcc_generated_files/adcc.c estimated size: 45

E:\Microchip\xc8\v2.30\pic\sources\c90\common\isdigit.c
		_isdigit       		CODE           	1061	0000	19

E:\Microchip\xc8\v2.30\pic\sources\c90\common\isdigit.c estimated size: 19

main.c
		_checkFlags    		CODE           	09B3	0000	161
		_differenceBetweenTimePeriod		CODE           	1391	0000	53
		_cmd_rp        		CODE           	12C2	0000	37
		_PWM_Output_D4_Disable		CODE           	1F7E	0000	3
		_toggleAlarms  		CODE           	1363	0000	46
		_editLum       		CODE           	13FB	0000	53
		_LCDinit       		CODE           	0831	0000	118
		_LCDsend       		CODE           	155F	0000	83
		_LCDsend2x4    		CODE           	0A54	0000	212
		_cmd_ir        		CODE           	130D	0000	41
		_cmd_trc       		CODE           	0B28	0000	217
		_cmd_mmp       		CODE           	10B8	0000	24
		_main          		CODE           	0092	0000	730
		_sendOKMessage 		CODE           	10E9	0000	27
		_LCDstr        		CODE           	111F	0000	27
		_cmd_mta       		CODE           	1104	0000	27
		_cmd_dtl       		CODE           	15B2	0000	89
		_cmd_tri       		CODE           	0C01	0000	297
		_sendERRORMessage		CODE           	1156	0000	30
		_PWM_Output_D4_Enable		CODE           	1F78	0000	3
		_LCDchar       		CODE           	1FEB	0000	9
		_S1button      		CODE           	1665	0000	90
		_cmd_rc        		CODE           	129D	0000	37
		_cmd_dac       		CODE           	08A7	0000	122
		_update_menuLCD		CODE           	036C	0000	565
		_wirteEEPROMinit		CODE           	073F	0000	188
		_Clock_ISR     		CODE           	0921	0000	146
		_cmd_rtl       		CODE           	1212	0000	33
		_tsttc         		CODE           	0D2A	0000	336
		_cmd_sc        		CODE           	178B	0000	117
		_monitoring_TEMP_LUM		CODE           	0E7A	0000	390
		_editClock     		CODE           	171E	0000	109
		_S1_ISR        		CODE           	1FB5	0000	9
		_LCDcmd        		CODE           	1FAD	0000	8
		_cmd_ra        		CODE           	14DA	0000	66
		_sendMessage   		CODE           	1256	0000	35
		_editTemp      		CODE           	1430	0000	53
		_cmd_aa        		CODE           	1465	0000	56

main.c estimated size: 4647

