Microchip MPLAB XC8 Compiler V2.30

Linker command line:

-W-3 --edf=E:\Microchip\xc8\v2.30\pic\dat\en_msgs.txt -cn \
  -h+dist/default/debug\SCE_Project.X.debug.sym \
  --cmf=dist/default/debug\SCE_Project.X.debug.cmf -z -Q16F18875 \
  -oC:\Users\Andre\AppData\Local\Temp\s6s4x2 --defsym=__MPLAB_BUILD=1 \
  -Mdist/default/debug/SCE_Project.X.debug.map -E1 -ver=XC8 Compiler \
  --acfsm=1493 -ASTACK=02078h-023EFh -pstack=STACK -ACODE=00h-07FFhx4 \
  -ASTRCODE=00h-01FFFh -ASTRING=00h-0FFhx32 -ACONST=00h-0FFhx32 \
  -AENTRY=00h-0FFhx32 -ACOMMON=070h-07Fh -ABANK0=020h-06Fh \
  -ABANK1=0A0h-0EFh -ABANK2=0120h-016Fh -ABANK3=01A0h-01EFh \
  -ABANK4=0220h-026Fh -ABANK5=02A0h-02EFh -ABANK6=0320h-036Fh \
  -ABANK7=03A0h-03EFh -ABANK8=0420h-046Fh -ABANK9=04A0h-04EFh \
  -ABANK10=0520h-056Fh -ABANK11=05A0h-05EFh -ABANK12=0620h-064Fh \
  -ABIGRAM=02000h-023EFh \
  -ARAM=020h-06Fh,0A0h-0EFh,0120h-016Fh,01A0h-01EFh,0220h-026Fh,02A0h-02EFh,0320h-036Fh,03A0h-03EFh,0420h-046Fh,04A0h-04EFh,0520h-056Fh,05A0h-05EFh,0620h-064Fh \
  -AABS1=020h-07Fh,0A0h-0EFh,0120h-016Fh,01A0h-01EFh,0220h-026Fh,02A0h-02EFh,0320h-036Fh,03A0h-03EFh,0420h-046Fh,04A0h-04EFh,0520h-056Fh,05A0h-05EFh,0620h-064Fh \
  -ASFR0=00h-01Fh -ASFR1=080h-09Fh -ASFR2=0100h-011Fh -ASFR3=0180h-019Fh \
  -ASFR4=0200h-021Fh -ASFR5=0280h-029Fh -ASFR6=0300h-031Fh \
  -ASFR7=0380h-039Fh -ASFR8=0400h-041Fh -ASFR9=0480h-049Fh \
  -ASFR10=0500h-051Fh -ASFR11=0580h-059Fh -ASFR12=0600h-061Fh \
  -ASFR13=0680h-06EFh -ASFR14=0700h-076Fh -ASFR15=0780h-07EFh \
  -ASFR16=0800h-086Fh -ASFR17=0880h-08EFh -ASFR18=0900h-096Fh \
  -ASFR19=0980h-09EFh -ASFR20=0A00h-0A6Fh -ASFR21=0A80h-0AEFh \
  -ASFR22=0B00h-0B6Fh -ASFR23=0B80h-0BEFh -ASFR24=0C00h-0C6Fh \
  -ASFR25=0C80h-0CEFh -ASFR26=0D00h-0D6Fh -ASFR27=0D80h-0DEFh \
  -ASFR28=0E00h-0E6Fh -ASFR29=0E80h-0EEFh -ASFR30=0F00h-0F6Fh \
  -ASFR31=0F80h-0FEFh -ACONFIG=08007h-0800Bh -DCONFIG=2 \
  -AIDLOC=08000h-08003h -DIDLOC=2 -AEEDATA=00h-0FFh/0F000h \
  -peeprom_data=EEDATA -DEEDATA=2 -DCODE=2 -DSTRCODE=2 -DSTRING=2 -DCONST=2 \
  -DENTRY=2 -preset_vec=00h,intentry=04h,init,end_init -ppowerup=CODE \
  -pcinit=CODE -pfunctab=ENTRY -k \
  C:\Users\Andre\AppData\Local\Temp\s6s4xm.o \
  dist/default/debug\SCE_Project.X.debug.o 

Object code version is 3.11

Machine type is 16F18875



                Name                               Link     Load   Length Selector   Space Scale
C:\Users\Andre\AppData\Local\Temp\s6s4xm.o
                end_init                             4C       4C        2        8       0
                reset_vec                             0        0        2        0       0
                config                             8007     8007        5        0       4
dist/default/debug\SCE_Project.X.debug.o
                cinit                                4E       4E       20        8       0
                intentry                              4        4       48        8       0
                config                             8007     8007        5        0       4
                text69                              B63      B63       43     16C6       0
                text68                             1757     1757        1     2EAE       0
                text67                             17CA     17CA        D     2F94       0
                text66                             1776     1776        6     2EEC       0
                text65                              929      929       1E     1252       0
                text64                              800      800        1        8       0
                text63                              6FF      6FF      101        8       0
                text62                              819      819       11     1032       0
                text61                              89A      89A       17     1134       0
                text60                              82A      82A       11     1054       0
                text59                              BA6      BA6       4B     174C       0
                text58                              D6C      D6C       B3     1AD8       0
                text57                             17A0     17A0        7     2F40       0
                text56                             17AE     17AE        8     2F5C       0
                text55                              870      870       14     10E0       0
                text54                             1758     1758        3     2EB0       0
                text53                             175B     175B        3     2EB6       0
                text52                             176A     176A        4     2ED4       0
                text51                              A80      A80       34     1500       0
                text50                              AE8      AE8       3C     15D0       0
                text49                              AB4      AB4       34     1568       0
                text48                              947      947       1F     128E       0
                text47                              84C      84C       12     1098       0
                text46                              444      444      19D        8       0
                text45                              884      884       16     1108       0
                text44                             175E     175E        3     2EBC       0
                text43                             1761     1761        3     2EC2       0
                text42                             176E     176E        4     2EDC       0
                text41                              26B      26B      1D9        8       0
                text40                                2        2        1        0       0
                text39                              8B1      8B1       17     1162       0
                text38                              83B      83B       11     1076       0
                text37                              85E      85E       12     10BC       0
                text36                              90F      90F       1A     121E       0
                text35                              EF3      EF3      10D     1DE6       0
                text34                              5E1      5E1      11E        8       0
                text33                                3        3        1        6       0
                text32                              8C8      8C8       17     1190       0
                text30                              80A      80A        F     1014       0
                text29                              9E2      9E2       24     13C4       0
                text28                              C9C      C9C       5A     1938       0
                text27                              BF1      BF1       53     17E2       0
                text26                              E1F      E1F       D4     1C3E       0
                text25                              CF6      CF6       76     19EC       0
                text24                              8F6      8F6       19     11EC       0
                text23                             1764     1764        3     2EC8       0
                text22                              8DF      8DF       17     11BE       0
                text21                             177C     177C        6     2EF8       0
                text20                             17E4     17E4        E     2FC8       0
                text19                              801      801        9     1002       0
                text18                              B24      B24       3F     1648       0
                text17                             17B6     17B6        8     2F6C       0
                text16                             17D7     17D7        D     2FAE       0
                text15                             1782     1782        6     2F04       0
                text14                              966      966       1F     12CC       0
                text13                             17F2     17F2        E     2FE4       0
                text12                             1788     1788        6     2F10       0
                text11                              985      985       1F     130A       0
                text10                             178E     178E        6     2F1C       0
                text9                               9A4      9A4       1F     1348       0
                text8                               9C3      9C3       1F     1386       0
                text7                              1767     1767        3     2ECE       0
                text6                              1772     1772        4     2EE4       0
                text5                               C44      C44       58     1888       0
                text4                               A06      A06       27     140C       0
                text3                               A2D      A2D       27     145A       0
                text2                              17BE     17BE        C     2F7C       0
                text1                               A54      A54       2C     14A8       0
                maintext                             6E       6E      1FD        8       0
                cstackBANK0                          20       20       2D       20       1
                cstackCOMMON                         70       70        E       70       1
                cstackBANK1                          A0       A0       11       A0       1
                clrtext                            1794     1794        6     2F28       0
                inittext                           179A     179A        6     2F34       0
                bssBANK1                             BD       BD        B       A0       1
                dataBANK0                            67       67        7       20       1
                bssBANK0                             4D       4D       1A       20       1
                stringtext4                        1811     1811        5     3000       0
                stringtext3                        180A     180A        7     3000       0
                stringtext2                        1000     1000        F     2000       0
                nvBANK1                              B1       B1        C       A0       1
                nvBANK0                              6E       6E        2       20       1
                stringtext1                        1800     1800        A     3000       0
                idataBANK0                         17A7     17A7        7     2F4E       0

TOTAL           Name                               Link     Load   Length     Space
        CLASS   STACK          

        CLASS   CODE           
                end_init                             4C       4C        2         0
                cinit                                4E       4E       20         0
                intentry                              4        4       48         0
                reset_vec                             0        0        2         0
                text69                              B63      B63       43         0
                text68                             1757     1757        1         0
                text67                             17CA     17CA        D         0
                text66                             1776     1776        6         0
                text65                              929      929       1E         0
                text64                              800      800        1         0
                text63                              6FF      6FF      101         0
                text62                              819      819       11         0
                text61                              89A      89A       17         0
                text60                              82A      82A       11         0
                text59                              BA6      BA6       4B         0
                text58                              D6C      D6C       B3         0
                text57                             17A0     17A0        7         0
                text56                             17AE     17AE        8         0
                text55                              870      870       14         0
                text54                             1758     1758        3         0
                text53                             175B     175B        3         0
                text52                             176A     176A        4         0
                text51                              A80      A80       34         0
                text50                              AE8      AE8       3C         0
                text49                              AB4      AB4       34         0
                text48                              947      947       1F         0
                text47                              84C      84C       12         0
                text46                              444      444      19D         0
                text45                              884      884       16         0
                text44                             175E     175E        3         0
                text43                             1761     1761        3         0
                text42                             176E     176E        4         0
                text41                              26B      26B      1D9         0
                text40                                2        2        1         0
                text39                              8B1      8B1       17         0
                text38                              83B      83B       11         0
                text37                              85E      85E       12         0
                text36                              90F      90F       1A         0
                text35                              EF3      EF3      10D         0
                text34                              5E1      5E1      11E         0
                text33                                3        3        1         0
                text32                              8C8      8C8       17         0
                text30                              80A      80A        F         0
                text29                              9E2      9E2       24         0
                text28                              C9C      C9C       5A         0
                text27                              BF1      BF1       53         0
                text26                              E1F      E1F       D4         0
                text25                              CF6      CF6       76         0
                text24                              8F6      8F6       19         0
                text23                             1764     1764        3         0
                text22                              8DF      8DF       17         0
                text21                             177C     177C        6         0
                text20                             17E4     17E4        E         0
                text19                              801      801        9         0
                text18                              B24      B24       3F         0
                text17                             17B6     17B6        8         0
                text16                             17D7     17D7        D         0
                text15                             1782     1782        6         0
                text14                              966      966       1F         0
                text13                             17F2     17F2        E         0
                text12                             1788     1788        6         0
                text11                              985      985       1F         0
                text10                             178E     178E        6         0
                text9                               9A4      9A4       1F         0
                text8                               9C3      9C3       1F         0
                text7                              1767     1767        3         0
                text6                              1772     1772        4         0
                text5                               C44      C44       58         0
                text4                               A06      A06       27         0
                text3                               A2D      A2D       27         0
                text2                              17BE     17BE        C         0
                text1                               A54      A54       2C         0
                maintext                             6E       6E      1FD         0
                clrtext                            1794     1794        6         0
                inittext                           179A     179A        6         0
                idataBANK0                         17A7     17A7        7         0

        CLASS   STRCODE        
                stringtext4                        1811     1811        5         0
                stringtext3                        180A     180A        7         0
                stringtext2                        1000     1000        F         0
                stringtext1                        1800     1800        A         0

        CLASS   STRING         

        CLASS   CONST          

        CLASS   ENTRY          

        CLASS   COMMON         
                cstackCOMMON                         70       70        E         1

        CLASS   BANK0          
                cstackBANK0                          20       20       2D         1
                dataBANK0                            67       67        7         1
                bssBANK0                             4D       4D       1A         1
                nvBANK0                              6E       6E        2         1

        CLASS   BANK1          
                cstackBANK1                          A0       A0       11         1
                bssBANK1                             BD       BD        B         1
                nvBANK1                              B1       B1        C         1

        CLASS   BANK2          

        CLASS   BANK3          

        CLASS   BANK4          

        CLASS   BANK5          

        CLASS   BANK6          

        CLASS   BANK7          

        CLASS   BANK8          

        CLASS   BANK9          

        CLASS   BANK10         

        CLASS   BANK11         

        CLASS   BANK12         

        CLASS   BIGRAM         

        CLASS   RAM            

        CLASS   ABS1           
                abs_s1                               7E       7E        2         1

        CLASS   SFR0           

        CLASS   SFR1           

        CLASS   SFR2           

        CLASS   SFR3           

        CLASS   SFR4           

        CLASS   SFR5           

        CLASS   SFR6           

        CLASS   SFR7           

        CLASS   SFR8           

        CLASS   SFR9           

        CLASS   SFR10          

        CLASS   SFR11          

        CLASS   SFR12          

        CLASS   SFR13          

        CLASS   SFR14          

        CLASS   SFR15          

        CLASS   SFR16          

        CLASS   SFR17          

        CLASS   SFR18          

        CLASS   SFR19          

        CLASS   SFR20          

        CLASS   SFR21          

        CLASS   SFR22          

        CLASS   SFR23          

        CLASS   SFR24          

        CLASS   SFR25          

        CLASS   SFR26          

        CLASS   SFR27          

        CLASS   SFR28          

        CLASS   SFR29          

        CLASS   SFR30          

        CLASS   SFR31          

        CLASS   CONFIG         
                config                             8007     8007        5         4

        CLASS   IDLOC          

        CLASS   EEDATA         

        CLASS   BANK31         

        CLASS   BANK30         

        CLASS   BANK29         

        CLASS   BANK28         

        CLASS   BANK27         

        CLASS   BANK26         

        CLASS   BANK25         

        CLASS   BANK24         

        CLASS   BANK23         

        CLASS   BANK22         

        CLASS   BANK21         

        CLASS   BANK20         

        CLASS   BANK19         

        CLASS   BANK18         

        CLASS   BANK17         

        CLASS   BANK16         

        CLASS   BANK15         

        CLASS   BANK14         

        CLASS   BANK13         



SEGMENTS        Name                           Load    Length   Top    Selector   Space  Class     Delta

                reset_vec                      000000  000003  000003         0       0  CODE        2
                text33                         000003  000001  000004         6       0  CODE        2
                intentry                       000004  0007FD  000801         8       0  CODE        2
                cstackBANK0                    000020  000050  000070        20       1  BANK0       1
                cstackCOMMON                   000070  00000E  00007E        70       1  COMMON      1
                cstackBANK1                    0000A0  000028  0000C8        A0       1  BANK1       1
                text19                         000801  000009  00080A      1002       0  CODE        2
                text30                         00080A  00000F  000819      1014       0  CODE        2
                text62                         000819  000011  00082A      1032       0  CODE        2
                text60                         00082A  000011  00083B      1054       0  CODE        2
                text38                         00083B  000011  00084C      1076       0  CODE        2
                text47                         00084C  000012  00085E      1098       0  CODE        2
                text37                         00085E  000012  000870      10BC       0  CODE        2
                text55                         000870  000014  000884      10E0       0  CODE        2
                text45                         000884  000016  00089A      1108       0  CODE        2
                text61                         00089A  000017  0008B1      1134       0  CODE        2
                text39                         0008B1  000017  0008C8      1162       0  CODE        2
                text32                         0008C8  000017  0008DF      1190       0  CODE        2
                text22                         0008DF  000017  0008F6      11BE       0  CODE        2
                text24                         0008F6  000019  00090F      11EC       0  CODE        2
                text36                         00090F  00001A  000929      121E       0  CODE        2
                text65                         000929  00001E  000947      1252       0  CODE        2
                text48                         000947  00001F  000966      128E       0  CODE        2
                text14                         000966  00001F  000985      12CC       0  CODE        2
                text11                         000985  00001F  0009A4      130A       0  CODE        2
                text9                          0009A4  00001F  0009C3      1348       0  CODE        2
                text8                          0009C3  00001F  0009E2      1386       0  CODE        2
                text29                         0009E2  000024  000A06      13C4       0  CODE        2
                text4                          000A06  000027  000A2D      140C       0  CODE        2
                text3                          000A2D  000027  000A54      145A       0  CODE        2
                text1                          000A54  00002C  000A80      14A8       0  CODE        2
                text51                         000A80  000034  000AB4      1500       0  CODE        2
                text49                         000AB4  000034  000AE8      1568       0  CODE        2
                text50                         000AE8  00003C  000B24      15D0       0  CODE        2
                text18                         000B24  00003F  000B63      1648       0  CODE        2
                text69                         000B63  000043  000BA6      16C6       0  CODE        2
                text59                         000BA6  00004B  000BF1      174C       0  CODE        2
                text27                         000BF1  000053  000C44      17E2       0  CODE        2
                text5                          000C44  000058  000C9C      1888       0  CODE        2
                text28                         000C9C  00005A  000CF6      1938       0  CODE        2
                text25                         000CF6  000076  000D6C      19EC       0  CODE        2
                text58                         000D6C  0000B3  000E1F      1AD8       0  CODE        2
                text26                         000E1F  0000D4  000EF3      1C3E       0  CODE        2
                text35                         000EF3  00010D  001000      1DE6       0  CODE        2
                stringtext2                    001000  00000F  00100F      2000       0  STRCODE     2
                text68                         001757  000001  001758      2EAE       0  CODE        2
                text54                         001758  000003  00175B      2EB0       0  CODE        2
                text53                         00175B  000003  00175E      2EB6       0  CODE        2
                text44                         00175E  000003  001761      2EBC       0  CODE        2
                text43                         001761  000003  001764      2EC2       0  CODE        2
                text23                         001764  000003  001767      2EC8       0  CODE        2
                text7                          001767  000003  00176A      2ECE       0  CODE        2
                text52                         00176A  000004  00176E      2ED4       0  CODE        2
                text42                         00176E  000004  001772      2EDC       0  CODE        2
                text6                          001772  000004  001776      2EE4       0  CODE        2
                text66                         001776  000006  00177C      2EEC       0  CODE        2
                text21                         00177C  000006  001782      2EF8       0  CODE        2
                text15                         001782  000006  001788      2F04       0  CODE        2
                text12                         001788  000006  00178E      2F10       0  CODE        2
                text10                         00178E  000006  001794      2F1C       0  CODE        2
                clrtext                        001794  000006  00179A      2F28       0  CODE        2
                inittext                       00179A  000006  0017A0      2F34       0  CODE        2
                text57                         0017A0  000007  0017A7      2F40       0  CODE        2
                idataBANK0                     0017A7  000007  0017AE      2F4E       0  CODE        2
                text56                         0017AE  000008  0017B6      2F5C       0  CODE        2
                text17                         0017B6  000008  0017BE      2F6C       0  CODE        2
                text2                          0017BE  00000C  0017CA      2F7C       0  CODE        2
                text67                         0017CA  00000D  0017D7      2F94       0  CODE        2
                text16                         0017D7  00000D  0017E4      2FAE       0  CODE        2
                text20                         0017E4  00000E  0017F2      2FC8       0  CODE        2
                text13                         0017F2  00000E  001800      2FE4       0  CODE        2
                stringtext1                    001800  000016  001816      3000       0  STRCODE     2


UNUSED ADDRESS RANGES

        Name                Unused          Largest block    Delta
        BANK1            000C8-000EF              28           1
        BANK10           00520-0056F              50           1
        BANK11           005A0-005EF              50           1
        BANK12           00620-0064F              30           1
        BANK2            00120-0016F              50           1
        BANK3            001A0-001EF              50           1
        BANK4            00220-0026F              50           1
        BANK5            002A0-002EF              50           1
        BANK6            00320-0036F              50           1
        BANK7            003A0-003EF              50           1
        BANK8            00420-0046F              50           1
        BANK9            004A0-004EF              50           1
        BIGRAM           02000-023EF             3F0           1
        CODE             0100F-01756             748           2
                         01816-01FFF             7EA
        CONST            0100F-01756             100           2
                         01816-01FFF             100
        EEDATA           0F000-0F0FF             100           2
        ENTRY            0100F-01756             100           2
                         01816-01FFF             100
        IDLOC            08000-08003               4           2
        RAM              000C8-000EF              28           1
                         00120-0016F              50
                         001A0-001EF              50
                         00220-0026F              50
                         002A0-002EF              50
                         00320-0036F              50
                         003A0-003EF              50
                         00420-0046F              50
                         004A0-004EF              50
                         00520-0056F              50
                         005A0-005EF              50
                         00620-0064F              30
        SFR0             00000-0001F              20           1
        SFR1             00080-0009F              20           1
        SFR10            00500-0051F              20           1
        SFR11            00580-0059F              20           1
        SFR12            00600-0061F              20           1
        SFR13            00680-006EF              70           1
        SFR14            00700-0076F              70           1
        SFR15            00780-007EF              70           1
        SFR16            00800-0086F              70           1
        SFR17            00880-008EF              70           1
        SFR18            00900-0096F              70           1
        SFR19            00980-009EF              70           1
        SFR2             00100-0011F              20           1
        SFR20            00A00-00A6F              70           1
        SFR21            00A80-00AEF              70           1
        SFR22            00B00-00B6F              70           1
        SFR23            00B80-00BEF              70           1
        SFR24            00C00-00C6F              70           1
        SFR25            00C80-00CEF              70           1
        SFR26            00D00-00D6F              70           1
        SFR27            00D80-00DEF              70           1
        SFR28            00E00-00E6F              70           1
        SFR29            00E80-00EEF              70           1
        SFR3             00180-0019F              20           1
        SFR30            00F00-00F6F              70           1
        SFR31            00F80-00FEF              70           1
        SFR4             00200-0021F              20           1
        SFR5             00280-0029F              20           1
        SFR6             00300-0031F              20           1
        SFR7             00380-0039F              20           1
        SFR8             00400-0041F              20           1
        SFR9             00480-0049F              20           1
        STACK            02078-023EF             378           1
        STRCODE          0100F-01756             748           2
                         01816-01FFF             7EA
        STRING           0100F-01756             100           2
                         01816-01FFF             100

                                  Symbol Table

?_ADCC_GetSingleConversion                cstackCOMMON 00070
?___lwdiv                                 cstackCOMMON 00070
?___lwmod                                 cstackCOMMON 00078
?___wmul                                  cstackCOMMON 00070
?_sprintf                                 cstackBANK0  00020
ADCC_GetSingleConversion@channel          cstackCOMMON 00073
DATAEE_ReadByte@bAdd                      cstackBANK1  000A0
DATAEE_WriteByte@GIEBitValue              cstackBANK1  000A3
DATAEE_WriteByte@bAdd                     cstackBANK1  000A0
DATAEE_WriteByte@bData                    cstackBANK1  000A2
INT_SetInterruptHandler@InterruptHandler  cstackBANK1  000A0
LCDchar@c                                 cstackCOMMON 00078
LCDcmd@c                                  cstackCOMMON 00078
LCDsend2x4@c                              cstackBANK1  000A5
LCDsend2x4@hc                             cstackBANK1  000A6
LCDsend2x4@lc                             cstackBANK1  000A7
LCDsend2x4@mode                           cstackBANK1  000A2
LCDsend@c                                 cstackBANK1  000A3
LCDstr@c                                  cstackCOMMON 0007A
LCDstr@p                                  cstackCOMMON 0007B
PWM6_LoadDutyValue@dutyValue              cstackBANK1  000A0
TMR1_SetInterruptHandler@InterruptHandler cstackBANK1  000A0
TMR1_WriteTimer@timerVal                  cstackCOMMON 00070
TMR3_SetInterruptHandler@InterruptHandler cstackBANK1  000A0
TMR3_WriteTimer@timerVal                  cstackCOMMON 00070
TMR5_SetInterruptHandler@InterruptHandler cstackBANK1  000A0
TMR5_WriteTimer@timerVal                  cstackCOMMON 00070
WriteI2C@data_out                         cstackBANK1  000A1
_ADACCH                                   (abs)        00091
_ADACCL                                   (abs)        00090
_ADACQ                                    (abs)        0009D
_ADACT                                    (abs)        00099
_ADCAP                                    (abs)        0009B
_ADCC_GetSingleConversion                 text37       0085E
_ADCC_Initialize                          text22       008DF
_ADCLK                                    (abs)        00098
_ADCNT                                    (abs)        0010C
_ADCON0                                   (abs)        00093
_ADCON0bits                               (abs)        00093
_ADCON1                                   (abs)        00094
_ADCON1bits                               (abs)        00094
_ADCON2                                   (abs)        00095
_ADCON2bits                               (abs)        00095
_ADCON3                                   (abs)        00096
_ADCON3bits                               (abs)        00096
_ADERRH                                   (abs)        00117
_ADERRL                                   (abs)        00116
_ADFLTRH                                  (abs)        00115
_ADFLTRL                                  (abs)        00114
_ADLTHH                                   (abs)        0010F
_ADLTHL                                   (abs)        0010E
_ADPCH                                    (abs)        0009E
_ADPRE                                    (abs)        0009C
_ADPREVH                                  (abs)        0008F
_ADPREVL                                  (abs)        0008E
_ADREF                                    (abs)        0009A
_ADRESH                                   (abs)        0008D
_ADRESL                                   (abs)        0008C
_ADRPT                                    (abs)        0010D
_ADSTAT                                   (abs)        00097
_ADSTATbits                               (abs)        00097
_ADSTPTH                                  (abs)        00113
_ADSTPTL                                  (abs)        00112
_ADUTHH                                   (abs)        00111
_ADUTHL                                   (abs)        00110
_ALAF                                     bssBANK0     00065
_ANSELA                                   (abs)        00F38
_ANSELB                                   (abs)        00F43
_ANSELC                                   (abs)        00F4E
_ANSELD                                   (abs)        00F59
_ANSELE                                   (abs)        00F64
_CCPTMRS1bits                             (abs)        0021F
_Clock_ISR                                text63       006FF
_DATAEE_ReadByte                          text30       0080A
_DATAEE_WriteByte                         text29       009E2
_EXT_INT_Initialize                       text20       017E4
_INTCONbits                               (abs)        0000B
_INTERRUPT_InterruptManager               intentry     00004
_INTPPS                                   (abs)        00E90
_INT_CallBack                             text67       017CA
_INT_DefaultInterruptHandler              text68       01757
_INT_ISR                                  text66       01776
_INT_InterruptHandler                     nvBANK1      000B1
_INT_SetInterruptHandler                  text21       0177C
_LATA                                     (abs)        00016
_LATAbits                                 (abs)        00016
_LATB                                     (abs)        00017
_LATC                                     (abs)        00018
_LATD                                     (abs)        00019
_LATE                                     (abs)        0001A
_LCDchar                                  text56       017AE
_LCDcmd                                   text57       017A0
_LCDinit                                  text25       00CF6
_LCDsend                                  text27       00BF1
_LCDsend2x4                               text26       00E1F
_LCDstr                                   text55       00870
_NREG                                     bssBANK1     000C7
_NVMADRH                                  (abs)        0081B
_NVMADRL                                  (abs)        0081A
_NVMCON1bits                              (abs)        0081E
_NVMCON2                                  (abs)        0081F
_NVMDATH                                  (abs)        0081D
_NVMDATL                                  (abs)        0081C
_ODCONA                                   (abs)        00F3A
_ODCONB                                   (abs)        00F45
_ODCONC                                   (abs)        00F50
_ODCOND                                   (abs)        00F5B
_ODCONE                                   (abs)        00F66
_OSCCON1                                  (abs)        0088D
_OSCCON3                                  (abs)        0088F
_OSCEN                                    (abs)        00891
_OSCFRQ                                   (abs)        00893
_OSCILLATOR_Initialize                    text19       00801
_OSCTUNE                                  (abs)        00892
_PIE0bits                                 (abs)        00716
_PIE3bits                                 (abs)        00719
_PIE4bits                                 (abs)        0071A
_PIN_MANAGER_Initialize                   text18       00B24
_PIR0bits                                 (abs)        0070C
_PIR3bits                                 (abs)        0070F
_PIR4bits                                 (abs)        00710
_PMD0                                     (abs)        00796
_PMD1                                     (abs)        00797
_PMD2                                     (abs)        00798
_PMD3                                     (abs)        00799
_PMD4                                     (abs)        0079A
_PMD5                                     (abs)        0079B
_PMD_Initialize                           text17       017B6
_PMON                                     bssBANK1     000C6
_PORTCbits                                (abs)        0000E
_PR2                                      (abs)        0028D
_PWM6CON                                  (abs)        0038E
_PWM6DCH                                  (abs)        0038D
_PWM6DCL                                  (abs)        0038C
_PWM6EN                                   (abs)        01C77
_PWM6_Initialize                          text16       017D7
_PWM6_LoadDutyValue                       text24       008F6
_PWM_Output_D4_Disable                    text23       01764
_PWM_Output_D4_Enable                     text54       01758
_PWM_on                                   bssBANK1     000C4
_RA6PPS                                   (abs)        00F16
_RC3PPS                                   (abs)        00F23
_RC4PPS                                   (abs)        00F24
_ReadI2C                                  text36       0090F
_S1_ISR                                   text69       00B63
_SLRCONA                                  (abs)        00F3B
_SLRCONB                                  (abs)        00F46
_SLRCONC                                  (abs)        00F51
_SLRCOND                                  (abs)        00F5C
_SLRCONE                                  (abs)        00F67
_SSP1ADD                                  (abs)        0018D
_SSP1BUF                                  (abs)        0018C
_SSP1CLKPPS                               (abs)        00EC5
_SSP1CON1                                 (abs)        00190
_SSP1CON1bits                             (abs)        00190
_SSP1CON2                                 (abs)        00191
_SSP1CON2bits                             (abs)        00191
_SSP1DATPPS                               (abs)        00EC6
_SSP1MSK                                  (abs)        0018E
_SSP1STAT                                 (abs)        0018F
_SSP1STATbits                             (abs)        0018F
_SYSTEM_Initialize                        text8        009C3
_T1CLK                                    (abs)        00211
_T1CON                                    (abs)        0020E
_T1CONbits                                (abs)        0020E
_T1GATE                                   (abs)        00210
_T1GCON                                   (abs)        0020F
_T1GCONbits                               (abs)        0020F
_T2CLKCON                                 (abs)        00290
_T2CON                                    (abs)        0028E
_T2CONbits                                (abs)        0028E
_T2HLT                                    (abs)        0028F
_T2HLTbits                                (abs)        0028F
_T2PR                                     (abs)        0028D
_T2RST                                    (abs)        00291
_T2RSTbits                                (abs)        00291
_T2TMR                                    (abs)        0028C
_T3CLK                                    (abs)        00217
_T3CON                                    (abs)        00214
_T3CONbits                                (abs)        00214
_T3GATE                                   (abs)        00216
_T3GCON                                   (abs)        00215
_T3GCONbits                               (abs)        00215
_T5CLK                                    (abs)        0021D
_T5CON                                    (abs)        0021A
_T5CONbits                                (abs)        0021A
_T5GATE                                   (abs)        0021C
_T5GCON                                   (abs)        0021B
_T5GCONbits                               (abs)        0021B
_TALA                                     bssBANK0     00066
_TMR1H                                    (abs)        0020D
_TMR1L                                    (abs)        0020C
_TMR1_DefaultInterruptHandler             text64       00800
_TMR1_ISR                                 text61       0089A
_TMR1_Initialize                          text14       00966
_TMR1_InterruptHandler                    nvBANK1      000B9
_TMR1_SetInterruptHandler                 text15       01782
_TMR1_WriteTimer                          text62       00819
_TMR2                                     (abs)        0028C
_TMR2_Initialize                          text13       017F2
_TMR2_Start                               text53       0175B
_TMR2_StartTimer                          text52       0176A
_TMR2_Stop                                text7        01767
_TMR2_StopTimer                           text6        01772
_TMR3H                                    (abs)        00213
_TMR3L                                    (abs)        00212
_TMR3_DefaultInterruptHandler             text40       00002
_TMR3_ISR                                 text39       008B1
_TMR3_Initialize                          text11       00985
_TMR3_InterruptHandler                    nvBANK1      000B7
_TMR3_SetInterruptHandler                 text12       01788
_TMR3_WriteTimer                          text60       0082A
_TMR5H                                    (abs)        00219
_TMR5L                                    (abs)        00218
_TMR5_DefaultInterruptHandler             text33       00003
_TMR5_ISR                                 text32       008C8
_TMR5_Initialize                          text9        009A4
_TMR5_InterruptHandler                    nvBANK1      000B3
_TMR5_SetInterruptHandler                 text10       0178E
_TMR5_WriteTimer                          text38       0083B
_TRISA                                    (abs)        00011
_TRISB                                    (abs)        00012
_TRISC                                    (abs)        00013
_TRISCbits                                (abs)        00013
_TRISD                                    (abs)        00014
_TRISE                                    (abs)        00015
_WPUA                                     (abs)        00F39
_WPUB                                     (abs)        00F44
_WPUC                                     (abs)        00F4F
_WPUC3                                    (abs)        07A7B
_WPUC4                                    (abs)        07A7C
_WPUD                                     (abs)        00F5A
_WPUE                                     (abs)        00F65
_WriteI2C                                 text28       00C9C
__Habs1                                   abs1         00000
__Hbank0                                  bank0        00000
__Hbank1                                  bank1        00000
__Hbank10                                 bank10       00000
__Hbank11                                 bank11       00000
__Hbank12                                 bank12       00000
__Hbank13                                 bank13       00000
__Hbank14                                 bank14       00000
__Hbank15                                 bank15       00000
__Hbank16                                 bank16       00000
__Hbank17                                 bank17       00000
__Hbank18                                 bank18       00000
__Hbank19                                 bank19       00000
__Hbank2                                  bank2        00000
__Hbank20                                 bank20       00000
__Hbank21                                 bank21       00000
__Hbank22                                 bank22       00000
__Hbank23                                 bank23       00000
__Hbank24                                 bank24       00000
__Hbank25                                 bank25       00000
__Hbank26                                 bank26       00000
__Hbank27                                 bank27       00000
__Hbank28                                 bank28       00000
__Hbank29                                 bank29       00000
__Hbank3                                  bank3        00000
__Hbank30                                 bank30       00000
__Hbank31                                 bank31       00000
__Hbank4                                  bank4        00000
__Hbank5                                  bank5        00000
__Hbank6                                  bank6        00000
__Hbank7                                  bank7        00000
__Hbank8                                  bank8        00000
__Hbank9                                  bank9        00000
__Hbigram                                 bigram       00000
__HbssBANK0                               bssBANK0     00000
__HbssBANK1                               bssBANK1     00000
__Hcinit                                  cinit        0006E
__Hclrtext                                clrtext      00000
__Hcode                                   code         00000
__Hcommon                                 common       00000
__Hconfig                                 config       0800C
__HcstackBANK0                            cstackBANK0  00000
__HcstackBANK1                            cstackBANK1  00000
__HcstackCOMMON                           cstackCOMMON 00000
__HdataBANK0                              dataBANK0    00000
__Heeprom_data                            eeprom_data  00000
__Hend_init                               end_init     0004E
__Hfunctab                                functab      00000
__HidataBANK0                             idataBANK0   00000
__Hinit                                   init         0004C
__Hinittext                               inittext     00000
__Hintentry                               intentry     0004C
__Hmaintext                               maintext     00000
__HnvBANK0                                nvBANK0      00000
__HnvBANK1                                nvBANK1      00000
__Hpowerup                                powerup      00000
__Hram                                    ram          00000
__Hreset_vec                              reset_vec    00002
__Hsfr0                                   sfr0         00000
__Hsfr1                                   sfr1         00000
__Hsfr10                                  sfr10        00000
__Hsfr11                                  sfr11        00000
__Hsfr12                                  sfr12        00000
__Hsfr13                                  sfr13        00000
__Hsfr14                                  sfr14        00000
__Hsfr15                                  sfr15        00000
__Hsfr16                                  sfr16        00000
__Hsfr17                                  sfr17        00000
__Hsfr18                                  sfr18        00000
__Hsfr19                                  sfr19        00000
__Hsfr2                                   sfr2         00000
__Hsfr20                                  sfr20        00000
__Hsfr21                                  sfr21        00000
__Hsfr22                                  sfr22        00000
__Hsfr23                                  sfr23        00000
__Hsfr24                                  sfr24        00000
__Hsfr25                                  sfr25        00000
__Hsfr26                                  sfr26        00000
__Hsfr27                                  sfr27        00000
__Hsfr28                                  sfr28        00000
__Hsfr29                                  sfr29        00000
__Hsfr3                                   sfr3         00000
__Hsfr30                                  sfr30        00000
__Hsfr31                                  sfr31        00000
__Hsfr4                                   sfr4         00000
__Hsfr5                                   sfr5         00000
__Hsfr6                                   sfr6         00000
__Hsfr7                                   sfr7         00000
__Hsfr8                                   sfr8         00000
__Hsfr9                                   sfr9         00000
__Hspace_0                                (abs)        01816
__Hspace_1                                (abs)        000C8
__Hspace_2                                (abs)        00000
__Hspace_3                                (abs)        00000
__Hspace_4                                (abs)        10013
__Hstack                                  stack        00000
__Hstrings                                strings      00000
__Hstringtext1                            stringtext1  00000
__Hstringtext2                            stringtext2  00000
__Hstringtext3                            stringtext3  00000
__Hstringtext4                            stringtext4  00000
__Hstringtext5                            stringtext5  00000
__Htext                                   text         00000
__Labs1                                   abs1         00000
__Lbank0                                  bank0        00000
__Lbank1                                  bank1        00000
__Lbank10                                 bank10       00000
__Lbank11                                 bank11       00000
__Lbank12                                 bank12       00000
__Lbank13                                 bank13       00000
__Lbank14                                 bank14       00000
__Lbank15                                 bank15       00000
__Lbank16                                 bank16       00000
__Lbank17                                 bank17       00000
__Lbank18                                 bank18       00000
__Lbank19                                 bank19       00000
__Lbank2                                  bank2        00000
__Lbank20                                 bank20       00000
__Lbank21                                 bank21       00000
__Lbank22                                 bank22       00000
__Lbank23                                 bank23       00000
__Lbank24                                 bank24       00000
__Lbank25                                 bank25       00000
__Lbank26                                 bank26       00000
__Lbank27                                 bank27       00000
__Lbank28                                 bank28       00000
__Lbank29                                 bank29       00000
__Lbank3                                  bank3        00000
__Lbank30                                 bank30       00000
__Lbank31                                 bank31       00000
__Lbank4                                  bank4        00000
__Lbank5                                  bank5        00000
__Lbank6                                  bank6        00000
__Lbank7                                  bank7        00000
__Lbank8                                  bank8        00000
__Lbank9                                  bank9        00000
__Lbigram                                 bigram       00000
__LbssBANK0                               bssBANK0     00000
__LbssBANK1                               bssBANK1     00000
__Lcinit                                  cinit        0004E
__Lclrtext                                clrtext      00000
__Lcode                                   code         00000
__Lcommon                                 common       00000
__Lconfig                                 config       00000
__LcstackBANK0                            cstackBANK0  00000
__LcstackBANK1                            cstackBANK1  00000
__LcstackCOMMON                           cstackCOMMON 00000
__LdataBANK0                              dataBANK0    00000
__Leeprom_data                            eeprom_data  00000
__Lend_init                               end_init     0004C
__Lfunctab                                functab      00000
__LidataBANK0                             idataBANK0   00000
__Linit                                   init         0004C
__Linittext                               inittext     00000
__Lintentry                               intentry     00004
__Lmaintext                               maintext     00000
__LnvBANK0                                nvBANK0      00000
__LnvBANK1                                nvBANK1      00000
__Lpowerup                                powerup      00000
__Lram                                    ram          00000
__Lreset_vec                              reset_vec    00000
__Lsfr0                                   sfr0         00000
__Lsfr1                                   sfr1         00000
__Lsfr10                                  sfr10        00000
__Lsfr11                                  sfr11        00000
__Lsfr12                                  sfr12        00000
__Lsfr13                                  sfr13        00000
__Lsfr14                                  sfr14        00000
__Lsfr15                                  sfr15        00000
__Lsfr16                                  sfr16        00000
__Lsfr17                                  sfr17        00000
__Lsfr18                                  sfr18        00000
__Lsfr19                                  sfr19        00000
__Lsfr2                                   sfr2         00000
__Lsfr20                                  sfr20        00000
__Lsfr21                                  sfr21        00000
__Lsfr22                                  sfr22        00000
__Lsfr23                                  sfr23        00000
__Lsfr24                                  sfr24        00000
__Lsfr25                                  sfr25        00000
__Lsfr26                                  sfr26        00000
__Lsfr27                                  sfr27        00000
__Lsfr28                                  sfr28        00000
__Lsfr29                                  sfr29        00000
__Lsfr3                                   sfr3         00000
__Lsfr30                                  sfr30        00000
__Lsfr31                                  sfr31        00000
__Lsfr4                                   sfr4         00000
__Lsfr5                                   sfr5         00000
__Lsfr6                                   sfr6         00000
__Lsfr7                                   sfr7         00000
__Lsfr8                                   sfr8         00000
__Lsfr9                                   sfr9         00000
__Lspace_0                                (abs)        00000
__Lspace_1                                (abs)        00000
__Lspace_2                                (abs)        00000
__Lspace_3                                (abs)        00000
__Lspace_4                                (abs)        00000
__Lstack                                  stack        00000
__Lstrings                                strings      00000
__Lstringtext1                            stringtext1  00000
__Lstringtext2                            stringtext2  00000
__Lstringtext3                            stringtext3  00000
__Lstringtext4                            stringtext4  00000
__Lstringtext5                            stringtext5  00000
__Ltext                                   text         00000
__S0                                      (abs)        01816
__S1                                      (abs)        000C8
__S2                                      (abs)        00000
__S3                                      (abs)        00000
___int_sp                                 stack        00000
___latbits                                (abs)        00002
___lwdiv                                  text50       00AE8
___lwdiv@counter                          cstackCOMMON 00077
___lwdiv@dividend                         cstackCOMMON 00072
___lwdiv@divisor                          cstackCOMMON 00070
___lwdiv@quotient                         cstackCOMMON 00075
___lwmod                                  text49       00AB4
___lwmod@counter                          cstackCOMMON 0007D
___lwmod@dividend                         cstackCOMMON 0007A
___lwmod@divisor                          cstackCOMMON 00078
___sp                                     stack        00000
___stackhi                                (abs)        023EF
___stacklo                                (abs)        02078
___wmul                                   text48       00947
___wmul@multiplicand                      cstackCOMMON 00072
___wmul@multiplier                        cstackCOMMON 00070
___wmul@product                           cstackCOMMON 00074
__end_of_ADCC_GetSingleConversion         text37       00870
__end_of_ADCC_Initialize                  text22       008F6
__end_of_Clock_ISR                        text63       00800
__end_of_DATAEE_ReadByte                  text30       00819
__end_of_DATAEE_WriteByte                 text29       00A06
__end_of_EXT_INT_Initialize               text20       017F2
__end_of_INTERRUPT_InterruptManager       intentry     0004C
__end_of_INT_CallBack                     text67       017D7
__end_of_INT_DefaultInterruptHandler      text68       01758
__end_of_INT_ISR                          text66       0177C
__end_of_INT_SetInterruptHandler          text21       01782
__end_of_LCDchar                          text56       017B6
__end_of_LCDcmd                           text57       017A7
__end_of_LCDinit                          text25       00D6C
__end_of_LCDsend                          text27       00C44
__end_of_LCDsend2x4                       text26       00EF3
__end_of_LCDstr                           text55       00884
__end_of_OSCILLATOR_Initialize            text19       0080A
__end_of_PIN_MANAGER_Initialize           text18       00B63
__end_of_PMD_Initialize                   text17       017BE
__end_of_PWM6_Initialize                  text16       017E4
__end_of_PWM6_LoadDutyValue               text24       0090F
__end_of_PWM_Output_D4_Disable            text23       01767
__end_of_PWM_Output_D4_Enable             text54       0175B
__end_of_ReadI2C                          text36       00929
__end_of_S1_ISR                           text69       00BA6
__end_of_SYSTEM_Initialize                text8        009E2
__end_of_TMR1_DefaultInterruptHandler     text64       00801
__end_of_TMR1_ISR                         text61       008B1
__end_of_TMR1_Initialize                  text14       00985
__end_of_TMR1_SetInterruptHandler         text15       01788
__end_of_TMR1_WriteTimer                  text62       0082A
__end_of_TMR2_Initialize                  text13       01800
__end_of_TMR2_Start                       text53       0175E
__end_of_TMR2_StartTimer                  text52       0176E
__end_of_TMR2_Stop                        text7        0176A
__end_of_TMR2_StopTimer                   text6        01776
__end_of_TMR3_DefaultInterruptHandler     text40       00003
__end_of_TMR3_ISR                         text39       008C8
__end_of_TMR3_Initialize                  text11       009A4
__end_of_TMR3_SetInterruptHandler         text12       0178E
__end_of_TMR3_WriteTimer                  text60       0083B
__end_of_TMR5_DefaultInterruptHandler     text33       00004
__end_of_TMR5_ISR                         text32       008DF
__end_of_TMR5_Initialize                  text9        009C3
__end_of_TMR5_SetInterruptHandler         text10       01794
__end_of_TMR5_WriteTimer                  text38       0084C
__end_of_WriteI2C                         text28       00CF6
__end_of___lwdiv                          text50       00B24
__end_of___lwmod                          text49       00AE8
__end_of___wmul                           text48       00966
__end_of__initialization                  cinit        0006A
__end_of_differenceBetweenTimePeriod      text51       00AB4
__end_of_dpowers                          stringtext1  0180A
__end_of_editClock                        text5        00C9C
__end_of_editLum                          text4        00A2D
__end_of_editTemp                         text3        00A54
__end_of_i2c1_driver_open                 text2        017CA
__end_of_isdigit                          text47       0085E
__end_of_main                             maintext     0026B
__end_of_menuLCD_ISR                      text41       00444
__end_of_monitoring_ISR                   text34       006FF
__end_of_sprintf                          text46       005E1
__end_of_toggleAlarms                     text1        00A80
__end_of_tsttc                            text35       01000
__end_ofi1_DATAEE_WriteByte               text65       00947
__end_ofi1_LCDsend2x4                     text58       00E1F
__end_ofi1_PWM6_LoadDutyValue             text45       0089A
__end_ofi1_PWM_Output_D4_Disable          text44       01761
__end_ofi1_TMR2_Stop                      text43       01764
__end_ofi1_TMR2_StopTimer                 text42       01772
__end_ofi1_WriteI2C                       text59       00BF1
__initialization                          cinit        0004E
__pbssBANK0                               bssBANK0     0004D
__pbssBANK1                               bssBANK1     000BD
__pcstackBANK0                            cstackBANK0  00020
__pcstackBANK1                            cstackBANK1  000A0
__pcstackCOMMON                           cstackCOMMON 00070
__pdataBANK0                              dataBANK0    00067
__pidataBANK0                             idataBANK0   017A7
__pintentry                               intentry     00004
__pmaintext                               maintext     0006E
__pnvBANK0                                nvBANK0      0006E
__pnvBANK1                                nvBANK1      000B1
__pstringtext1                            stringtext1  01800
__pstringtext2                            stringtext2  01000
__pstringtext3                            stringtext3  0180A
__pstringtext4                            stringtext4  01811
__pstringtext5                            stringtext5  00000
__ptext1                                  text1        00A54
__ptext10                                 text10       0178E
__ptext11                                 text11       00985
__ptext12                                 text12       01788
__ptext13                                 text13       017F2
__ptext14                                 text14       00966
__ptext15                                 text15       01782
__ptext16                                 text16       017D7
__ptext17                                 text17       017B6
__ptext18                                 text18       00B24
__ptext19                                 text19       00801
__ptext2                                  text2        017BE
__ptext20                                 text20       017E4
__ptext21                                 text21       0177C
__ptext22                                 text22       008DF
__ptext23                                 text23       01764
__ptext24                                 text24       008F6
__ptext25                                 text25       00CF6
__ptext26                                 text26       00E1F
__ptext27                                 text27       00BF1
__ptext28                                 text28       00C9C
__ptext29                                 text29       009E2
__ptext3                                  text3        00A2D
__ptext30                                 text30       0080A
__ptext32                                 text32       008C8
__ptext33                                 text33       00003
__ptext34                                 text34       005E1
__ptext35                                 text35       00EF3
__ptext36                                 text36       0090F
__ptext37                                 text37       0085E
__ptext38                                 text38       0083B
__ptext39                                 text39       008B1
__ptext4                                  text4        00A06
__ptext40                                 text40       00002
__ptext41                                 text41       0026B
__ptext42                                 text42       0176E
__ptext43                                 text43       01761
__ptext44                                 text44       0175E
__ptext45                                 text45       00884
__ptext46                                 text46       00444
__ptext47                                 text47       0084C
__ptext48                                 text48       00947
__ptext49                                 text49       00AB4
__ptext5                                  text5        00C44
__ptext50                                 text50       00AE8
__ptext51                                 text51       00A80
__ptext52                                 text52       0176A
__ptext53                                 text53       0175B
__ptext54                                 text54       01758
__ptext55                                 text55       00870
__ptext56                                 text56       017AE
__ptext57                                 text57       017A0
__ptext58                                 text58       00D6C
__ptext59                                 text59       00BA6
__ptext6                                  text6        01772
__ptext60                                 text60       0082A
__ptext61                                 text61       0089A
__ptext62                                 text62       00819
__ptext63                                 text63       006FF
__ptext64                                 text64       00800
__ptext65                                 text65       00929
__ptext66                                 text66       01776
__ptext67                                 text67       017CA
__ptext68                                 text68       01757
__ptext69                                 text69       00B63
__ptext7                                  text7        01767
__ptext8                                  text8        009C3
__ptext9                                  text9        009A4
__size_of_ADCC_GetSingleConversion        (abs)        00000
__size_of_ADCC_Initialize                 (abs)        00000
__size_of_Clock_ISR                       (abs)        00000
__size_of_DATAEE_ReadByte                 (abs)        00000
__size_of_DATAEE_WriteByte                (abs)        00000
__size_of_EXT_INT_Initialize              (abs)        00000
__size_of_INTERRUPT_InterruptManager      (abs)        00000
__size_of_INT_CallBack                    (abs)        00000
__size_of_INT_DefaultInterruptHandler     (abs)        00000
__size_of_INT_ISR                         (abs)        00000
__size_of_INT_SetInterruptHandler         (abs)        00000
__size_of_LCDchar                         (abs)        00000
__size_of_LCDcmd                          (abs)        00000
__size_of_LCDinit                         (abs)        00000
__size_of_LCDsend                         (abs)        00000
__size_of_LCDsend2x4                      (abs)        00000
__size_of_LCDstr                          (abs)        00000
__size_of_OSCILLATOR_Initialize           (abs)        00000
__size_of_PIN_MANAGER_Initialize          (abs)        00000
__size_of_PMD_Initialize                  (abs)        00000
__size_of_PWM6_Initialize                 (abs)        00000
__size_of_PWM6_LoadDutyValue              (abs)        00000
__size_of_PWM_Output_D4_Disable           (abs)        00000
__size_of_PWM_Output_D4_Enable            (abs)        00000
__size_of_ReadI2C                         (abs)        00000
__size_of_S1_ISR                          (abs)        00000
__size_of_SYSTEM_Initialize               (abs)        00000
__size_of_TMR1_DefaultInterruptHandler    (abs)        00000
__size_of_TMR1_ISR                        (abs)        00000
__size_of_TMR1_Initialize                 (abs)        00000
__size_of_TMR1_SetInterruptHandler        (abs)        00000
__size_of_TMR1_WriteTimer                 (abs)        00000
__size_of_TMR2_Initialize                 (abs)        00000
__size_of_TMR2_Start                      (abs)        00000
__size_of_TMR2_StartTimer                 (abs)        00000
__size_of_TMR2_Stop                       (abs)        00000
__size_of_TMR2_StopTimer                  (abs)        00000
__size_of_TMR3_DefaultInterruptHandler    (abs)        00000
__size_of_TMR3_ISR                        (abs)        00000
__size_of_TMR3_Initialize                 (abs)        00000
__size_of_TMR3_SetInterruptHandler        (abs)        00000
__size_of_TMR3_WriteTimer                 (abs)        00000
__size_of_TMR5_DefaultInterruptHandler    (abs)        00000
__size_of_TMR5_ISR                        (abs)        00000
__size_of_TMR5_Initialize                 (abs)        00000
__size_of_TMR5_SetInterruptHandler        (abs)        00000
__size_of_TMR5_WriteTimer                 (abs)        00000
__size_of_WriteI2C                        (abs)        00000
__size_of___lwdiv                         (abs)        00000
__size_of___lwmod                         (abs)        00000
__size_of___wmul                          (abs)        00000
__size_of_differenceBetweenTimePeriod     (abs)        00000
__size_of_editClock                       (abs)        00000
__size_of_editLum                         (abs)        00000
__size_of_editTemp                        (abs)        00000
__size_of_i2c1_driver_open                (abs)        00000
__size_of_isdigit                         (abs)        00000
__size_of_main                            (abs)        00000
__size_of_menuLCD_ISR                     (abs)        00000
__size_of_monitoring_ISR                  (abs)        00000
__size_of_sprintf                         (abs)        00000
__size_of_toggleAlarms                    (abs)        00000
__size_of_tsttc                           (abs)        00000
__size_ofi1_DATAEE_WriteByte              (abs)        00000
__size_ofi1_LCDsend2x4                    (abs)        00000
__size_ofi1_PWM6_LoadDutyValue            (abs)        00000
__size_ofi1_PWM_Output_D4_Disable         (abs)        00000
__size_ofi1_TMR2_Stop                     (abs)        00000
__size_ofi1_TMR2_StopTimer                (abs)        00000
__size_ofi1_WriteI2C                      (abs)        00000
_alarmPWMStart                            dataBANK0    00067
_clkAlarm                                 bssBANK0     0004D
_differenceBetweenTimePeriod              text51       00A80
_dimingLed                                bssBANK0     0005E
_dpowers                                  stringtext1  01800
_editClock                                text5        00C44
_editLum                                  text4        00A06
_editTemp                                 text3        00A2D
_editingClockAlarm                        bssBANK0     0005C
_editingLumAlarm                          bssBANK0     00060
_editingTempAlarm                         bssBANK0     00061
_i2c1_driver_busCollisionISR              bssBANK1     000C2
_i2c1_driver_i2cISR                       bssBANK1     000C0
_i2c1_driver_open                         text2        017BE
_idx_RingBuffer                           bssBANK1     000C5
_isdigit                                  text47       0084C
_isdigit$2958                             cstackCOMMON 00070
_lumAlarm                                 bssBANK0     00051
_lumLevel                                 bssBANK0     00062
_main                                     maintext     0006E
_menuLCD_ISR                              text41       0026B
_mode                                     bssBANK0     0005A
_monitoring_ISR                           text34       005E1
_prevLumLevel                             dataBANK0    0006A
_prevTemp                                 dataBANK0    0006C
_sprintf                                  text46       00444
_t                                        bssBANK0     00057
_temp                                     bssBANK0     00063
_tempAlarm                                bssBANK0     00054
_timer1ReloadVal                          nvBANK1      000BB
_timer3ReloadVal                          nvBANK0      0006E
_timer5ReloadVal                          nvBANK1      000B5
_toggleAlarms                             text1        00A54
_tsttc                                    text35       00EF3
btemp                                     (abs)        0007E
clear_ram0                                clrtext      01794
differenceBetweenTimePeriod@diff          cstackCOMMON 00076
differenceBetweenTimePeriod@start         cstackCOMMON 00070
differenceBetweenTimePeriod@stop          cstackCOMMON 00073
end_of_initialization                     cinit        0006A
i1DATAEE_WriteByte@GIEBitValue            cstackCOMMON 00079
i1DATAEE_WriteByte@bAdd                   cstackCOMMON 00076
i1DATAEE_WriteByte@bData                  cstackCOMMON 00078
i1LCDsend2x4@c                            cstackCOMMON 00075
i1LCDsend2x4@hc                           cstackCOMMON 00076
i1LCDsend2x4@lc                           cstackCOMMON 00077
i1LCDsend2x4@mode                         cstackCOMMON 00072
i1PWM6_LoadDutyValue@dutyValue            cstackCOMMON 00070
i1WriteI2C@data_out                       cstackCOMMON 00071
i1_DATAEE_WriteByte                       text65       00929
i1_LCDsend2x4                             text58       00D6C
i1_PWM6_LoadDutyValue                     text45       00884
i1_PWM_Output_D4_Disable                  text44       0175E
i1_TMR2_Stop                              text43       01761
i1_TMR2_StopTimer                         text42       0176E
i1_WriteI2C                               text59       00BA6
init_ram                                  inittext     0179A
int$flags                                 (abs)        0007E
intlevel0                                 functab      00000
intlevel1                                 functab      00000
intlevel2                                 functab      00000
intlevel3                                 functab      00000
intlevel4                                 functab      00000
intlevel5                                 functab      00000
isdigit@c                                 cstackCOMMON 00071
main@checkSumAux                          cstackBANK1  000AC
main@corrupted                            cstackBANK1  000AE
main@i                                    cstackBANK1  000AF
main@notInit                              cstackBANK1  000AD
menuLCD_ISR@F12829                        bssBANK1     000BD
menuLCD_ISR@diff                          cstackBANK0  0004A
menuLCD_ISR@l                             cstackBANK0  00047
menuLCD_ISR@str                           cstackBANK0  0003B
menuLCD_ISR@tt                            cstackBANK0  00043
reset_vec                                 reset_vec    00000
sprintf@ap                                cstackBANK0  0002C
sprintf@c                                 cstackBANK0  00033
sprintf@f                                 cstackBANK0  00020
sprintf@flag                              cstackBANK0  00030
sprintf@prec                              cstackBANK0  0002D
sprintf@sp                                cstackBANK0  00034
sprintf@val                               cstackBANK0  0002E
sprintf@width                             cstackBANK0  00031
[...]
      Totals:         6       0       0       0       0       0       0       0       0       0       0       0       0       0
Total ram usage:        6 bytes
 Hardware stack levels used:    1
 Hardware stack levels required when called:    1
 This function calls:
		i1_WriteI2C
 This function is called by:
		_LCDcmd
		_LCDchar
 This function uses a non-reentrant model


 *************** function i1_WriteI2C *****************
 Defined at:
		line 47 in file "I2C/i2c.c"
 Parameters:    Size  Location     Type
  data_out        1    wreg     unsigned char 
 Auto vars:     Size  Location     Type
  data_out        1    1[COMMON] unsigned char 
 Return value:  Size  Location     Type
                  1    wreg      char 
 Registers used:
		wreg, status,2, status,0
 Tracked objects:
		On entry : 
		On exit  : 
		Unchanged: 
 Data sizes:     COMMON   BANK0   BANK1   BANK2   BANK3   BANK4   BANK5   BANK6   BANK7   BANK8   BANK9  BANK10  BANK11  BANK12
      Params:         0       0       0       0       0       0       0       0       0       0       0       0       0       0
      Locals:         1       0       0       0       0       0       0       0       0       0       0       0       0       0
      Temps:          1       0       0       0       0       0       0       0       0       0       0       0       0       0
      Totals:         2       0       0       0       0       0       0       0       0       0       0       0       0       0
Total ram usage:        2 bytes
 Hardware stack levels used:    1
 This function calls:
		Nothing
 This function is called by:
		_tsttc
		i1_LCDsend2x4
 This function uses a non-reentrant model


 *************** function _TMR3_WriteTimer *****************
 Defined at:
		line 127 in file "mcc_generated_files/tmr3.c"
 Parameters:    Size  Location     Type
  timerVal        2    0[COMMON] unsigned int 
 Auto vars:     Size  Location     Type
		None
 Return value:  Size  Location     Type
                  1    wreg      void 
 Registers used:
		wreg, status,2
 Tracked objects:
		On entry : 
		On exit  : 
		Unchanged: 
 Data sizes:     COMMON   BANK0   BANK1   BANK2   BANK3   BANK4   BANK5   BANK6   BANK7   BANK8   BANK9  BANK10  BANK11  BANK12
      Params:         2       0       0       0       0       0       0       0       0       0       0       0       0       0
      Locals:         0       0       0       0       0       0       0       0       0       0       0       0       0       0
      Temps:          0       0       0       0       0       0       0       0       0       0       0       0       0       0
      Totals:         2       0       0       0       0       0       0       0       0       0       0       0       0       0
Total ram usage:        2 bytes
 Hardware stack levels used:    1
 This function calls:
		Nothing
 This function is called by:
		_TMR3_ISR
		_TMR3_Reload
 This function uses a non-reentrant model


 *************** function _TMR1_ISR *****************
 Defined at:
		line 164 in file "mcc_generated_files/tmr1.c"
 Parameters:    Size  Location     Type
		None
 Auto vars:     Size  Location     Type
		None
 Return value:  Size  Location     Type
                  1    wreg      void 
 Registers used:
		wreg, status,2, status,0, pclath, cstack
 Tracked objects:
		On entry : 
		On exit  : 
		Unchanged: 
 Data sizes:     COMMON   BANK0   BANK1   BANK2   BANK3   BANK4   BANK5   BANK6   BANK7   BANK8   BANK9  BANK10  BANK11  BANK12
      Params:         0       0       0       0       0       0       0       0       0       0       0       0       0       0
      Locals:         0       0       0       0       0       0       0       0       0       0       0       0       0       0
      Temps:          0       0       0       0       0       0       0       0       0       0       0       0       0       0
      Totals:         0       0       0       0       0       0       0       0       0       0       0       0       0       0
Total ram usage:        0 bytes
 Hardware stack levels used:    1
 Hardware stack levels required when called:    2
 This function calls:
		Absolute function
		_Clock_ISR
		_TMR1_DefaultInterruptHandler
		_TMR1_WriteTimer
 This function is called by:
		_INTERRUPT_InterruptManager
 This function uses a non-reentrant model


 *************** function _TMR1_WriteTimer *****************
 Defined at:
		line 127 in file "mcc_generated_files/tmr1.c"
 Parameters:    Size  Location     Type
  timerVal        2    0[COMMON] unsigned int 
 Auto vars:     Size  Location     Type
		None
 Return value:  Size  Location     Type
                  1    wreg      void 
 Registers used:
		wreg, status,2
 Tracked objects:
		On entry : 
		On exit  : 
		Unchanged: 
 Data sizes:     COMMON   BANK0   BANK1   BANK2   BANK3   BANK4   BANK5   BANK6   BANK7   BANK8   BANK9  BANK10  BANK11  BANK12
      Params:         2       0       0       0       0       0       0       0       0       0       0       0       0       0
      Locals:         0       0       0       0       0       0       0       0       0       0       0       0       0       0
      Temps:          0       0       0       0       0       0       0       0       0       0       0       0       0       0
      Totals:         2       0       0       0       0       0       0       0       0       0       0       0       0       0
Total ram usage:        2 bytes
 Hardware stack levels used:    1
 This function calls:
		Nothing
 This function is called by:
		_TMR1_ISR
		_TMR1_Reload
 This function uses a non-reentrant model


 *************** function _Clock_ISR *****************
 Defined at:
		line 289 in file "main.c"
 Parameters:    Size  Location     Type
		None
 Auto vars:     Size  Location     Type
		None
 Return value:  Size  Location     Type
                  1    wreg      void 
 Registers used:
		wreg, status,2, status,0, pclath, cstack
 Tracked objects:
		On entry : 
		On exit  : 
		Unchanged: 
 Data sizes:     COMMON   BANK0   BANK1   BANK2   BANK3   BANK4   BANK5   BANK6   BANK7   BANK8   BANK9  BANK10  BANK11  BANK12
      Params:         0       0       0       0       0       0       0       0       0       0       0       0       0       0
      Locals:         0       0       0       0       0       0       0       0       0       0       0       0       0       0
      Temps:          1       0       0       0       0       0       0       0       0       0       0       0       0       0
      Totals:         1       0       0       0       0       0       0       0       0       0       0       0       0       0
Total ram usage:        1 bytes
 Hardware stack levels used:    1
 Hardware stack levels required when called:    1
 This function calls:
		i1_DATAEE_WriteByte
 This function is called by:
		_main
		_TMR1_ISR
 This function uses a non-reentrant model


 *************** function _TMR1_DefaultInterruptHandler *****************
 Defined at:
		line 182 in file "mcc_generated_files/tmr1.c"
 Parameters:    Size  Location     Type
		None
 Auto vars:     Size  Location     Type
		None
 Return value:  Size  Location     Type
                  1    wreg      void 
 Registers used:
		None
 Tracked objects:
		On entry : 
		On exit  : 
		Unchanged: 
 Data sizes:     COMMON   BANK0   BANK1   BANK2   BANK3   BANK4   BANK5   BANK6   BANK7   BANK8   BANK9  BANK10  BANK11  BANK12
      Params:         0       0       0       0       0       0       0       0       0       0       0       0       0       0
      Locals:         0       0       0       0       0       0       0       0       0       0       0       0       0       0
      Temps:          0       0       0       0       0       0       0       0       0       0       0       0       0       0
      Totals:         0       0       0       0       0       0       0       0       0       0       0       0       0       0
Total ram usage:        0 bytes
 Hardware stack levels used:    1
 This function calls:
		Nothing
 This function is called by:
		_TMR1_Initialize
		_TMR1_ISR
 This function uses a non-reentrant model


 *************** function i1_DATAEE_WriteByte *****************
 Defined at:
		line 180 in file "mcc_generated_files/memory.c"
 Parameters:    Size  Location     Type
  bAdd            2    6[COMMON] unsigned int 
  bData           1    8[COMMON] unsigned char 
 Auto vars:     Size  Location     Type
  GIEBitValue     1    9[COMMON] unsigned char 
 Return value:  Size  Location     Type
                  1    wreg      void 
 Registers used:
		wreg, status,2, status,0
 Tracked objects:
		On entry : 
		On exit  : 
		Unchanged: 
 Data sizes:     COMMON   BANK0   BANK1   BANK2   BANK3   BANK4   BANK5   BANK6   BANK7   BANK8   BANK9  BANK10  BANK11  BANK12
      Params:         3       0       0       0       0       0       0       0       0       0       0       0       0       0
      Locals:         1       0       0       0       0       0       0       0       0       0       0       0       0       0
      Temps:          0       0       0       0       0       0       0       0       0       0       0       0       0       0
      Totals:         4       0       0       0       0       0       0       0       0       0       0       0       0       0
Total ram usage:        4 bytes
 Hardware stack levels used:    1
 This function calls:
		Nothing
 This function is called by:
		_Clock_ISR
		_monitoring_ISR
 This function uses a non-reentrant model


 *************** function _INT_ISR *****************
 Defined at:
		line 32 in file "mcc_generated_files/ext_int.c"
 Parameters:    Size  Location     Type
		None
 Auto vars:     Size  Location     Type
		None
 Return value:  Size  Location     Type
                  1    wreg      void 
 Registers used:
		wreg, status,2, status,0, pclath, cstack
 Tracked objects:
		On entry : 
		On exit  : 
		Unchanged: 
 Data sizes:     COMMON   BANK0   BANK1   BANK2   BANK3   BANK4   BANK5   BANK6   BANK7   BANK8   BANK9  BANK10  BANK11  BANK12
      Params:         0       0       0       0       0       0       0       0       0       0       0       0       0       0
      Locals:         0       0       0       0       0       0       0       0       0       0       0       0       0       0
      Temps:          0       0       0       0       0       0       0       0       0       0       0       0       0       0
      Totals:         0       0       0       0       0       0       0       0       0       0       0       0       0       0
Total ram usage:        0 bytes
 Hardware stack levels used:    1
 Hardware stack levels required when called:    2
 This function calls:
		_INT_CallBack
 This function is called by:
		_INTERRUPT_InterruptManager
 This function uses a non-reentrant model


 *************** function _INT_CallBack *****************
 Defined at:
		line 41 in file "mcc_generated_files/ext_int.c"
 Parameters:    Size  Location     Type
		None
 Auto vars:     Size  Location     Type
		None
 Return value:  Size  Location     Type
                  1    wreg      void 
 Registers used:
		wreg, status,2, status,0, pclath, cstack
 Tracked objects:
		On entry : 
		On exit  : 
		Unchanged: 
 Data sizes:     COMMON   BANK0   BANK1   BANK2   BANK3   BANK4   BANK5   BANK6   BANK7   BANK8   BANK9  BANK10  BANK11  BANK12
      Params:         0       0       0       0       0       0       0       0       0       0       0       0       0       0
      Locals:         0       0       0       0       0       0       0       0       0       0       0       0       0       0
      Temps:          0       0       0       0       0       0       0       0       0       0       0       0       0       0
      Totals:         0       0       0       0       0       0       0       0       0       0       0       0       0       0
Total ram usage:        0 bytes
 Hardware stack levels used:    1
 Hardware stack levels required when called:    1
 This function calls:
		Absolute function
		_INT_DefaultInterruptHandler
		_S1_ISR
 This function is called by:
		_INT_ISR
 This function uses a non-reentrant model


 *************** function _INT_DefaultInterruptHandler *****************
 Defined at:
		line 54 in file "mcc_generated_files/ext_int.c"
 Parameters:    Size  Location     Type
		None
 Auto vars:     Size  Location     Type
		None
 Return value:  Size  Location     Type
                  1    wreg      void 
 Registers used:
		None
 Tracked objects:
		On entry : 
		On exit  : 
		Unchanged: 
 Data sizes:     COMMON   BANK0   BANK1   BANK2   BANK3   BANK4   BANK5   BANK6   BANK7   BANK8   BANK9  BANK10  BANK11  BANK12
      Params:         0       0       0       0       0       0       0       0       0       0       0       0       0       0
      Locals:         0       0       0       0       0       0       0       0       0       0       0       0       0       0
      Temps:          0       0       0       0       0       0       0       0       0       0       0       0       0       0
      Totals:         0       0       0       0       0       0       0       0       0       0       0       0       0       0
Total ram usage:        0 bytes
 Hardware stack levels used:    1
 This function calls:
		Nothing
 This function is called by:
		_EXT_INT_Initialize
		_INT_CallBack
 This function uses a non-reentrant model


 *************** function _S1_ISR *****************
 Defined at:
		line 621 in file "main.c"
 Parameters:    Size  Location     Type
		None
 Auto vars:     Size  Location     Type
		None
 Return value:  Size  Location     Type
                  1    wreg      void 
 Registers used:
		wreg, status,2, status,0
 Tracked objects:
		On entry : 
		On exit  : 
		Unchanged: 
 Data sizes:     COMMON   BANK0   BANK1   BANK2   BANK3   BANK4   BANK5   BANK6   BANK7   BANK8   BANK9  BANK10  BANK11  BANK12
      Params:         0       0       0       0       0       0       0       0       0       0       0       0       0       0
      Locals:         0       0       0       0       0       0       0       0       0       0       0       0       0       0
      Temps:          1       0       0       0       0       0       0       0       0       0       0       0       0       0
      Totals:         1       0       0       0       0       0       0       0       0       0       0       0       0       0
Total ram usage:        1 bytes
 Hardware stack levels used:    1
 This function calls:
		Nothing
 This function is called by:
		_main
		_INT_CallBack
 This function uses a non-reentrant model



MODULE INFORMATION

Module		Function		Class		Link	Load	Size
mcc_generated_files/pwm6.c
		_PWM6_LoadDutyValue		CODE           	08F6	0000	25
		_PWM6_Initialize		CODE           	17D7	0000	13

mcc_generated_files/pwm6.c estimated size: 38

mcc_generated_files/tmr2.c
		_TMR2_Initialize		CODE           	17F2	0000	14
		_TMR2_Stop     		CODE           	1767	0000	3
		_TMR2_Start    		CODE           	175B	0000	3
		_TMR2_StopTimer		CODE           	1772	0000	4
		_TMR2_StartTimer		CODE           	176A	0000	4

mcc_generated_files/tmr2.c estimated size: 28

mcc_generated_files/interrupt_manager.c
		_INTERRUPT_InterruptManager		CODE           	0004	0000	72

mcc_generated_files/interrupt_manager.c estimated size: 72

mcc_generated_files/pin_manager.c
		_PIN_MANAGER_Initialize		CODE           	0B24	0000	63

mcc_generated_files/pin_manager.c estimated size: 63

I2C/i2c.c
		_ReadI2C       		CODE           	090F	0000	26
		_WriteI2C      		CODE           	0C9C	0000	90

I2C/i2c.c estimated size: 116

E:\Microchip\xc8\v2.30\pic\sources\c90\common\lwmod.c
		___lwmod       		CODE           	0AB4	0000	52

E:\Microchip\xc8\v2.30\pic\sources\c90\common\lwmod.c estimated size: 52

E:\Microchip\xc8\v2.30\pic\sources\c90\common\doprnt.c
		_sprintf       		CODE           	0444	0000	413

E:\Microchip\xc8\v2.30\pic\sources\c90\common\doprnt.c estimated size: 413

mcc_generated_files/ext_int.c
		_INT_DefaultInterruptHandler		CODE           	1757	0000	1
		_EXT_INT_Initialize		CODE           	17E4	0000	14
		_INT_SetInterruptHandler		CODE           	177C	0000	6
		_INT_CallBack  		CODE           	17CA	0000	13
		_INT_ISR       		CODE           	1776	0000	6

mcc_generated_files/ext_int.c estimated size: 40

mcc_generated_files/tmr5.c
		_TMR5_ISR      		CODE           	08C8	0000	23
		_TMR5_Initialize		CODE           	09A4	0000	31
		_TMR5_SetInterruptHandler		CODE           	178E	0000	6
		_TMR5_DefaultInterruptHandler		CODE           	0003	0000	1
		_TMR5_WriteTimer		CODE           	083B	0000	17

mcc_generated_files/tmr5.c estimated size: 78

shared
		i1_DATAEE_WriteByte		CODE           	0929	0000	30
		_dpowers       		STRCODE        	1800	0000	10
		__initialization		CODE           	004E	0000	28
		i1_LCDsend2x4  		CODE           	0D6C	0000	179
		i1_PWM_Output_D4_Disable		CODE           	175E	0000	3
		i1_TMR2_Stop   		CODE           	1761	0000	3
		i1_WriteI2C    		CODE           	0BA6	0000	75
		i1_TMR2_StopTimer		CODE           	176E	0000	4
		i1_PWM6_LoadDutyValue		CODE           	0884	0000	22

shared estimated size: 354

mcc_generated_files/mcc.c
		_PMD_Initialize		CODE           	17B6	0000	8
		_OSCILLATOR_Initialize		CODE           	0801	0000	9
		_SYSTEM_Initialize		CODE           	09C3	0000	31

mcc_generated_files/mcc.c estimated size: 48

mcc_generated_files/tmr3.c
		_TMR3_ISR      		CODE           	08B1	0000	23
		_TMR3_Initialize		CODE           	0985	0000	31
		_TMR3_SetInterruptHandler		CODE           	1788	0000	6
		_TMR3_DefaultInterruptHandler		CODE           	0002	0000	1
		_TMR3_WriteTimer		CODE           	082A	0000	17

mcc_generated_files/tmr3.c estimated size: 78

mcc_generated_files/tmr1.c
		_TMR1_Initialize		CODE           	0966	0000	31
		_TMR1_SetInterruptHandler		CODE           	1782	0000	6
		_TMR1_DefaultInterruptHandler		CODE           	0800	0000	1
		_TMR1_WriteTimer		CODE           	0819	0000	17
		_TMR1_ISR      		CODE           	089A	0000	23

mcc_generated_files/tmr1.c estimated size: 78

E:\Microchip\xc8\v2.30\pic\sources\c90\common\lwdiv.c
		___lwdiv       		CODE           	0AE8	0000	60

E:\Microchip\xc8\v2.30\pic\sources\c90\common\lwdiv.c estimated size: 60

E:\Microchip\xc8\v2.30\pic\sources\c90\common\Umul16.c
		___wmul        		CODE           	0947	0000	31

E:\Microchip\xc8\v2.30\pic\sources\c90\common\Umul16.c estimated size: 31

mcc_generated_files/memory.c
		_DATAEE_WriteByte		CODE           	09E2	0000	36
		_DATAEE_ReadByte		CODE           	080A	0000	15

mcc_generated_files/memory.c estimated size: 51

mcc_generated_files/i2c1_driver.c
		_i2c1_driver_open		CODE           	17BE	0000	12

mcc_generated_files/i2c1_driver.c estimated size: 12

mcc_generated_files/adcc.c
		_ADCC_GetSingleConversion		CODE           	085E	0000	18
		_ADCC_Initialize		CODE           	08DF	0000	23

mcc_generated_files/adcc.c estimated size: 41

E:\Microchip\xc8\v2.30\pic\sources\c90\common\isdigit.c
		_isdigit       		CODE           	084C	0000	18

E:\Microchip\xc8\v2.30\pic\sources\c90\common\isdigit.c estimated size: 18

main.c
		_differenceBetweenTimePeriod		CODE           	0A80	0000	52
		_PWM_Output_D4_Disable		CODE           	1764	0000	3
		_toggleAlarms  		CODE           	0A54	0000	44
		_editLum       		CODE           	0A06	0000	39
		_LCDinit       		CODE           	0CF6	0000	118
		_menuLCD_ISR   		CODE           	026B	0000	473
		_LCDsend       		CODE           	0BF1	0000	83
		_LCDsend2x4    		CODE           	0E1F	0000	212
		_monitoring_ISR		CODE           	05E1	0000	286
		_main          		CODE           	006E	0000	509
		_LCDstr        		CODE           	0870	0000	20
		_PWM_Output_D4_Enable		CODE           	1758	0000	3
		_LCDchar       		CODE           	17AE	0000	8
		_Clock_ISR     		CODE           	06FF	0000	257
		_tsttc         		CODE           	0EF3	0000	269
		_editClock     		CODE           	0C44	0000	88
		_S1_ISR        		CODE           	0B63	0000	67
		_LCDcmd        		CODE           	17A0	0000	7
		_editTemp      		CODE           	0A2D	0000	39

main.c estimated size: 2577

